time="2026-08-06T18:21:24Z" level=info msg="create client manager successfully, clients: 1"
time="2026-08-06T18:21:24Z" level=info msg="Begin to create s3 client ..."
time="2026-08-06T18:21:24Z" level=info msg="Checking if bucket ray-historyserver exists..."
time="2026-08-06T18:21:24Z" level=info msg="Bucket ray-historyserver already exists"
time="2026-08-06T18:21:24Z" level=info msg="Clean logdir is logs"
time="2026-08-06T18:21:24Z" level=info msg="Starting server on :8080"
time="2026-08-06T18:21:25Z" level=info msg="Received request: GET /readz"
time="2026-08-06T18:21:25Z" level=info msg="live clusters: []"
time="2026-08-06T18:21:25Z" level=info msg="[List]Returned objects in log/cluster-metadata/. length of page.Contents: 2, length of page.CommonPrefixes: 0"
time="2026-08-06T18:21:25Z" level=error msg="Failed to parse meta file path: log/cluster-metadata/raycluster/test-ns-4fvnm_raycluster-historyserver/, error: invalid path segment count for cluster metadata structure: log/cluster-metadata/raycluster/test-ns-4fvnm_raycluster-historyserver/"
time="2026-08-06T18:21:25Z" level=info msg="Parsed cluster raycluster-historyserver for session session_2026-08-06_11-19-32_273436_1 to list"
time="2026-08-06T18:21:25Z" level=info msg="live clusters: []"
time="2026-08-06T18:21:25Z" level=info msg="[List]Returned objects in log/cluster-metadata/. length of page.Contents: 2, length of page.CommonPrefixes: 0"
time="2026-08-06T18:21:25Z" level=error msg="Failed to parse meta file path: log/cluster-metadata/raycluster/test-ns-4fvnm_raycluster-historyserver/, error: invalid path segment count for cluster metadata structure: log/cluster-metadata/raycluster/test-ns-4fvnm_raycluster-historyserver/"
time="2026-08-06T18:21:25Z" level=info msg="Parsed cluster raycluster-historyserver for session session_2026-08-06_11-19-32_273436_1 to list"
time="2026-08-06T18:21:25Z" level=info msg="live clusters: []"
time="2026-08-06T18:21:25Z" level=info msg="[List]Returned objects in log/cluster-metadata/. length of page.Contents: 2, length of page.CommonPrefixes: 0"
time="2026-08-06T18:21:25Z" level=error msg="Failed to parse meta file path: log/cluster-metadata/raycluster/test-ns-4fvnm_raycluster-historyserver/, error: invalid path segment count for cluster metadata structure: log/cluster-metadata/raycluster/test-ns-4fvnm_raycluster-historyserver/"
time="2026-08-06T18:21:25Z" level=info msg="Parsed cluster raycluster-historyserver for session session_2026-08-06_11-19-32_273436_1 to list"
time="2026-08-06T18:21:25Z" level=info msg="live clusters: []"
time="2026-08-06T18:21:25Z" level=info msg="[List]Returned objects in log/cluster-metadata/. length of page.Contents: 2, length of page.CommonPrefixes: 0"
time="2026-08-06T18:21:25Z" level=error msg="Failed to parse meta file path: log/cluster-metadata/raycluster/test-ns-4fvnm_raycluster-historyserver/, error: invalid path segment count for cluster metadata structure: log/cluster-metadata/raycluster/test-ns-4fvnm_raycluster-historyserver/"
time="2026-08-06T18:21:25Z" level=info msg="Parsed cluster raycluster-historyserver for session session_2026-08-06_11-19-32_273436_1 to list"
time="2026-08-06T18:21:25Z" level=info msg="live clusters: []"
time="2026-08-06T18:21:25Z" level=info msg="[List]Returned objects in log/cluster-metadata/. length of page.Contents: 2, length of page.CommonPrefixes: 0"
time="2026-08-06T18:21:25Z" level=error msg="Failed to parse meta file path: log/cluster-metadata/raycluster/test-ns-4fvnm_raycluster-historyserver/, error: invalid path segment count for cluster metadata structure: log/cluster-metadata/raycluster/test-ns-4fvnm_raycluster-historyserver/"
time="2026-08-06T18:21:25Z" level=info msg="Parsed cluster raycluster-historyserver for session session_2026-08-06_11-19-32_273436_1 to list"
time="2026-08-06T18:21:25Z" level=info msg="Received request: GET /enter_cluster/test-ns-4fvnm/raycluster/raycluster-historyserver/session_2026-08-06_11-19-32_273436_1"
time="2026-08-06T18:21:25Z" level=info msg="[List]Returned objects in log/cluster-metadata/. length of page.Contents: 2, length of page.CommonPrefixes: 0"
time="2026-08-06T18:21:25Z" level=error msg="Failed to parse meta file path: log/cluster-metadata/raycluster/test-ns-4fvnm_raycluster-historyserver/, error: invalid path segment count for cluster metadata structure: log/cluster-metadata/raycluster/test-ns-4fvnm_raycluster-historyserver/"
time="2026-08-06T18:21:25Z" level=info msg="Parsed cluster raycluster-historyserver for session session_2026-08-06_11-19-32_273436_1 to list"
time="2026-08-06T18:21:25Z" level=info msg="[ListFiles]Returned objects in log/cluster-history/raycluster/test-ns-4fvnm/raycluster-historyserver/session_2026-08-06_11-19-32_273436_1/. length of page.Contents: 0, length of page.CommonPrefixes: 3"
time="2026-08-06T18:21:25Z" level=info msg="[ListFiles]Returned objects in log/cluster-history/raycluster/test-ns-4fvnm/raycluster-historyserver/session_2026-08-06_11-19-32_273436_1/50a49b97f73f6ec17042ee7534a5a6822e51de6580d734a3d3e137b0/logs/events/. length of page.Contents: 13, length of page.CommonPrefixes: 0"
time="2026-08-06T18:21:25Z" level=info msg="Prepare to get object log/cluster-history/raycluster/test-ns-4fvnm/raycluster-historyserver/session_2026-08-06_11-19-32_273436_1/50a49b97f73f6ec17042ee7534a5a6822e51de6580d734a3d3e137b0/logs/events/event_CORE_WORKER_229.log info ..."
time="2026-08-06T18:21:25Z" level=info msg="Prepare to get object log/cluster-history/raycluster/test-ns-4fvnm/raycluster-historyserver/session_2026-08-06_11-19-32_273436_1/50a49b97f73f6ec17042ee7534a5a6822e51de6580d734a3d3e137b0/logs/events/event_CORE_WORKER_230.log info ..."
time="2026-08-06T18:21:25Z" level=info msg="Prepare to get object log/cluster-history/raycluster/test-ns-4fvnm/raycluster-historyserver/session_2026-08-06_11-19-32_273436_1/50a49b97f73f6ec17042ee7534a5a6822e51de6580d734a3d3e137b0/logs/events/event_CORE_WORKER_318.log info ..."
time="2026-08-06T18:21:25Z" level=info msg="Prepare to get object log/cluster-history/raycluster/test-ns-4fvnm/raycluster-historyserver/session_2026-08-06_11-19-32_273436_1/50a49b97f73f6ec17042ee7534a5a6822e51de6580d734a3d3e137b0/logs/events/event_CORE_WORKER_326.log info ..."
time="2026-08-06T18:21:25Z" level=info msg="Prepare to get object log/cluster-history/raycluster/test-ns-4fvnm/raycluster-historyserver/session_2026-08-06_11-19-32_273436_1/50a49b97f73f6ec17042ee7534a5a6822e51de6580d734a3d3e137b0/logs/events/event_CORE_WORKER_412.log info ..."
time="2026-08-06T18:21:25Z" level=info msg="Prepare to get object log/cluster-history/raycluster/test-ns-4fvnm/raycluster-historyserver/session_2026-08-06_11-19-32_273436_1/50a49b97f73f6ec17042ee7534a5a6822e51de6580d734a3d3e137b0/logs/events/event_CORE_WORKER_420.log info ..."
time="2026-08-06T18:21:25Z" level=info msg="Prepare to get object log/cluster-history/raycluster/test-ns-4fvnm/raycluster-historyserver/session_2026-08-06_11-19-32_273436_1/50a49b97f73f6ec17042ee7534a5a6822e51de6580d734a3d3e137b0/logs/events/event_CORE_WORKER_506.log info ..."
time="2026-08-06T18:21:25Z" level=info msg="Prepare to get object log/cluster-history/raycluster/test-ns-4fvnm/raycluster-historyserver/session_2026-08-06_11-19-32_273436_1/50a49b97f73f6ec17042ee7534a5a6822e51de6580d734a3d3e137b0/logs/events/event_CORE_WORKER_515.log info ..."
time="2026-08-06T18:21:25Z" level=info msg="Prepare to get object log/cluster-history/raycluster/test-ns-4fvnm/raycluster-historyserver/session_2026-08-06_11-19-32_273436_1/50a49b97f73f6ec17042ee7534a5a6822e51de6580d734a3d3e137b0/logs/events/event_CORE_WORKER_605.log info ..."
time="2026-08-06T18:21:25Z" level=info msg="Prepare to get object log/cluster-history/raycluster/test-ns-4fvnm/raycluster-historyserver/session_2026-08-06_11-19-32_273436_1/50a49b97f73f6ec17042ee7534a5a6822e51de6580d734a3d3e137b0/logs/events/event_CORE_WORKER_613.log info ..."
time="2026-08-06T18:21:25Z" level=info msg="Prepare to get object log/cluster-history/raycluster/test-ns-4fvnm/raycluster-historyserver/session_2026-08-06_11-19-32_273436_1/50a49b97f73f6ec17042ee7534a5a6822e51de6580d734a3d3e137b0/logs/events/event_CORE_WORKER_684.log info ..."
time="2026-08-06T18:21:25Z" level=info msg="Prepare to get object log/cluster-history/raycluster/test-ns-4fvnm/raycluster-historyserver/session_2026-08-06_11-19-32_273436_1/50a49b97f73f6ec17042ee7534a5a6822e51de6580d734a3d3e137b0/logs/events/event_RAYLET.log info ..."
time="2026-08-06T18:21:25Z" level=info msg="[ListFiles]Returned objects in log/cluster-history/raycluster/test-ns-4fvnm/raycluster-historyserver/session_2026-08-06_11-19-32_273436_1/f7edab8d9b62b4b77fc95f4e1619dfb08c23bf9127dc5bf4539d4a28/logs/events/. length of page.Contents: 11, length of page.CommonPrefixes: 0"
time="2026-08-06T18:21:25Z" level=info msg="Prepare to get object log/cluster-history/raycluster/test-ns-4fvnm/raycluster-historyserver/session_2026-08-06_11-19-32_273436_1/f7edab8d9b62b4b77fc95f4e1619dfb08c23bf9127dc5bf4539d4a28/logs/events/event_AUTOSCALER.log info ..."
time="2026-08-06T18:21:25Z" level=info msg="Prepare to get object log/cluster-history/raycluster/test-ns-4fvnm/raycluster-historyserver/session_2026-08-06_11-19-32_273436_1/f7edab8d9b62b4b77fc95f4e1619dfb08c23bf9127dc5bf4539d4a28/logs/events/event_CORE_WORKER_1020.log info ..."
time="2026-08-06T18:21:25Z" level=info msg="Prepare to get object log/cluster-history/raycluster/test-ns-4fvnm/raycluster-historyserver/session_2026-08-06_11-19-32_273436_1/f7edab8d9b62b4b77fc95f4e1619dfb08c23bf9127dc5bf4539d4a28/logs/events/event_CORE_WORKER_1174.log info ..."
time="2026-08-06T18:21:25Z" level=info msg="Prepare to get object log/cluster-history/raycluster/test-ns-4fvnm/raycluster-historyserver/session_2026-08-06_11-19-32_273436_1/f7edab8d9b62b4b77fc95f4e1619dfb08c23bf9127dc5bf4539d4a28/logs/events/event_CORE_WORKER_201.log info ..."
time="2026-08-06T18:21:25Z" level=info msg="Prepare to get object log/cluster-history/raycluster/test-ns-4fvnm/raycluster-historyserver/session_2026-08-06_11-19-32_273436_1/f7edab8d9b62b4b77fc95f4e1619dfb08c23bf9127dc5bf4539d4a28/logs/events/event_CORE_WORKER_206.log info ..."
time="2026-08-06T18:21:25Z" level=info msg="Prepare to get object log/cluster-history/raycluster/test-ns-4fvnm/raycluster-historyserver/session_2026-08-06_11-19-32_273436_1/f7edab8d9b62b4b77fc95f4e1619dfb08c23bf9127dc5bf4539d4a28/logs/events/event_CORE_WORKER_679.log info ..."
time="2026-08-06T18:21:25Z" level=info msg="Prepare to get object log/cluster-history/raycluster/test-ns-4fvnm/raycluster-historyserver/session_2026-08-06_11-19-32_273436_1/f7edab8d9b62b4b77fc95f4e1619dfb08c23bf9127dc5bf4539d4a28/logs/events/event_CORE_WORKER_964.log info ..."
time="2026-08-06T18:21:25Z" level=info msg="Prepare to get object log/cluster-history/raycluster/test-ns-4fvnm/raycluster-historyserver/session_2026-08-06_11-19-32_273436_1/f7edab8d9b62b4b77fc95f4e1619dfb08c23bf9127dc5bf4539d4a28/logs/events/event_GCS.log info ..."
time="2026-08-06T18:21:25Z" level=info msg="Prepare to get object log/cluster-history/raycluster/test-ns-4fvnm/raycluster-historyserver/session_2026-08-06_11-19-32_273436_1/f7edab8d9b62b4b77fc95f4e1619dfb08c23bf9127dc5bf4539d4a28/logs/events/event_JOBS.log info ..."
time="2026-08-06T18:21:25Z" level=info msg="Prepare to get object log/cluster-history/raycluster/test-ns-4fvnm/raycluster-historyserver/session_2026-08-06_11-19-32_273436_1/f7edab8d9b62b4b77fc95f4e1619dfb08c23bf9127dc5bf4539d4a28/logs/events/event_RAYLET.log info ..."
time="2026-08-06T18:21:25Z" level=info msg="[ListFiles]Returned objects in log/cluster-history/raycluster/test-ns-4fvnm/raycluster-historyserver/session_2026-08-06_11-19-32_273436_1/fetched_endpoints/logs/events/. length of page.Contents: 0, length of page.CommonPrefixes: 0"
time="2026-08-06T18:21:25Z" level=info msg="[ListFiles]Returned objects in log/cluster-history/raycluster/test-ns-4fvnm/raycluster-historyserver/session_2026-08-06_11-19-32_273436_1/. length of page.Contents: 0, length of page.CommonPrefixes: 3"
time="2026-08-06T18:21:25Z" level=info msg="[ListFiles]Returned objects in log/cluster-history/raycluster/test-ns-4fvnm/raycluster-historyserver/session_2026-08-06_11-19-32_273436_1/50a49b97f73f6ec17042ee7534a5a6822e51de6580d734a3d3e137b0/job_events/. length of page.Contents: 0, length of page.CommonPrefixes: 1"
time="2026-08-06T18:21:25Z" level=info msg="[ListFiles]Returned objects in log/cluster-history/raycluster/test-ns-4fvnm/raycluster-historyserver/session_2026-08-06_11-19-32_273436_1/50a49b97f73f6ec17042ee7534a5a6822e51de6580d734a3d3e137b0/job_events/03000000/. length of page.Contents: 3, length of page.CommonPrefixes: 0"
time="2026-08-06T18:21:25Z" level=info msg="[ListFiles]Returned objects in log/cluster-history/raycluster/test-ns-4fvnm/raycluster-historyserver/session_2026-08-06_11-19-32_273436_1/f7edab8d9b62b4b77fc95f4e1619dfb08c23bf9127dc5bf4539d4a28/job_events/. length of page.Contents: 0, length of page.CommonPrefixes: 4"
time="2026-08-06T18:21:25Z" level=info msg="[ListFiles]Returned objects in log/cluster-history/raycluster/test-ns-4fvnm/raycluster-historyserver/session_2026-08-06_11-19-32_273436_1/f7edab8d9b62b4b77fc95f4e1619dfb08c23bf9127dc5bf4539d4a28/job_events/01000000/. length of page.Contents: 2, length of page.CommonPrefixes: 0"
time="2026-08-06T18:21:25Z" level=info msg="[ListFiles]Returned objects in log/cluster-history/raycluster/test-ns-4fvnm/raycluster-historyserver/session_2026-08-06_11-19-32_273436_1/f7edab8d9b62b4b77fc95f4e1619dfb08c23bf9127dc5bf4539d4a28/job_events/02000000/. length of page.Contents: 2, length of page.CommonPrefixes: 0"
time="2026-08-06T18:21:25Z" level=info msg="[ListFiles]Returned objects in log/cluster-history/raycluster/test-ns-4fvnm/raycluster-historyserver/session_2026-08-06_11-19-32_273436_1/f7edab8d9b62b4b77fc95f4e1619dfb08c23bf9127dc5bf4539d4a28/job_events/03000000/. length of page.Contents: 3, length of page.CommonPrefixes: 0"
time="2026-08-06T18:21:25Z" level=info msg="[ListFiles]Returned objects in log/cluster-history/raycluster/test-ns-4fvnm/raycluster-historyserver/session_2026-08-06_11-19-32_273436_1/f7edab8d9b62b4b77fc95f4e1619dfb08c23bf9127dc5bf4539d4a28/job_events/04000000/. length of page.Contents: 2, length of page.CommonPrefixes: 0"
time="2026-08-06T18:21:25Z" level=info msg="[ListFiles]Returned objects in log/cluster-history/raycluster/test-ns-4fvnm/raycluster-historyserver/session_2026-08-06_11-19-32_273436_1/fetched_endpoints/job_events/. length of page.Contents: 0, length of page.CommonPrefixes: 0"
time="2026-08-06T18:21:25Z" level=info msg="[ListFiles]Returned objects in log/cluster-history/raycluster/test-ns-4fvnm/raycluster-historyserver/session_2026-08-06_11-19-32_273436_1/. length of page.Contents: 0, length of page.CommonPrefixes: 3"
time="2026-08-06T18:21:25Z" level=info msg="[ListFiles]Returned objects in log/cluster-history/raycluster/test-ns-4fvnm/raycluster-historyserver/session_2026-08-06_11-19-32_273436_1/50a49b97f73f6ec17042ee7534a5a6822e51de6580d734a3d3e137b0/node_events/. length of page.Contents: 0, length of page.CommonPrefixes: 0"
time="2026-08-06T18:21:25Z" level=info msg="[ListFiles]Returned objects in log/cluster-history/raycluster/test-ns-4fvnm/raycluster-historyserver/session_2026-08-06_11-19-32_273436_1/f7edab8d9b62b4b77fc95f4e1619dfb08c23bf9127dc5bf4539d4a28/node_events/. length of page.Contents: 2, length of page.CommonPrefixes: 0"
time="2026-08-06T18:21:25Z" level=info msg="[ListFiles]Returned objects in log/cluster-history/raycluster/test-ns-4fvnm/raycluster-historyserver/session_2026-08-06_11-19-32_273436_1/fetched_endpoints/node_events/. length of page.Contents: 0, length of page.CommonPrefixes: 0"
time="2026-08-06T18:21:25Z" level=info msg="Prepare to get object log/cluster-history/raycluster/test-ns-4fvnm/raycluster-historyserver/session_2026-08-06_11-19-32_273436_1/50a49b97f73f6ec17042ee7534a5a6822e51de6580d734a3d3e137b0/job_events/03000000/50a49b97f73f6ec17042ee7534a5a6822e51de6580d734a3d3e137b0-2026-08-06-18-1786040398444093969.jsonl.gz info ..."
time="2026-08-06T18:21:39Z" level=error msg="Failed to store events for file session_2026-08-06_11-19-32_273436_1/50a49b97f73f6ec17042ee7534a5a6822e51de6580d734a3d3e137b0/job_events/03000000/50a49b97f73f6ec17042ee7534a5a6822e51de6580d734a3d3e137b0-2026-08-06-18-1786040398444093969.jsonl.gz: TASK_LIFECYCLE_EVENT must have at least one state transition"
time="2026-08-06T18:21:39Z" level=error msg="Failed to store events for file session_2026-08-06_11-19-32_273436_1/50a49b97f73f6ec17042ee7534a5a6822e51de6580d734a3d3e137b0/job_events/03000000/50a49b97f73f6ec17042ee7534a5a6822e51de6580d734a3d3e137b0-2026-08-06-18-1786040398444093969.jsonl.gz: TASK_LIFECYCLE_EVENT must have at least one state transition"
time="2026-08-06T18:21:39Z" level=error msg="Failed to store events for file session_2026-08-06_11-19-32_273436_1/50a49b97f73f6ec17042ee7534a5a6822e51de6580d734a3d3e137b0/job_events/03000000/50a49b97f73f6ec17042ee7534a5a6822e51de6580d734a3d3e137b0-2026-08-06-18-1786040398444093969.jsonl.gz: TASK_LIFECYCLE_EVENT must have at least one state transition"
time="2026-08-06T18:21:39Z" level=error msg="Failed to store events for file session_2026-08-06_11-19-32_273436_1/50a49b97f73f6ec17042ee7534a5a6822e51de6580d734a3d3e137b0/job_events/03000000/50a49b97f73f6ec17042ee7534a5a6822e51de6580d734a3d3e137b0-2026-08-06-18-1786040398444093969.jsonl.gz: TASK_LIFECYCLE_EVENT must have at least one state transition"
time="2026-08-06T18:21:40Z" level=error msg="Failed to store events for file session_2026-08-06_11-19-32_273436_1/50a49b97f73f6ec17042ee7534a5a6822e51de6580d734a3d3e137b0/job_events/03000000/50a49b97f73f6ec17042ee7534a5a6822e51de6580d734a3d3e137b0-2026-08-06-18-1786040398444093969.jsonl.gz: TASK_LIFECYCLE_EVENT must have at least one state transition"
time="2026-08-06T18:21:40Z" level=error msg="Failed to store events for file session_2026-08-06_11-19-32_273436_1/50a49b97f73f6ec17042ee7534a5a6822e51de6580d734a3d3e137b0/job_events/03000000/50a49b97f73f6ec17042ee7534a5a6822e51de6580d734a3d3e137b0-2026-08-06-18-1786040398444093969.jsonl.gz: TASK_LIFECYCLE_EVENT must have at least one state transition"
time="2026-08-06T18:21:40Z" level=error msg="Failed to store events for file session_2026-08-06_11-19-32_273436_1/50a49b97f73f6ec17042ee7534a5a6822e51de6580d734a3d3e137b0/job_events/03000000/50a49b97f73f6ec17042ee7534a5a6822e51de6580d734a3d3e137b0-2026-08-06-18-1786040398444093969.jsonl.gz: TASK_LIFECYCLE_EVENT must have at least one state transition"
time="2026-08-06T18:21:40Z" level=error msg="Failed to store events for file session_2026-08-06_11-19-32_273436_1/50a49b97f73f6ec17042ee7534a5a6822e51de6580d734a3d3e137b0/job_events/03000000/50a49b97f73f6ec17042ee7534a5a6822e51de6580d734a3d3e137b0-2026-08-06-18-1786040398444093969.jsonl.gz: TASK_LIFECYCLE_EVENT must have at least one state transition"
time="2026-08-06T18:21:40Z" level=error msg="Failed to store events for file session_2026-08-06_11-19-32_273436_1/50a49b97f73f6ec17042ee7534a5a6822e51de6580d734a3d3e137b0/job_events/03000000/50a49b97f73f6ec17042ee7534a5a6822e51de6580d734a3d3e137b0-2026-08-06-18-1786040398444093969.jsonl.gz: TASK_LIFECYCLE_EVENT must have at least one state transition"
time="2026-08-06T18:21:41Z" level=error msg="Failed to store events for file session_2026-08-06_11-19-32_273436_1/50a49b97f73f6ec17042ee7534a5a6822e51de6580d734a3d3e137b0/job_events/03000000/50a49b97f73f6ec17042ee7534a5a6822e51de6580d734a3d3e137b0-2026-08-06-18-1786040398444093969.jsonl.gz: TASK_LIFECYCLE_EVENT must have at least one state transition"
time="2026-08-06T18:21:41Z" level=error msg="Failed to store events for file session_2026-08-06_11-19-32_273436_1/50a49b97f73f6ec17042ee7534a5a6822e51de6580d734a3d3e137b0/job_events/03000000/50a49b97f73f6ec17042ee7534a5a6822e51de6580d734a3d3e137b0-2026-08-06-18-1786040398444093969.jsonl.gz: TASK_LIFECYCLE_EVENT must have at least one state transition"
time="2026-08-06T18:21:41Z" level=error msg="Failed to store events for file session_2026-08-06_11-19-32_273436_1/50a49b97f73f6ec17042ee7534a5a6822e51de6580d734a3d3e137b0/job_events/03000000/50a49b97f73f6ec17042ee7534a5a6822e51de6580d734a3d3e137b0-2026-08-06-18-1786040398444093969.jsonl.gz: TASK_LIFECYCLE_EVENT must have at least one state transition"
time="2026-08-06T18:21:42Z" level=error msg="Failed to store events for file session_2026-08-06_11-19-32_273436_1/50a49b97f73f6ec17042ee7534a5a6822e51de6580d734a3d3e137b0/job_events/03000000/50a49b97f73f6ec17042ee7534a5a6822e51de6580d734a3d3e137b0-2026-08-06-18-1786040398444093969.jsonl.gz: TASK_LIFECYCLE_EVENT must have at least one state transition"
time="2026-08-06T18:21:42Z" level=error msg="Failed to store events for file session_2026-08-06_11-19-32_273436_1/50a49b97f73f6ec17042ee7534a5a6822e51de6580d734a3d3e137b0/job_events/03000000/50a49b97f73f6ec17042ee7534a5a6822e51de6580d734a3d3e137b0-2026-08-06-18-1786040398444093969.jsonl.gz: TASK_LIFECYCLE_EVENT must have at least one state transition"
time="2026-08-06T18:21:42Z" level=error msg="Failed to store events for file session_2026-08-06_11-19-32_273436_1/50a49b97f73f6ec17042ee7534a5a6822e51de6580d734a3d3e137b0/job_events/03000000/50a49b97f73f6ec17042ee7534a5a6822e51de6580d734a3d3e137b0-2026-08-06-18-1786040398444093969.jsonl.gz: TASK_LIFECYCLE_EVENT must have at least one state transition"
time="2026-08-06T18:21:42Z" level=error msg="Failed to store events for file session_2026-08-06_11-19-32_273436_1/50a49b97f73f6ec17042ee7534a5a6822e51de6580d734a3d3e137b0/job_events/03000000/50a49b97f73f6ec17042ee7534a5a6822e51de6580d734a3d3e137b0-2026-08-06-18-1786040398444093969.jsonl.gz: TASK_LIFECYCLE_EVENT must have at least one state transition"
time="2026-08-06T18:21:42Z" level=error msg="Failed to store events for file session_2026-08-06_11-19-32_273436_1/50a49b97f73f6ec17042ee7534a5a6822e51de6580d734a3d3e137b0/job_events/03000000/50a49b97f73f6ec17042ee7534a5a6822e51de6580d734a3d3e137b0-2026-08-06-18-1786040398444093969.jsonl.gz: TASK_LIFECYCLE_EVENT must have at least one state transition"
time="2026-08-06T18:21:42Z" level=error msg="Failed to store events for file session_2026-08-06_11-19-32_273436_1/50a49b97f73f6ec17042ee7534a5a6822e51de6580d734a3d3e137b0/job_events/03000000/50a49b97f73f6ec17042ee7534a5a6822e51de6580d734a3d3e137b0-2026-08-06-18-1786040398444093969.jsonl.gz: TASK_LIFECYCLE_EVENT must have at least one state transition"
time="2026-08-06T18:21:42Z" level=error msg="Failed to store events for file session_2026-08-06_11-19-32_273436_1/50a49b97f73f6ec17042ee7534a5a6822e51de6580d734a3d3e137b0/job_events/03000000/50a49b97f73f6ec17042ee7534a5a6822e51de6580d734a3d3e137b0-2026-08-06-18-1786040398444093969.jsonl.gz: TASK_LIFECYCLE_EVENT must have at least one state transition"
time="2026-08-06T18:21:42Z" level=error msg="Failed to store events for file session_2026-08-06_11-19-32_273436_1/50a49b97f73f6ec17042ee7534a5a6822e51de6580d734a3d3e137b0/job_events/03000000/50a49b97f73f6ec17042ee7534a5a6822e51de6580d734a3d3e137b0-2026-08-06-18-1786040398444093969.jsonl.gz: TASK_LIFECYCLE_EVENT must have at least one state transition"
time="2026-08-06T18:21:43Z" level=error msg="Failed to store events for file session_2026-08-06_11-19-32_273436_1/50a49b97f73f6ec17042ee7534a5a6822e51de6580d734a3d3e137b0/job_events/03000000/50a49b97f73f6ec17042ee7534a5a6822e51de6580d734a3d3e137b0-2026-08-06-18-1786040398444093969.jsonl.gz: TASK_LIFECYCLE_EVENT must have at least one state transition"
time="2026-08-06T18:21:43Z" level=error msg="Failed to store events for file session_2026-08-06_11-19-32_273436_1/50a49b97f73f6ec17042ee7534a5a6822e51de6580d734a3d3e137b0/job_events/03000000/50a49b97f73f6ec17042ee7534a5a6822e51de6580d734a3d3e137b0-2026-08-06-18-1786040398444093969.jsonl.gz: TASK_LIFECYCLE_EVENT must have at least one state transition"
time="2026-08-06T18:21:44Z" level=error msg="Failed to store events for file session_2026-08-06_11-19-32_273436_1/50a49b97f73f6ec17042ee7534a5a6822e51de6580d734a3d3e137b0/job_events/03000000/50a49b97f73f6ec17042ee7534a5a6822e51de6580d734a3d3e137b0-2026-08-06-18-1786040398444093969.jsonl.gz: TASK_LIFECYCLE_EVENT must have at least one state transition"
time="2026-08-06T18:21:44Z" level=error msg="Failed to store events for file session_2026-08-06_11-19-32_273436_1/50a49b97f73f6ec17042ee7534a5a6822e51de6580d734a3d3e137b0/job_events/03000000/50a49b97f73f6ec17042ee7534a5a6822e51de6580d734a3d3e137b0-2026-08-06-18-1786040398444093969.jsonl.gz: TASK_LIFECYCLE_EVENT must have at least one state transition"
time="2026-08-06T18:21:45Z" level=error msg="Failed to store events for file session_2026-08-06_11-19-32_273436_1/50a49b97f73f6ec17042ee7534a5a6822e51de6580d734a3d3e137b0/job_events/03000000/50a49b97f73f6ec17042ee7534a5a6822e51de6580d734a3d3e137b0-2026-08-06-18-1786040398444093969.jsonl.gz: TASK_LIFECYCLE_EVENT must have at least one state transition"
time="2026-08-06T18:21:45Z" level=error msg="Failed to store events for file session_2026-08-06_11-19-32_273436_1/50a49b97f73f6ec17042ee7534a5a6822e51de6580d734a3d3e137b0/job_events/03000000/50a49b97f73f6ec17042ee7534a5a6822e51de6580d734a3d3e137b0-2026-08-06-18-1786040398444093969.jsonl.gz: TASK_LIFECYCLE_EVENT must have at least one state transition"
time="2026-08-06T18:21:45Z" level=error msg="Failed to store events for file session_2026-08-06_11-19-32_273436_1/50a49b97f73f6ec17042ee7534a5a6822e51de6580d734a3d3e137b0/job_events/03000000/50a49b97f73f6ec17042ee7534a5a6822e51de6580d734a3d3e137b0-2026-08-06-18-1786040398444093969.jsonl.gz: TASK_LIFECYCLE_EVENT must have at least one state transition"
time="2026-08-06T18:21:45Z" level=error msg="Failed to store events for file session_2026-08-06_11-19-32_273436_1/50a49b97f73f6ec17042ee7534a5a6822e51de6580d734a3d3e137b0/job_events/03000000/50a49b97f73f6ec17042ee7534a5a6822e51de6580d734a3d3e137b0-2026-08-06-18-1786040398444093969.jsonl.gz: TASK_LIFECYCLE_EVENT must have at least one state transition"
time="2026-08-06T18:21:46Z" level=error msg="Failed to store events for file session_2026-08-06_11-19-32_273436_1/50a49b97f73f6ec17042ee7534a5a6822e51de6580d734a3d3e137b0/job_events/03000000/50a49b97f73f6ec17042ee7534a5a6822e51de6580d734a3d3e137b0-2026-08-06-18-1786040398444093969.jsonl.gz: TASK_LIFECYCLE_EVENT must have at least one state transition"
time="2026-08-06T18:21:46Z" level=error msg="Failed to store events for file session_2026-08-06_11-19-32_273436_1/50a49b97f73f6ec17042ee7534a5a6822e51de6580d734a3d3e137b0/job_events/03000000/50a49b97f73f6ec17042ee7534a5a6822e51de6580d734a3d3e137b0-2026-08-06-18-1786040398444093969.jsonl.gz: TASK_LIFECYCLE_EVENT must have at least one state transition"
time="2026-08-06T18:21:46Z" level=error msg="Failed to store events for file session_2026-08-06_11-19-32_273436_1/50a49b97f73f6ec17042ee7534a5a6822e51de6580d734a3d3e137b0/job_events/03000000/50a49b97f73f6ec17042ee7534a5a6822e51de6580d734a3d3e137b0-2026-08-06-18-1786040398444093969.jsonl.gz: TASK_LIFECYCLE_EVENT must have at least one state transition"
time="2026-08-06T18:21:47Z" level=error msg="Failed to store events for file session_2026-08-06_11-19-32_273436_1/50a49b97f73f6ec17042ee7534a5a6822e51de6580d734a3d3e137b0/job_events/03000000/50a49b97f73f6ec17042ee7534a5a6822e51de6580d734a3d3e137b0-2026-08-06-18-1786040398444093969.jsonl.gz: TASK_LIFECYCLE_EVENT must have at least one state transition"
time="2026-08-06T18:21:47Z" level=error msg="Failed to store events for file session_2026-08-06_11-19-32_273436_1/50a49b97f73f6ec17042ee7534a5a6822e51de6580d734a3d3e137b0/job_events/03000000/50a49b97f73f6ec17042ee7534a5a6822e51de6580d734a3d3e137b0-2026-08-06-18-1786040398444093969.jsonl.gz: TASK_LIFECYCLE_EVENT must have at least one state transition"
time="2026-08-06T18:21:47Z" level=error msg="Failed to store events for file session_2026-08-06_11-19-32_273436_1/50a49b97f73f6ec17042ee7534a5a6822e51de6580d734a3d3e137b0/job_events/03000000/50a49b97f73f6ec17042ee7534a5a6822e51de6580d734a3d3e137b0-2026-08-06-18-1786040398444093969.jsonl.gz: TASK_LIFECYCLE_EVENT must have at least one state transition"
time="2026-08-06T18:21:47Z" level=error msg="Failed to store events for file session_2026-08-06_11-19-32_273436_1/50a49b97f73f6ec17042ee7534a5a6822e51de6580d734a3d3e137b0/job_events/03000000/50a49b97f73f6ec17042ee7534a5a6822e51de6580d734a3d3e137b0-2026-08-06-18-1786040398444093969.jsonl.gz: TASK_LIFECYCLE_EVENT must have at least one state transition"
time="2026-08-06T18:21:47Z" level=error msg="Failed to store events for file session_2026-08-06_11-19-32_273436_1/50a49b97f73f6ec17042ee7534a5a6822e51de6580d734a3d3e137b0/job_events/03000000/50a49b97f73f6ec17042ee7534a5a6822e51de6580d734a3d3e137b0-2026-08-06-18-1786040398444093969.jsonl.gz: TASK_LIFECYCLE_EVENT must have at least one state transition"
time="2026-08-06T18:21:47Z" level=error msg="Failed to store events for file session_2026-08-06_11-19-32_273436_1/50a49b97f73f6ec17042ee7534a5a6822e51de6580d734a3d3e137b0/job_events/03000000/50a49b97f73f6ec17042ee7534a5a6822e51de6580d734a3d3e137b0-2026-08-06-18-1786040398444093969.jsonl.gz: TASK_LIFECYCLE_EVENT must have at least one state transition"
time="2026-08-06T18:21:48Z" level=error msg="Failed to store events for file session_2026-08-06_11-19-32_273436_1/50a49b97f73f6ec17042ee7534a5a6822e51de6580d734a3d3e137b0/job_events/03000000/50a49b97f73f6ec17042ee7534a5a6822e51de6580d734a3d3e137b0-2026-08-06-18-1786040398444093969.jsonl.gz: TASK_LIFECYCLE_EVENT must have at least one state transition"
time="2026-08-06T18:21:48Z" level=error msg="Failed to store events for file session_2026-08-06_11-19-32_273436_1/50a49b97f73f6ec17042ee7534a5a6822e51de6580d734a3d3e137b0/job_events/03000000/50a49b97f73f6ec17042ee7534a5a6822e51de6580d734a3d3e137b0-2026-08-06-18-1786040398444093969.jsonl.gz: TASK_LIFECYCLE_EVENT must have at least one state transition"
time="2026-08-06T18:21:49Z" level=error msg="Failed to store events for file session_2026-08-06_11-19-32_273436_1/50a49b97f73f6ec17042ee7534a5a6822e51de6580d734a3d3e137b0/job_events/03000000/50a49b97f73f6ec17042ee7534a5a6822e51de6580d734a3d3e137b0-2026-08-06-18-1786040398444093969.jsonl.gz: TASK_LIFECYCLE_EVENT must have at least one state transition"
time="2026-08-06T18:21:49Z" level=error msg="Failed to store events for file session_2026-08-06_11-19-32_273436_1/50a49b97f73f6ec17042ee7534a5a6822e51de6580d734a3d3e137b0/job_events/03000000/50a49b97f73f6ec17042ee7534a5a6822e51de6580d734a3d3e137b0-2026-08-06-18-1786040398444093969.jsonl.gz: TASK_LIFECYCLE_EVENT must have at least one state transition"
time="2026-08-06T18:21:49Z" level=error msg="Failed to store events for file session_2026-08-06_11-19-32_273436_1/50a49b97f73f6ec17042ee7534a5a6822e51de6580d734a3d3e137b0/job_events/03000000/50a49b97f73f6ec17042ee7534a5a6822e51de6580d734a3d3e137b0-2026-08-06-18-1786040398444093969.jsonl.gz: TASK_LIFECYCLE_EVENT must have at least one state transition"
time="2026-08-06T18:21:49Z" level=error msg="Failed to store events for file session_2026-08-06_11-19-32_273436_1/50a49b97f73f6ec17042ee7534a5a6822e51de6580d734a3d3e137b0/job_events/03000000/50a49b97f73f6ec17042ee7534a5a6822e51de6580d734a3d3e137b0-2026-08-06-18-1786040398444093969.jsonl.gz: TASK_LIFECYCLE_EVENT must have at least one state transition"
time="2026-08-06T18:21:49Z" level=error msg="Failed to store events for file session_2026-08-06_11-19-32_273436_1/50a49b97f73f6ec17042ee7534a5a6822e51de6580d734a3d3e137b0/job_events/03000000/50a49b97f73f6ec17042ee7534a5a6822e51de6580d734a3d3e137b0-2026-08-06-18-1786040398444093969.jsonl.gz: TASK_LIFECYCLE_EVENT must have at least one state transition"
time="2026-08-06T18:21:49Z" level=error msg="Failed to store events for file session_2026-08-06_11-19-32_273436_1/50a49b97f73f6ec17042ee7534a5a6822e51de6580d734a3d3e137b0/job_events/03000000/50a49b97f73f6ec17042ee7534a5a6822e51de6580d734a3d3e137b0-2026-08-06-18-1786040398444093969.jsonl.gz: TASK_LIFECYCLE_EVENT must have at least one state transition"
time="2026-08-06T18:21:49Z" level=error msg="Failed to store events for file session_2026-08-06_11-19-32_273436_1/50a49b97f73f6ec17042ee7534a5a6822e51de6580d734a3d3e137b0/job_events/03000000/50a49b97f73f6ec17042ee7534a5a6822e51de6580d734a3d3e137b0-2026-08-06-18-1786040398444093969.jsonl.gz: TASK_LIFECYCLE_EVENT must have at least one state transition"
time="2026-08-06T18:21:50Z" level=error msg="Failed to store events for file session_2026-08-06_11-19-32_273436_1/50a49b97f73f6ec17042ee7534a5a6822e51de6580d734a3d3e137b0/job_events/03000000/50a49b97f73f6ec17042ee7534a5a6822e51de6580d734a3d3e137b0-2026-08-06-18-1786040398444093969.jsonl.gz: TASK_LIFECYCLE_EVENT must have at least one state transition"
time="2026-08-06T18:21:50Z" level=error msg="Failed to store events for file session_2026-08-06_11-19-32_273436_1/50a49b97f73f6ec17042ee7534a5a6822e51de6580d734a3d3e137b0/job_events/03000000/50a49b97f73f6ec17042ee7534a5a6822e51de6580d734a3d3e137b0-2026-08-06-18-1786040398444093969.jsonl.gz: TASK_LIFECYCLE_EVENT must have at least one state transition"
time="2026-08-06T18:21:51Z" level=error msg="Failed to store events for file session_2026-08-06_11-19-32_273436_1/50a49b97f73f6ec17042ee7534a5a6822e51de6580d734a3d3e137b0/job_events/03000000/50a49b97f73f6ec17042ee7534a5a6822e51de6580d734a3d3e137b0-2026-08-06-18-1786040398444093969.jsonl.gz: TASK_LIFECYCLE_EVENT must have at least one state transition"
time="2026-08-06T18:21:51Z" level=error msg="Failed to store events for file session_2026-08-06_11-19-32_273436_1/50a49b97f73f6ec17042ee7534a5a6822e51de6580d734a3d3e137b0/job_events/03000000/50a49b97f73f6ec17042ee7534a5a6822e51de6580d734a3d3e137b0-2026-08-06-18-1786040398444093969.jsonl.gz: TASK_LIFECYCLE_EVENT must have at least one state transition"
time="2026-08-06T18:21:51Z" level=error msg="Failed to store events for file session_2026-08-06_11-19-32_273436_1/50a49b97f73f6ec17042ee7534a5a6822e51de6580d734a3d3e137b0/job_events/03000000/50a49b97f73f6ec17042ee7534a5a6822e51de6580d734a3d3e137b0-2026-08-06-18-1786040398444093969.jsonl.gz: TASK_LIFECYCLE_EVENT must have at least one state transition"
time="2026-08-06T18:21:51Z" level=error msg="Failed to store events for file session_2026-08-06_11-19-32_273436_1/50a49b97f73f6ec17042ee7534a5a6822e51de6580d734a3d3e137b0/job_events/03000000/50a49b97f73f6ec17042ee7534a5a6822e51de6580d734a3d3e137b0-2026-08-06-18-1786040398444093969.jsonl.gz: TASK_LIFECYCLE_EVENT must have at least one state transition"
time="2026-08-06T18:21:51Z" level=error msg="Failed to store events for file session_2026-08-06_11-19-32_273436_1/50a49b97f73f6ec17042ee7534a5a6822e51de6580d734a3d3e137b0/job_events/03000000/50a49b97f73f6ec17042ee7534a5a6822e51de6580d734a3d3e137b0-2026-08-06-18-1786040398444093969.jsonl.gz: TASK_LIFECYCLE_EVENT must have at least one state transition"
time="2026-08-06T18:21:51Z" level=error msg="Failed to store events for file session_2026-08-06_11-19-32_273436_1/50a49b97f73f6ec17042ee7534a5a6822e51de6580d734a3d3e137b0/job_events/03000000/50a49b97f73f6ec17042ee7534a5a6822e51de6580d734a3d3e137b0-2026-08-06-18-1786040398444093969.jsonl.gz: TASK_LIFECYCLE_EVENT must have at least one state transition"
time="2026-08-06T18:21:52Z" level=error msg="Failed to store events for file session_2026-08-06_11-19-32_273436_1/50a49b97f73f6ec17042ee7534a5a6822e51de6580d734a3d3e137b0/job_events/03000000/50a49b97f73f6ec17042ee7534a5a6822e51de6580d734a3d3e137b0-2026-08-06-18-1786040398444093969.jsonl.gz: TASK_LIFECYCLE_EVENT must have at least one state transition"
time="2026-08-06T18:21:52Z" level=error msg="Failed to store events for file session_2026-08-06_11-19-32_273436_1/50a49b97f73f6ec17042ee7534a5a6822e51de6580d734a3d3e137b0/job_events/03000000/50a49b97f73f6ec17042ee7534a5a6822e51de6580d734a3d3e137b0-2026-08-06-18-1786040398444093969.jsonl.gz: TASK_LIFECYCLE_EVENT must have at least one state transition"
time="2026-08-06T18:21:52Z" level=info msg="Prepare to get object log/cluster-history/raycluster/test-ns-4fvnm/raycluster-historyserver/session_2026-08-06_11-19-32_273436_1/50a49b97f73f6ec17042ee7534a5a6822e51de6580d734a3d3e137b0/job_events/03000000/50a49b97f73f6ec17042ee7534a5a6822e51de6580d734a3d3e137b0-2026-08-06-18-1786040445354358463.jsonl.gz info ..."
time="2026-08-06T18:21:54Z" level=error msg="Failed to store events for file session_2026-08-06_11-19-32_273436_1/50a49b97f73f6ec17042ee7534a5a6822e51de6580d734a3d3e137b0/job_events/03000000/50a49b97f73f6ec17042ee7534a5a6822e51de6580d734a3d3e137b0-2026-08-06-18-1786040445354358463.jsonl.gz: TASK_LIFECYCLE_EVENT must have at least one state transition"
time="2026-08-06T18:21:54Z" level=error msg="Failed to store events for file session_2026-08-06_11-19-32_273436_1/50a49b97f73f6ec17042ee7534a5a6822e51de6580d734a3d3e137b0/job_events/03000000/50a49b97f73f6ec17042ee7534a5a6822e51de6580d734a3d3e137b0-2026-08-06-18-1786040445354358463.jsonl.gz: TASK_LIFECYCLE_EVENT must have at least one state transition"
time="2026-08-06T18:21:54Z" level=error msg="Failed to store events for file session_2026-08-06_11-19-32_273436_1/50a49b97f73f6ec17042ee7534a5a6822e51de6580d734a3d3e137b0/job_events/03000000/50a49b97f73f6ec17042ee7534a5a6822e51de6580d734a3d3e137b0-2026-08-06-18-1786040445354358463.jsonl.gz: TASK_LIFECYCLE_EVENT must have at least one state transition"
time="2026-08-06T18:21:54Z" level=error msg="Failed to store events for file session_2026-08-06_11-19-32_273436_1/50a49b97f73f6ec17042ee7534a5a6822e51de6580d734a3d3e137b0/job_events/03000000/50a49b97f73f6ec17042ee7534a5a6822e51de6580d734a3d3e137b0-2026-08-06-18-1786040445354358463.jsonl.gz: TASK_LIFECYCLE_EVENT must have at least one state transition"
time="2026-08-06T18:21:54Z" level=error msg="Failed to store events for file session_2026-08-06_11-19-32_273436_1/50a49b97f73f6ec17042ee7534a5a6822e51de6580d734a3d3e137b0/job_events/03000000/50a49b97f73f6ec17042ee7534a5a6822e51de6580d734a3d3e137b0-2026-08-06-18-1786040445354358463.jsonl.gz: TASK_LIFECYCLE_EVENT must have at least one state transition"
time="2026-08-06T18:21:55Z" level=error msg="Failed to store events for file session_2026-08-06_11-19-32_273436_1/50a49b97f73f6ec17042ee7534a5a6822e51de6580d734a3d3e137b0/job_events/03000000/50a49b97f73f6ec17042ee7534a5a6822e51de6580d734a3d3e137b0-2026-08-06-18-1786040445354358463.jsonl.gz: TASK_LIFECYCLE_EVENT must have at least one state transition"
time="2026-08-06T18:21:55Z" level=error msg="Failed to store events for file session_2026-08-06_11-19-32_273436_1/50a49b97f73f6ec17042ee7534a5a6822e51de6580d734a3d3e137b0/job_events/03000000/50a49b97f73f6ec17042ee7534a5a6822e51de6580d734a3d3e137b0-2026-08-06-18-1786040445354358463.jsonl.gz: TASK_LIFECYCLE_EVENT must have at least one state transition"
time="2026-08-06T18:21:55Z" level=error msg="Failed to store events for file session_2026-08-06_11-19-32_273436_1/50a49b97f73f6ec17042ee7534a5a6822e51de6580d734a3d3e137b0/job_events/03000000/50a49b97f73f6ec17042ee7534a5a6822e51de6580d734a3d3e137b0-2026-08-06-18-1786040445354358463.jsonl.gz: TASK_LIFECYCLE_EVENT must have at least one state transition"
time="2026-08-06T18:21:55Z" level=info msg="Prepare to get object log/cluster-history/raycluster/test-ns-4fvnm/raycluster-historyserver/session_2026-08-06_11-19-32_273436_1/f7edab8d9b62b4b77fc95f4e1619dfb08c23bf9127dc5bf4539d4a28/job_events/01000000/f7edab8d9b62b4b77fc95f4e1619dfb08c23bf9127dc5bf4539d4a28-2026-08-06-18-1786040377703119459.jsonl.gz info ..."
time="2026-08-06T18:21:55Z" level=info msg="Prepare to get object log/cluster-history/raycluster/test-ns-4fvnm/raycluster-historyserver/session_2026-08-06_11-19-32_273436_1/f7edab8d9b62b4b77fc95f4e1619dfb08c23bf9127dc5bf4539d4a28/job_events/02000000/f7edab8d9b62b4b77fc95f4e1619dfb08c23bf9127dc5bf4539d4a28-2026-08-06-18-1786040396094377010.jsonl.gz info ..."
time="2026-08-06T18:21:55Z" level=info msg="Prepare to get object log/cluster-history/raycluster/test-ns-4fvnm/raycluster-historyserver/session_2026-08-06_11-19-32_273436_1/f7edab8d9b62b4b77fc95f4e1619dfb08c23bf9127dc5bf4539d4a28/job_events/03000000/f7edab8d9b62b4b77fc95f4e1619dfb08c23bf9127dc5bf4539d4a28-2026-08-06-18-1786040397095660677.jsonl.gz info ..."
time="2026-08-06T18:22:31Z" level=info msg="Prepare to get object log/cluster-history/raycluster/test-ns-4fvnm/raycluster-historyserver/session_2026-08-06_11-19-32_273436_1/f7edab8d9b62b4b77fc95f4e1619dfb08c23bf9127dc5bf4539d4a28/job_events/03000000/f7edab8d9b62b4b77fc95f4e1619dfb08c23bf9127dc5bf4539d4a28-2026-08-06-18-1786040438218293835.jsonl.gz info ..."
time="2026-08-06T18:22:41Z" level=info msg="Prepare to get object log/cluster-history/raycluster/test-ns-4fvnm/raycluster-historyserver/session_2026-08-06_11-19-32_273436_1/f7edab8d9b62b4b77fc95f4e1619dfb08c23bf9127dc5bf4539d4a28/job_events/04000000/f7edab8d9b62b4b77fc95f4e1619dfb08c23bf9127dc5bf4539d4a28-2026-08-06-18-1786040411286492919.jsonl.gz info ..."
time="2026-08-06T18:22:41Z" level=info msg="Prepare to get object log/cluster-history/raycluster/test-ns-4fvnm/raycluster-historyserver/session_2026-08-06_11-19-32_273436_1/f7edab8d9b62b4b77fc95f4e1619dfb08c23bf9127dc5bf4539d4a28/node_events/f7edab8d9b62b4b77fc95f4e1619dfb08c23bf9127dc5bf4539d4a28-2026-08-06-18-1786040377595458293.jsonl.gz info ..."
time="2026-08-06T18:22:43Z" level=info msg="Received request: GET /enter_cluster/test-ns-4fvnm/raycluster/raycluster-historyserver/session_2026-08-06_11-19-32_273436_1"
time="2026-08-06T18:22:43Z" level=info msg="[List]Returned objects in log/cluster-metadata/. length of page.Contents: 2, length of page.CommonPrefixes: 0"
time="2026-08-06T18:22:43Z" level=error msg="Failed to parse meta file path: log/cluster-metadata/raycluster/test-ns-4fvnm_raycluster-historyserver/, error: invalid path segment count for cluster metadata structure: log/cluster-metadata/raycluster/test-ns-4fvnm_raycluster-historyserver/"
time="2026-08-06T18:22:43Z" level=info msg="Parsed cluster raycluster-historyserver for session session_2026-08-06_11-19-32_273436_1 to list"
time="2026-08-06T18:22:43Z" level=info msg="Received request: GET /api/v0/tasks?limit=100000"
time="2026-08-06T18:22:43Z" level=info msg="Request URL /api/v0/tasks?limit=100000"
time="2026-08-06T18:22:43Z" level=info msg="Received request: GET /api/v0/tasks?limit=100000"
time="2026-08-06T18:22:43Z" level=info msg="Request URL /api/v0/tasks?limit=100000"
time="2026-08-06T18:22:43Z" level=info msg="Received request: GET /api/v0/tasks?limit=100000"
time="2026-08-06T18:22:43Z" level=info msg="Request URL /api/v0/tasks?limit=100000"
time="2026-08-06T18:22:43Z" level=info msg="Received request: GET /api/v0/tasks?limit=100000"
time="2026-08-06T18:22:43Z" level=info msg="Request URL /api/v0/tasks?limit=100000"
time="2026-08-06T18:22:43Z" level=info msg="Received request: GET /api/v0/tasks?limit=100000"
time="2026-08-06T18:22:43Z" level=info msg="Request URL /api/v0/tasks?limit=100000"
time="2026-08-06T18:22:43Z" level=info msg="Received request: GET /api/v0/tasks?limit=100000"
time="2026-08-06T18:22:43Z" level=info msg="Request URL /api/v0/tasks?limit=100000"
time="2026-08-06T18:22:43Z" level=info msg="Received request: GET /api/v0/tasks?limit=100000"
time="2026-08-06T18:22:43Z" level=info msg="Request URL /api/v0/tasks?limit=100000"
time="2026-08-06T18:22:43Z" level=info msg="Received request: GET /api/v0/tasks?limit=100000"
time="2026-08-06T18:22:43Z" level=info msg="Request URL /api/v0/tasks?limit=100000"
time="2026-08-06T18:22:43Z" level=info msg="Received request: GET /api/v0/tasks?limit=100000"
time="2026-08-06T18:22:43Z" level=info msg="Request URL /api/v0/tasks?limit=100000"
time="2026-08-06T18:22:43Z" level=info msg="Received request: GET /api/v0/tasks?limit=100000"
time="2026-08-06T18:22:43Z" level=info msg="Request URL /api/v0/tasks?limit=100000"
time="2026-08-06T18:22:43Z" level=info msg="Received request: GET /api/v0/tasks/summarize"
time="2026-08-06T18:22:43Z" level=info msg="Request URL /api/v0/tasks/summarize"
time="2026-08-06T18:22:44Z" level=info msg="Received request: GET /api/v0/tasks/summarize"
time="2026-08-06T18:22:44Z" level=info msg="Request URL /api/v0/tasks/summarize"
time="2026-08-06T18:22:46Z" level=info msg="Received request: GET /api/v0/tasks/summarize"
time="2026-08-06T18:22:46Z" level=info msg="Request URL /api/v0/tasks/summarize"
time="2026-08-06T18:22:47Z" level=info msg="Received request: GET /api/v0/tasks/summarize"
time="2026-08-06T18:22:47Z" level=info msg="Request URL /api/v0/tasks/summarize"
time="2026-08-06T18:22:48Z" level=info msg="Received request: GET /api/v0/tasks/summarize"
time="2026-08-06T18:22:48Z" level=info msg="Request URL /api/v0/tasks/summarize"
time="2026-08-06T18:22:49Z" level=info msg="Received request: GET /api/v0/tasks/summarize"
time="2026-08-06T18:22:49Z" level=info msg="Request URL /api/v0/tasks/summarize"
time="2026-08-06T18:22:50Z" level=info msg="Received request: GET /api/v0/tasks/summarize"
time="2026-08-06T18:22:50Z" level=info msg="Request URL /api/v0/tasks/summarize"
time="2026-08-06T18:22:50Z" level=info msg="Received request: GET /api/v0/tasks/summarize"
time="2026-08-06T18:22:50Z" level=info msg="Request URL /api/v0/tasks/summarize"
time="2026-08-06T18:22:51Z" level=info msg="Received request: GET /api/v0/tasks/summarize"
time="2026-08-06T18:22:51Z" level=info msg="Request URL /api/v0/tasks/summarize"
time="2026-08-06T18:22:52Z" level=info msg="Received request: GET /api/v0/tasks/summarize"
time="2026-08-06T18:22:52Z" level=info msg="Request URL /api/v0/tasks/summarize"
time="2026-08-06T18:22:53Z" level=info msg="Received request: GET /api/jobs/"
time="2026-08-06T18:22:53Z" level=info msg="Request URL /api/jobs/"
time="2026-08-06T18:22:53Z" level=info msg="Received request: GET /api/jobs/"
time="2026-08-06T18:22:53Z" level=info msg="Request URL /api/jobs/"
time="2026-08-06T18:22:53Z" level=info msg="Received request: GET /api/jobs/"
time="2026-08-06T18:22:53Z" level=info msg="Request URL /api/jobs/"
time="2026-08-06T18:22:53Z" level=info msg="Received request: GET /api/jobs/"
time="2026-08-06T18:22:53Z" level=info msg="Request URL /api/jobs/"
time="2026-08-06T18:22:53Z" level=info msg="Received request: GET /api/jobs/"
time="2026-08-06T18:22:53Z" level=info msg="Request URL /api/jobs/"
time="2026-08-06T18:22:53Z" level=info msg="Received request: GET /api/jobs/"
time="2026-08-06T18:22:53Z" level=info msg="Request URL /api/jobs/"
time="2026-08-06T18:22:53Z" level=info msg="Received request: GET /api/jobs/"
time="2026-08-06T18:22:53Z" level=info msg="Request URL /api/jobs/"
time="2026-08-06T18:22:53Z" level=info msg="Received request: GET /api/jobs/"
time="2026-08-06T18:22:53Z" level=info msg="Request URL /api/jobs/"
time="2026-08-06T18:22:54Z" level=info msg="Received request: GET /api/jobs/"
time="2026-08-06T18:22:54Z" level=info msg="Request URL /api/jobs/"
time="2026-08-06T18:22:54Z" level=info msg="Received request: GET /api/jobs/"
time="2026-08-06T18:22:54Z" level=info msg="Request URL /api/jobs/"
time="2026-08-06T18:22:54Z" level=info msg="Request URL /nodes?view=summary"
time="2026-08-06T18:22:54Z" level=info msg="Request URL /nodes?view=summary"
time="2026-08-06T18:22:54Z" level=info msg="Request URL /nodes?view=summary"
time="2026-08-06T18:22:54Z" level=info msg="Request URL /nodes?view=summary"
time="2026-08-06T18:22:54Z" level=info msg="Request URL /nodes?view=summary"
time="2026-08-06T18:22:54Z" level=info msg="Request URL /nodes?view=summary"
time="2026-08-06T18:22:54Z" level=info msg="Request URL /nodes?view=summary"
time="2026-08-06T18:22:54Z" level=info msg="Request URL /nodes?view=summary"
time="2026-08-06T18:22:54Z" level=info msg="Request URL /nodes?view=summary"
time="2026-08-06T18:22:54Z" level=info msg="Request URL /nodes?view=summary"
time="2026-08-06T18:22:54Z" level=info msg="Request URL /events"
time="2026-08-06T18:22:54Z" level=info msg="Request URL /events"
time="2026-08-06T18:22:55Z" level=info msg="Request URL /events"
time="2026-08-06T18:22:55Z" level=info msg="Request URL /events"
time="2026-08-06T18:22:55Z" level=info msg="Request URL /events"
time="2026-08-06T18:22:55Z" level=info msg="Request URL /events"
time="2026-08-06T18:22:55Z" level=info msg="Request URL /events"
time="2026-08-06T18:22:55Z" level=info msg="Request URL /events"
time="2026-08-06T18:22:55Z" level=info msg="Request URL /events"
time="2026-08-06T18:22:55Z" level=info msg="Request URL /events"
