time="2026-08-06T17:25:41Z" level=info msg="create client manager successfully, clients: 1"
time="2026-08-06T17:25:41Z" level=info msg="Begin to create s3 client ..."
time="2026-08-06T17:25:41Z" level=info msg="Checking if bucket ray-historyserver exists..."
time="2026-08-06T17:25:41Z" level=info msg="Bucket ray-historyserver already exists"
time="2026-08-06T17:25:41Z" level=info msg="Clean logdir is logs"
time="2026-08-06T17:25:41Z" level=info msg="Starting server on :8080"
time="2026-08-06T17:25:43Z" level=info msg="Received request: GET /readz"
time="2026-08-06T17:25:43Z" level=info msg="live clusters: []"
time="2026-08-06T17:25:43Z" level=info msg="[List]Returned objects in log/cluster-metadata/. length of page.Contents: 2, length of page.CommonPrefixes: 0"
time="2026-08-06T17:25:43Z" level=error msg="Failed to parse meta file path: log/cluster-metadata/raycluster/test-ns-zkczd_raycluster-historyserver/, error: invalid path segment count for cluster metadata structure: log/cluster-metadata/raycluster/test-ns-zkczd_raycluster-historyserver/"
time="2026-08-06T17:25:43Z" level=info msg="Parsed cluster raycluster-historyserver for session session_2026-08-06_10-23-55_724023_1 to list"
time="2026-08-06T17:25:43Z" level=info msg="live clusters: []"
time="2026-08-06T17:25:43Z" level=info msg="[List]Returned objects in log/cluster-metadata/. length of page.Contents: 2, length of page.CommonPrefixes: 0"
time="2026-08-06T17:25:43Z" level=error msg="Failed to parse meta file path: log/cluster-metadata/raycluster/test-ns-zkczd_raycluster-historyserver/, error: invalid path segment count for cluster metadata structure: log/cluster-metadata/raycluster/test-ns-zkczd_raycluster-historyserver/"
time="2026-08-06T17:25:43Z" level=info msg="Parsed cluster raycluster-historyserver for session session_2026-08-06_10-23-55_724023_1 to list"
time="2026-08-06T17:25:43Z" level=info msg="live clusters: []"
time="2026-08-06T17:25:43Z" level=info msg="[List]Returned objects in log/cluster-metadata/. length of page.Contents: 2, length of page.CommonPrefixes: 0"
time="2026-08-06T17:25:43Z" level=error msg="Failed to parse meta file path: log/cluster-metadata/raycluster/test-ns-zkczd_raycluster-historyserver/, error: invalid path segment count for cluster metadata structure: log/cluster-metadata/raycluster/test-ns-zkczd_raycluster-historyserver/"
time="2026-08-06T17:25:43Z" level=info msg="Parsed cluster raycluster-historyserver for session session_2026-08-06_10-23-55_724023_1 to list"
time="2026-08-06T17:25:43Z" level=info msg="live clusters: []"
time="2026-08-06T17:25:43Z" level=info msg="[List]Returned objects in log/cluster-metadata/. length of page.Contents: 2, length of page.CommonPrefixes: 0"
time="2026-08-06T17:25:43Z" level=error msg="Failed to parse meta file path: log/cluster-metadata/raycluster/test-ns-zkczd_raycluster-historyserver/, error: invalid path segment count for cluster metadata structure: log/cluster-metadata/raycluster/test-ns-zkczd_raycluster-historyserver/"
time="2026-08-06T17:25:43Z" level=info msg="Parsed cluster raycluster-historyserver for session session_2026-08-06_10-23-55_724023_1 to list"
time="2026-08-06T17:25:43Z" level=info msg="live clusters: []"
time="2026-08-06T17:25:43Z" level=info msg="[List]Returned objects in log/cluster-metadata/. length of page.Contents: 2, length of page.CommonPrefixes: 0"
time="2026-08-06T17:25:43Z" level=error msg="Failed to parse meta file path: log/cluster-metadata/raycluster/test-ns-zkczd_raycluster-historyserver/, error: invalid path segment count for cluster metadata structure: log/cluster-metadata/raycluster/test-ns-zkczd_raycluster-historyserver/"
time="2026-08-06T17:25:43Z" level=info msg="Parsed cluster raycluster-historyserver for session session_2026-08-06_10-23-55_724023_1 to list"
time="2026-08-06T17:25:43Z" level=info msg="Received request: GET /enter_cluster/test-ns-zkczd/raycluster/raycluster-historyserver/session_2026-08-06_10-23-55_724023_1"
time="2026-08-06T17:25:43Z" level=info msg="[List]Returned objects in log/cluster-metadata/. length of page.Contents: 2, length of page.CommonPrefixes: 0"
time="2026-08-06T17:25:43Z" level=error msg="Failed to parse meta file path: log/cluster-metadata/raycluster/test-ns-zkczd_raycluster-historyserver/, error: invalid path segment count for cluster metadata structure: log/cluster-metadata/raycluster/test-ns-zkczd_raycluster-historyserver/"
time="2026-08-06T17:25:43Z" level=info msg="Parsed cluster raycluster-historyserver for session session_2026-08-06_10-23-55_724023_1 to list"
time="2026-08-06T17:25:43Z" level=info msg="[ListFiles]Returned objects in log/cluster-history/raycluster/test-ns-zkczd/raycluster-historyserver/session_2026-08-06_10-23-55_724023_1/. length of page.Contents: 0, length of page.CommonPrefixes: 3"
time="2026-08-06T17:25:43Z" level=info msg="[ListFiles]Returned objects in log/cluster-history/raycluster/test-ns-zkczd/raycluster-historyserver/session_2026-08-06_10-23-55_724023_1/b63977b7499cc6d6c621a1e455508184348928b7d224ab3c6f34c213/logs/events/. length of page.Contents: 11, length of page.CommonPrefixes: 0"
time="2026-08-06T17:25:43Z" level=info msg="Prepare to get object log/cluster-history/raycluster/test-ns-zkczd/raycluster-historyserver/session_2026-08-06_10-23-55_724023_1/b63977b7499cc6d6c621a1e455508184348928b7d224ab3c6f34c213/logs/events/event_AUTOSCALER.log info ..."
time="2026-08-06T17:25:43Z" level=info msg="Prepare to get object log/cluster-history/raycluster/test-ns-zkczd/raycluster-historyserver/session_2026-08-06_10-23-55_724023_1/b63977b7499cc6d6c621a1e455508184348928b7d224ab3c6f34c213/logs/events/event_CORE_WORKER_1017.log info ..."
time="2026-08-06T17:25:43Z" level=info msg="Prepare to get object log/cluster-history/raycluster/test-ns-zkczd/raycluster-historyserver/session_2026-08-06_10-23-55_724023_1/b63977b7499cc6d6c621a1e455508184348928b7d224ab3c6f34c213/logs/events/event_CORE_WORKER_1180.log info ..."
time="2026-08-06T17:25:43Z" level=info msg="Prepare to get object log/cluster-history/raycluster/test-ns-zkczd/raycluster-historyserver/session_2026-08-06_10-23-55_724023_1/b63977b7499cc6d6c621a1e455508184348928b7d224ab3c6f34c213/logs/events/event_CORE_WORKER_200.log info ..."
time="2026-08-06T17:25:43Z" level=info msg="Prepare to get object log/cluster-history/raycluster/test-ns-zkczd/raycluster-historyserver/session_2026-08-06_10-23-55_724023_1/b63977b7499cc6d6c621a1e455508184348928b7d224ab3c6f34c213/logs/events/event_CORE_WORKER_205.log info ..."
time="2026-08-06T17:25:43Z" level=info msg="Prepare to get object log/cluster-history/raycluster/test-ns-zkczd/raycluster-historyserver/session_2026-08-06_10-23-55_724023_1/b63977b7499cc6d6c621a1e455508184348928b7d224ab3c6f34c213/logs/events/event_CORE_WORKER_676.log info ..."
time="2026-08-06T17:25:43Z" level=info msg="Prepare to get object log/cluster-history/raycluster/test-ns-zkczd/raycluster-historyserver/session_2026-08-06_10-23-55_724023_1/b63977b7499cc6d6c621a1e455508184348928b7d224ab3c6f34c213/logs/events/event_CORE_WORKER_961.log info ..."
time="2026-08-06T17:25:43Z" level=info msg="Prepare to get object log/cluster-history/raycluster/test-ns-zkczd/raycluster-historyserver/session_2026-08-06_10-23-55_724023_1/b63977b7499cc6d6c621a1e455508184348928b7d224ab3c6f34c213/logs/events/event_GCS.log info ..."
time="2026-08-06T17:25:43Z" level=info msg="Prepare to get object log/cluster-history/raycluster/test-ns-zkczd/raycluster-historyserver/session_2026-08-06_10-23-55_724023_1/b63977b7499cc6d6c621a1e455508184348928b7d224ab3c6f34c213/logs/events/event_JOBS.log info ..."
time="2026-08-06T17:25:43Z" level=info msg="Prepare to get object log/cluster-history/raycluster/test-ns-zkczd/raycluster-historyserver/session_2026-08-06_10-23-55_724023_1/b63977b7499cc6d6c621a1e455508184348928b7d224ab3c6f34c213/logs/events/event_RAYLET.log info ..."
time="2026-08-06T17:25:43Z" level=info msg="[ListFiles]Returned objects in log/cluster-history/raycluster/test-ns-zkczd/raycluster-historyserver/session_2026-08-06_10-23-55_724023_1/cba837697936f3cf1cf69ae9f6c473cf9c100412df90a9b434dd9310/logs/events/. length of page.Contents: 13, length of page.CommonPrefixes: 0"
time="2026-08-06T17:25:43Z" level=info msg="Prepare to get object log/cluster-history/raycluster/test-ns-zkczd/raycluster-historyserver/session_2026-08-06_10-23-55_724023_1/cba837697936f3cf1cf69ae9f6c473cf9c100412df90a9b434dd9310/logs/events/event_CORE_WORKER_228.log info ..."
time="2026-08-06T17:25:43Z" level=info msg="Prepare to get object log/cluster-history/raycluster/test-ns-zkczd/raycluster-historyserver/session_2026-08-06_10-23-55_724023_1/cba837697936f3cf1cf69ae9f6c473cf9c100412df90a9b434dd9310/logs/events/event_CORE_WORKER_229.log info ..."
time="2026-08-06T17:25:43Z" level=info msg="Prepare to get object log/cluster-history/raycluster/test-ns-zkczd/raycluster-historyserver/session_2026-08-06_10-23-55_724023_1/cba837697936f3cf1cf69ae9f6c473cf9c100412df90a9b434dd9310/logs/events/event_CORE_WORKER_311.log info ..."
time="2026-08-06T17:25:43Z" level=info msg="Prepare to get object log/cluster-history/raycluster/test-ns-zkczd/raycluster-historyserver/session_2026-08-06_10-23-55_724023_1/cba837697936f3cf1cf69ae9f6c473cf9c100412df90a9b434dd9310/logs/events/event_CORE_WORKER_317.log info ..."
time="2026-08-06T17:25:43Z" level=info msg="Prepare to get object log/cluster-history/raycluster/test-ns-zkczd/raycluster-historyserver/session_2026-08-06_10-23-55_724023_1/cba837697936f3cf1cf69ae9f6c473cf9c100412df90a9b434dd9310/logs/events/event_CORE_WORKER_411.log info ..."
time="2026-08-06T17:25:43Z" level=info msg="Prepare to get object log/cluster-history/raycluster/test-ns-zkczd/raycluster-historyserver/session_2026-08-06_10-23-55_724023_1/cba837697936f3cf1cf69ae9f6c473cf9c100412df90a9b434dd9310/logs/events/event_CORE_WORKER_419.log info ..."
time="2026-08-06T17:25:43Z" level=info msg="Prepare to get object log/cluster-history/raycluster/test-ns-zkczd/raycluster-historyserver/session_2026-08-06_10-23-55_724023_1/cba837697936f3cf1cf69ae9f6c473cf9c100412df90a9b434dd9310/logs/events/event_CORE_WORKER_506.log info ..."
time="2026-08-06T17:25:43Z" level=info msg="Prepare to get object log/cluster-history/raycluster/test-ns-zkczd/raycluster-historyserver/session_2026-08-06_10-23-55_724023_1/cba837697936f3cf1cf69ae9f6c473cf9c100412df90a9b434dd9310/logs/events/event_CORE_WORKER_511.log info ..."
time="2026-08-06T17:25:43Z" level=info msg="Prepare to get object log/cluster-history/raycluster/test-ns-zkczd/raycluster-historyserver/session_2026-08-06_10-23-55_724023_1/cba837697936f3cf1cf69ae9f6c473cf9c100412df90a9b434dd9310/logs/events/event_CORE_WORKER_594.log info ..."
time="2026-08-06T17:25:43Z" level=info msg="Prepare to get object log/cluster-history/raycluster/test-ns-zkczd/raycluster-historyserver/session_2026-08-06_10-23-55_724023_1/cba837697936f3cf1cf69ae9f6c473cf9c100412df90a9b434dd9310/logs/events/event_CORE_WORKER_609.log info ..."
time="2026-08-06T17:25:43Z" level=info msg="Prepare to get object log/cluster-history/raycluster/test-ns-zkczd/raycluster-historyserver/session_2026-08-06_10-23-55_724023_1/cba837697936f3cf1cf69ae9f6c473cf9c100412df90a9b434dd9310/logs/events/event_CORE_WORKER_686.log info ..."
time="2026-08-06T17:25:43Z" level=info msg="Prepare to get object log/cluster-history/raycluster/test-ns-zkczd/raycluster-historyserver/session_2026-08-06_10-23-55_724023_1/cba837697936f3cf1cf69ae9f6c473cf9c100412df90a9b434dd9310/logs/events/event_RAYLET.log info ..."
time="2026-08-06T17:25:43Z" level=info msg="[ListFiles]Returned objects in log/cluster-history/raycluster/test-ns-zkczd/raycluster-historyserver/session_2026-08-06_10-23-55_724023_1/fetched_endpoints/logs/events/. length of page.Contents: 0, length of page.CommonPrefixes: 0"
time="2026-08-06T17:25:43Z" level=info msg="[ListFiles]Returned objects in log/cluster-history/raycluster/test-ns-zkczd/raycluster-historyserver/session_2026-08-06_10-23-55_724023_1/. length of page.Contents: 0, length of page.CommonPrefixes: 3"
time="2026-08-06T17:25:43Z" level=info msg="[ListFiles]Returned objects in log/cluster-history/raycluster/test-ns-zkczd/raycluster-historyserver/session_2026-08-06_10-23-55_724023_1/b63977b7499cc6d6c621a1e455508184348928b7d224ab3c6f34c213/job_events/. length of page.Contents: 0, length of page.CommonPrefixes: 4"
time="2026-08-06T17:25:43Z" level=info msg="[ListFiles]Returned objects in log/cluster-history/raycluster/test-ns-zkczd/raycluster-historyserver/session_2026-08-06_10-23-55_724023_1/b63977b7499cc6d6c621a1e455508184348928b7d224ab3c6f34c213/job_events/01000000/. length of page.Contents: 2, length of page.CommonPrefixes: 0"
time="2026-08-06T17:25:43Z" level=info msg="[ListFiles]Returned objects in log/cluster-history/raycluster/test-ns-zkczd/raycluster-historyserver/session_2026-08-06_10-23-55_724023_1/b63977b7499cc6d6c621a1e455508184348928b7d224ab3c6f34c213/job_events/02000000/. length of page.Contents: 2, length of page.CommonPrefixes: 0"
time="2026-08-06T17:25:43Z" level=info msg="[ListFiles]Returned objects in log/cluster-history/raycluster/test-ns-zkczd/raycluster-historyserver/session_2026-08-06_10-23-55_724023_1/b63977b7499cc6d6c621a1e455508184348928b7d224ab3c6f34c213/job_events/03000000/. length of page.Contents: 3, length of page.CommonPrefixes: 0"
time="2026-08-06T17:25:43Z" level=info msg="[ListFiles]Returned objects in log/cluster-history/raycluster/test-ns-zkczd/raycluster-historyserver/session_2026-08-06_10-23-55_724023_1/b63977b7499cc6d6c621a1e455508184348928b7d224ab3c6f34c213/job_events/04000000/. length of page.Contents: 2, length of page.CommonPrefixes: 0"
time="2026-08-06T17:25:43Z" level=info msg="[ListFiles]Returned objects in log/cluster-history/raycluster/test-ns-zkczd/raycluster-historyserver/session_2026-08-06_10-23-55_724023_1/cba837697936f3cf1cf69ae9f6c473cf9c100412df90a9b434dd9310/job_events/. length of page.Contents: 0, length of page.CommonPrefixes: 1"
time="2026-08-06T17:25:43Z" level=info msg="[ListFiles]Returned objects in log/cluster-history/raycluster/test-ns-zkczd/raycluster-historyserver/session_2026-08-06_10-23-55_724023_1/cba837697936f3cf1cf69ae9f6c473cf9c100412df90a9b434dd9310/job_events/03000000/. length of page.Contents: 3, length of page.CommonPrefixes: 0"
time="2026-08-06T17:25:43Z" level=info msg="[ListFiles]Returned objects in log/cluster-history/raycluster/test-ns-zkczd/raycluster-historyserver/session_2026-08-06_10-23-55_724023_1/fetched_endpoints/job_events/. length of page.Contents: 0, length of page.CommonPrefixes: 0"
time="2026-08-06T17:25:43Z" level=info msg="[ListFiles]Returned objects in log/cluster-history/raycluster/test-ns-zkczd/raycluster-historyserver/session_2026-08-06_10-23-55_724023_1/. length of page.Contents: 0, length of page.CommonPrefixes: 3"
time="2026-08-06T17:25:43Z" level=info msg="[ListFiles]Returned objects in log/cluster-history/raycluster/test-ns-zkczd/raycluster-historyserver/session_2026-08-06_10-23-55_724023_1/b63977b7499cc6d6c621a1e455508184348928b7d224ab3c6f34c213/node_events/. length of page.Contents: 2, length of page.CommonPrefixes: 0"
time="2026-08-06T17:25:43Z" level=info msg="[ListFiles]Returned objects in log/cluster-history/raycluster/test-ns-zkczd/raycluster-historyserver/session_2026-08-06_10-23-55_724023_1/cba837697936f3cf1cf69ae9f6c473cf9c100412df90a9b434dd9310/node_events/. length of page.Contents: 0, length of page.CommonPrefixes: 0"
time="2026-08-06T17:25:43Z" level=info msg="[ListFiles]Returned objects in log/cluster-history/raycluster/test-ns-zkczd/raycluster-historyserver/session_2026-08-06_10-23-55_724023_1/fetched_endpoints/node_events/. length of page.Contents: 0, length of page.CommonPrefixes: 0"
time="2026-08-06T17:25:43Z" level=info msg="Prepare to get object log/cluster-history/raycluster/test-ns-zkczd/raycluster-historyserver/session_2026-08-06_10-23-55_724023_1/b63977b7499cc6d6c621a1e455508184348928b7d224ab3c6f34c213/job_events/01000000/b63977b7499cc6d6c621a1e455508184348928b7d224ab3c6f34c213-2026-08-06-17-1786037041192068512.jsonl info ..."
time="2026-08-06T17:25:43Z" level=info msg="Prepare to get object log/cluster-history/raycluster/test-ns-zkczd/raycluster-historyserver/session_2026-08-06_10-23-55_724023_1/b63977b7499cc6d6c621a1e455508184348928b7d224ab3c6f34c213/job_events/02000000/b63977b7499cc6d6c621a1e455508184348928b7d224ab3c6f34c213-2026-08-06-17-1786037059593673090.jsonl info ..."
time="2026-08-06T17:25:43Z" level=info msg="Prepare to get object log/cluster-history/raycluster/test-ns-zkczd/raycluster-historyserver/session_2026-08-06_10-23-55_724023_1/b63977b7499cc6d6c621a1e455508184348928b7d224ab3c6f34c213/job_events/03000000/b63977b7499cc6d6c621a1e455508184348928b7d224ab3c6f34c213-2026-08-06-17-1786037060594346924.jsonl info ..."
time="2026-08-06T17:26:13Z" level=info msg="Prepare to get object log/cluster-history/raycluster/test-ns-zkczd/raycluster-historyserver/session_2026-08-06_10-23-55_724023_1/b63977b7499cc6d6c621a1e455508184348928b7d224ab3c6f34c213/job_events/03000000/b63977b7499cc6d6c621a1e455508184348928b7d224ab3c6f34c213-2026-08-06-17-1786037100408161012.jsonl info ..."
time="2026-08-06T17:26:25Z" level=info msg="Prepare to get object log/cluster-history/raycluster/test-ns-zkczd/raycluster-historyserver/session_2026-08-06_10-23-55_724023_1/b63977b7499cc6d6c621a1e455508184348928b7d224ab3c6f34c213/job_events/04000000/b63977b7499cc6d6c621a1e455508184348928b7d224ab3c6f34c213-2026-08-06-17-1786037075150159208.jsonl info ..."
time="2026-08-06T17:26:25Z" level=info msg="Prepare to get object log/cluster-history/raycluster/test-ns-zkczd/raycluster-historyserver/session_2026-08-06_10-23-55_724023_1/cba837697936f3cf1cf69ae9f6c473cf9c100412df90a9b434dd9310/job_events/03000000/cba837697936f3cf1cf69ae9f6c473cf9c100412df90a9b434dd9310-2026-08-06-17-1786037062041883091.jsonl info ..."
time="2026-08-06T17:26:40Z" level=error msg="Failed to store events for file session_2026-08-06_10-23-55_724023_1/cba837697936f3cf1cf69ae9f6c473cf9c100412df90a9b434dd9310/job_events/03000000/cba837697936f3cf1cf69ae9f6c473cf9c100412df90a9b434dd9310-2026-08-06-17-1786037062041883091.jsonl: TASK_LIFECYCLE_EVENT must have at least one state transition"
time="2026-08-06T17:26:40Z" level=error msg="Failed to store events for file session_2026-08-06_10-23-55_724023_1/cba837697936f3cf1cf69ae9f6c473cf9c100412df90a9b434dd9310/job_events/03000000/cba837697936f3cf1cf69ae9f6c473cf9c100412df90a9b434dd9310-2026-08-06-17-1786037062041883091.jsonl: TASK_LIFECYCLE_EVENT must have at least one state transition"
time="2026-08-06T17:26:41Z" level=error msg="Failed to store events for file session_2026-08-06_10-23-55_724023_1/cba837697936f3cf1cf69ae9f6c473cf9c100412df90a9b434dd9310/job_events/03000000/cba837697936f3cf1cf69ae9f6c473cf9c100412df90a9b434dd9310-2026-08-06-17-1786037062041883091.jsonl: TASK_LIFECYCLE_EVENT must have at least one state transition"
time="2026-08-06T17:26:41Z" level=error msg="Failed to store events for file session_2026-08-06_10-23-55_724023_1/cba837697936f3cf1cf69ae9f6c473cf9c100412df90a9b434dd9310/job_events/03000000/cba837697936f3cf1cf69ae9f6c473cf9c100412df90a9b434dd9310-2026-08-06-17-1786037062041883091.jsonl: TASK_LIFECYCLE_EVENT must have at least one state transition"
time="2026-08-06T17:26:42Z" level=error msg="Failed to store events for file session_2026-08-06_10-23-55_724023_1/cba837697936f3cf1cf69ae9f6c473cf9c100412df90a9b434dd9310/job_events/03000000/cba837697936f3cf1cf69ae9f6c473cf9c100412df90a9b434dd9310-2026-08-06-17-1786037062041883091.jsonl: TASK_LIFECYCLE_EVENT must have at least one state transition"
time="2026-08-06T17:26:42Z" level=error msg="Failed to store events for file session_2026-08-06_10-23-55_724023_1/cba837697936f3cf1cf69ae9f6c473cf9c100412df90a9b434dd9310/job_events/03000000/cba837697936f3cf1cf69ae9f6c473cf9c100412df90a9b434dd9310-2026-08-06-17-1786037062041883091.jsonl: TASK_LIFECYCLE_EVENT must have at least one state transition"
time="2026-08-06T17:26:43Z" level=error msg="Failed to store events for file session_2026-08-06_10-23-55_724023_1/cba837697936f3cf1cf69ae9f6c473cf9c100412df90a9b434dd9310/job_events/03000000/cba837697936f3cf1cf69ae9f6c473cf9c100412df90a9b434dd9310-2026-08-06-17-1786037062041883091.jsonl: TASK_LIFECYCLE_EVENT must have at least one state transition"
time="2026-08-06T17:26:43Z" level=error msg="Failed to store events for file session_2026-08-06_10-23-55_724023_1/cba837697936f3cf1cf69ae9f6c473cf9c100412df90a9b434dd9310/job_events/03000000/cba837697936f3cf1cf69ae9f6c473cf9c100412df90a9b434dd9310-2026-08-06-17-1786037062041883091.jsonl: TASK_LIFECYCLE_EVENT must have at least one state transition"
time="2026-08-06T17:26:44Z" level=error msg="Failed to store events for file session_2026-08-06_10-23-55_724023_1/cba837697936f3cf1cf69ae9f6c473cf9c100412df90a9b434dd9310/job_events/03000000/cba837697936f3cf1cf69ae9f6c473cf9c100412df90a9b434dd9310-2026-08-06-17-1786037062041883091.jsonl: TASK_LIFECYCLE_EVENT must have at least one state transition"
time="2026-08-06T17:26:44Z" level=error msg="Failed to store events for file session_2026-08-06_10-23-55_724023_1/cba837697936f3cf1cf69ae9f6c473cf9c100412df90a9b434dd9310/job_events/03000000/cba837697936f3cf1cf69ae9f6c473cf9c100412df90a9b434dd9310-2026-08-06-17-1786037062041883091.jsonl: TASK_LIFECYCLE_EVENT must have at least one state transition"
time="2026-08-06T17:26:44Z" level=error msg="Failed to store events for file session_2026-08-06_10-23-55_724023_1/cba837697936f3cf1cf69ae9f6c473cf9c100412df90a9b434dd9310/job_events/03000000/cba837697936f3cf1cf69ae9f6c473cf9c100412df90a9b434dd9310-2026-08-06-17-1786037062041883091.jsonl: TASK_LIFECYCLE_EVENT must have at least one state transition"
time="2026-08-06T17:26:45Z" level=error msg="Failed to store events for file session_2026-08-06_10-23-55_724023_1/cba837697936f3cf1cf69ae9f6c473cf9c100412df90a9b434dd9310/job_events/03000000/cba837697936f3cf1cf69ae9f6c473cf9c100412df90a9b434dd9310-2026-08-06-17-1786037062041883091.jsonl: TASK_LIFECYCLE_EVENT must have at least one state transition"
time="2026-08-06T17:26:45Z" level=error msg="Failed to store events for file session_2026-08-06_10-23-55_724023_1/cba837697936f3cf1cf69ae9f6c473cf9c100412df90a9b434dd9310/job_events/03000000/cba837697936f3cf1cf69ae9f6c473cf9c100412df90a9b434dd9310-2026-08-06-17-1786037062041883091.jsonl: TASK_LIFECYCLE_EVENT must have at least one state transition"
time="2026-08-06T17:26:45Z" level=error msg="Failed to store events for file session_2026-08-06_10-23-55_724023_1/cba837697936f3cf1cf69ae9f6c473cf9c100412df90a9b434dd9310/job_events/03000000/cba837697936f3cf1cf69ae9f6c473cf9c100412df90a9b434dd9310-2026-08-06-17-1786037062041883091.jsonl: TASK_LIFECYCLE_EVENT must have at least one state transition"
time="2026-08-06T17:26:46Z" level=error msg="Failed to store events for file session_2026-08-06_10-23-55_724023_1/cba837697936f3cf1cf69ae9f6c473cf9c100412df90a9b434dd9310/job_events/03000000/cba837697936f3cf1cf69ae9f6c473cf9c100412df90a9b434dd9310-2026-08-06-17-1786037062041883091.jsonl: TASK_LIFECYCLE_EVENT must have at least one state transition"
time="2026-08-06T17:26:46Z" level=error msg="Failed to store events for file session_2026-08-06_10-23-55_724023_1/cba837697936f3cf1cf69ae9f6c473cf9c100412df90a9b434dd9310/job_events/03000000/cba837697936f3cf1cf69ae9f6c473cf9c100412df90a9b434dd9310-2026-08-06-17-1786037062041883091.jsonl: TASK_LIFECYCLE_EVENT must have at least one state transition"
time="2026-08-06T17:26:46Z" level=error msg="Failed to store events for file session_2026-08-06_10-23-55_724023_1/cba837697936f3cf1cf69ae9f6c473cf9c100412df90a9b434dd9310/job_events/03000000/cba837697936f3cf1cf69ae9f6c473cf9c100412df90a9b434dd9310-2026-08-06-17-1786037062041883091.jsonl: TASK_LIFECYCLE_EVENT must have at least one state transition"
time="2026-08-06T17:26:46Z" level=error msg="Failed to store events for file session_2026-08-06_10-23-55_724023_1/cba837697936f3cf1cf69ae9f6c473cf9c100412df90a9b434dd9310/job_events/03000000/cba837697936f3cf1cf69ae9f6c473cf9c100412df90a9b434dd9310-2026-08-06-17-1786037062041883091.jsonl: TASK_LIFECYCLE_EVENT must have at least one state transition"
time="2026-08-06T17:26:46Z" level=error msg="Failed to store events for file session_2026-08-06_10-23-55_724023_1/cba837697936f3cf1cf69ae9f6c473cf9c100412df90a9b434dd9310/job_events/03000000/cba837697936f3cf1cf69ae9f6c473cf9c100412df90a9b434dd9310-2026-08-06-17-1786037062041883091.jsonl: TASK_LIFECYCLE_EVENT must have at least one state transition"
time="2026-08-06T17:26:46Z" level=error msg="Failed to store events for file session_2026-08-06_10-23-55_724023_1/cba837697936f3cf1cf69ae9f6c473cf9c100412df90a9b434dd9310/job_events/03000000/cba837697936f3cf1cf69ae9f6c473cf9c100412df90a9b434dd9310-2026-08-06-17-1786037062041883091.jsonl: TASK_LIFECYCLE_EVENT must have at least one state transition"
time="2026-08-06T17:26:47Z" level=error msg="Failed to store events for file session_2026-08-06_10-23-55_724023_1/cba837697936f3cf1cf69ae9f6c473cf9c100412df90a9b434dd9310/job_events/03000000/cba837697936f3cf1cf69ae9f6c473cf9c100412df90a9b434dd9310-2026-08-06-17-1786037062041883091.jsonl: TASK_LIFECYCLE_EVENT must have at least one state transition"
time="2026-08-06T17:26:47Z" level=error msg="Failed to store events for file session_2026-08-06_10-23-55_724023_1/cba837697936f3cf1cf69ae9f6c473cf9c100412df90a9b434dd9310/job_events/03000000/cba837697936f3cf1cf69ae9f6c473cf9c100412df90a9b434dd9310-2026-08-06-17-1786037062041883091.jsonl: TASK_LIFECYCLE_EVENT must have at least one state transition"
time="2026-08-06T17:26:47Z" level=error msg="Failed to store events for file session_2026-08-06_10-23-55_724023_1/cba837697936f3cf1cf69ae9f6c473cf9c100412df90a9b434dd9310/job_events/03000000/cba837697936f3cf1cf69ae9f6c473cf9c100412df90a9b434dd9310-2026-08-06-17-1786037062041883091.jsonl: TASK_LIFECYCLE_EVENT must have at least one state transition"
time="2026-08-06T17:26:47Z" level=error msg="Failed to store events for file session_2026-08-06_10-23-55_724023_1/cba837697936f3cf1cf69ae9f6c473cf9c100412df90a9b434dd9310/job_events/03000000/cba837697936f3cf1cf69ae9f6c473cf9c100412df90a9b434dd9310-2026-08-06-17-1786037062041883091.jsonl: TASK_LIFECYCLE_EVENT must have at least one state transition"
time="2026-08-06T17:26:47Z" level=error msg="Failed to store events for file session_2026-08-06_10-23-55_724023_1/cba837697936f3cf1cf69ae9f6c473cf9c100412df90a9b434dd9310/job_events/03000000/cba837697936f3cf1cf69ae9f6c473cf9c100412df90a9b434dd9310-2026-08-06-17-1786037062041883091.jsonl: TASK_LIFECYCLE_EVENT must have at least one state transition"
time="2026-08-06T17:26:47Z" level=error msg="Failed to store events for file session_2026-08-06_10-23-55_724023_1/cba837697936f3cf1cf69ae9f6c473cf9c100412df90a9b434dd9310/job_events/03000000/cba837697936f3cf1cf69ae9f6c473cf9c100412df90a9b434dd9310-2026-08-06-17-1786037062041883091.jsonl: TASK_LIFECYCLE_EVENT must have at least one state transition"
time="2026-08-06T17:26:47Z" level=error msg="Failed to store events for file session_2026-08-06_10-23-55_724023_1/cba837697936f3cf1cf69ae9f6c473cf9c100412df90a9b434dd9310/job_events/03000000/cba837697936f3cf1cf69ae9f6c473cf9c100412df90a9b434dd9310-2026-08-06-17-1786037062041883091.jsonl: TASK_LIFECYCLE_EVENT must have at least one state transition"
time="2026-08-06T17:26:47Z" level=error msg="Failed to store events for file session_2026-08-06_10-23-55_724023_1/cba837697936f3cf1cf69ae9f6c473cf9c100412df90a9b434dd9310/job_events/03000000/cba837697936f3cf1cf69ae9f6c473cf9c100412df90a9b434dd9310-2026-08-06-17-1786037062041883091.jsonl: TASK_LIFECYCLE_EVENT must have at least one state transition"
time="2026-08-06T17:26:47Z" level=error msg="Failed to store events for file session_2026-08-06_10-23-55_724023_1/cba837697936f3cf1cf69ae9f6c473cf9c100412df90a9b434dd9310/job_events/03000000/cba837697936f3cf1cf69ae9f6c473cf9c100412df90a9b434dd9310-2026-08-06-17-1786037062041883091.jsonl: TASK_LIFECYCLE_EVENT must have at least one state transition"
time="2026-08-06T17:26:48Z" level=error msg="Failed to store events for file session_2026-08-06_10-23-55_724023_1/cba837697936f3cf1cf69ae9f6c473cf9c100412df90a9b434dd9310/job_events/03000000/cba837697936f3cf1cf69ae9f6c473cf9c100412df90a9b434dd9310-2026-08-06-17-1786037062041883091.jsonl: TASK_LIFECYCLE_EVENT must have at least one state transition"
time="2026-08-06T17:26:48Z" level=error msg="Failed to store events for file session_2026-08-06_10-23-55_724023_1/cba837697936f3cf1cf69ae9f6c473cf9c100412df90a9b434dd9310/job_events/03000000/cba837697936f3cf1cf69ae9f6c473cf9c100412df90a9b434dd9310-2026-08-06-17-1786037062041883091.jsonl: TASK_LIFECYCLE_EVENT must have at least one state transition"
time="2026-08-06T17:26:48Z" level=error msg="Failed to store events for file session_2026-08-06_10-23-55_724023_1/cba837697936f3cf1cf69ae9f6c473cf9c100412df90a9b434dd9310/job_events/03000000/cba837697936f3cf1cf69ae9f6c473cf9c100412df90a9b434dd9310-2026-08-06-17-1786037062041883091.jsonl: TASK_LIFECYCLE_EVENT must have at least one state transition"
time="2026-08-06T17:26:48Z" level=error msg="Failed to store events for file session_2026-08-06_10-23-55_724023_1/cba837697936f3cf1cf69ae9f6c473cf9c100412df90a9b434dd9310/job_events/03000000/cba837697936f3cf1cf69ae9f6c473cf9c100412df90a9b434dd9310-2026-08-06-17-1786037062041883091.jsonl: TASK_LIFECYCLE_EVENT must have at least one state transition"
time="2026-08-06T17:26:48Z" level=error msg="Failed to store events for file session_2026-08-06_10-23-55_724023_1/cba837697936f3cf1cf69ae9f6c473cf9c100412df90a9b434dd9310/job_events/03000000/cba837697936f3cf1cf69ae9f6c473cf9c100412df90a9b434dd9310-2026-08-06-17-1786037062041883091.jsonl: TASK_LIFECYCLE_EVENT must have at least one state transition"
time="2026-08-06T17:26:48Z" level=error msg="Failed to store events for file session_2026-08-06_10-23-55_724023_1/cba837697936f3cf1cf69ae9f6c473cf9c100412df90a9b434dd9310/job_events/03000000/cba837697936f3cf1cf69ae9f6c473cf9c100412df90a9b434dd9310-2026-08-06-17-1786037062041883091.jsonl: TASK_LIFECYCLE_EVENT must have at least one state transition"
time="2026-08-06T17:26:49Z" level=error msg="Failed to store events for file session_2026-08-06_10-23-55_724023_1/cba837697936f3cf1cf69ae9f6c473cf9c100412df90a9b434dd9310/job_events/03000000/cba837697936f3cf1cf69ae9f6c473cf9c100412df90a9b434dd9310-2026-08-06-17-1786037062041883091.jsonl: TASK_LIFECYCLE_EVENT must have at least one state transition"
time="2026-08-06T17:26:49Z" level=error msg="Failed to store events for file session_2026-08-06_10-23-55_724023_1/cba837697936f3cf1cf69ae9f6c473cf9c100412df90a9b434dd9310/job_events/03000000/cba837697936f3cf1cf69ae9f6c473cf9c100412df90a9b434dd9310-2026-08-06-17-1786037062041883091.jsonl: TASK_LIFECYCLE_EVENT must have at least one state transition"
time="2026-08-06T17:26:49Z" level=error msg="Failed to store events for file session_2026-08-06_10-23-55_724023_1/cba837697936f3cf1cf69ae9f6c473cf9c100412df90a9b434dd9310/job_events/03000000/cba837697936f3cf1cf69ae9f6c473cf9c100412df90a9b434dd9310-2026-08-06-17-1786037062041883091.jsonl: TASK_LIFECYCLE_EVENT must have at least one state transition"
time="2026-08-06T17:26:49Z" level=error msg="Failed to store events for file session_2026-08-06_10-23-55_724023_1/cba837697936f3cf1cf69ae9f6c473cf9c100412df90a9b434dd9310/job_events/03000000/cba837697936f3cf1cf69ae9f6c473cf9c100412df90a9b434dd9310-2026-08-06-17-1786037062041883091.jsonl: TASK_LIFECYCLE_EVENT must have at least one state transition"
time="2026-08-06T17:26:49Z" level=error msg="Failed to store events for file session_2026-08-06_10-23-55_724023_1/cba837697936f3cf1cf69ae9f6c473cf9c100412df90a9b434dd9310/job_events/03000000/cba837697936f3cf1cf69ae9f6c473cf9c100412df90a9b434dd9310-2026-08-06-17-1786037062041883091.jsonl: TASK_LIFECYCLE_EVENT must have at least one state transition"
time="2026-08-06T17:26:49Z" level=error msg="Failed to store events for file session_2026-08-06_10-23-55_724023_1/cba837697936f3cf1cf69ae9f6c473cf9c100412df90a9b434dd9310/job_events/03000000/cba837697936f3cf1cf69ae9f6c473cf9c100412df90a9b434dd9310-2026-08-06-17-1786037062041883091.jsonl: TASK_LIFECYCLE_EVENT must have at least one state transition"
time="2026-08-06T17:26:50Z" level=error msg="Failed to store events for file session_2026-08-06_10-23-55_724023_1/cba837697936f3cf1cf69ae9f6c473cf9c100412df90a9b434dd9310/job_events/03000000/cba837697936f3cf1cf69ae9f6c473cf9c100412df90a9b434dd9310-2026-08-06-17-1786037062041883091.jsonl: TASK_LIFECYCLE_EVENT must have at least one state transition"
time="2026-08-06T17:26:50Z" level=error msg="Failed to store events for file session_2026-08-06_10-23-55_724023_1/cba837697936f3cf1cf69ae9f6c473cf9c100412df90a9b434dd9310/job_events/03000000/cba837697936f3cf1cf69ae9f6c473cf9c100412df90a9b434dd9310-2026-08-06-17-1786037062041883091.jsonl: TASK_LIFECYCLE_EVENT must have at least one state transition"
time="2026-08-06T17:26:50Z" level=error msg="Failed to store events for file session_2026-08-06_10-23-55_724023_1/cba837697936f3cf1cf69ae9f6c473cf9c100412df90a9b434dd9310/job_events/03000000/cba837697936f3cf1cf69ae9f6c473cf9c100412df90a9b434dd9310-2026-08-06-17-1786037062041883091.jsonl: TASK_LIFECYCLE_EVENT must have at least one state transition"
time="2026-08-06T17:26:50Z" level=error msg="Failed to store events for file session_2026-08-06_10-23-55_724023_1/cba837697936f3cf1cf69ae9f6c473cf9c100412df90a9b434dd9310/job_events/03000000/cba837697936f3cf1cf69ae9f6c473cf9c100412df90a9b434dd9310-2026-08-06-17-1786037062041883091.jsonl: TASK_LIFECYCLE_EVENT must have at least one state transition"
time="2026-08-06T17:26:50Z" level=error msg="Failed to store events for file session_2026-08-06_10-23-55_724023_1/cba837697936f3cf1cf69ae9f6c473cf9c100412df90a9b434dd9310/job_events/03000000/cba837697936f3cf1cf69ae9f6c473cf9c100412df90a9b434dd9310-2026-08-06-17-1786037062041883091.jsonl: TASK_LIFECYCLE_EVENT must have at least one state transition"
time="2026-08-06T17:26:50Z" level=error msg="Failed to store events for file session_2026-08-06_10-23-55_724023_1/cba837697936f3cf1cf69ae9f6c473cf9c100412df90a9b434dd9310/job_events/03000000/cba837697936f3cf1cf69ae9f6c473cf9c100412df90a9b434dd9310-2026-08-06-17-1786037062041883091.jsonl: TASK_LIFECYCLE_EVENT must have at least one state transition"
time="2026-08-06T17:26:51Z" level=error msg="Failed to store events for file session_2026-08-06_10-23-55_724023_1/cba837697936f3cf1cf69ae9f6c473cf9c100412df90a9b434dd9310/job_events/03000000/cba837697936f3cf1cf69ae9f6c473cf9c100412df90a9b434dd9310-2026-08-06-17-1786037062041883091.jsonl: TASK_LIFECYCLE_EVENT must have at least one state transition"
time="2026-08-06T17:26:51Z" level=error msg="Failed to store events for file session_2026-08-06_10-23-55_724023_1/cba837697936f3cf1cf69ae9f6c473cf9c100412df90a9b434dd9310/job_events/03000000/cba837697936f3cf1cf69ae9f6c473cf9c100412df90a9b434dd9310-2026-08-06-17-1786037062041883091.jsonl: TASK_LIFECYCLE_EVENT must have at least one state transition"
time="2026-08-06T17:26:51Z" level=error msg="Failed to store events for file session_2026-08-06_10-23-55_724023_1/cba837697936f3cf1cf69ae9f6c473cf9c100412df90a9b434dd9310/job_events/03000000/cba837697936f3cf1cf69ae9f6c473cf9c100412df90a9b434dd9310-2026-08-06-17-1786037062041883091.jsonl: TASK_LIFECYCLE_EVENT must have at least one state transition"
time="2026-08-06T17:26:52Z" level=error msg="Failed to store events for file session_2026-08-06_10-23-55_724023_1/cba837697936f3cf1cf69ae9f6c473cf9c100412df90a9b434dd9310/job_events/03000000/cba837697936f3cf1cf69ae9f6c473cf9c100412df90a9b434dd9310-2026-08-06-17-1786037062041883091.jsonl: TASK_LIFECYCLE_EVENT must have at least one state transition"
time="2026-08-06T17:26:52Z" level=error msg="Failed to store events for file session_2026-08-06_10-23-55_724023_1/cba837697936f3cf1cf69ae9f6c473cf9c100412df90a9b434dd9310/job_events/03000000/cba837697936f3cf1cf69ae9f6c473cf9c100412df90a9b434dd9310-2026-08-06-17-1786037062041883091.jsonl: TASK_LIFECYCLE_EVENT must have at least one state transition"
time="2026-08-06T17:26:52Z" level=error msg="Failed to store events for file session_2026-08-06_10-23-55_724023_1/cba837697936f3cf1cf69ae9f6c473cf9c100412df90a9b434dd9310/job_events/03000000/cba837697936f3cf1cf69ae9f6c473cf9c100412df90a9b434dd9310-2026-08-06-17-1786037062041883091.jsonl: TASK_LIFECYCLE_EVENT must have at least one state transition"
time="2026-08-06T17:26:52Z" level=error msg="Failed to store events for file session_2026-08-06_10-23-55_724023_1/cba837697936f3cf1cf69ae9f6c473cf9c100412df90a9b434dd9310/job_events/03000000/cba837697936f3cf1cf69ae9f6c473cf9c100412df90a9b434dd9310-2026-08-06-17-1786037062041883091.jsonl: TASK_LIFECYCLE_EVENT must have at least one state transition"
time="2026-08-06T17:26:52Z" level=error msg="Failed to store events for file session_2026-08-06_10-23-55_724023_1/cba837697936f3cf1cf69ae9f6c473cf9c100412df90a9b434dd9310/job_events/03000000/cba837697936f3cf1cf69ae9f6c473cf9c100412df90a9b434dd9310-2026-08-06-17-1786037062041883091.jsonl: TASK_LIFECYCLE_EVENT must have at least one state transition"
time="2026-08-06T17:26:53Z" level=error msg="Failed to store events for file session_2026-08-06_10-23-55_724023_1/cba837697936f3cf1cf69ae9f6c473cf9c100412df90a9b434dd9310/job_events/03000000/cba837697936f3cf1cf69ae9f6c473cf9c100412df90a9b434dd9310-2026-08-06-17-1786037062041883091.jsonl: TASK_LIFECYCLE_EVENT must have at least one state transition"
time="2026-08-06T17:26:53Z" level=error msg="Failed to store events for file session_2026-08-06_10-23-55_724023_1/cba837697936f3cf1cf69ae9f6c473cf9c100412df90a9b434dd9310/job_events/03000000/cba837697936f3cf1cf69ae9f6c473cf9c100412df90a9b434dd9310-2026-08-06-17-1786037062041883091.jsonl: TASK_LIFECYCLE_EVENT must have at least one state transition"
time="2026-08-06T17:26:53Z" level=error msg="Failed to store events for file session_2026-08-06_10-23-55_724023_1/cba837697936f3cf1cf69ae9f6c473cf9c100412df90a9b434dd9310/job_events/03000000/cba837697936f3cf1cf69ae9f6c473cf9c100412df90a9b434dd9310-2026-08-06-17-1786037062041883091.jsonl: TASK_LIFECYCLE_EVENT must have at least one state transition"
time="2026-08-06T17:26:53Z" level=error msg="Failed to store events for file session_2026-08-06_10-23-55_724023_1/cba837697936f3cf1cf69ae9f6c473cf9c100412df90a9b434dd9310/job_events/03000000/cba837697936f3cf1cf69ae9f6c473cf9c100412df90a9b434dd9310-2026-08-06-17-1786037062041883091.jsonl: TASK_LIFECYCLE_EVENT must have at least one state transition"
time="2026-08-06T17:26:53Z" level=error msg="Failed to store events for file session_2026-08-06_10-23-55_724023_1/cba837697936f3cf1cf69ae9f6c473cf9c100412df90a9b434dd9310/job_events/03000000/cba837697936f3cf1cf69ae9f6c473cf9c100412df90a9b434dd9310-2026-08-06-17-1786037062041883091.jsonl: TASK_LIFECYCLE_EVENT must have at least one state transition"
time="2026-08-06T17:26:53Z" level=error msg="Failed to store events for file session_2026-08-06_10-23-55_724023_1/cba837697936f3cf1cf69ae9f6c473cf9c100412df90a9b434dd9310/job_events/03000000/cba837697936f3cf1cf69ae9f6c473cf9c100412df90a9b434dd9310-2026-08-06-17-1786037062041883091.jsonl: TASK_LIFECYCLE_EVENT must have at least one state transition"
time="2026-08-06T17:26:53Z" level=error msg="Failed to store events for file session_2026-08-06_10-23-55_724023_1/cba837697936f3cf1cf69ae9f6c473cf9c100412df90a9b434dd9310/job_events/03000000/cba837697936f3cf1cf69ae9f6c473cf9c100412df90a9b434dd9310-2026-08-06-17-1786037062041883091.jsonl: TASK_LIFECYCLE_EVENT must have at least one state transition"
time="2026-08-06T17:26:53Z" level=error msg="Failed to store events for file session_2026-08-06_10-23-55_724023_1/cba837697936f3cf1cf69ae9f6c473cf9c100412df90a9b434dd9310/job_events/03000000/cba837697936f3cf1cf69ae9f6c473cf9c100412df90a9b434dd9310-2026-08-06-17-1786037062041883091.jsonl: TASK_LIFECYCLE_EVENT must have at least one state transition"
time="2026-08-06T17:26:54Z" level=error msg="Failed to store events for file session_2026-08-06_10-23-55_724023_1/cba837697936f3cf1cf69ae9f6c473cf9c100412df90a9b434dd9310/job_events/03000000/cba837697936f3cf1cf69ae9f6c473cf9c100412df90a9b434dd9310-2026-08-06-17-1786037062041883091.jsonl: TASK_LIFECYCLE_EVENT must have at least one state transition"
time="2026-08-06T17:26:54Z" level=error msg="Failed to store events for file session_2026-08-06_10-23-55_724023_1/cba837697936f3cf1cf69ae9f6c473cf9c100412df90a9b434dd9310/job_events/03000000/cba837697936f3cf1cf69ae9f6c473cf9c100412df90a9b434dd9310-2026-08-06-17-1786037062041883091.jsonl: TASK_LIFECYCLE_EVENT must have at least one state transition"
time="2026-08-06T17:26:54Z" level=error msg="Failed to store events for file session_2026-08-06_10-23-55_724023_1/cba837697936f3cf1cf69ae9f6c473cf9c100412df90a9b434dd9310/job_events/03000000/cba837697936f3cf1cf69ae9f6c473cf9c100412df90a9b434dd9310-2026-08-06-17-1786037062041883091.jsonl: TASK_LIFECYCLE_EVENT must have at least one state transition"
time="2026-08-06T17:26:54Z" level=error msg="Failed to store events for file session_2026-08-06_10-23-55_724023_1/cba837697936f3cf1cf69ae9f6c473cf9c100412df90a9b434dd9310/job_events/03000000/cba837697936f3cf1cf69ae9f6c473cf9c100412df90a9b434dd9310-2026-08-06-17-1786037062041883091.jsonl: TASK_LIFECYCLE_EVENT must have at least one state transition"
time="2026-08-06T17:26:55Z" level=error msg="Failed to store events for file session_2026-08-06_10-23-55_724023_1/cba837697936f3cf1cf69ae9f6c473cf9c100412df90a9b434dd9310/job_events/03000000/cba837697936f3cf1cf69ae9f6c473cf9c100412df90a9b434dd9310-2026-08-06-17-1786037062041883091.jsonl: TASK_LIFECYCLE_EVENT must have at least one state transition"
time="2026-08-06T17:26:55Z" level=error msg="Failed to store events for file session_2026-08-06_10-23-55_724023_1/cba837697936f3cf1cf69ae9f6c473cf9c100412df90a9b434dd9310/job_events/03000000/cba837697936f3cf1cf69ae9f6c473cf9c100412df90a9b434dd9310-2026-08-06-17-1786037062041883091.jsonl: TASK_LIFECYCLE_EVENT must have at least one state transition"
time="2026-08-06T17:26:55Z" level=error msg="Failed to store events for file session_2026-08-06_10-23-55_724023_1/cba837697936f3cf1cf69ae9f6c473cf9c100412df90a9b434dd9310/job_events/03000000/cba837697936f3cf1cf69ae9f6c473cf9c100412df90a9b434dd9310-2026-08-06-17-1786037062041883091.jsonl: TASK_LIFECYCLE_EVENT must have at least one state transition"
time="2026-08-06T17:26:55Z" level=error msg="Failed to store events for file session_2026-08-06_10-23-55_724023_1/cba837697936f3cf1cf69ae9f6c473cf9c100412df90a9b434dd9310/job_events/03000000/cba837697936f3cf1cf69ae9f6c473cf9c100412df90a9b434dd9310-2026-08-06-17-1786037062041883091.jsonl: TASK_LIFECYCLE_EVENT must have at least one state transition"
time="2026-08-06T17:26:55Z" level=error msg="Failed to store events for file session_2026-08-06_10-23-55_724023_1/cba837697936f3cf1cf69ae9f6c473cf9c100412df90a9b434dd9310/job_events/03000000/cba837697936f3cf1cf69ae9f6c473cf9c100412df90a9b434dd9310-2026-08-06-17-1786037062041883091.jsonl: TASK_LIFECYCLE_EVENT must have at least one state transition"
time="2026-08-06T17:26:55Z" level=info msg="Prepare to get object log/cluster-history/raycluster/test-ns-zkczd/raycluster-historyserver/session_2026-08-06_10-23-55_724023_1/cba837697936f3cf1cf69ae9f6c473cf9c100412df90a9b434dd9310/job_events/03000000/cba837697936f3cf1cf69ae9f6c473cf9c100412df90a9b434dd9310-2026-08-06-17-1786037110149664169.jsonl info ..."
time="2026-08-06T17:26:56Z" level=error msg="Failed to store events for file session_2026-08-06_10-23-55_724023_1/cba837697936f3cf1cf69ae9f6c473cf9c100412df90a9b434dd9310/job_events/03000000/cba837697936f3cf1cf69ae9f6c473cf9c100412df90a9b434dd9310-2026-08-06-17-1786037110149664169.jsonl: TASK_LIFECYCLE_EVENT must have at least one state transition"
time="2026-08-06T17:26:56Z" level=error msg="Failed to store events for file session_2026-08-06_10-23-55_724023_1/cba837697936f3cf1cf69ae9f6c473cf9c100412df90a9b434dd9310/job_events/03000000/cba837697936f3cf1cf69ae9f6c473cf9c100412df90a9b434dd9310-2026-08-06-17-1786037110149664169.jsonl: TASK_LIFECYCLE_EVENT must have at least one state transition"
time="2026-08-06T17:26:56Z" level=error msg="Failed to store events for file session_2026-08-06_10-23-55_724023_1/cba837697936f3cf1cf69ae9f6c473cf9c100412df90a9b434dd9310/job_events/03000000/cba837697936f3cf1cf69ae9f6c473cf9c100412df90a9b434dd9310-2026-08-06-17-1786037110149664169.jsonl: TASK_LIFECYCLE_EVENT must have at least one state transition"
time="2026-08-06T17:26:56Z" level=info msg="Prepare to get object log/cluster-history/raycluster/test-ns-zkczd/raycluster-historyserver/session_2026-08-06_10-23-55_724023_1/b63977b7499cc6d6c621a1e455508184348928b7d224ab3c6f34c213/node_events/b63977b7499cc6d6c621a1e455508184348928b7d224ab3c6f34c213-2026-08-06-17-1786037041085101012.jsonl info ..."
time="2026-08-06T17:26:59Z" level=info msg="Received request: GET /enter_cluster/test-ns-zkczd/raycluster/raycluster-historyserver/session_2026-08-06_10-23-55_724023_1"
time="2026-08-06T17:26:59Z" level=info msg="[List]Returned objects in log/cluster-metadata/. length of page.Contents: 2, length of page.CommonPrefixes: 0"
time="2026-08-06T17:26:59Z" level=error msg="Failed to parse meta file path: log/cluster-metadata/raycluster/test-ns-zkczd_raycluster-historyserver/, error: invalid path segment count for cluster metadata structure: log/cluster-metadata/raycluster/test-ns-zkczd_raycluster-historyserver/"
time="2026-08-06T17:26:59Z" level=info msg="Parsed cluster raycluster-historyserver for session session_2026-08-06_10-23-55_724023_1 to list"
time="2026-08-06T17:26:59Z" level=info msg="Received request: GET /api/v0/tasks?limit=100000"
time="2026-08-06T17:26:59Z" level=info msg="Request URL /api/v0/tasks?limit=100000"
time="2026-08-06T17:26:59Z" level=info msg="Received request: GET /api/v0/tasks?limit=100000"
time="2026-08-06T17:26:59Z" level=info msg="Request URL /api/v0/tasks?limit=100000"
time="2026-08-06T17:26:59Z" level=info msg="Received request: GET /api/v0/tasks?limit=100000"
time="2026-08-06T17:26:59Z" level=info msg="Request URL /api/v0/tasks?limit=100000"
time="2026-08-06T17:26:59Z" level=info msg="Received request: GET /api/v0/tasks?limit=100000"
time="2026-08-06T17:26:59Z" level=info msg="Request URL /api/v0/tasks?limit=100000"
time="2026-08-06T17:26:59Z" level=info msg="Received request: GET /api/v0/tasks?limit=100000"
time="2026-08-06T17:26:59Z" level=info msg="Request URL /api/v0/tasks?limit=100000"
time="2026-08-06T17:26:59Z" level=info msg="Received request: GET /api/v0/tasks?limit=100000"
time="2026-08-06T17:26:59Z" level=info msg="Request URL /api/v0/tasks?limit=100000"
time="2026-08-06T17:26:59Z" level=info msg="Received request: GET /api/v0/tasks?limit=100000"
time="2026-08-06T17:26:59Z" level=info msg="Request URL /api/v0/tasks?limit=100000"
time="2026-08-06T17:26:59Z" level=info msg="Received request: GET /api/v0/tasks?limit=100000"
time="2026-08-06T17:26:59Z" level=info msg="Request URL /api/v0/tasks?limit=100000"
time="2026-08-06T17:26:59Z" level=info msg="Received request: GET /api/v0/tasks?limit=100000"
time="2026-08-06T17:26:59Z" level=info msg="Request URL /api/v0/tasks?limit=100000"
time="2026-08-06T17:26:59Z" level=info msg="Received request: GET /api/v0/tasks?limit=100000"
time="2026-08-06T17:26:59Z" level=info msg="Request URL /api/v0/tasks?limit=100000"
time="2026-08-06T17:26:59Z" level=info msg="Received request: GET /api/v0/tasks/summarize"
time="2026-08-06T17:26:59Z" level=info msg="Request URL /api/v0/tasks/summarize"
time="2026-08-06T17:27:00Z" level=info msg="Received request: GET /api/v0/tasks/summarize"
time="2026-08-06T17:27:00Z" level=info msg="Request URL /api/v0/tasks/summarize"
time="2026-08-06T17:27:02Z" level=info msg="Received request: GET /api/v0/tasks/summarize"
time="2026-08-06T17:27:02Z" level=info msg="Request URL /api/v0/tasks/summarize"
time="2026-08-06T17:27:03Z" level=info msg="Received request: GET /api/v0/tasks/summarize"
time="2026-08-06T17:27:03Z" level=info msg="Request URL /api/v0/tasks/summarize"
time="2026-08-06T17:27:05Z" level=info msg="Received request: GET /api/v0/tasks/summarize"
time="2026-08-06T17:27:05Z" level=info msg="Request URL /api/v0/tasks/summarize"
time="2026-08-06T17:27:07Z" level=info msg="Received request: GET /api/v0/tasks/summarize"
time="2026-08-06T17:27:07Z" level=info msg="Request URL /api/v0/tasks/summarize"
time="2026-08-06T17:27:09Z" level=info msg="Received request: GET /api/v0/tasks/summarize"
time="2026-08-06T17:27:09Z" level=info msg="Request URL /api/v0/tasks/summarize"
time="2026-08-06T17:27:13Z" level=info msg="Received request: GET /api/v0/tasks/summarize"
time="2026-08-06T17:27:13Z" level=info msg="Request URL /api/v0/tasks/summarize"
time="2026-08-06T17:27:17Z" level=info msg="Received request: GET /api/v0/tasks/summarize"
time="2026-08-06T17:27:17Z" level=info msg="Request URL /api/v0/tasks/summarize"
time="2026-08-06T17:27:21Z" level=info msg="Received request: GET /api/v0/tasks/summarize"
time="2026-08-06T17:27:21Z" level=info msg="Request URL /api/v0/tasks/summarize"
time="2026-08-06T17:27:23Z" level=info msg="Received request: GET /api/jobs/"
time="2026-08-06T17:27:23Z" level=info msg="Request URL /api/jobs/"
time="2026-08-06T17:27:23Z" level=info msg="Received request: GET /api/jobs/"
time="2026-08-06T17:27:23Z" level=info msg="Request URL /api/jobs/"
time="2026-08-06T17:27:23Z" level=info msg="Received request: GET /api/jobs/"
time="2026-08-06T17:27:23Z" level=info msg="Request URL /api/jobs/"
time="2026-08-06T17:27:24Z" level=info msg="Received request: GET /api/jobs/"
time="2026-08-06T17:27:24Z" level=info msg="Request URL /api/jobs/"
time="2026-08-06T17:27:24Z" level=info msg="Received request: GET /api/jobs/"
time="2026-08-06T17:27:24Z" level=info msg="Request URL /api/jobs/"
time="2026-08-06T17:27:24Z" level=info msg="Received request: GET /api/jobs/"
time="2026-08-06T17:27:24Z" level=info msg="Request URL /api/jobs/"
time="2026-08-06T17:27:24Z" level=info msg="Received request: GET /api/jobs/"
time="2026-08-06T17:27:24Z" level=info msg="Request URL /api/jobs/"
time="2026-08-06T17:27:24Z" level=info msg="Received request: GET /api/jobs/"
time="2026-08-06T17:27:24Z" level=info msg="Request URL /api/jobs/"
time="2026-08-06T17:27:25Z" level=info msg="Received request: GET /api/jobs/"
time="2026-08-06T17:27:25Z" level=info msg="Request URL /api/jobs/"
time="2026-08-06T17:27:25Z" level=info msg="Received request: GET /api/jobs/"
time="2026-08-06T17:27:25Z" level=info msg="Request URL /api/jobs/"
time="2026-08-06T17:27:25Z" level=info msg="Request URL /nodes?view=summary"
time="2026-08-06T17:27:25Z" level=info msg="Request URL /nodes?view=summary"
time="2026-08-06T17:27:25Z" level=info msg="Request URL /nodes?view=summary"
time="2026-08-06T17:27:25Z" level=info msg="Request URL /nodes?view=summary"
time="2026-08-06T17:27:26Z" level=info msg="Request URL /nodes?view=summary"
time="2026-08-06T17:27:26Z" level=info msg="Request URL /nodes?view=summary"
time="2026-08-06T17:27:26Z" level=info msg="Request URL /nodes?view=summary"
time="2026-08-06T17:27:26Z" level=info msg="Request URL /nodes?view=summary"
time="2026-08-06T17:27:26Z" level=info msg="Request URL /nodes?view=summary"
time="2026-08-06T17:27:26Z" level=info msg="Request URL /nodes?view=summary"
time="2026-08-06T17:27:26Z" level=info msg="Request URL /events"
time="2026-08-06T17:27:27Z" level=info msg="Request URL /events"
time="2026-08-06T17:27:27Z" level=info msg="Request URL /events"
time="2026-08-06T17:27:28Z" level=info msg="Request URL /events"
time="2026-08-06T17:27:28Z" level=info msg="Request URL /events"
time="2026-08-06T17:27:28Z" level=info msg="Request URL /events"
time="2026-08-06T17:27:28Z" level=info msg="Request URL /events"
time="2026-08-06T17:27:28Z" level=info msg="Request URL /events"
time="2026-08-06T17:27:28Z" level=info msg="Request URL /events"
time="2026-08-06T17:27:28Z" level=info msg="Request URL /events"
