time="2026-08-06T17:28:57Z" level=info msg="create client manager successfully, clients: 1"
time="2026-08-06T17:28:57Z" level=info msg="Begin to create s3 client ..."
time="2026-08-06T17:28:57Z" level=info msg="Checking if bucket ray-historyserver exists..."
time="2026-08-06T17:28:57Z" level=info msg="Bucket ray-historyserver already exists"
time="2026-08-06T17:28:57Z" level=info msg="Clean logdir is logs"
time="2026-08-06T17:28:57Z" level=info msg="Starting server on :8080"
time="2026-08-06T17:28:59Z" level=info msg="Received request: GET /readz"
time="2026-08-06T17:28:59Z" level=info msg="live clusters: []"
time="2026-08-06T17:28:59Z" level=info msg="[List]Returned objects in log/cluster-metadata/. length of page.Contents: 2, length of page.CommonPrefixes: 0"
time="2026-08-06T17:28:59Z" level=error msg="Failed to parse meta file path: log/cluster-metadata/raycluster/test-ns-hjsn8_raycluster-historyserver/, error: invalid path segment count for cluster metadata structure: log/cluster-metadata/raycluster/test-ns-hjsn8_raycluster-historyserver/"
time="2026-08-06T17:28:59Z" level=info msg="Parsed cluster raycluster-historyserver for session session_2026-08-06_10-27-37_114092_1 to list"
time="2026-08-06T17:28:59Z" level=info msg="live clusters: []"
time="2026-08-06T17:28:59Z" level=info msg="[List]Returned objects in log/cluster-metadata/. length of page.Contents: 2, length of page.CommonPrefixes: 0"
time="2026-08-06T17:28:59Z" level=error msg="Failed to parse meta file path: log/cluster-metadata/raycluster/test-ns-hjsn8_raycluster-historyserver/, error: invalid path segment count for cluster metadata structure: log/cluster-metadata/raycluster/test-ns-hjsn8_raycluster-historyserver/"
time="2026-08-06T17:28:59Z" level=info msg="Parsed cluster raycluster-historyserver for session session_2026-08-06_10-27-37_114092_1 to list"
time="2026-08-06T17:28:59Z" level=info msg="live clusters: []"
time="2026-08-06T17:28:59Z" level=info msg="[List]Returned objects in log/cluster-metadata/. length of page.Contents: 2, length of page.CommonPrefixes: 0"
time="2026-08-06T17:28:59Z" level=error msg="Failed to parse meta file path: log/cluster-metadata/raycluster/test-ns-hjsn8_raycluster-historyserver/, error: invalid path segment count for cluster metadata structure: log/cluster-metadata/raycluster/test-ns-hjsn8_raycluster-historyserver/"
time="2026-08-06T17:28:59Z" level=info msg="Parsed cluster raycluster-historyserver for session session_2026-08-06_10-27-37_114092_1 to list"
time="2026-08-06T17:28:59Z" level=info msg="live clusters: []"
time="2026-08-06T17:28:59Z" level=info msg="[List]Returned objects in log/cluster-metadata/. length of page.Contents: 2, length of page.CommonPrefixes: 0"
time="2026-08-06T17:28:59Z" level=error msg="Failed to parse meta file path: log/cluster-metadata/raycluster/test-ns-hjsn8_raycluster-historyserver/, error: invalid path segment count for cluster metadata structure: log/cluster-metadata/raycluster/test-ns-hjsn8_raycluster-historyserver/"
time="2026-08-06T17:28:59Z" level=info msg="Parsed cluster raycluster-historyserver for session session_2026-08-06_10-27-37_114092_1 to list"
time="2026-08-06T17:28:59Z" level=info msg="live clusters: []"
time="2026-08-06T17:28:59Z" level=info msg="[List]Returned objects in log/cluster-metadata/. length of page.Contents: 2, length of page.CommonPrefixes: 0"
time="2026-08-06T17:28:59Z" level=error msg="Failed to parse meta file path: log/cluster-metadata/raycluster/test-ns-hjsn8_raycluster-historyserver/, error: invalid path segment count for cluster metadata structure: log/cluster-metadata/raycluster/test-ns-hjsn8_raycluster-historyserver/"
time="2026-08-06T17:28:59Z" level=info msg="Parsed cluster raycluster-historyserver for session session_2026-08-06_10-27-37_114092_1 to list"
time="2026-08-06T17:28:59Z" level=info msg="Received request: GET /enter_cluster/test-ns-hjsn8/raycluster/raycluster-historyserver/session_2026-08-06_10-27-37_114092_1"
time="2026-08-06T17:28:59Z" level=info msg="[List]Returned objects in log/cluster-metadata/. length of page.Contents: 2, length of page.CommonPrefixes: 0"
time="2026-08-06T17:28:59Z" level=error msg="Failed to parse meta file path: log/cluster-metadata/raycluster/test-ns-hjsn8_raycluster-historyserver/, error: invalid path segment count for cluster metadata structure: log/cluster-metadata/raycluster/test-ns-hjsn8_raycluster-historyserver/"
time="2026-08-06T17:28:59Z" level=info msg="Parsed cluster raycluster-historyserver for session session_2026-08-06_10-27-37_114092_1 to list"
time="2026-08-06T17:28:59Z" level=info msg="[ListFiles]Returned objects in log/cluster-history/raycluster/test-ns-hjsn8/raycluster-historyserver/session_2026-08-06_10-27-37_114092_1/. length of page.Contents: 0, length of page.CommonPrefixes: 3"
time="2026-08-06T17:28:59Z" level=info msg="[ListFiles]Returned objects in log/cluster-history/raycluster/test-ns-hjsn8/raycluster-historyserver/session_2026-08-06_10-27-37_114092_1/56adb31adc97f332f59deae9cebc909a0424bfc8e38d12ee57401ca6/logs/events/. length of page.Contents: 11, length of page.CommonPrefixes: 0"
time="2026-08-06T17:28:59Z" level=info msg="Prepare to get object log/cluster-history/raycluster/test-ns-hjsn8/raycluster-historyserver/session_2026-08-06_10-27-37_114092_1/56adb31adc97f332f59deae9cebc909a0424bfc8e38d12ee57401ca6/logs/events/event_AUTOSCALER.log info ..."
time="2026-08-06T17:28:59Z" level=info msg="Prepare to get object log/cluster-history/raycluster/test-ns-hjsn8/raycluster-historyserver/session_2026-08-06_10-27-37_114092_1/56adb31adc97f332f59deae9cebc909a0424bfc8e38d12ee57401ca6/logs/events/event_CORE_WORKER_1016.log info ..."
time="2026-08-06T17:28:59Z" level=info msg="Prepare to get object log/cluster-history/raycluster/test-ns-hjsn8/raycluster-historyserver/session_2026-08-06_10-27-37_114092_1/56adb31adc97f332f59deae9cebc909a0424bfc8e38d12ee57401ca6/logs/events/event_CORE_WORKER_1179.log info ..."
time="2026-08-06T17:28:59Z" level=info msg="Prepare to get object log/cluster-history/raycluster/test-ns-hjsn8/raycluster-historyserver/session_2026-08-06_10-27-37_114092_1/56adb31adc97f332f59deae9cebc909a0424bfc8e38d12ee57401ca6/logs/events/event_CORE_WORKER_201.log info ..."
time="2026-08-06T17:28:59Z" level=info msg="Prepare to get object log/cluster-history/raycluster/test-ns-hjsn8/raycluster-historyserver/session_2026-08-06_10-27-37_114092_1/56adb31adc97f332f59deae9cebc909a0424bfc8e38d12ee57401ca6/logs/events/event_CORE_WORKER_206.log info ..."
time="2026-08-06T17:28:59Z" level=info msg="Prepare to get object log/cluster-history/raycluster/test-ns-hjsn8/raycluster-historyserver/session_2026-08-06_10-27-37_114092_1/56adb31adc97f332f59deae9cebc909a0424bfc8e38d12ee57401ca6/logs/events/event_CORE_WORKER_674.log info ..."
time="2026-08-06T17:28:59Z" level=info msg="Prepare to get object log/cluster-history/raycluster/test-ns-hjsn8/raycluster-historyserver/session_2026-08-06_10-27-37_114092_1/56adb31adc97f332f59deae9cebc909a0424bfc8e38d12ee57401ca6/logs/events/event_CORE_WORKER_960.log info ..."
time="2026-08-06T17:28:59Z" level=info msg="Prepare to get object log/cluster-history/raycluster/test-ns-hjsn8/raycluster-historyserver/session_2026-08-06_10-27-37_114092_1/56adb31adc97f332f59deae9cebc909a0424bfc8e38d12ee57401ca6/logs/events/event_GCS.log info ..."
time="2026-08-06T17:28:59Z" level=info msg="Prepare to get object log/cluster-history/raycluster/test-ns-hjsn8/raycluster-historyserver/session_2026-08-06_10-27-37_114092_1/56adb31adc97f332f59deae9cebc909a0424bfc8e38d12ee57401ca6/logs/events/event_JOBS.log info ..."
time="2026-08-06T17:28:59Z" level=info msg="Prepare to get object log/cluster-history/raycluster/test-ns-hjsn8/raycluster-historyserver/session_2026-08-06_10-27-37_114092_1/56adb31adc97f332f59deae9cebc909a0424bfc8e38d12ee57401ca6/logs/events/event_RAYLET.log info ..."
time="2026-08-06T17:28:59Z" level=info msg="[ListFiles]Returned objects in log/cluster-history/raycluster/test-ns-hjsn8/raycluster-historyserver/session_2026-08-06_10-27-37_114092_1/d6f23e132ddc385de5acda0f65027c1b4ba7d5a91416503fabdc93e3/logs/events/. length of page.Contents: 13, length of page.CommonPrefixes: 0"
time="2026-08-06T17:28:59Z" level=info msg="Prepare to get object log/cluster-history/raycluster/test-ns-hjsn8/raycluster-historyserver/session_2026-08-06_10-27-37_114092_1/d6f23e132ddc385de5acda0f65027c1b4ba7d5a91416503fabdc93e3/logs/events/event_CORE_WORKER_228.log info ..."
time="2026-08-06T17:28:59Z" level=info msg="Prepare to get object log/cluster-history/raycluster/test-ns-hjsn8/raycluster-historyserver/session_2026-08-06_10-27-37_114092_1/d6f23e132ddc385de5acda0f65027c1b4ba7d5a91416503fabdc93e3/logs/events/event_CORE_WORKER_229.log info ..."
time="2026-08-06T17:28:59Z" level=info msg="Prepare to get object log/cluster-history/raycluster/test-ns-hjsn8/raycluster-historyserver/session_2026-08-06_10-27-37_114092_1/d6f23e132ddc385de5acda0f65027c1b4ba7d5a91416503fabdc93e3/logs/events/event_CORE_WORKER_313.log info ..."
time="2026-08-06T17:28:59Z" level=info msg="Prepare to get object log/cluster-history/raycluster/test-ns-hjsn8/raycluster-historyserver/session_2026-08-06_10-27-37_114092_1/d6f23e132ddc385de5acda0f65027c1b4ba7d5a91416503fabdc93e3/logs/events/event_CORE_WORKER_317.log info ..."
time="2026-08-06T17:28:59Z" level=info msg="Prepare to get object log/cluster-history/raycluster/test-ns-hjsn8/raycluster-historyserver/session_2026-08-06_10-27-37_114092_1/d6f23e132ddc385de5acda0f65027c1b4ba7d5a91416503fabdc93e3/logs/events/event_CORE_WORKER_411.log info ..."
time="2026-08-06T17:28:59Z" level=info msg="Prepare to get object log/cluster-history/raycluster/test-ns-hjsn8/raycluster-historyserver/session_2026-08-06_10-27-37_114092_1/d6f23e132ddc385de5acda0f65027c1b4ba7d5a91416503fabdc93e3/logs/events/event_CORE_WORKER_419.log info ..."
time="2026-08-06T17:28:59Z" level=info msg="Prepare to get object log/cluster-history/raycluster/test-ns-hjsn8/raycluster-historyserver/session_2026-08-06_10-27-37_114092_1/d6f23e132ddc385de5acda0f65027c1b4ba7d5a91416503fabdc93e3/logs/events/event_CORE_WORKER_510.log info ..."
time="2026-08-06T17:28:59Z" level=info msg="Prepare to get object log/cluster-history/raycluster/test-ns-hjsn8/raycluster-historyserver/session_2026-08-06_10-27-37_114092_1/d6f23e132ddc385de5acda0f65027c1b4ba7d5a91416503fabdc93e3/logs/events/event_CORE_WORKER_513.log info ..."
time="2026-08-06T17:28:59Z" level=info msg="Prepare to get object log/cluster-history/raycluster/test-ns-hjsn8/raycluster-historyserver/session_2026-08-06_10-27-37_114092_1/d6f23e132ddc385de5acda0f65027c1b4ba7d5a91416503fabdc93e3/logs/events/event_CORE_WORKER_603.log info ..."
time="2026-08-06T17:28:59Z" level=info msg="Prepare to get object log/cluster-history/raycluster/test-ns-hjsn8/raycluster-historyserver/session_2026-08-06_10-27-37_114092_1/d6f23e132ddc385de5acda0f65027c1b4ba7d5a91416503fabdc93e3/logs/events/event_CORE_WORKER_609.log info ..."
time="2026-08-06T17:28:59Z" level=info msg="Prepare to get object log/cluster-history/raycluster/test-ns-hjsn8/raycluster-historyserver/session_2026-08-06_10-27-37_114092_1/d6f23e132ddc385de5acda0f65027c1b4ba7d5a91416503fabdc93e3/logs/events/event_CORE_WORKER_699.log info ..."
time="2026-08-06T17:28:59Z" level=info msg="Prepare to get object log/cluster-history/raycluster/test-ns-hjsn8/raycluster-historyserver/session_2026-08-06_10-27-37_114092_1/d6f23e132ddc385de5acda0f65027c1b4ba7d5a91416503fabdc93e3/logs/events/event_RAYLET.log info ..."
time="2026-08-06T17:28:59Z" level=info msg="[ListFiles]Returned objects in log/cluster-history/raycluster/test-ns-hjsn8/raycluster-historyserver/session_2026-08-06_10-27-37_114092_1/fetched_endpoints/logs/events/. length of page.Contents: 0, length of page.CommonPrefixes: 0"
time="2026-08-06T17:28:59Z" level=info msg="[ListFiles]Returned objects in log/cluster-history/raycluster/test-ns-hjsn8/raycluster-historyserver/session_2026-08-06_10-27-37_114092_1/. length of page.Contents: 0, length of page.CommonPrefixes: 3"
time="2026-08-06T17:28:59Z" level=info msg="[ListFiles]Returned objects in log/cluster-history/raycluster/test-ns-hjsn8/raycluster-historyserver/session_2026-08-06_10-27-37_114092_1/56adb31adc97f332f59deae9cebc909a0424bfc8e38d12ee57401ca6/job_events/. length of page.Contents: 0, length of page.CommonPrefixes: 4"
time="2026-08-06T17:28:59Z" level=info msg="[ListFiles]Returned objects in log/cluster-history/raycluster/test-ns-hjsn8/raycluster-historyserver/session_2026-08-06_10-27-37_114092_1/56adb31adc97f332f59deae9cebc909a0424bfc8e38d12ee57401ca6/job_events/01000000/. length of page.Contents: 2, length of page.CommonPrefixes: 0"
time="2026-08-06T17:28:59Z" level=info msg="[ListFiles]Returned objects in log/cluster-history/raycluster/test-ns-hjsn8/raycluster-historyserver/session_2026-08-06_10-27-37_114092_1/56adb31adc97f332f59deae9cebc909a0424bfc8e38d12ee57401ca6/job_events/02000000/. length of page.Contents: 2, length of page.CommonPrefixes: 0"
time="2026-08-06T17:28:59Z" level=info msg="[ListFiles]Returned objects in log/cluster-history/raycluster/test-ns-hjsn8/raycluster-historyserver/session_2026-08-06_10-27-37_114092_1/56adb31adc97f332f59deae9cebc909a0424bfc8e38d12ee57401ca6/job_events/03000000/. length of page.Contents: 2, length of page.CommonPrefixes: 0"
time="2026-08-06T17:28:59Z" level=info msg="[ListFiles]Returned objects in log/cluster-history/raycluster/test-ns-hjsn8/raycluster-historyserver/session_2026-08-06_10-27-37_114092_1/56adb31adc97f332f59deae9cebc909a0424bfc8e38d12ee57401ca6/job_events/04000000/. length of page.Contents: 2, length of page.CommonPrefixes: 0"
time="2026-08-06T17:28:59Z" level=info msg="[ListFiles]Returned objects in log/cluster-history/raycluster/test-ns-hjsn8/raycluster-historyserver/session_2026-08-06_10-27-37_114092_1/d6f23e132ddc385de5acda0f65027c1b4ba7d5a91416503fabdc93e3/job_events/. length of page.Contents: 0, length of page.CommonPrefixes: 1"
time="2026-08-06T17:29:00Z" level=info msg="[ListFiles]Returned objects in log/cluster-history/raycluster/test-ns-hjsn8/raycluster-historyserver/session_2026-08-06_10-27-37_114092_1/d6f23e132ddc385de5acda0f65027c1b4ba7d5a91416503fabdc93e3/job_events/03000000/. length of page.Contents: 2, length of page.CommonPrefixes: 0"
time="2026-08-06T17:29:00Z" level=info msg="[ListFiles]Returned objects in log/cluster-history/raycluster/test-ns-hjsn8/raycluster-historyserver/session_2026-08-06_10-27-37_114092_1/fetched_endpoints/job_events/. length of page.Contents: 0, length of page.CommonPrefixes: 0"
time="2026-08-06T17:29:00Z" level=info msg="[ListFiles]Returned objects in log/cluster-history/raycluster/test-ns-hjsn8/raycluster-historyserver/session_2026-08-06_10-27-37_114092_1/. length of page.Contents: 0, length of page.CommonPrefixes: 3"
time="2026-08-06T17:29:00Z" level=info msg="[ListFiles]Returned objects in log/cluster-history/raycluster/test-ns-hjsn8/raycluster-historyserver/session_2026-08-06_10-27-37_114092_1/56adb31adc97f332f59deae9cebc909a0424bfc8e38d12ee57401ca6/node_events/. length of page.Contents: 2, length of page.CommonPrefixes: 0"
time="2026-08-06T17:29:00Z" level=info msg="[ListFiles]Returned objects in log/cluster-history/raycluster/test-ns-hjsn8/raycluster-historyserver/session_2026-08-06_10-27-37_114092_1/d6f23e132ddc385de5acda0f65027c1b4ba7d5a91416503fabdc93e3/node_events/. length of page.Contents: 0, length of page.CommonPrefixes: 0"
time="2026-08-06T17:29:00Z" level=info msg="[ListFiles]Returned objects in log/cluster-history/raycluster/test-ns-hjsn8/raycluster-historyserver/session_2026-08-06_10-27-37_114092_1/fetched_endpoints/node_events/. length of page.Contents: 0, length of page.CommonPrefixes: 0"
time="2026-08-06T17:29:00Z" level=info msg="Prepare to get object log/cluster-history/raycluster/test-ns-hjsn8/raycluster-historyserver/session_2026-08-06_10-27-37_114092_1/56adb31adc97f332f59deae9cebc909a0424bfc8e38d12ee57401ca6/job_events/01000000/56adb31adc97f332f59deae9cebc909a0424bfc8e38d12ee57401ca6-2026-08-06-17-1786037262477669712.jsonl info ..."
time="2026-08-06T17:29:00Z" level=info msg="Prepare to get object log/cluster-history/raycluster/test-ns-hjsn8/raycluster-historyserver/session_2026-08-06_10-27-37_114092_1/56adb31adc97f332f59deae9cebc909a0424bfc8e38d12ee57401ca6/job_events/02000000/56adb31adc97f332f59deae9cebc909a0424bfc8e38d12ee57401ca6-2026-08-06-17-1786037280651603012.jsonl info ..."
time="2026-08-06T17:29:00Z" level=info msg="Prepare to get object log/cluster-history/raycluster/test-ns-hjsn8/raycluster-historyserver/session_2026-08-06_10-27-37_114092_1/56adb31adc97f332f59deae9cebc909a0424bfc8e38d12ee57401ca6/job_events/03000000/56adb31adc97f332f59deae9cebc909a0424bfc8e38d12ee57401ca6-2026-08-06-17-1786037281652467638.jsonl info ..."
time="2026-08-06T17:29:21Z" level=info msg="Prepare to get object log/cluster-history/raycluster/test-ns-hjsn8/raycluster-historyserver/session_2026-08-06_10-27-37_114092_1/56adb31adc97f332f59deae9cebc909a0424bfc8e38d12ee57401ca6/job_events/04000000/56adb31adc97f332f59deae9cebc909a0424bfc8e38d12ee57401ca6-2026-08-06-17-1786037294773858671.jsonl info ..."
time="2026-08-06T17:29:21Z" level=info msg="Prepare to get object log/cluster-history/raycluster/test-ns-hjsn8/raycluster-historyserver/session_2026-08-06_10-27-37_114092_1/d6f23e132ddc385de5acda0f65027c1b4ba7d5a91416503fabdc93e3/job_events/03000000/d6f23e132ddc385de5acda0f65027c1b4ba7d5a91416503fabdc93e3-2026-08-06-17-1786037283439332055.jsonl info ..."
time="2026-08-06T17:29:29Z" level=error msg="Failed to store events for file session_2026-08-06_10-27-37_114092_1/d6f23e132ddc385de5acda0f65027c1b4ba7d5a91416503fabdc93e3/job_events/03000000/d6f23e132ddc385de5acda0f65027c1b4ba7d5a91416503fabdc93e3-2026-08-06-17-1786037283439332055.jsonl: TASK_LIFECYCLE_EVENT must have at least one state transition"
time="2026-08-06T17:29:30Z" level=error msg="Failed to store events for file session_2026-08-06_10-27-37_114092_1/d6f23e132ddc385de5acda0f65027c1b4ba7d5a91416503fabdc93e3/job_events/03000000/d6f23e132ddc385de5acda0f65027c1b4ba7d5a91416503fabdc93e3-2026-08-06-17-1786037283439332055.jsonl: TASK_LIFECYCLE_EVENT must have at least one state transition"
time="2026-08-06T17:29:30Z" level=error msg="Failed to store events for file session_2026-08-06_10-27-37_114092_1/d6f23e132ddc385de5acda0f65027c1b4ba7d5a91416503fabdc93e3/job_events/03000000/d6f23e132ddc385de5acda0f65027c1b4ba7d5a91416503fabdc93e3-2026-08-06-17-1786037283439332055.jsonl: TASK_LIFECYCLE_EVENT must have at least one state transition"
time="2026-08-06T17:29:30Z" level=error msg="Failed to store events for file session_2026-08-06_10-27-37_114092_1/d6f23e132ddc385de5acda0f65027c1b4ba7d5a91416503fabdc93e3/job_events/03000000/d6f23e132ddc385de5acda0f65027c1b4ba7d5a91416503fabdc93e3-2026-08-06-17-1786037283439332055.jsonl: TASK_LIFECYCLE_EVENT must have at least one state transition"
time="2026-08-06T17:29:30Z" level=error msg="Failed to store events for file session_2026-08-06_10-27-37_114092_1/d6f23e132ddc385de5acda0f65027c1b4ba7d5a91416503fabdc93e3/job_events/03000000/d6f23e132ddc385de5acda0f65027c1b4ba7d5a91416503fabdc93e3-2026-08-06-17-1786037283439332055.jsonl: TASK_LIFECYCLE_EVENT must have at least one state transition"
time="2026-08-06T17:29:30Z" level=error msg="Failed to store events for file session_2026-08-06_10-27-37_114092_1/d6f23e132ddc385de5acda0f65027c1b4ba7d5a91416503fabdc93e3/job_events/03000000/d6f23e132ddc385de5acda0f65027c1b4ba7d5a91416503fabdc93e3-2026-08-06-17-1786037283439332055.jsonl: TASK_LIFECYCLE_EVENT must have at least one state transition"
time="2026-08-06T17:29:30Z" level=error msg="Failed to store events for file session_2026-08-06_10-27-37_114092_1/d6f23e132ddc385de5acda0f65027c1b4ba7d5a91416503fabdc93e3/job_events/03000000/d6f23e132ddc385de5acda0f65027c1b4ba7d5a91416503fabdc93e3-2026-08-06-17-1786037283439332055.jsonl: TASK_LIFECYCLE_EVENT must have at least one state transition"
time="2026-08-06T17:29:30Z" level=error msg="Failed to store events for file session_2026-08-06_10-27-37_114092_1/d6f23e132ddc385de5acda0f65027c1b4ba7d5a91416503fabdc93e3/job_events/03000000/d6f23e132ddc385de5acda0f65027c1b4ba7d5a91416503fabdc93e3-2026-08-06-17-1786037283439332055.jsonl: TASK_LIFECYCLE_EVENT must have at least one state transition"
time="2026-08-06T17:29:30Z" level=error msg="Failed to store events for file session_2026-08-06_10-27-37_114092_1/d6f23e132ddc385de5acda0f65027c1b4ba7d5a91416503fabdc93e3/job_events/03000000/d6f23e132ddc385de5acda0f65027c1b4ba7d5a91416503fabdc93e3-2026-08-06-17-1786037283439332055.jsonl: TASK_LIFECYCLE_EVENT must have at least one state transition"
time="2026-08-06T17:29:31Z" level=error msg="Failed to store events for file session_2026-08-06_10-27-37_114092_1/d6f23e132ddc385de5acda0f65027c1b4ba7d5a91416503fabdc93e3/job_events/03000000/d6f23e132ddc385de5acda0f65027c1b4ba7d5a91416503fabdc93e3-2026-08-06-17-1786037283439332055.jsonl: TASK_LIFECYCLE_EVENT must have at least one state transition"
time="2026-08-06T17:29:31Z" level=error msg="Failed to store events for file session_2026-08-06_10-27-37_114092_1/d6f23e132ddc385de5acda0f65027c1b4ba7d5a91416503fabdc93e3/job_events/03000000/d6f23e132ddc385de5acda0f65027c1b4ba7d5a91416503fabdc93e3-2026-08-06-17-1786037283439332055.jsonl: TASK_LIFECYCLE_EVENT must have at least one state transition"
time="2026-08-06T17:29:31Z" level=error msg="Failed to store events for file session_2026-08-06_10-27-37_114092_1/d6f23e132ddc385de5acda0f65027c1b4ba7d5a91416503fabdc93e3/job_events/03000000/d6f23e132ddc385de5acda0f65027c1b4ba7d5a91416503fabdc93e3-2026-08-06-17-1786037283439332055.jsonl: TASK_LIFECYCLE_EVENT must have at least one state transition"
time="2026-08-06T17:29:31Z" level=error msg="Failed to store events for file session_2026-08-06_10-27-37_114092_1/d6f23e132ddc385de5acda0f65027c1b4ba7d5a91416503fabdc93e3/job_events/03000000/d6f23e132ddc385de5acda0f65027c1b4ba7d5a91416503fabdc93e3-2026-08-06-17-1786037283439332055.jsonl: TASK_LIFECYCLE_EVENT must have at least one state transition"
time="2026-08-06T17:29:31Z" level=error msg="Failed to store events for file session_2026-08-06_10-27-37_114092_1/d6f23e132ddc385de5acda0f65027c1b4ba7d5a91416503fabdc93e3/job_events/03000000/d6f23e132ddc385de5acda0f65027c1b4ba7d5a91416503fabdc93e3-2026-08-06-17-1786037283439332055.jsonl: TASK_LIFECYCLE_EVENT must have at least one state transition"
time="2026-08-06T17:29:32Z" level=error msg="Failed to store events for file session_2026-08-06_10-27-37_114092_1/d6f23e132ddc385de5acda0f65027c1b4ba7d5a91416503fabdc93e3/job_events/03000000/d6f23e132ddc385de5acda0f65027c1b4ba7d5a91416503fabdc93e3-2026-08-06-17-1786037283439332055.jsonl: TASK_LIFECYCLE_EVENT must have at least one state transition"
time="2026-08-06T17:29:32Z" level=error msg="Failed to store events for file session_2026-08-06_10-27-37_114092_1/d6f23e132ddc385de5acda0f65027c1b4ba7d5a91416503fabdc93e3/job_events/03000000/d6f23e132ddc385de5acda0f65027c1b4ba7d5a91416503fabdc93e3-2026-08-06-17-1786037283439332055.jsonl: TASK_LIFECYCLE_EVENT must have at least one state transition"
time="2026-08-06T17:29:34Z" level=error msg="Failed to store events for file session_2026-08-06_10-27-37_114092_1/d6f23e132ddc385de5acda0f65027c1b4ba7d5a91416503fabdc93e3/job_events/03000000/d6f23e132ddc385de5acda0f65027c1b4ba7d5a91416503fabdc93e3-2026-08-06-17-1786037283439332055.jsonl: TASK_LIFECYCLE_EVENT must have at least one state transition"
time="2026-08-06T17:29:34Z" level=error msg="Failed to store events for file session_2026-08-06_10-27-37_114092_1/d6f23e132ddc385de5acda0f65027c1b4ba7d5a91416503fabdc93e3/job_events/03000000/d6f23e132ddc385de5acda0f65027c1b4ba7d5a91416503fabdc93e3-2026-08-06-17-1786037283439332055.jsonl: TASK_LIFECYCLE_EVENT must have at least one state transition"
time="2026-08-06T17:29:34Z" level=error msg="Failed to store events for file session_2026-08-06_10-27-37_114092_1/d6f23e132ddc385de5acda0f65027c1b4ba7d5a91416503fabdc93e3/job_events/03000000/d6f23e132ddc385de5acda0f65027c1b4ba7d5a91416503fabdc93e3-2026-08-06-17-1786037283439332055.jsonl: TASK_LIFECYCLE_EVENT must have at least one state transition"
time="2026-08-06T17:29:34Z" level=error msg="Failed to store events for file session_2026-08-06_10-27-37_114092_1/d6f23e132ddc385de5acda0f65027c1b4ba7d5a91416503fabdc93e3/job_events/03000000/d6f23e132ddc385de5acda0f65027c1b4ba7d5a91416503fabdc93e3-2026-08-06-17-1786037283439332055.jsonl: TASK_LIFECYCLE_EVENT must have at least one state transition"
time="2026-08-06T17:29:35Z" level=error msg="Failed to store events for file session_2026-08-06_10-27-37_114092_1/d6f23e132ddc385de5acda0f65027c1b4ba7d5a91416503fabdc93e3/job_events/03000000/d6f23e132ddc385de5acda0f65027c1b4ba7d5a91416503fabdc93e3-2026-08-06-17-1786037283439332055.jsonl: TASK_LIFECYCLE_EVENT must have at least one state transition"
time="2026-08-06T17:29:35Z" level=error msg="Failed to store events for file session_2026-08-06_10-27-37_114092_1/d6f23e132ddc385de5acda0f65027c1b4ba7d5a91416503fabdc93e3/job_events/03000000/d6f23e132ddc385de5acda0f65027c1b4ba7d5a91416503fabdc93e3-2026-08-06-17-1786037283439332055.jsonl: TASK_LIFECYCLE_EVENT must have at least one state transition"
time="2026-08-06T17:29:35Z" level=error msg="Failed to store events for file session_2026-08-06_10-27-37_114092_1/d6f23e132ddc385de5acda0f65027c1b4ba7d5a91416503fabdc93e3/job_events/03000000/d6f23e132ddc385de5acda0f65027c1b4ba7d5a91416503fabdc93e3-2026-08-06-17-1786037283439332055.jsonl: TASK_LIFECYCLE_EVENT must have at least one state transition"
time="2026-08-06T17:29:35Z" level=error msg="Failed to store events for file session_2026-08-06_10-27-37_114092_1/d6f23e132ddc385de5acda0f65027c1b4ba7d5a91416503fabdc93e3/job_events/03000000/d6f23e132ddc385de5acda0f65027c1b4ba7d5a91416503fabdc93e3-2026-08-06-17-1786037283439332055.jsonl: TASK_LIFECYCLE_EVENT must have at least one state transition"
time="2026-08-06T17:29:35Z" level=error msg="Failed to store events for file session_2026-08-06_10-27-37_114092_1/d6f23e132ddc385de5acda0f65027c1b4ba7d5a91416503fabdc93e3/job_events/03000000/d6f23e132ddc385de5acda0f65027c1b4ba7d5a91416503fabdc93e3-2026-08-06-17-1786037283439332055.jsonl: TASK_LIFECYCLE_EVENT must have at least one state transition"
time="2026-08-06T17:29:35Z" level=error msg="Failed to store events for file session_2026-08-06_10-27-37_114092_1/d6f23e132ddc385de5acda0f65027c1b4ba7d5a91416503fabdc93e3/job_events/03000000/d6f23e132ddc385de5acda0f65027c1b4ba7d5a91416503fabdc93e3-2026-08-06-17-1786037283439332055.jsonl: TASK_LIFECYCLE_EVENT must have at least one state transition"
time="2026-08-06T17:29:35Z" level=error msg="Failed to store events for file session_2026-08-06_10-27-37_114092_1/d6f23e132ddc385de5acda0f65027c1b4ba7d5a91416503fabdc93e3/job_events/03000000/d6f23e132ddc385de5acda0f65027c1b4ba7d5a91416503fabdc93e3-2026-08-06-17-1786037283439332055.jsonl: TASK_LIFECYCLE_EVENT must have at least one state transition"
time="2026-08-06T17:29:35Z" level=error msg="Failed to store events for file session_2026-08-06_10-27-37_114092_1/d6f23e132ddc385de5acda0f65027c1b4ba7d5a91416503fabdc93e3/job_events/03000000/d6f23e132ddc385de5acda0f65027c1b4ba7d5a91416503fabdc93e3-2026-08-06-17-1786037283439332055.jsonl: TASK_LIFECYCLE_EVENT must have at least one state transition"
time="2026-08-06T17:29:36Z" level=error msg="Failed to store events for file session_2026-08-06_10-27-37_114092_1/d6f23e132ddc385de5acda0f65027c1b4ba7d5a91416503fabdc93e3/job_events/03000000/d6f23e132ddc385de5acda0f65027c1b4ba7d5a91416503fabdc93e3-2026-08-06-17-1786037283439332055.jsonl: TASK_LIFECYCLE_EVENT must have at least one state transition"
time="2026-08-06T17:29:36Z" level=error msg="Failed to store events for file session_2026-08-06_10-27-37_114092_1/d6f23e132ddc385de5acda0f65027c1b4ba7d5a91416503fabdc93e3/job_events/03000000/d6f23e132ddc385de5acda0f65027c1b4ba7d5a91416503fabdc93e3-2026-08-06-17-1786037283439332055.jsonl: TASK_LIFECYCLE_EVENT must have at least one state transition"
time="2026-08-06T17:29:36Z" level=error msg="Failed to store events for file session_2026-08-06_10-27-37_114092_1/d6f23e132ddc385de5acda0f65027c1b4ba7d5a91416503fabdc93e3/job_events/03000000/d6f23e132ddc385de5acda0f65027c1b4ba7d5a91416503fabdc93e3-2026-08-06-17-1786037283439332055.jsonl: TASK_LIFECYCLE_EVENT must have at least one state transition"
time="2026-08-06T17:29:36Z" level=error msg="Failed to store events for file session_2026-08-06_10-27-37_114092_1/d6f23e132ddc385de5acda0f65027c1b4ba7d5a91416503fabdc93e3/job_events/03000000/d6f23e132ddc385de5acda0f65027c1b4ba7d5a91416503fabdc93e3-2026-08-06-17-1786037283439332055.jsonl: TASK_LIFECYCLE_EVENT must have at least one state transition"
time="2026-08-06T17:29:36Z" level=error msg="Failed to store events for file session_2026-08-06_10-27-37_114092_1/d6f23e132ddc385de5acda0f65027c1b4ba7d5a91416503fabdc93e3/job_events/03000000/d6f23e132ddc385de5acda0f65027c1b4ba7d5a91416503fabdc93e3-2026-08-06-17-1786037283439332055.jsonl: TASK_LIFECYCLE_EVENT must have at least one state transition"
time="2026-08-06T17:29:36Z" level=error msg="Failed to store events for file session_2026-08-06_10-27-37_114092_1/d6f23e132ddc385de5acda0f65027c1b4ba7d5a91416503fabdc93e3/job_events/03000000/d6f23e132ddc385de5acda0f65027c1b4ba7d5a91416503fabdc93e3-2026-08-06-17-1786037283439332055.jsonl: TASK_LIFECYCLE_EVENT must have at least one state transition"
time="2026-08-06T17:29:37Z" level=error msg="Failed to store events for file session_2026-08-06_10-27-37_114092_1/d6f23e132ddc385de5acda0f65027c1b4ba7d5a91416503fabdc93e3/job_events/03000000/d6f23e132ddc385de5acda0f65027c1b4ba7d5a91416503fabdc93e3-2026-08-06-17-1786037283439332055.jsonl: TASK_LIFECYCLE_EVENT must have at least one state transition"
time="2026-08-06T17:29:37Z" level=error msg="Failed to store events for file session_2026-08-06_10-27-37_114092_1/d6f23e132ddc385de5acda0f65027c1b4ba7d5a91416503fabdc93e3/job_events/03000000/d6f23e132ddc385de5acda0f65027c1b4ba7d5a91416503fabdc93e3-2026-08-06-17-1786037283439332055.jsonl: TASK_LIFECYCLE_EVENT must have at least one state transition"
time="2026-08-06T17:29:37Z" level=error msg="Failed to store events for file session_2026-08-06_10-27-37_114092_1/d6f23e132ddc385de5acda0f65027c1b4ba7d5a91416503fabdc93e3/job_events/03000000/d6f23e132ddc385de5acda0f65027c1b4ba7d5a91416503fabdc93e3-2026-08-06-17-1786037283439332055.jsonl: TASK_LIFECYCLE_EVENT must have at least one state transition"
time="2026-08-06T17:29:37Z" level=info msg="Prepare to get object log/cluster-history/raycluster/test-ns-hjsn8/raycluster-historyserver/session_2026-08-06_10-27-37_114092_1/56adb31adc97f332f59deae9cebc909a0424bfc8e38d12ee57401ca6/node_events/56adb31adc97f332f59deae9cebc909a0424bfc8e38d12ee57401ca6-2026-08-06-17-1786037262261737462.jsonl info ..."
time="2026-08-06T17:29:38Z" level=info msg="Received request: GET /enter_cluster/test-ns-hjsn8/raycluster/raycluster-historyserver/session_2026-08-06_10-27-37_114092_1"
time="2026-08-06T17:29:38Z" level=info msg="[List]Returned objects in log/cluster-metadata/. length of page.Contents: 2, length of page.CommonPrefixes: 0"
time="2026-08-06T17:29:38Z" level=error msg="Failed to parse meta file path: log/cluster-metadata/raycluster/test-ns-hjsn8_raycluster-historyserver/, error: invalid path segment count for cluster metadata structure: log/cluster-metadata/raycluster/test-ns-hjsn8_raycluster-historyserver/"
time="2026-08-06T17:29:38Z" level=info msg="Parsed cluster raycluster-historyserver for session session_2026-08-06_10-27-37_114092_1 to list"
time="2026-08-06T17:29:38Z" level=info msg="Received request: GET /api/v0/tasks?limit=50000"
time="2026-08-06T17:29:38Z" level=info msg="Request URL /api/v0/tasks?limit=50000"
time="2026-08-06T17:29:38Z" level=info msg="Received request: GET /api/v0/tasks?limit=50000"
time="2026-08-06T17:29:38Z" level=info msg="Request URL /api/v0/tasks?limit=50000"
time="2026-08-06T17:29:38Z" level=info msg="Received request: GET /api/v0/tasks?limit=50000"
time="2026-08-06T17:29:38Z" level=info msg="Request URL /api/v0/tasks?limit=50000"
time="2026-08-06T17:29:38Z" level=info msg="Received request: GET /api/v0/tasks?limit=50000"
time="2026-08-06T17:29:38Z" level=info msg="Request URL /api/v0/tasks?limit=50000"
time="2026-08-06T17:29:38Z" level=info msg="Received request: GET /api/v0/tasks?limit=50000"
time="2026-08-06T17:29:38Z" level=info msg="Request URL /api/v0/tasks?limit=50000"
time="2026-08-06T17:29:38Z" level=info msg="Received request: GET /api/v0/tasks?limit=50000"
time="2026-08-06T17:29:38Z" level=info msg="Request URL /api/v0/tasks?limit=50000"
time="2026-08-06T17:29:38Z" level=info msg="Received request: GET /api/v0/tasks?limit=50000"
time="2026-08-06T17:29:38Z" level=info msg="Request URL /api/v0/tasks?limit=50000"
time="2026-08-06T17:29:38Z" level=info msg="Received request: GET /api/v0/tasks?limit=50000"
time="2026-08-06T17:29:38Z" level=info msg="Request URL /api/v0/tasks?limit=50000"
time="2026-08-06T17:29:38Z" level=info msg="Received request: GET /api/v0/tasks?limit=50000"
time="2026-08-06T17:29:38Z" level=info msg="Request URL /api/v0/tasks?limit=50000"
time="2026-08-06T17:29:38Z" level=info msg="Received request: GET /api/v0/tasks?limit=50000"
time="2026-08-06T17:29:38Z" level=info msg="Request URL /api/v0/tasks?limit=50000"
time="2026-08-06T17:29:38Z" level=info msg="Received request: GET /api/v0/tasks/summarize"
time="2026-08-06T17:29:38Z" level=info msg="Request URL /api/v0/tasks/summarize"
time="2026-08-06T17:29:39Z" level=info msg="Received request: GET /api/v0/tasks/summarize"
time="2026-08-06T17:29:39Z" level=info msg="Request URL /api/v0/tasks/summarize"
time="2026-08-06T17:29:40Z" level=info msg="Received request: GET /api/v0/tasks/summarize"
time="2026-08-06T17:29:40Z" level=info msg="Request URL /api/v0/tasks/summarize"
time="2026-08-06T17:29:42Z" level=info msg="Received request: GET /api/v0/tasks/summarize"
time="2026-08-06T17:29:42Z" level=info msg="Request URL /api/v0/tasks/summarize"
time="2026-08-06T17:29:43Z" level=info msg="Received request: GET /api/v0/tasks/summarize"
time="2026-08-06T17:29:43Z" level=info msg="Request URL /api/v0/tasks/summarize"
time="2026-08-06T17:29:44Z" level=info msg="Received request: GET /api/v0/tasks/summarize"
time="2026-08-06T17:29:44Z" level=info msg="Request URL /api/v0/tasks/summarize"
time="2026-08-06T17:29:45Z" level=info msg="Received request: GET /api/v0/tasks/summarize"
time="2026-08-06T17:29:45Z" level=info msg="Request URL /api/v0/tasks/summarize"
time="2026-08-06T17:29:47Z" level=info msg="Received request: GET /api/v0/tasks/summarize"
time="2026-08-06T17:29:47Z" level=info msg="Request URL /api/v0/tasks/summarize"
time="2026-08-06T17:29:48Z" level=info msg="Received request: GET /api/v0/tasks/summarize"
time="2026-08-06T17:29:48Z" level=info msg="Request URL /api/v0/tasks/summarize"
time="2026-08-06T17:29:49Z" level=info msg="Received request: GET /api/v0/tasks/summarize"
time="2026-08-06T17:29:49Z" level=info msg="Request URL /api/v0/tasks/summarize"
time="2026-08-06T17:29:51Z" level=info msg="Received request: GET /api/jobs/"
time="2026-08-06T17:29:51Z" level=info msg="Request URL /api/jobs/"
time="2026-08-06T17:29:51Z" level=info msg="Received request: GET /api/jobs/"
time="2026-08-06T17:29:51Z" level=info msg="Request URL /api/jobs/"
time="2026-08-06T17:29:51Z" level=info msg="Received request: GET /api/jobs/"
time="2026-08-06T17:29:51Z" level=info msg="Request URL /api/jobs/"
time="2026-08-06T17:29:51Z" level=info msg="Received request: GET /api/jobs/"
time="2026-08-06T17:29:51Z" level=info msg="Request URL /api/jobs/"
time="2026-08-06T17:29:51Z" level=info msg="Received request: GET /api/jobs/"
time="2026-08-06T17:29:51Z" level=info msg="Request URL /api/jobs/"
time="2026-08-06T17:29:51Z" level=info msg="Received request: GET /api/jobs/"
time="2026-08-06T17:29:51Z" level=info msg="Request URL /api/jobs/"
time="2026-08-06T17:29:51Z" level=info msg="Received request: GET /api/jobs/"
time="2026-08-06T17:29:51Z" level=info msg="Request URL /api/jobs/"
time="2026-08-06T17:29:51Z" level=info msg="Received request: GET /api/jobs/"
time="2026-08-06T17:29:51Z" level=info msg="Request URL /api/jobs/"
time="2026-08-06T17:29:51Z" level=info msg="Received request: GET /api/jobs/"
time="2026-08-06T17:29:51Z" level=info msg="Request URL /api/jobs/"
time="2026-08-06T17:29:51Z" level=info msg="Received request: GET /api/jobs/"
time="2026-08-06T17:29:51Z" level=info msg="Request URL /api/jobs/"
time="2026-08-06T17:29:51Z" level=info msg="Request URL /nodes?view=summary"
time="2026-08-06T17:29:51Z" level=info msg="Request URL /nodes?view=summary"
time="2026-08-06T17:29:52Z" level=info msg="Request URL /nodes?view=summary"
time="2026-08-06T17:29:52Z" level=info msg="Request URL /nodes?view=summary"
time="2026-08-06T17:29:52Z" level=info msg="Request URL /nodes?view=summary"
time="2026-08-06T17:29:52Z" level=info msg="Request URL /nodes?view=summary"
time="2026-08-06T17:29:52Z" level=info msg="Request URL /nodes?view=summary"
time="2026-08-06T17:29:52Z" level=info msg="Request URL /nodes?view=summary"
time="2026-08-06T17:29:52Z" level=info msg="Request URL /nodes?view=summary"
time="2026-08-06T17:29:52Z" level=info msg="Request URL /nodes?view=summary"
time="2026-08-06T17:29:52Z" level=info msg="Request URL /events"
time="2026-08-06T17:29:52Z" level=info msg="Request URL /events"
time="2026-08-06T17:29:53Z" level=info msg="Request URL /events"
time="2026-08-06T17:29:53Z" level=info msg="Request URL /events"
time="2026-08-06T17:29:53Z" level=info msg="Request URL /events"
time="2026-08-06T17:29:53Z" level=info msg="Request URL /events"
time="2026-08-06T17:29:53Z" level=info msg="Request URL /events"
time="2026-08-06T17:29:53Z" level=info msg="Request URL /events"
time="2026-08-06T17:29:53Z" level=info msg="Request URL /events"
time="2026-08-06T17:29:53Z" level=info msg="Request URL /events"
