gc 1 @0.138s 3%: 1.5+21+1.0 ms clock, 4.7+5.3/6.7/11+3.2 ms cpu, 3->3->2 MB, 4 MB goal, 0 MB stacks, 0 MB globals, 3 P
gc 2 @0.253s 2%: 0.12+4.4+0.12 ms clock, 0.38+0/3.8/3.1+0.37 ms cpu, 5->5->3 MB, 5 MB goal, 0 MB stacks, 0 MB globals, 3 P
gc 3 @0.392s 2%: 0.14+5.2+0.12 ms clock, 0.42+0.37/1.3/7.4+0.38 ms cpu, 7->7->5 MB, 7 MB goal, 0 MB stacks, 0 MB globals, 3 P
time="2026-08-06T21:56:49Z" level=info msg="create client manager successfully, clients: 1"
time="2026-08-06T21:56:49Z" level=info msg="Begin to create s3 client ..."
time="2026-08-06T21:56:49Z" level=info msg="Checking if bucket ray-historyserver exists..."
time="2026-08-06T21:56:49Z" level=info msg="Bucket ray-historyserver already exists"
time="2026-08-06T21:56:49Z" level=info msg="Clean logdir is logs"
time="2026-08-06T21:56:49Z" level=info msg="Starting server on :8080"
time="2026-08-06T21:56:51Z" level=info msg="Received request: GET /readz"
time="2026-08-06T21:56:51Z" level=info msg="live clusters: []"
time="2026-08-06T21:56:51Z" level=info msg="[List]Returned objects in log/cluster-metadata/. length of page.Contents: 2, length of page.CommonPrefixes: 0"
time="2026-08-06T21:56:51Z" level=error msg="Failed to parse meta file path: log/cluster-metadata/raycluster/test-ns-md2s2_raycluster-historyserver/, error: invalid path segment count for cluster metadata structure: log/cluster-metadata/raycluster/test-ns-md2s2_raycluster-historyserver/"
time="2026-08-06T21:56:51Z" level=info msg="Parsed cluster raycluster-historyserver for session session_2026-08-06_14-35-51_963761_1 to list"
time="2026-08-06T21:56:51Z" level=info msg="live clusters: []"
time="2026-08-06T21:56:51Z" level=info msg="[List]Returned objects in log/cluster-metadata/. length of page.Contents: 2, length of page.CommonPrefixes: 0"
time="2026-08-06T21:56:51Z" level=error msg="Failed to parse meta file path: log/cluster-metadata/raycluster/test-ns-md2s2_raycluster-historyserver/, error: invalid path segment count for cluster metadata structure: log/cluster-metadata/raycluster/test-ns-md2s2_raycluster-historyserver/"
time="2026-08-06T21:56:51Z" level=info msg="Parsed cluster raycluster-historyserver for session session_2026-08-06_14-35-51_963761_1 to list"
time="2026-08-06T21:56:51Z" level=info msg="live clusters: []"
time="2026-08-06T21:56:51Z" level=info msg="[List]Returned objects in log/cluster-metadata/. length of page.Contents: 2, length of page.CommonPrefixes: 0"
time="2026-08-06T21:56:51Z" level=error msg="Failed to parse meta file path: log/cluster-metadata/raycluster/test-ns-md2s2_raycluster-historyserver/, error: invalid path segment count for cluster metadata structure: log/cluster-metadata/raycluster/test-ns-md2s2_raycluster-historyserver/"
time="2026-08-06T21:56:51Z" level=info msg="Parsed cluster raycluster-historyserver for session session_2026-08-06_14-35-51_963761_1 to list"
time="2026-08-06T21:56:51Z" level=info msg="live clusters: []"
time="2026-08-06T21:56:51Z" level=info msg="[List]Returned objects in log/cluster-metadata/. length of page.Contents: 2, length of page.CommonPrefixes: 0"
time="2026-08-06T21:56:51Z" level=error msg="Failed to parse meta file path: log/cluster-metadata/raycluster/test-ns-md2s2_raycluster-historyserver/, error: invalid path segment count for cluster metadata structure: log/cluster-metadata/raycluster/test-ns-md2s2_raycluster-historyserver/"
time="2026-08-06T21:56:51Z" level=info msg="Parsed cluster raycluster-historyserver for session session_2026-08-06_14-35-51_963761_1 to list"
time="2026-08-06T21:56:51Z" level=info msg="live clusters: []"
time="2026-08-06T21:56:51Z" level=info msg="[List]Returned objects in log/cluster-metadata/. length of page.Contents: 2, length of page.CommonPrefixes: 0"
time="2026-08-06T21:56:51Z" level=error msg="Failed to parse meta file path: log/cluster-metadata/raycluster/test-ns-md2s2_raycluster-historyserver/, error: invalid path segment count for cluster metadata structure: log/cluster-metadata/raycluster/test-ns-md2s2_raycluster-historyserver/"
time="2026-08-06T21:56:51Z" level=info msg="Parsed cluster raycluster-historyserver for session session_2026-08-06_14-35-51_963761_1 to list"
time="2026-08-06T21:56:51Z" level=info msg="Received request: GET /enter_cluster/test-ns-md2s2/raycluster/raycluster-historyserver/session_2026-08-06_14-35-51_963761_1"
time="2026-08-06T21:56:51Z" level=info msg="[List]Returned objects in log/cluster-metadata/. length of page.Contents: 2, length of page.CommonPrefixes: 0"
time="2026-08-06T21:56:51Z" level=error msg="Failed to parse meta file path: log/cluster-metadata/raycluster/test-ns-md2s2_raycluster-historyserver/, error: invalid path segment count for cluster metadata structure: log/cluster-metadata/raycluster/test-ns-md2s2_raycluster-historyserver/"
time="2026-08-06T21:56:51Z" level=info msg="Parsed cluster raycluster-historyserver for session session_2026-08-06_14-35-51_963761_1 to list"
time="2026-08-06T21:56:51Z" level=info msg="[ListFiles]Returned objects in log/cluster-history/raycluster/test-ns-md2s2/raycluster-historyserver/session_2026-08-06_14-35-51_963761_1/. length of page.Contents: 0, length of page.CommonPrefixes: 3"
time="2026-08-06T21:56:51Z" level=info msg="[ListFiles]Returned objects in log/cluster-history/raycluster/test-ns-md2s2/raycluster-historyserver/session_2026-08-06_14-35-51_963761_1/233e17c28342cf36fd1d41ccb4c405d03155629dd63bee783cf1378e/logs/events/. length of page.Contents: 11, length of page.CommonPrefixes: 0"
time="2026-08-06T21:56:51Z" level=info msg="Prepare to get object log/cluster-history/raycluster/test-ns-md2s2/raycluster-historyserver/session_2026-08-06_14-35-51_963761_1/233e17c28342cf36fd1d41ccb4c405d03155629dd63bee783cf1378e/logs/events/event_AUTOSCALER.log info ..."
time="2026-08-06T21:56:51Z" level=info msg="Prepare to get object log/cluster-history/raycluster/test-ns-md2s2/raycluster-historyserver/session_2026-08-06_14-35-51_963761_1/233e17c28342cf36fd1d41ccb4c405d03155629dd63bee783cf1378e/logs/events/event_CORE_WORKER_1022.log info ..."
time="2026-08-06T21:56:51Z" level=info msg="Prepare to get object log/cluster-history/raycluster/test-ns-md2s2/raycluster-historyserver/session_2026-08-06_14-35-51_963761_1/233e17c28342cf36fd1d41ccb4c405d03155629dd63bee783cf1378e/logs/events/event_CORE_WORKER_1186.log info ..."
time="2026-08-06T21:56:51Z" level=info msg="Prepare to get object log/cluster-history/raycluster/test-ns-md2s2/raycluster-historyserver/session_2026-08-06_14-35-51_963761_1/233e17c28342cf36fd1d41ccb4c405d03155629dd63bee783cf1378e/logs/events/event_CORE_WORKER_202.log info ..."
time="2026-08-06T21:56:51Z" level=info msg="Prepare to get object log/cluster-history/raycluster/test-ns-md2s2/raycluster-historyserver/session_2026-08-06_14-35-51_963761_1/233e17c28342cf36fd1d41ccb4c405d03155629dd63bee783cf1378e/logs/events/event_CORE_WORKER_207.log info ..."
time="2026-08-06T21:56:51Z" level=info msg="Prepare to get object log/cluster-history/raycluster/test-ns-md2s2/raycluster-historyserver/session_2026-08-06_14-35-51_963761_1/233e17c28342cf36fd1d41ccb4c405d03155629dd63bee783cf1378e/logs/events/event_CORE_WORKER_680.log info ..."
time="2026-08-06T21:56:51Z" level=info msg="Prepare to get object log/cluster-history/raycluster/test-ns-md2s2/raycluster-historyserver/session_2026-08-06_14-35-51_963761_1/233e17c28342cf36fd1d41ccb4c405d03155629dd63bee783cf1378e/logs/events/event_CORE_WORKER_966.log info ..."
time="2026-08-06T21:56:51Z" level=info msg="Prepare to get object log/cluster-history/raycluster/test-ns-md2s2/raycluster-historyserver/session_2026-08-06_14-35-51_963761_1/233e17c28342cf36fd1d41ccb4c405d03155629dd63bee783cf1378e/logs/events/event_GCS.log info ..."
time="2026-08-06T21:56:51Z" level=info msg="Prepare to get object log/cluster-history/raycluster/test-ns-md2s2/raycluster-historyserver/session_2026-08-06_14-35-51_963761_1/233e17c28342cf36fd1d41ccb4c405d03155629dd63bee783cf1378e/logs/events/event_JOBS.log info ..."
time="2026-08-06T21:56:51Z" level=info msg="Prepare to get object log/cluster-history/raycluster/test-ns-md2s2/raycluster-historyserver/session_2026-08-06_14-35-51_963761_1/233e17c28342cf36fd1d41ccb4c405d03155629dd63bee783cf1378e/logs/events/event_RAYLET.log info ..."
gc 4 @2.707s 0%: 0.45+6.4+0.039 ms clock, 1.3+0.75/3.3/8.0+0.11 ms cpu, 11->11->6 MB, 11 MB goal, 0 MB stacks, 0 MB globals, 3 P
time="2026-08-06T21:56:51Z" level=info msg="[ListFiles]Returned objects in log/cluster-history/raycluster/test-ns-md2s2/raycluster-historyserver/session_2026-08-06_14-35-51_963761_1/9431d235d70e6a97efd532473fb6b5e7fab758f46861051c96d90352/logs/events/. length of page.Contents: 13, length of page.CommonPrefixes: 0"
time="2026-08-06T21:56:51Z" level=info msg="Prepare to get object log/cluster-history/raycluster/test-ns-md2s2/raycluster-historyserver/session_2026-08-06_14-35-51_963761_1/9431d235d70e6a97efd532473fb6b5e7fab758f46861051c96d90352/logs/events/event_CORE_WORKER_228.log info ..."
time="2026-08-06T21:56:51Z" level=info msg="Prepare to get object log/cluster-history/raycluster/test-ns-md2s2/raycluster-historyserver/session_2026-08-06_14-35-51_963761_1/9431d235d70e6a97efd532473fb6b5e7fab758f46861051c96d90352/logs/events/event_CORE_WORKER_229.log info ..."
time="2026-08-06T21:56:51Z" level=info msg="Prepare to get object log/cluster-history/raycluster/test-ns-md2s2/raycluster-historyserver/session_2026-08-06_14-35-51_963761_1/9431d235d70e6a97efd532473fb6b5e7fab758f46861051c96d90352/logs/events/event_CORE_WORKER_309.log info ..."
time="2026-08-06T21:56:51Z" level=info msg="Prepare to get object log/cluster-history/raycluster/test-ns-md2s2/raycluster-historyserver/session_2026-08-06_14-35-51_963761_1/9431d235d70e6a97efd532473fb6b5e7fab758f46861051c96d90352/logs/events/event_CORE_WORKER_317.log info ..."
time="2026-08-06T21:56:51Z" level=info msg="Prepare to get object log/cluster-history/raycluster/test-ns-md2s2/raycluster-historyserver/session_2026-08-06_14-35-51_963761_1/9431d235d70e6a97efd532473fb6b5e7fab758f46861051c96d90352/logs/events/event_CORE_WORKER_416.log info ..."
time="2026-08-06T21:56:51Z" level=info msg="Prepare to get object log/cluster-history/raycluster/test-ns-md2s2/raycluster-historyserver/session_2026-08-06_14-35-51_963761_1/9431d235d70e6a97efd532473fb6b5e7fab758f46861051c96d90352/logs/events/event_CORE_WORKER_421.log info ..."
time="2026-08-06T21:56:51Z" level=info msg="Prepare to get object log/cluster-history/raycluster/test-ns-md2s2/raycluster-historyserver/session_2026-08-06_14-35-51_963761_1/9431d235d70e6a97efd532473fb6b5e7fab758f46861051c96d90352/logs/events/event_CORE_WORKER_510.log info ..."
time="2026-08-06T21:56:51Z" level=info msg="Prepare to get object log/cluster-history/raycluster/test-ns-md2s2/raycluster-historyserver/session_2026-08-06_14-35-51_963761_1/9431d235d70e6a97efd532473fb6b5e7fab758f46861051c96d90352/logs/events/event_CORE_WORKER_515.log info ..."
time="2026-08-06T21:56:51Z" level=info msg="Prepare to get object log/cluster-history/raycluster/test-ns-md2s2/raycluster-historyserver/session_2026-08-06_14-35-51_963761_1/9431d235d70e6a97efd532473fb6b5e7fab758f46861051c96d90352/logs/events/event_CORE_WORKER_589.log info ..."
time="2026-08-06T21:56:51Z" level=info msg="Prepare to get object log/cluster-history/raycluster/test-ns-md2s2/raycluster-historyserver/session_2026-08-06_14-35-51_963761_1/9431d235d70e6a97efd532473fb6b5e7fab758f46861051c96d90352/logs/events/event_CORE_WORKER_610.log info ..."
time="2026-08-06T21:56:51Z" level=info msg="Prepare to get object log/cluster-history/raycluster/test-ns-md2s2/raycluster-historyserver/session_2026-08-06_14-35-51_963761_1/9431d235d70e6a97efd532473fb6b5e7fab758f46861051c96d90352/logs/events/event_CORE_WORKER_683.log info ..."
time="2026-08-06T21:56:51Z" level=info msg="Prepare to get object log/cluster-history/raycluster/test-ns-md2s2/raycluster-historyserver/session_2026-08-06_14-35-51_963761_1/9431d235d70e6a97efd532473fb6b5e7fab758f46861051c96d90352/logs/events/event_RAYLET.log info ..."
time="2026-08-06T21:56:51Z" level=info msg="[ListFiles]Returned objects in log/cluster-history/raycluster/test-ns-md2s2/raycluster-historyserver/session_2026-08-06_14-35-51_963761_1/fetched_endpoints/logs/events/. length of page.Contents: 0, length of page.CommonPrefixes: 0"
time="2026-08-06T21:56:51Z" level=info msg="[ListFiles]Returned objects in log/cluster-history/raycluster/test-ns-md2s2/raycluster-historyserver/session_2026-08-06_14-35-51_963761_1/. length of page.Contents: 0, length of page.CommonPrefixes: 3"
time="2026-08-06T21:56:51Z" level=info msg="[ListFiles]Returned objects in log/cluster-history/raycluster/test-ns-md2s2/raycluster-historyserver/session_2026-08-06_14-35-51_963761_1/233e17c28342cf36fd1d41ccb4c405d03155629dd63bee783cf1378e/job_events/. length of page.Contents: 0, length of page.CommonPrefixes: 4"
time="2026-08-06T21:56:51Z" level=info msg="[ListFiles]Returned objects in log/cluster-history/raycluster/test-ns-md2s2/raycluster-historyserver/session_2026-08-06_14-35-51_963761_1/233e17c28342cf36fd1d41ccb4c405d03155629dd63bee783cf1378e/job_events/01000000/. length of page.Contents: 2, length of page.CommonPrefixes: 0"
time="2026-08-06T21:56:51Z" level=info msg="[ListFiles]Returned objects in log/cluster-history/raycluster/test-ns-md2s2/raycluster-historyserver/session_2026-08-06_14-35-51_963761_1/233e17c28342cf36fd1d41ccb4c405d03155629dd63bee783cf1378e/job_events/02000000/. length of page.Contents: 2, length of page.CommonPrefixes: 0"
time="2026-08-06T21:56:51Z" level=info msg="[ListFiles]Returned objects in log/cluster-history/raycluster/test-ns-md2s2/raycluster-historyserver/session_2026-08-06_14-35-51_963761_1/233e17c28342cf36fd1d41ccb4c405d03155629dd63bee783cf1378e/job_events/03000000/. length of page.Contents: 2, length of page.CommonPrefixes: 0"
time="2026-08-06T21:56:51Z" level=info msg="[ListFiles]Returned objects in log/cluster-history/raycluster/test-ns-md2s2/raycluster-historyserver/session_2026-08-06_14-35-51_963761_1/233e17c28342cf36fd1d41ccb4c405d03155629dd63bee783cf1378e/job_events/04000000/. length of page.Contents: 2, length of page.CommonPrefixes: 0"
time="2026-08-06T21:56:51Z" level=info msg="[ListFiles]Returned objects in log/cluster-history/raycluster/test-ns-md2s2/raycluster-historyserver/session_2026-08-06_14-35-51_963761_1/9431d235d70e6a97efd532473fb6b5e7fab758f46861051c96d90352/job_events/. length of page.Contents: 0, length of page.CommonPrefixes: 1"
time="2026-08-06T21:56:51Z" level=info msg="[ListFiles]Returned objects in log/cluster-history/raycluster/test-ns-md2s2/raycluster-historyserver/session_2026-08-06_14-35-51_963761_1/9431d235d70e6a97efd532473fb6b5e7fab758f46861051c96d90352/job_events/03000000/. length of page.Contents: 2, length of page.CommonPrefixes: 0"
time="2026-08-06T21:56:51Z" level=info msg="[ListFiles]Returned objects in log/cluster-history/raycluster/test-ns-md2s2/raycluster-historyserver/session_2026-08-06_14-35-51_963761_1/fetched_endpoints/job_events/. length of page.Contents: 0, length of page.CommonPrefixes: 0"
time="2026-08-06T21:56:51Z" level=info msg="[ListFiles]Returned objects in log/cluster-history/raycluster/test-ns-md2s2/raycluster-historyserver/session_2026-08-06_14-35-51_963761_1/. length of page.Contents: 0, length of page.CommonPrefixes: 3"
time="2026-08-06T21:56:51Z" level=info msg="[ListFiles]Returned objects in log/cluster-history/raycluster/test-ns-md2s2/raycluster-historyserver/session_2026-08-06_14-35-51_963761_1/233e17c28342cf36fd1d41ccb4c405d03155629dd63bee783cf1378e/node_events/. length of page.Contents: 2, length of page.CommonPrefixes: 0"
time="2026-08-06T21:56:51Z" level=info msg="[ListFiles]Returned objects in log/cluster-history/raycluster/test-ns-md2s2/raycluster-historyserver/session_2026-08-06_14-35-51_963761_1/9431d235d70e6a97efd532473fb6b5e7fab758f46861051c96d90352/node_events/. length of page.Contents: 0, length of page.CommonPrefixes: 0"
time="2026-08-06T21:56:51Z" level=info msg="[ListFiles]Returned objects in log/cluster-history/raycluster/test-ns-md2s2/raycluster-historyserver/session_2026-08-06_14-35-51_963761_1/fetched_endpoints/node_events/. length of page.Contents: 0, length of page.CommonPrefixes: 0"
time="2026-08-06T21:56:51Z" level=info msg="Prepare to get object log/cluster-history/raycluster/test-ns-md2s2/raycluster-historyserver/session_2026-08-06_14-35-51_963761_1/233e17c28342cf36fd1d41ccb4c405d03155629dd63bee783cf1378e/job_events/01000000/233e17c28342cf36fd1d41ccb4c405d03155629dd63bee783cf1378e-2026-08-06-21-1786052157192018385.jsonl info ..."
time="2026-08-06T21:56:51Z" level=info msg="Prepare to get object log/cluster-history/raycluster/test-ns-md2s2/raycluster-historyserver/session_2026-08-06_14-35-51_963761_1/233e17c28342cf36fd1d41ccb4c405d03155629dd63bee783cf1378e/job_events/02000000/233e17c28342cf36fd1d41ccb4c405d03155629dd63bee783cf1378e-2026-08-06-21-1786052176255445838.jsonl info ..."
time="2026-08-06T21:56:51Z" level=info msg="Prepare to get object log/cluster-history/raycluster/test-ns-md2s2/raycluster-historyserver/session_2026-08-06_14-35-51_963761_1/233e17c28342cf36fd1d41ccb4c405d03155629dd63bee783cf1378e/job_events/03000000/233e17c28342cf36fd1d41ccb4c405d03155629dd63bee783cf1378e-2026-08-06-21-1786052177259732380.jsonl info ..."
gc 5 @2.777s 0%: 0.16+6.5+0.057 ms clock, 0.49+0.83/3.3/10+0.17 ms cpu, 13->13->10 MB, 14 MB goal, 0 MB stacks, 0 MB globals, 3 P
gc 6 @2.796s 0%: 0.16+11+0.037 ms clock, 0.50+0/9.3/7.5+0.11 ms cpu, 25->25->25 MB, 25 MB goal, 0 MB stacks, 0 MB globals, 3 P
gc 7 @2.843s 0%: 0.14+13+0.042 ms clock, 0.42+0/4.4/17+0.12 ms cpu, 69->69->69 MB, 69 MB goal, 0 MB stacks, 0 MB globals, 3 P
gc 8 @2.901s 0%: 0.44+36+1.1 ms clock, 1.3+1.3/9.4/30+3.5 ms cpu, 187->195->102 MB, 187 MB goal, 0 MB stacks, 0 MB globals, 3 P
gc 9 @2.972s 0%: 0.13+18+0.19 ms clock, 0.41+0.067/8.0/14+0.59 ms cpu, 187->187->187 MB, 204 MB goal, 0 MB stacks, 0 MB globals, 3 P
gc 10 @4.542s 0%: 0.13+62+0.16 ms clock, 0.41+0.083/50/88+0.48 ms cpu, 357->358->159 MB, 375 MB goal, 0 MB stacks, 0 MB globals, 3 P
gc 11 @6.720s 1%: 0.15+136+0.070 ms clock, 0.45+0.086/118/190+0.21 ms cpu, 271->275->248 MB, 318 MB goal, 0 MB stacks, 0 MB globals, 3 P
gc 12 @10.156s 1%: 0.14+263+0.084 ms clock, 0.43+0.083/198/385+0.25 ms cpu, 423->430->387 MB, 497 MB goal, 0 MB stacks, 0 MB globals, 3 P
gc 13 @16.288s 1%: 0.16+371+0.062 ms clock, 0.48+0.091/313/530+0.18 ms cpu, 660->667->407 MB, 775 MB goal, 0 MB stacks, 0 MB globals, 3 P
time="2026-08-06T21:57:12Z" level=info msg="Prepare to get object log/cluster-history/raycluster/test-ns-md2s2/raycluster-historyserver/session_2026-08-06_14-35-51_963761_1/233e17c28342cf36fd1d41ccb4c405d03155629dd63bee783cf1378e/job_events/04000000/233e17c28342cf36fd1d41ccb4c405d03155629dd63bee783cf1378e-2026-08-06-21-1786052191213515220.jsonl info ..."
time="2026-08-06T21:57:12Z" level=info msg="Prepare to get object log/cluster-history/raycluster/test-ns-md2s2/raycluster-historyserver/session_2026-08-06_14-35-51_963761_1/9431d235d70e6a97efd532473fb6b5e7fab758f46861051c96d90352/job_events/03000000/9431d235d70e6a97efd532473fb6b5e7fab758f46861051c96d90352-2026-08-06-21-1786052178370981047.jsonl info ..."
gc 14 @23.470s 1%: 0.15+418+0.10 ms clock, 0.47+39/331/626+0.30 ms cpu, 695->869->621 MB, 816 MB goal, 0 MB stacks, 0 MB globals, 3 P
gc 15 @29.972s 1%: 0.17+303+0.074 ms clock, 0.53+0.094/228/447+0.22 ms cpu, 1059->1067->365 MB, 1244 MB goal, 0 MB stacks, 0 MB globals, 3 P
time="2026-08-06T21:57:19Z" level=error msg="Failed to store events for file session_2026-08-06_14-35-51_963761_1/9431d235d70e6a97efd532473fb6b5e7fab758f46861051c96d90352/job_events/03000000/9431d235d70e6a97efd532473fb6b5e7fab758f46861051c96d90352-2026-08-06-21-1786052178370981047.jsonl: TASK_LIFECYCLE_EVENT must have at least one state transition"
time="2026-08-06T21:57:20Z" level=error msg="Failed to store events for file session_2026-08-06_14-35-51_963761_1/9431d235d70e6a97efd532473fb6b5e7fab758f46861051c96d90352/job_events/03000000/9431d235d70e6a97efd532473fb6b5e7fab758f46861051c96d90352-2026-08-06-21-1786052178370981047.jsonl: TASK_LIFECYCLE_EVENT must have at least one state transition"
time="2026-08-06T21:57:20Z" level=error msg="Failed to store events for file session_2026-08-06_14-35-51_963761_1/9431d235d70e6a97efd532473fb6b5e7fab758f46861051c96d90352/job_events/03000000/9431d235d70e6a97efd532473fb6b5e7fab758f46861051c96d90352-2026-08-06-21-1786052178370981047.jsonl: TASK_LIFECYCLE_EVENT must have at least one state transition"
time="2026-08-06T21:57:20Z" level=error msg="Failed to store events for file session_2026-08-06_14-35-51_963761_1/9431d235d70e6a97efd532473fb6b5e7fab758f46861051c96d90352/job_events/03000000/9431d235d70e6a97efd532473fb6b5e7fab758f46861051c96d90352-2026-08-06-21-1786052178370981047.jsonl: TASK_LIFECYCLE_EVENT must have at least one state transition"
time="2026-08-06T21:57:20Z" level=error msg="Failed to store events for file session_2026-08-06_14-35-51_963761_1/9431d235d70e6a97efd532473fb6b5e7fab758f46861051c96d90352/job_events/03000000/9431d235d70e6a97efd532473fb6b5e7fab758f46861051c96d90352-2026-08-06-21-1786052178370981047.jsonl: TASK_LIFECYCLE_EVENT must have at least one state transition"
time="2026-08-06T21:57:20Z" level=error msg="Failed to store events for file session_2026-08-06_14-35-51_963761_1/9431d235d70e6a97efd532473fb6b5e7fab758f46861051c96d90352/job_events/03000000/9431d235d70e6a97efd532473fb6b5e7fab758f46861051c96d90352-2026-08-06-21-1786052178370981047.jsonl: TASK_LIFECYCLE_EVENT must have at least one state transition"
time="2026-08-06T21:57:20Z" level=error msg="Failed to store events for file session_2026-08-06_14-35-51_963761_1/9431d235d70e6a97efd532473fb6b5e7fab758f46861051c96d90352/job_events/03000000/9431d235d70e6a97efd532473fb6b5e7fab758f46861051c96d90352-2026-08-06-21-1786052178370981047.jsonl: TASK_LIFECYCLE_EVENT must have at least one state transition"
time="2026-08-06T21:57:20Z" level=error msg="Failed to store events for file session_2026-08-06_14-35-51_963761_1/9431d235d70e6a97efd532473fb6b5e7fab758f46861051c96d90352/job_events/03000000/9431d235d70e6a97efd532473fb6b5e7fab758f46861051c96d90352-2026-08-06-21-1786052178370981047.jsonl: TASK_LIFECYCLE_EVENT must have at least one state transition"
time="2026-08-06T21:57:20Z" level=error msg="Failed to store events for file session_2026-08-06_14-35-51_963761_1/9431d235d70e6a97efd532473fb6b5e7fab758f46861051c96d90352/job_events/03000000/9431d235d70e6a97efd532473fb6b5e7fab758f46861051c96d90352-2026-08-06-21-1786052178370981047.jsonl: TASK_LIFECYCLE_EVENT must have at least one state transition"
time="2026-08-06T21:57:21Z" level=error msg="Failed to store events for file session_2026-08-06_14-35-51_963761_1/9431d235d70e6a97efd532473fb6b5e7fab758f46861051c96d90352/job_events/03000000/9431d235d70e6a97efd532473fb6b5e7fab758f46861051c96d90352-2026-08-06-21-1786052178370981047.jsonl: TASK_LIFECYCLE_EVENT must have at least one state transition"
time="2026-08-06T21:57:21Z" level=error msg="Failed to store events for file session_2026-08-06_14-35-51_963761_1/9431d235d70e6a97efd532473fb6b5e7fab758f46861051c96d90352/job_events/03000000/9431d235d70e6a97efd532473fb6b5e7fab758f46861051c96d90352-2026-08-06-21-1786052178370981047.jsonl: TASK_LIFECYCLE_EVENT must have at least one state transition"
time="2026-08-06T21:57:21Z" level=error msg="Failed to store events for file session_2026-08-06_14-35-51_963761_1/9431d235d70e6a97efd532473fb6b5e7fab758f46861051c96d90352/job_events/03000000/9431d235d70e6a97efd532473fb6b5e7fab758f46861051c96d90352-2026-08-06-21-1786052178370981047.jsonl: TASK_LIFECYCLE_EVENT must have at least one state transition"
time="2026-08-06T21:57:21Z" level=error msg="Failed to store events for file session_2026-08-06_14-35-51_963761_1/9431d235d70e6a97efd532473fb6b5e7fab758f46861051c96d90352/job_events/03000000/9431d235d70e6a97efd532473fb6b5e7fab758f46861051c96d90352-2026-08-06-21-1786052178370981047.jsonl: TASK_LIFECYCLE_EVENT must have at least one state transition"
time="2026-08-06T21:57:22Z" level=error msg="Failed to store events for file session_2026-08-06_14-35-51_963761_1/9431d235d70e6a97efd532473fb6b5e7fab758f46861051c96d90352/job_events/03000000/9431d235d70e6a97efd532473fb6b5e7fab758f46861051c96d90352-2026-08-06-21-1786052178370981047.jsonl: TASK_LIFECYCLE_EVENT must have at least one state transition"
time="2026-08-06T21:57:22Z" level=error msg="Failed to store events for file session_2026-08-06_14-35-51_963761_1/9431d235d70e6a97efd532473fb6b5e7fab758f46861051c96d90352/job_events/03000000/9431d235d70e6a97efd532473fb6b5e7fab758f46861051c96d90352-2026-08-06-21-1786052178370981047.jsonl: TASK_LIFECYCLE_EVENT must have at least one state transition"
time="2026-08-06T21:57:22Z" level=error msg="Failed to store events for file session_2026-08-06_14-35-51_963761_1/9431d235d70e6a97efd532473fb6b5e7fab758f46861051c96d90352/job_events/03000000/9431d235d70e6a97efd532473fb6b5e7fab758f46861051c96d90352-2026-08-06-21-1786052178370981047.jsonl: TASK_LIFECYCLE_EVENT must have at least one state transition"
time="2026-08-06T21:57:22Z" level=error msg="Failed to store events for file session_2026-08-06_14-35-51_963761_1/9431d235d70e6a97efd532473fb6b5e7fab758f46861051c96d90352/job_events/03000000/9431d235d70e6a97efd532473fb6b5e7fab758f46861051c96d90352-2026-08-06-21-1786052178370981047.jsonl: TASK_LIFECYCLE_EVENT must have at least one state transition"
time="2026-08-06T21:57:22Z" level=error msg="Failed to store events for file session_2026-08-06_14-35-51_963761_1/9431d235d70e6a97efd532473fb6b5e7fab758f46861051c96d90352/job_events/03000000/9431d235d70e6a97efd532473fb6b5e7fab758f46861051c96d90352-2026-08-06-21-1786052178370981047.jsonl: TASK_LIFECYCLE_EVENT must have at least one state transition"
time="2026-08-06T21:57:22Z" level=error msg="Failed to store events for file session_2026-08-06_14-35-51_963761_1/9431d235d70e6a97efd532473fb6b5e7fab758f46861051c96d90352/job_events/03000000/9431d235d70e6a97efd532473fb6b5e7fab758f46861051c96d90352-2026-08-06-21-1786052178370981047.jsonl: TASK_LIFECYCLE_EVENT must have at least one state transition"
time="2026-08-06T21:57:22Z" level=error msg="Failed to store events for file session_2026-08-06_14-35-51_963761_1/9431d235d70e6a97efd532473fb6b5e7fab758f46861051c96d90352/job_events/03000000/9431d235d70e6a97efd532473fb6b5e7fab758f46861051c96d90352-2026-08-06-21-1786052178370981047.jsonl: TASK_LIFECYCLE_EVENT must have at least one state transition"
time="2026-08-06T21:57:22Z" level=error msg="Failed to store events for file session_2026-08-06_14-35-51_963761_1/9431d235d70e6a97efd532473fb6b5e7fab758f46861051c96d90352/job_events/03000000/9431d235d70e6a97efd532473fb6b5e7fab758f46861051c96d90352-2026-08-06-21-1786052178370981047.jsonl: TASK_LIFECYCLE_EVENT must have at least one state transition"
time="2026-08-06T21:57:23Z" level=error msg="Failed to store events for file session_2026-08-06_14-35-51_963761_1/9431d235d70e6a97efd532473fb6b5e7fab758f46861051c96d90352/job_events/03000000/9431d235d70e6a97efd532473fb6b5e7fab758f46861051c96d90352-2026-08-06-21-1786052178370981047.jsonl: TASK_LIFECYCLE_EVENT must have at least one state transition"
time="2026-08-06T21:57:23Z" level=error msg="Failed to store events for file session_2026-08-06_14-35-51_963761_1/9431d235d70e6a97efd532473fb6b5e7fab758f46861051c96d90352/job_events/03000000/9431d235d70e6a97efd532473fb6b5e7fab758f46861051c96d90352-2026-08-06-21-1786052178370981047.jsonl: TASK_LIFECYCLE_EVENT must have at least one state transition"
time="2026-08-06T21:57:23Z" level=error msg="Failed to store events for file session_2026-08-06_14-35-51_963761_1/9431d235d70e6a97efd532473fb6b5e7fab758f46861051c96d90352/job_events/03000000/9431d235d70e6a97efd532473fb6b5e7fab758f46861051c96d90352-2026-08-06-21-1786052178370981047.jsonl: TASK_LIFECYCLE_EVENT must have at least one state transition"
time="2026-08-06T21:57:23Z" level=error msg="Failed to store events for file session_2026-08-06_14-35-51_963761_1/9431d235d70e6a97efd532473fb6b5e7fab758f46861051c96d90352/job_events/03000000/9431d235d70e6a97efd532473fb6b5e7fab758f46861051c96d90352-2026-08-06-21-1786052178370981047.jsonl: TASK_LIFECYCLE_EVENT must have at least one state transition"
time="2026-08-06T21:57:23Z" level=error msg="Failed to store events for file session_2026-08-06_14-35-51_963761_1/9431d235d70e6a97efd532473fb6b5e7fab758f46861051c96d90352/job_events/03000000/9431d235d70e6a97efd532473fb6b5e7fab758f46861051c96d90352-2026-08-06-21-1786052178370981047.jsonl: TASK_LIFECYCLE_EVENT must have at least one state transition"
time="2026-08-06T21:57:24Z" level=error msg="Failed to store events for file session_2026-08-06_14-35-51_963761_1/9431d235d70e6a97efd532473fb6b5e7fab758f46861051c96d90352/job_events/03000000/9431d235d70e6a97efd532473fb6b5e7fab758f46861051c96d90352-2026-08-06-21-1786052178370981047.jsonl: TASK_LIFECYCLE_EVENT must have at least one state transition"
time="2026-08-06T21:57:24Z" level=error msg="Failed to store events for file session_2026-08-06_14-35-51_963761_1/9431d235d70e6a97efd532473fb6b5e7fab758f46861051c96d90352/job_events/03000000/9431d235d70e6a97efd532473fb6b5e7fab758f46861051c96d90352-2026-08-06-21-1786052178370981047.jsonl: TASK_LIFECYCLE_EVENT must have at least one state transition"
time="2026-08-06T21:57:24Z" level=error msg="Failed to store events for file session_2026-08-06_14-35-51_963761_1/9431d235d70e6a97efd532473fb6b5e7fab758f46861051c96d90352/job_events/03000000/9431d235d70e6a97efd532473fb6b5e7fab758f46861051c96d90352-2026-08-06-21-1786052178370981047.jsonl: TASK_LIFECYCLE_EVENT must have at least one state transition"
time="2026-08-06T21:57:24Z" level=error msg="Failed to store events for file session_2026-08-06_14-35-51_963761_1/9431d235d70e6a97efd532473fb6b5e7fab758f46861051c96d90352/job_events/03000000/9431d235d70e6a97efd532473fb6b5e7fab758f46861051c96d90352-2026-08-06-21-1786052178370981047.jsonl: TASK_LIFECYCLE_EVENT must have at least one state transition"
time="2026-08-06T21:57:24Z" level=error msg="Failed to store events for file session_2026-08-06_14-35-51_963761_1/9431d235d70e6a97efd532473fb6b5e7fab758f46861051c96d90352/job_events/03000000/9431d235d70e6a97efd532473fb6b5e7fab758f46861051c96d90352-2026-08-06-21-1786052178370981047.jsonl: TASK_LIFECYCLE_EVENT must have at least one state transition"
time="2026-08-06T21:57:24Z" level=error msg="Failed to store events for file session_2026-08-06_14-35-51_963761_1/9431d235d70e6a97efd532473fb6b5e7fab758f46861051c96d90352/job_events/03000000/9431d235d70e6a97efd532473fb6b5e7fab758f46861051c96d90352-2026-08-06-21-1786052178370981047.jsonl: TASK_LIFECYCLE_EVENT must have at least one state transition"
time="2026-08-06T21:57:24Z" level=error msg="Failed to store events for file session_2026-08-06_14-35-51_963761_1/9431d235d70e6a97efd532473fb6b5e7fab758f46861051c96d90352/job_events/03000000/9431d235d70e6a97efd532473fb6b5e7fab758f46861051c96d90352-2026-08-06-21-1786052178370981047.jsonl: TASK_LIFECYCLE_EVENT must have at least one state transition"
time="2026-08-06T21:57:24Z" level=error msg="Failed to store events for file session_2026-08-06_14-35-51_963761_1/9431d235d70e6a97efd532473fb6b5e7fab758f46861051c96d90352/job_events/03000000/9431d235d70e6a97efd532473fb6b5e7fab758f46861051c96d90352-2026-08-06-21-1786052178370981047.jsonl: TASK_LIFECYCLE_EVENT must have at least one state transition"
time="2026-08-06T21:57:25Z" level=error msg="Failed to store events for file session_2026-08-06_14-35-51_963761_1/9431d235d70e6a97efd532473fb6b5e7fab758f46861051c96d90352/job_events/03000000/9431d235d70e6a97efd532473fb6b5e7fab758f46861051c96d90352-2026-08-06-21-1786052178370981047.jsonl: TASK_LIFECYCLE_EVENT must have at least one state transition"
time="2026-08-06T21:57:25Z" level=error msg="Failed to store events for file session_2026-08-06_14-35-51_963761_1/9431d235d70e6a97efd532473fb6b5e7fab758f46861051c96d90352/job_events/03000000/9431d235d70e6a97efd532473fb6b5e7fab758f46861051c96d90352-2026-08-06-21-1786052178370981047.jsonl: TASK_LIFECYCLE_EVENT must have at least one state transition"
time="2026-08-06T21:57:25Z" level=error msg="Failed to store events for file session_2026-08-06_14-35-51_963761_1/9431d235d70e6a97efd532473fb6b5e7fab758f46861051c96d90352/job_events/03000000/9431d235d70e6a97efd532473fb6b5e7fab758f46861051c96d90352-2026-08-06-21-1786052178370981047.jsonl: TASK_LIFECYCLE_EVENT must have at least one state transition"
gc 16 @36.727s 1%: 0.17+340+0.12 ms clock, 0.53+0.085/247/509+0.37 ms cpu, 622->629->342 MB, 731 MB goal, 0 MB stacks, 0 MB globals, 3 P
time="2026-08-06T21:57:26Z" level=error msg="Failed to store events for file session_2026-08-06_14-35-51_963761_1/9431d235d70e6a97efd532473fb6b5e7fab758f46861051c96d90352/job_events/03000000/9431d235d70e6a97efd532473fb6b5e7fab758f46861051c96d90352-2026-08-06-21-1786052178370981047.jsonl: TASK_LIFECYCLE_EVENT must have at least one state transition"
time="2026-08-06T21:57:26Z" level=error msg="Failed to store events for file session_2026-08-06_14-35-51_963761_1/9431d235d70e6a97efd532473fb6b5e7fab758f46861051c96d90352/job_events/03000000/9431d235d70e6a97efd532473fb6b5e7fab758f46861051c96d90352-2026-08-06-21-1786052178370981047.jsonl: TASK_LIFECYCLE_EVENT must have at least one state transition"
time="2026-08-06T21:57:26Z" level=error msg="Failed to store events for file session_2026-08-06_14-35-51_963761_1/9431d235d70e6a97efd532473fb6b5e7fab758f46861051c96d90352/job_events/03000000/9431d235d70e6a97efd532473fb6b5e7fab758f46861051c96d90352-2026-08-06-21-1786052178370981047.jsonl: TASK_LIFECYCLE_EVENT must have at least one state transition"
time="2026-08-06T21:57:26Z" level=error msg="Failed to store events for file session_2026-08-06_14-35-51_963761_1/9431d235d70e6a97efd532473fb6b5e7fab758f46861051c96d90352/job_events/03000000/9431d235d70e6a97efd532473fb6b5e7fab758f46861051c96d90352-2026-08-06-21-1786052178370981047.jsonl: TASK_LIFECYCLE_EVENT must have at least one state transition"
time="2026-08-06T21:57:27Z" level=error msg="Failed to store events for file session_2026-08-06_14-35-51_963761_1/9431d235d70e6a97efd532473fb6b5e7fab758f46861051c96d90352/job_events/03000000/9431d235d70e6a97efd532473fb6b5e7fab758f46861051c96d90352-2026-08-06-21-1786052178370981047.jsonl: TASK_LIFECYCLE_EVENT must have at least one state transition"
time="2026-08-06T21:57:27Z" level=error msg="Failed to store events for file session_2026-08-06_14-35-51_963761_1/9431d235d70e6a97efd532473fb6b5e7fab758f46861051c96d90352/job_events/03000000/9431d235d70e6a97efd532473fb6b5e7fab758f46861051c96d90352-2026-08-06-21-1786052178370981047.jsonl: TASK_LIFECYCLE_EVENT must have at least one state transition"
time="2026-08-06T21:57:27Z" level=error msg="Failed to store events for file session_2026-08-06_14-35-51_963761_1/9431d235d70e6a97efd532473fb6b5e7fab758f46861051c96d90352/job_events/03000000/9431d235d70e6a97efd532473fb6b5e7fab758f46861051c96d90352-2026-08-06-21-1786052178370981047.jsonl: TASK_LIFECYCLE_EVENT must have at least one state transition"
time="2026-08-06T21:57:27Z" level=info msg="Prepare to get object log/cluster-history/raycluster/test-ns-md2s2/raycluster-historyserver/session_2026-08-06_14-35-51_963761_1/233e17c28342cf36fd1d41ccb4c405d03155629dd63bee783cf1378e/node_events/233e17c28342cf36fd1d41ccb4c405d03155629dd63bee783cf1378e-2026-08-06-21-1786052156520112551.jsonl info ..."
time="2026-08-06T21:57:28Z" level=info msg="Received request: GET /enter_cluster/test-ns-md2s2/raycluster/raycluster-historyserver/session_2026-08-06_14-35-51_963761_1"
time="2026-08-06T21:57:28Z" level=info msg="[List]Returned objects in log/cluster-metadata/. length of page.Contents: 2, length of page.CommonPrefixes: 0"
time="2026-08-06T21:57:28Z" level=error msg="Failed to parse meta file path: log/cluster-metadata/raycluster/test-ns-md2s2_raycluster-historyserver/, error: invalid path segment count for cluster metadata structure: log/cluster-metadata/raycluster/test-ns-md2s2_raycluster-historyserver/"
time="2026-08-06T21:57:28Z" level=info msg="Parsed cluster raycluster-historyserver for session session_2026-08-06_14-35-51_963761_1 to list"
time="2026-08-06T21:57:28Z" level=info msg="Received request: GET /api/v0/tasks?limit=50000"
time="2026-08-06T21:57:28Z" level=info msg="Request URL /api/v0/tasks?limit=50000"
time="2026-08-06T21:57:28Z" level=info msg="Received request: GET /api/v0/tasks?limit=50000"
time="2026-08-06T21:57:28Z" level=info msg="Request URL /api/v0/tasks?limit=50000"
time="2026-08-06T21:57:28Z" level=info msg="Received request: GET /api/v0/tasks?limit=50000"
time="2026-08-06T21:57:28Z" level=info msg="Request URL /api/v0/tasks?limit=50000"
time="2026-08-06T21:57:28Z" level=info msg="Received request: GET /api/v0/tasks/summarize"
time="2026-08-06T21:57:28Z" level=info msg="Request URL /api/v0/tasks/summarize"
gc 17 @39.933s 1%: 0.22+137+0.080 ms clock, 0.67+0/90/159+0.24 ms cpu, 587->614->153 MB, 685 MB goal, 0 MB stacks, 0 MB globals, 3 P
time="2026-08-06T21:57:29Z" level=info msg="Received request: GET /api/v0/tasks/summarize"
time="2026-08-06T21:57:29Z" level=info msg="Request URL /api/v0/tasks/summarize"
gc 18 @40.383s 1%: 0.20+126+0.097 ms clock, 0.60+0/105/154+0.29 ms cpu, 263->286->149 MB, 307 MB goal, 0 MB stacks, 0 MB globals, 3 P
time="2026-08-06T21:57:29Z" level=info msg="Received request: GET /api/v0/tasks/summarize"
time="2026-08-06T21:57:29Z" level=info msg="Request URL /api/v0/tasks/summarize"
gc 19 @40.775s 1%: 0.17+129+0.095 ms clock, 0.53+0/105/160+0.28 ms cpu, 259->282->149 MB, 299 MB goal, 0 MB stacks, 0 MB globals, 3 P
time="2026-08-06T21:57:30Z" level=info msg="Received request: GET /api/jobs/"
time="2026-08-06T21:57:30Z" level=info msg="Request URL /api/jobs/"
time="2026-08-06T21:57:30Z" level=info msg="Received request: GET /api/jobs/"
time="2026-08-06T21:57:30Z" level=info msg="Request URL /api/jobs/"
time="2026-08-06T21:57:30Z" level=info msg="Received request: GET /api/jobs/"
time="2026-08-06T21:57:30Z" level=info msg="Request URL /api/jobs/"
gc 20 @41.176s 1%: 0.66+101+0.21 ms clock, 1.9+0/55/130+0.65 ms cpu, 260->280->142 MB, 299 MB goal, 0 MB stacks, 0 MB globals, 3 P
time="2026-08-06T21:57:30Z" level=info msg="Request URL /nodes?view=summary"
time="2026-08-06T21:57:30Z" level=info msg="Request URL /nodes?view=summary"
time="2026-08-06T21:57:30Z" level=info msg="Request URL /nodes?view=summary"
time="2026-08-06T21:57:30Z" level=info msg="Request URL /events"
time="2026-08-06T21:57:30Z" level=info msg="Request URL /events"
gc 21 @41.335s 1%: 0.77+96+0.042 ms clock, 2.3+0/56/127+0.12 ms cpu, 243->244->121 MB, 284 MB goal, 0 MB stacks, 0 MB globals, 3 P
time="2026-08-06T21:57:30Z" level=info msg="Request URL /events"
