gc 1 @0.171s 3%: 1.3+16+1.2 ms clock, 2.6+2.7/5.6/6.4+2.5 ms cpu, 3->3->2 MB, 4 MB goal, 0 MB stacks, 0 MB globals, 2 P
gc 2 @0.276s 2%: 0.10+5.2+0.13 ms clock, 0.20+1.0/0.83/4.1+0.26 ms cpu, 5->5->3 MB, 5 MB goal, 0 MB stacks, 0 MB globals, 2 P
time="2026-08-06T19:35:52Z" level=info msg="create client manager successfully, clients: 1"
time="2026-08-06T19:35:52Z" level=info msg="Begin to create s3 client ..."
time="2026-08-06T19:35:52Z" level=info msg="Checking if bucket ray-historyserver exists..."
time="2026-08-06T19:35:52Z" level=info msg="Bucket ray-historyserver already exists"
time="2026-08-06T19:35:52Z" level=info msg="Clean logdir is logs"
gc 3 @0.467s 2%: 0.13+11+0.21 ms clock, 0.27+0.27/4.3/5.8+0.43 ms cpu, 8->8->5 MB, 8 MB goal, 0 MB stacks, 0 MB globals, 2 P
time="2026-08-06T19:35:52Z" level=info msg="Starting server on :8080"
time="2026-08-06T19:35:53Z" level=info msg="Received request: GET /readz"
time="2026-08-06T19:35:53Z" level=info msg="live clusters: []"
time="2026-08-06T19:35:53Z" level=info msg="[List]Returned objects in log/cluster-metadata/. length of page.Contents: 2, length of page.CommonPrefixes: 0"
time="2026-08-06T19:35:53Z" level=error msg="Failed to parse meta file path: log/cluster-metadata/raycluster/test-ns-dvc4g_raycluster-historyserver/, error: invalid path segment count for cluster metadata structure: log/cluster-metadata/raycluster/test-ns-dvc4g_raycluster-historyserver/"
time="2026-08-06T19:35:53Z" level=info msg="Parsed cluster raycluster-historyserver for session session_2026-08-06_12-34-12_451820_1 to list"
time="2026-08-06T19:35:53Z" level=info msg="live clusters: []"
time="2026-08-06T19:35:53Z" level=info msg="[List]Returned objects in log/cluster-metadata/. length of page.Contents: 2, length of page.CommonPrefixes: 0"
time="2026-08-06T19:35:53Z" level=error msg="Failed to parse meta file path: log/cluster-metadata/raycluster/test-ns-dvc4g_raycluster-historyserver/, error: invalid path segment count for cluster metadata structure: log/cluster-metadata/raycluster/test-ns-dvc4g_raycluster-historyserver/"
time="2026-08-06T19:35:53Z" level=info msg="Parsed cluster raycluster-historyserver for session session_2026-08-06_12-34-12_451820_1 to list"
time="2026-08-06T19:35:53Z" level=info msg="live clusters: []"
time="2026-08-06T19:35:53Z" level=info msg="[List]Returned objects in log/cluster-metadata/. length of page.Contents: 2, length of page.CommonPrefixes: 0"
time="2026-08-06T19:35:53Z" level=error msg="Failed to parse meta file path: log/cluster-metadata/raycluster/test-ns-dvc4g_raycluster-historyserver/, error: invalid path segment count for cluster metadata structure: log/cluster-metadata/raycluster/test-ns-dvc4g_raycluster-historyserver/"
time="2026-08-06T19:35:53Z" level=info msg="Parsed cluster raycluster-historyserver for session session_2026-08-06_12-34-12_451820_1 to list"
time="2026-08-06T19:35:53Z" level=info msg="live clusters: []"
time="2026-08-06T19:35:53Z" level=info msg="[List]Returned objects in log/cluster-metadata/. length of page.Contents: 2, length of page.CommonPrefixes: 0"
time="2026-08-06T19:35:53Z" level=error msg="Failed to parse meta file path: log/cluster-metadata/raycluster/test-ns-dvc4g_raycluster-historyserver/, error: invalid path segment count for cluster metadata structure: log/cluster-metadata/raycluster/test-ns-dvc4g_raycluster-historyserver/"
time="2026-08-06T19:35:53Z" level=info msg="Parsed cluster raycluster-historyserver for session session_2026-08-06_12-34-12_451820_1 to list"
time="2026-08-06T19:35:53Z" level=info msg="live clusters: []"
time="2026-08-06T19:35:53Z" level=info msg="[List]Returned objects in log/cluster-metadata/. length of page.Contents: 2, length of page.CommonPrefixes: 0"
time="2026-08-06T19:35:53Z" level=error msg="Failed to parse meta file path: log/cluster-metadata/raycluster/test-ns-dvc4g_raycluster-historyserver/, error: invalid path segment count for cluster metadata structure: log/cluster-metadata/raycluster/test-ns-dvc4g_raycluster-historyserver/"
time="2026-08-06T19:35:53Z" level=info msg="Parsed cluster raycluster-historyserver for session session_2026-08-06_12-34-12_451820_1 to list"
time="2026-08-06T19:35:53Z" level=info msg="Received request: GET /enter_cluster/test-ns-dvc4g/raycluster/raycluster-historyserver/session_2026-08-06_12-34-12_451820_1"
time="2026-08-06T19:35:53Z" level=info msg="[List]Returned objects in log/cluster-metadata/. length of page.Contents: 2, length of page.CommonPrefixes: 0"
time="2026-08-06T19:35:53Z" level=error msg="Failed to parse meta file path: log/cluster-metadata/raycluster/test-ns-dvc4g_raycluster-historyserver/, error: invalid path segment count for cluster metadata structure: log/cluster-metadata/raycluster/test-ns-dvc4g_raycluster-historyserver/"
time="2026-08-06T19:35:53Z" level=info msg="Parsed cluster raycluster-historyserver for session session_2026-08-06_12-34-12_451820_1 to list"
time="2026-08-06T19:35:53Z" level=info msg="[ListFiles]Returned objects in log/cluster-history/raycluster/test-ns-dvc4g/raycluster-historyserver/session_2026-08-06_12-34-12_451820_1/. length of page.Contents: 0, length of page.CommonPrefixes: 3"
time="2026-08-06T19:35:53Z" level=info msg="[ListFiles]Returned objects in log/cluster-history/raycluster/test-ns-dvc4g/raycluster-historyserver/session_2026-08-06_12-34-12_451820_1/4950ed230287db4dcc8d30314a954121e25da25c9500e67508d45957/logs/events/. length of page.Contents: 11, length of page.CommonPrefixes: 0"
time="2026-08-06T19:35:53Z" level=info msg="Prepare to get object log/cluster-history/raycluster/test-ns-dvc4g/raycluster-historyserver/session_2026-08-06_12-34-12_451820_1/4950ed230287db4dcc8d30314a954121e25da25c9500e67508d45957/logs/events/event_AUTOSCALER.log info ..."
time="2026-08-06T19:35:53Z" level=info msg="Prepare to get object log/cluster-history/raycluster/test-ns-dvc4g/raycluster-historyserver/session_2026-08-06_12-34-12_451820_1/4950ed230287db4dcc8d30314a954121e25da25c9500e67508d45957/logs/events/event_CORE_WORKER_1015.log info ..."
time="2026-08-06T19:35:53Z" level=info msg="Prepare to get object log/cluster-history/raycluster/test-ns-dvc4g/raycluster-historyserver/session_2026-08-06_12-34-12_451820_1/4950ed230287db4dcc8d30314a954121e25da25c9500e67508d45957/logs/events/event_CORE_WORKER_1170.log info ..."
time="2026-08-06T19:35:53Z" level=info msg="Prepare to get object log/cluster-history/raycluster/test-ns-dvc4g/raycluster-historyserver/session_2026-08-06_12-34-12_451820_1/4950ed230287db4dcc8d30314a954121e25da25c9500e67508d45957/logs/events/event_CORE_WORKER_199.log info ..."
time="2026-08-06T19:35:53Z" level=info msg="Prepare to get object log/cluster-history/raycluster/test-ns-dvc4g/raycluster-historyserver/session_2026-08-06_12-34-12_451820_1/4950ed230287db4dcc8d30314a954121e25da25c9500e67508d45957/logs/events/event_CORE_WORKER_204.log info ..."
time="2026-08-06T19:35:53Z" level=info msg="Prepare to get object log/cluster-history/raycluster/test-ns-dvc4g/raycluster-historyserver/session_2026-08-06_12-34-12_451820_1/4950ed230287db4dcc8d30314a954121e25da25c9500e67508d45957/logs/events/event_CORE_WORKER_673.log info ..."
time="2026-08-06T19:35:53Z" level=info msg="Prepare to get object log/cluster-history/raycluster/test-ns-dvc4g/raycluster-historyserver/session_2026-08-06_12-34-12_451820_1/4950ed230287db4dcc8d30314a954121e25da25c9500e67508d45957/logs/events/event_CORE_WORKER_959.log info ..."
time="2026-08-06T19:35:53Z" level=info msg="Prepare to get object log/cluster-history/raycluster/test-ns-dvc4g/raycluster-historyserver/session_2026-08-06_12-34-12_451820_1/4950ed230287db4dcc8d30314a954121e25da25c9500e67508d45957/logs/events/event_GCS.log info ..."
time="2026-08-06T19:35:53Z" level=info msg="Prepare to get object log/cluster-history/raycluster/test-ns-dvc4g/raycluster-historyserver/session_2026-08-06_12-34-12_451820_1/4950ed230287db4dcc8d30314a954121e25da25c9500e67508d45957/logs/events/event_JOBS.log info ..."
time="2026-08-06T19:35:53Z" level=info msg="Prepare to get object log/cluster-history/raycluster/test-ns-dvc4g/raycluster-historyserver/session_2026-08-06_12-34-12_451820_1/4950ed230287db4dcc8d30314a954121e25da25c9500e67508d45957/logs/events/event_RAYLET.log info ..."
time="2026-08-06T19:35:53Z" level=info msg="[ListFiles]Returned objects in log/cluster-history/raycluster/test-ns-dvc4g/raycluster-historyserver/session_2026-08-06_12-34-12_451820_1/c214e27c151477dfb50e5e22a616c51d498ff91d8a429add70f1b791/logs/events/. length of page.Contents: 13, length of page.CommonPrefixes: 0"
time="2026-08-06T19:35:53Z" level=info msg="Prepare to get object log/cluster-history/raycluster/test-ns-dvc4g/raycluster-historyserver/session_2026-08-06_12-34-12_451820_1/c214e27c151477dfb50e5e22a616c51d498ff91d8a429add70f1b791/logs/events/event_CORE_WORKER_228.log info ..."
time="2026-08-06T19:35:53Z" level=info msg="Prepare to get object log/cluster-history/raycluster/test-ns-dvc4g/raycluster-historyserver/session_2026-08-06_12-34-12_451820_1/c214e27c151477dfb50e5e22a616c51d498ff91d8a429add70f1b791/logs/events/event_CORE_WORKER_229.log info ..."
time="2026-08-06T19:35:53Z" level=info msg="Prepare to get object log/cluster-history/raycluster/test-ns-dvc4g/raycluster-historyserver/session_2026-08-06_12-34-12_451820_1/c214e27c151477dfb50e5e22a616c51d498ff91d8a429add70f1b791/logs/events/event_CORE_WORKER_314.log info ..."
time="2026-08-06T19:35:53Z" level=info msg="Prepare to get object log/cluster-history/raycluster/test-ns-dvc4g/raycluster-historyserver/session_2026-08-06_12-34-12_451820_1/c214e27c151477dfb50e5e22a616c51d498ff91d8a429add70f1b791/logs/events/event_CORE_WORKER_319.log info ..."
time="2026-08-06T19:35:53Z" level=info msg="Prepare to get object log/cluster-history/raycluster/test-ns-dvc4g/raycluster-historyserver/session_2026-08-06_12-34-12_451820_1/c214e27c151477dfb50e5e22a616c51d498ff91d8a429add70f1b791/logs/events/event_CORE_WORKER_399.log info ..."
time="2026-08-06T19:35:53Z" level=info msg="Prepare to get object log/cluster-history/raycluster/test-ns-dvc4g/raycluster-historyserver/session_2026-08-06_12-34-12_451820_1/c214e27c151477dfb50e5e22a616c51d498ff91d8a429add70f1b791/logs/events/event_CORE_WORKER_419.log info ..."
time="2026-08-06T19:35:53Z" level=info msg="Prepare to get object log/cluster-history/raycluster/test-ns-dvc4g/raycluster-historyserver/session_2026-08-06_12-34-12_451820_1/c214e27c151477dfb50e5e22a616c51d498ff91d8a429add70f1b791/logs/events/event_CORE_WORKER_495.log info ..."
time="2026-08-06T19:35:53Z" level=info msg="Prepare to get object log/cluster-history/raycluster/test-ns-dvc4g/raycluster-historyserver/session_2026-08-06_12-34-12_451820_1/c214e27c151477dfb50e5e22a616c51d498ff91d8a429add70f1b791/logs/events/event_CORE_WORKER_514.log info ..."
time="2026-08-06T19:35:53Z" level=info msg="Prepare to get object log/cluster-history/raycluster/test-ns-dvc4g/raycluster-historyserver/session_2026-08-06_12-34-12_451820_1/c214e27c151477dfb50e5e22a616c51d498ff91d8a429add70f1b791/logs/events/event_CORE_WORKER_594.log info ..."
time="2026-08-06T19:35:53Z" level=info msg="Prepare to get object log/cluster-history/raycluster/test-ns-dvc4g/raycluster-historyserver/session_2026-08-06_12-34-12_451820_1/c214e27c151477dfb50e5e22a616c51d498ff91d8a429add70f1b791/logs/events/event_CORE_WORKER_610.log info ..."
time="2026-08-06T19:35:53Z" level=info msg="Prepare to get object log/cluster-history/raycluster/test-ns-dvc4g/raycluster-historyserver/session_2026-08-06_12-34-12_451820_1/c214e27c151477dfb50e5e22a616c51d498ff91d8a429add70f1b791/logs/events/event_CORE_WORKER_696.log info ..."
time="2026-08-06T19:35:53Z" level=info msg="Prepare to get object log/cluster-history/raycluster/test-ns-dvc4g/raycluster-historyserver/session_2026-08-06_12-34-12_451820_1/c214e27c151477dfb50e5e22a616c51d498ff91d8a429add70f1b791/logs/events/event_RAYLET.log info ..."
time="2026-08-06T19:35:53Z" level=info msg="[ListFiles]Returned objects in log/cluster-history/raycluster/test-ns-dvc4g/raycluster-historyserver/session_2026-08-06_12-34-12_451820_1/fetched_endpoints/logs/events/. length of page.Contents: 0, length of page.CommonPrefixes: 0"
time="2026-08-06T19:35:53Z" level=info msg="[ListFiles]Returned objects in log/cluster-history/raycluster/test-ns-dvc4g/raycluster-historyserver/session_2026-08-06_12-34-12_451820_1/. length of page.Contents: 0, length of page.CommonPrefixes: 3"
time="2026-08-06T19:35:53Z" level=info msg="[ListFiles]Returned objects in log/cluster-history/raycluster/test-ns-dvc4g/raycluster-historyserver/session_2026-08-06_12-34-12_451820_1/4950ed230287db4dcc8d30314a954121e25da25c9500e67508d45957/job_events/. length of page.Contents: 0, length of page.CommonPrefixes: 4"
time="2026-08-06T19:35:53Z" level=info msg="[ListFiles]Returned objects in log/cluster-history/raycluster/test-ns-dvc4g/raycluster-historyserver/session_2026-08-06_12-34-12_451820_1/4950ed230287db4dcc8d30314a954121e25da25c9500e67508d45957/job_events/01000000/. length of page.Contents: 2, length of page.CommonPrefixes: 0"
time="2026-08-06T19:35:53Z" level=info msg="[ListFiles]Returned objects in log/cluster-history/raycluster/test-ns-dvc4g/raycluster-historyserver/session_2026-08-06_12-34-12_451820_1/4950ed230287db4dcc8d30314a954121e25da25c9500e67508d45957/job_events/02000000/. length of page.Contents: 2, length of page.CommonPrefixes: 0"
time="2026-08-06T19:35:53Z" level=info msg="[ListFiles]Returned objects in log/cluster-history/raycluster/test-ns-dvc4g/raycluster-historyserver/session_2026-08-06_12-34-12_451820_1/4950ed230287db4dcc8d30314a954121e25da25c9500e67508d45957/job_events/03000000/. length of page.Contents: 3, length of page.CommonPrefixes: 0"
time="2026-08-06T19:35:53Z" level=info msg="[ListFiles]Returned objects in log/cluster-history/raycluster/test-ns-dvc4g/raycluster-historyserver/session_2026-08-06_12-34-12_451820_1/4950ed230287db4dcc8d30314a954121e25da25c9500e67508d45957/job_events/04000000/. length of page.Contents: 2, length of page.CommonPrefixes: 0"
time="2026-08-06T19:35:53Z" level=info msg="[ListFiles]Returned objects in log/cluster-history/raycluster/test-ns-dvc4g/raycluster-historyserver/session_2026-08-06_12-34-12_451820_1/c214e27c151477dfb50e5e22a616c51d498ff91d8a429add70f1b791/job_events/. length of page.Contents: 0, length of page.CommonPrefixes: 1"
time="2026-08-06T19:35:53Z" level=info msg="[ListFiles]Returned objects in log/cluster-history/raycluster/test-ns-dvc4g/raycluster-historyserver/session_2026-08-06_12-34-12_451820_1/c214e27c151477dfb50e5e22a616c51d498ff91d8a429add70f1b791/job_events/03000000/. length of page.Contents: 2, length of page.CommonPrefixes: 0"
time="2026-08-06T19:35:53Z" level=info msg="[ListFiles]Returned objects in log/cluster-history/raycluster/test-ns-dvc4g/raycluster-historyserver/session_2026-08-06_12-34-12_451820_1/fetched_endpoints/job_events/. length of page.Contents: 0, length of page.CommonPrefixes: 0"
time="2026-08-06T19:35:53Z" level=info msg="[ListFiles]Returned objects in log/cluster-history/raycluster/test-ns-dvc4g/raycluster-historyserver/session_2026-08-06_12-34-12_451820_1/. length of page.Contents: 0, length of page.CommonPrefixes: 3"
gc 4 @1.735s 0%: 0.33+9.2+0.061 ms clock, 0.67+0.38/3.6/9.0+0.12 ms cpu, 11->11->6 MB, 12 MB goal, 0 MB stacks, 0 MB globals, 2 P
time="2026-08-06T19:35:53Z" level=info msg="[ListFiles]Returned objects in log/cluster-history/raycluster/test-ns-dvc4g/raycluster-historyserver/session_2026-08-06_12-34-12_451820_1/4950ed230287db4dcc8d30314a954121e25da25c9500e67508d45957/node_events/. length of page.Contents: 2, length of page.CommonPrefixes: 0"
time="2026-08-06T19:35:53Z" level=info msg="[ListFiles]Returned objects in log/cluster-history/raycluster/test-ns-dvc4g/raycluster-historyserver/session_2026-08-06_12-34-12_451820_1/c214e27c151477dfb50e5e22a616c51d498ff91d8a429add70f1b791/node_events/. length of page.Contents: 0, length of page.CommonPrefixes: 0"
time="2026-08-06T19:35:53Z" level=info msg="[ListFiles]Returned objects in log/cluster-history/raycluster/test-ns-dvc4g/raycluster-historyserver/session_2026-08-06_12-34-12_451820_1/fetched_endpoints/node_events/. length of page.Contents: 0, length of page.CommonPrefixes: 0"
time="2026-08-06T19:35:53Z" level=info msg="Prepare to get object log/cluster-history/raycluster/test-ns-dvc4g/raycluster-historyserver/session_2026-08-06_12-34-12_451820_1/4950ed230287db4dcc8d30314a954121e25da25c9500e67508d45957/job_events/01000000/4950ed230287db4dcc8d30314a954121e25da25c9500e67508d45957-2026-08-06-19-1786044857880227506.jsonl info ..."
time="2026-08-06T19:35:53Z" level=info msg="Prepare to get object log/cluster-history/raycluster/test-ns-dvc4g/raycluster-historyserver/session_2026-08-06_12-34-12_451820_1/4950ed230287db4dcc8d30314a954121e25da25c9500e67508d45957/job_events/02000000/4950ed230287db4dcc8d30314a954121e25da25c9500e67508d45957-2026-08-06-19-1786044875765411958.jsonl info ..."
time="2026-08-06T19:35:53Z" level=info msg="Prepare to get object log/cluster-history/raycluster/test-ns-dvc4g/raycluster-historyserver/session_2026-08-06_12-34-12_451820_1/4950ed230287db4dcc8d30314a954121e25da25c9500e67508d45957/job_events/03000000/4950ed230287db4dcc8d30314a954121e25da25c9500e67508d45957-2026-08-06-19-1786044875766031292.jsonl info ..."
gc 5 @1.775s 0%: 0.19+8.3+0.060 ms clock, 0.38+2.5/2.5/8.0+0.12 ms cpu, 16->16->15 MB, 16 MB goal, 0 MB stacks, 0 MB globals, 2 P
gc 6 @1.794s 0%: 0.14+11+0.033 ms clock, 0.28+0/5.5/9.6+0.066 ms cpu, 34->34->34 MB, 34 MB goal, 0 MB stacks, 0 MB globals, 2 P
gc 7 @1.819s 1%: 0.18+15+0.034 ms clock, 0.36+0/8.0/11+0.069 ms cpu, 69->69->69 MB, 69 MB goal, 0 MB stacks, 0 MB globals, 2 P
gc 8 @1.870s 1%: 0.14+12+0.089 ms clock, 0.28+0/6.7/10+0.17 ms cpu, 147->147->147 MB, 147 MB goal, 0 MB stacks, 0 MB globals, 2 P
gc 9 @1.917s 1%: 0.16+54+0.15 ms clock, 0.32+0/12/46+0.31 ms cpu, 359->365->154 MB, 360 MB goal, 0 MB stacks, 0 MB globals, 2 P
gc 10 @2.038s 1%: 0.16+13+0.042 ms clock, 0.32+2.4/5.1/10+0.085 ms cpu, 359->359->359 MB, 360 MB goal, 0 MB stacks, 0 MB globals, 2 P
gc 11 @5.418s 1%: 0.13+242+0.10 ms clock, 0.26+0.11/137/171+0.21 ms cpu, 705->712->312 MB, 720 MB goal, 0 MB stacks, 0 MB globals, 2 P
gc 12 @9.217s 2%: 0.13+537+0.083 ms clock, 0.27+0.10/266/399+0.16 ms cpu, 532->549->494 MB, 625 MB goal, 0 MB stacks, 0 MB globals, 2 P
gc 13 @15.262s 2%: 0.12+984+0.093 ms clock, 0.25+0.21/493/686+0.18 ms cpu, 842->867->630 MB, 989 MB goal, 0 MB stacks, 0 MB globals, 2 P
gc 14 @25.070s 3%: 0.15+1288+0.098 ms clock, 0.30+0.11/660/750+0.19 ms cpu, 1074->1110->716 MB, 1261 MB goal, 0 MB stacks, 0 MB globals, 2 P
time="2026-08-06T19:36:23Z" level=info msg="Prepare to get object log/cluster-history/raycluster/test-ns-dvc4g/raycluster-historyserver/session_2026-08-06_12-34-12_451820_1/4950ed230287db4dcc8d30314a954121e25da25c9500e67508d45957/job_events/03000000/4950ed230287db4dcc8d30314a954121e25da25c9500e67508d45957-2026-08-06-19-1786044918713575839.jsonl info ..."
gc 15 @32.992s 2%: 0.15+436+0.097 ms clock, 0.30+0.22/234/315+0.19 ms cpu, 1220->1234->246 MB, 1433 MB goal, 0 MB stacks, 0 MB globals, 2 P
gc 16 @37.422s 2%: 0.15+588+0.099 ms clock, 0.30+0.23/304/434+0.19 ms cpu, 460->473->304 MB, 493 MB goal, 0 MB stacks, 0 MB globals, 2 P
time="2026-08-06T19:36:30Z" level=info msg="Prepare to get object log/cluster-history/raycluster/test-ns-dvc4g/raycluster-historyserver/session_2026-08-06_12-34-12_451820_1/4950ed230287db4dcc8d30314a954121e25da25c9500e67508d45957/job_events/04000000/4950ed230287db4dcc8d30314a954121e25da25c9500e67508d45957-2026-08-06-19-1786044892035226841.jsonl info ..."
time="2026-08-06T19:36:30Z" level=info msg="Prepare to get object log/cluster-history/raycluster/test-ns-dvc4g/raycluster-historyserver/session_2026-08-06_12-34-12_451820_1/c214e27c151477dfb50e5e22a616c51d498ff91d8a429add70f1b791/job_events/03000000/c214e27c151477dfb50e5e22a616c51d498ff91d8a429add70f1b791-2026-08-06-19-1786044877631398584.jsonl info ..."
gc 17 @38.657s 3%: 0.21+266+0.084 ms clock, 0.43+144/158/173+0.16 ms cpu, 596->602->291 MB, 608 MB goal, 0 MB stacks, 0 MB globals, 2 P
gc 18 @39.064s 3%: 0.16+414+0.087 ms clock, 0.33+0.10/227/295+0.17 ms cpu, 554->566->298 MB, 583 MB goal, 0 MB stacks, 0 MB globals, 2 P
gc 19 @44.109s 3%: 0.17+888+0.080 ms clock, 0.35+0.11/454/489+0.16 ms cpu, 567->600->525 MB, 597 MB goal, 0 MB stacks, 0 MB globals, 2 P
time="2026-08-06T19:36:42Z" level=error msg="Failed to store events for file session_2026-08-06_12-34-12_451820_1/c214e27c151477dfb50e5e22a616c51d498ff91d8a429add70f1b791/job_events/03000000/c214e27c151477dfb50e5e22a616c51d498ff91d8a429add70f1b791-2026-08-06-19-1786044877631398584.jsonl: TASK_LIFECYCLE_EVENT must have at least one state transition"
time="2026-08-06T19:36:42Z" level=error msg="Failed to store events for file session_2026-08-06_12-34-12_451820_1/c214e27c151477dfb50e5e22a616c51d498ff91d8a429add70f1b791/job_events/03000000/c214e27c151477dfb50e5e22a616c51d498ff91d8a429add70f1b791-2026-08-06-19-1786044877631398584.jsonl: TASK_LIFECYCLE_EVENT must have at least one state transition"
time="2026-08-06T19:36:42Z" level=error msg="Failed to store events for file session_2026-08-06_12-34-12_451820_1/c214e27c151477dfb50e5e22a616c51d498ff91d8a429add70f1b791/job_events/03000000/c214e27c151477dfb50e5e22a616c51d498ff91d8a429add70f1b791-2026-08-06-19-1786044877631398584.jsonl: TASK_LIFECYCLE_EVENT must have at least one state transition"
time="2026-08-06T19:36:42Z" level=error msg="Failed to store events for file session_2026-08-06_12-34-12_451820_1/c214e27c151477dfb50e5e22a616c51d498ff91d8a429add70f1b791/job_events/03000000/c214e27c151477dfb50e5e22a616c51d498ff91d8a429add70f1b791-2026-08-06-19-1786044877631398584.jsonl: TASK_LIFECYCLE_EVENT must have at least one state transition"
time="2026-08-06T19:36:43Z" level=error msg="Failed to store events for file session_2026-08-06_12-34-12_451820_1/c214e27c151477dfb50e5e22a616c51d498ff91d8a429add70f1b791/job_events/03000000/c214e27c151477dfb50e5e22a616c51d498ff91d8a429add70f1b791-2026-08-06-19-1786044877631398584.jsonl: TASK_LIFECYCLE_EVENT must have at least one state transition"
time="2026-08-06T19:36:43Z" level=error msg="Failed to store events for file session_2026-08-06_12-34-12_451820_1/c214e27c151477dfb50e5e22a616c51d498ff91d8a429add70f1b791/job_events/03000000/c214e27c151477dfb50e5e22a616c51d498ff91d8a429add70f1b791-2026-08-06-19-1786044877631398584.jsonl: TASK_LIFECYCLE_EVENT must have at least one state transition"
time="2026-08-06T19:36:43Z" level=error msg="Failed to store events for file session_2026-08-06_12-34-12_451820_1/c214e27c151477dfb50e5e22a616c51d498ff91d8a429add70f1b791/job_events/03000000/c214e27c151477dfb50e5e22a616c51d498ff91d8a429add70f1b791-2026-08-06-19-1786044877631398584.jsonl: TASK_LIFECYCLE_EVENT must have at least one state transition"
time="2026-08-06T19:36:43Z" level=error msg="Failed to store events for file session_2026-08-06_12-34-12_451820_1/c214e27c151477dfb50e5e22a616c51d498ff91d8a429add70f1b791/job_events/03000000/c214e27c151477dfb50e5e22a616c51d498ff91d8a429add70f1b791-2026-08-06-19-1786044877631398584.jsonl: TASK_LIFECYCLE_EVENT must have at least one state transition"
time="2026-08-06T19:36:43Z" level=error msg="Failed to store events for file session_2026-08-06_12-34-12_451820_1/c214e27c151477dfb50e5e22a616c51d498ff91d8a429add70f1b791/job_events/03000000/c214e27c151477dfb50e5e22a616c51d498ff91d8a429add70f1b791-2026-08-06-19-1786044877631398584.jsonl: TASK_LIFECYCLE_EVENT must have at least one state transition"
time="2026-08-06T19:36:43Z" level=error msg="Failed to store events for file session_2026-08-06_12-34-12_451820_1/c214e27c151477dfb50e5e22a616c51d498ff91d8a429add70f1b791/job_events/03000000/c214e27c151477dfb50e5e22a616c51d498ff91d8a429add70f1b791-2026-08-06-19-1786044877631398584.jsonl: TASK_LIFECYCLE_EVENT must have at least one state transition"
time="2026-08-06T19:36:43Z" level=error msg="Failed to store events for file session_2026-08-06_12-34-12_451820_1/c214e27c151477dfb50e5e22a616c51d498ff91d8a429add70f1b791/job_events/03000000/c214e27c151477dfb50e5e22a616c51d498ff91d8a429add70f1b791-2026-08-06-19-1786044877631398584.jsonl: TASK_LIFECYCLE_EVENT must have at least one state transition"
time="2026-08-06T19:36:44Z" level=error msg="Failed to store events for file session_2026-08-06_12-34-12_451820_1/c214e27c151477dfb50e5e22a616c51d498ff91d8a429add70f1b791/job_events/03000000/c214e27c151477dfb50e5e22a616c51d498ff91d8a429add70f1b791-2026-08-06-19-1786044877631398584.jsonl: TASK_LIFECYCLE_EVENT must have at least one state transition"
time="2026-08-06T19:36:44Z" level=error msg="Failed to store events for file session_2026-08-06_12-34-12_451820_1/c214e27c151477dfb50e5e22a616c51d498ff91d8a429add70f1b791/job_events/03000000/c214e27c151477dfb50e5e22a616c51d498ff91d8a429add70f1b791-2026-08-06-19-1786044877631398584.jsonl: TASK_LIFECYCLE_EVENT must have at least one state transition"
time="2026-08-06T19:36:44Z" level=error msg="Failed to store events for file session_2026-08-06_12-34-12_451820_1/c214e27c151477dfb50e5e22a616c51d498ff91d8a429add70f1b791/job_events/03000000/c214e27c151477dfb50e5e22a616c51d498ff91d8a429add70f1b791-2026-08-06-19-1786044877631398584.jsonl: TASK_LIFECYCLE_EVENT must have at least one state transition"
time="2026-08-06T19:36:44Z" level=error msg="Failed to store events for file session_2026-08-06_12-34-12_451820_1/c214e27c151477dfb50e5e22a616c51d498ff91d8a429add70f1b791/job_events/03000000/c214e27c151477dfb50e5e22a616c51d498ff91d8a429add70f1b791-2026-08-06-19-1786044877631398584.jsonl: TASK_LIFECYCLE_EVENT must have at least one state transition"
time="2026-08-06T19:36:44Z" level=error msg="Failed to store events for file session_2026-08-06_12-34-12_451820_1/c214e27c151477dfb50e5e22a616c51d498ff91d8a429add70f1b791/job_events/03000000/c214e27c151477dfb50e5e22a616c51d498ff91d8a429add70f1b791-2026-08-06-19-1786044877631398584.jsonl: TASK_LIFECYCLE_EVENT must have at least one state transition"
time="2026-08-06T19:36:44Z" level=error msg="Failed to store events for file session_2026-08-06_12-34-12_451820_1/c214e27c151477dfb50e5e22a616c51d498ff91d8a429add70f1b791/job_events/03000000/c214e27c151477dfb50e5e22a616c51d498ff91d8a429add70f1b791-2026-08-06-19-1786044877631398584.jsonl: TASK_LIFECYCLE_EVENT must have at least one state transition"
time="2026-08-06T19:36:44Z" level=error msg="Failed to store events for file session_2026-08-06_12-34-12_451820_1/c214e27c151477dfb50e5e22a616c51d498ff91d8a429add70f1b791/job_events/03000000/c214e27c151477dfb50e5e22a616c51d498ff91d8a429add70f1b791-2026-08-06-19-1786044877631398584.jsonl: TASK_LIFECYCLE_EVENT must have at least one state transition"
time="2026-08-06T19:36:45Z" level=error msg="Failed to store events for file session_2026-08-06_12-34-12_451820_1/c214e27c151477dfb50e5e22a616c51d498ff91d8a429add70f1b791/job_events/03000000/c214e27c151477dfb50e5e22a616c51d498ff91d8a429add70f1b791-2026-08-06-19-1786044877631398584.jsonl: TASK_LIFECYCLE_EVENT must have at least one state transition"
time="2026-08-06T19:36:45Z" level=error msg="Failed to store events for file session_2026-08-06_12-34-12_451820_1/c214e27c151477dfb50e5e22a616c51d498ff91d8a429add70f1b791/job_events/03000000/c214e27c151477dfb50e5e22a616c51d498ff91d8a429add70f1b791-2026-08-06-19-1786044877631398584.jsonl: TASK_LIFECYCLE_EVENT must have at least one state transition"
gc 20 @53.266s 3%: 0.16+1184+0.079 ms clock, 0.32+0.11/618/861+0.15 ms cpu, 982->1010->664 MB, 1052 MB goal, 0 MB stacks, 0 MB globals, 2 P
time="2026-08-06T19:36:46Z" level=error msg="Failed to store events for file session_2026-08-06_12-34-12_451820_1/c214e27c151477dfb50e5e22a616c51d498ff91d8a429add70f1b791/job_events/03000000/c214e27c151477dfb50e5e22a616c51d498ff91d8a429add70f1b791-2026-08-06-19-1786044877631398584.jsonl: TASK_LIFECYCLE_EVENT must have at least one state transition"
time="2026-08-06T19:36:46Z" level=error msg="Failed to store events for file session_2026-08-06_12-34-12_451820_1/c214e27c151477dfb50e5e22a616c51d498ff91d8a429add70f1b791/job_events/03000000/c214e27c151477dfb50e5e22a616c51d498ff91d8a429add70f1b791-2026-08-06-19-1786044877631398584.jsonl: TASK_LIFECYCLE_EVENT must have at least one state transition"
time="2026-08-06T19:36:46Z" level=error msg="Failed to store events for file session_2026-08-06_12-34-12_451820_1/c214e27c151477dfb50e5e22a616c51d498ff91d8a429add70f1b791/job_events/03000000/c214e27c151477dfb50e5e22a616c51d498ff91d8a429add70f1b791-2026-08-06-19-1786044877631398584.jsonl: TASK_LIFECYCLE_EVENT must have at least one state transition"
time="2026-08-06T19:36:46Z" level=error msg="Failed to store events for file session_2026-08-06_12-34-12_451820_1/c214e27c151477dfb50e5e22a616c51d498ff91d8a429add70f1b791/job_events/03000000/c214e27c151477dfb50e5e22a616c51d498ff91d8a429add70f1b791-2026-08-06-19-1786044877631398584.jsonl: TASK_LIFECYCLE_EVENT must have at least one state transition"
time="2026-08-06T19:36:46Z" level=error msg="Failed to store events for file session_2026-08-06_12-34-12_451820_1/c214e27c151477dfb50e5e22a616c51d498ff91d8a429add70f1b791/job_events/03000000/c214e27c151477dfb50e5e22a616c51d498ff91d8a429add70f1b791-2026-08-06-19-1786044877631398584.jsonl: TASK_LIFECYCLE_EVENT must have at least one state transition"
time="2026-08-06T19:36:46Z" level=error msg="Failed to store events for file session_2026-08-06_12-34-12_451820_1/c214e27c151477dfb50e5e22a616c51d498ff91d8a429add70f1b791/job_events/03000000/c214e27c151477dfb50e5e22a616c51d498ff91d8a429add70f1b791-2026-08-06-19-1786044877631398584.jsonl: TASK_LIFECYCLE_EVENT must have at least one state transition"
time="2026-08-06T19:36:47Z" level=error msg="Failed to store events for file session_2026-08-06_12-34-12_451820_1/c214e27c151477dfb50e5e22a616c51d498ff91d8a429add70f1b791/job_events/03000000/c214e27c151477dfb50e5e22a616c51d498ff91d8a429add70f1b791-2026-08-06-19-1786044877631398584.jsonl: TASK_LIFECYCLE_EVENT must have at least one state transition"
time="2026-08-06T19:36:47Z" level=error msg="Failed to store events for file session_2026-08-06_12-34-12_451820_1/c214e27c151477dfb50e5e22a616c51d498ff91d8a429add70f1b791/job_events/03000000/c214e27c151477dfb50e5e22a616c51d498ff91d8a429add70f1b791-2026-08-06-19-1786044877631398584.jsonl: TASK_LIFECYCLE_EVENT must have at least one state transition"
time="2026-08-06T19:36:47Z" level=error msg="Failed to store events for file session_2026-08-06_12-34-12_451820_1/c214e27c151477dfb50e5e22a616c51d498ff91d8a429add70f1b791/job_events/03000000/c214e27c151477dfb50e5e22a616c51d498ff91d8a429add70f1b791-2026-08-06-19-1786044877631398584.jsonl: TASK_LIFECYCLE_EVENT must have at least one state transition"
time="2026-08-06T19:36:47Z" level=error msg="Failed to store events for file session_2026-08-06_12-34-12_451820_1/c214e27c151477dfb50e5e22a616c51d498ff91d8a429add70f1b791/job_events/03000000/c214e27c151477dfb50e5e22a616c51d498ff91d8a429add70f1b791-2026-08-06-19-1786044877631398584.jsonl: TASK_LIFECYCLE_EVENT must have at least one state transition"
time="2026-08-06T19:36:47Z" level=error msg="Failed to store events for file session_2026-08-06_12-34-12_451820_1/c214e27c151477dfb50e5e22a616c51d498ff91d8a429add70f1b791/job_events/03000000/c214e27c151477dfb50e5e22a616c51d498ff91d8a429add70f1b791-2026-08-06-19-1786044877631398584.jsonl: TASK_LIFECYCLE_EVENT must have at least one state transition"
time="2026-08-06T19:36:47Z" level=error msg="Failed to store events for file session_2026-08-06_12-34-12_451820_1/c214e27c151477dfb50e5e22a616c51d498ff91d8a429add70f1b791/job_events/03000000/c214e27c151477dfb50e5e22a616c51d498ff91d8a429add70f1b791-2026-08-06-19-1786044877631398584.jsonl: TASK_LIFECYCLE_EVENT must have at least one state transition"
time="2026-08-06T19:36:48Z" level=error msg="Failed to store events for file session_2026-08-06_12-34-12_451820_1/c214e27c151477dfb50e5e22a616c51d498ff91d8a429add70f1b791/job_events/03000000/c214e27c151477dfb50e5e22a616c51d498ff91d8a429add70f1b791-2026-08-06-19-1786044877631398584.jsonl: TASK_LIFECYCLE_EVENT must have at least one state transition"
time="2026-08-06T19:36:48Z" level=error msg="Failed to store events for file session_2026-08-06_12-34-12_451820_1/c214e27c151477dfb50e5e22a616c51d498ff91d8a429add70f1b791/job_events/03000000/c214e27c151477dfb50e5e22a616c51d498ff91d8a429add70f1b791-2026-08-06-19-1786044877631398584.jsonl: TASK_LIFECYCLE_EVENT must have at least one state transition"
time="2026-08-06T19:36:48Z" level=error msg="Failed to store events for file session_2026-08-06_12-34-12_451820_1/c214e27c151477dfb50e5e22a616c51d498ff91d8a429add70f1b791/job_events/03000000/c214e27c151477dfb50e5e22a616c51d498ff91d8a429add70f1b791-2026-08-06-19-1786044877631398584.jsonl: TASK_LIFECYCLE_EVENT must have at least one state transition"
time="2026-08-06T19:36:49Z" level=error msg="Failed to store events for file session_2026-08-06_12-34-12_451820_1/c214e27c151477dfb50e5e22a616c51d498ff91d8a429add70f1b791/job_events/03000000/c214e27c151477dfb50e5e22a616c51d498ff91d8a429add70f1b791-2026-08-06-19-1786044877631398584.jsonl: TASK_LIFECYCLE_EVENT must have at least one state transition"
time="2026-08-06T19:36:49Z" level=error msg="Failed to store events for file session_2026-08-06_12-34-12_451820_1/c214e27c151477dfb50e5e22a616c51d498ff91d8a429add70f1b791/job_events/03000000/c214e27c151477dfb50e5e22a616c51d498ff91d8a429add70f1b791-2026-08-06-19-1786044877631398584.jsonl: TASK_LIFECYCLE_EVENT must have at least one state transition"
time="2026-08-06T19:36:49Z" level=error msg="Failed to store events for file session_2026-08-06_12-34-12_451820_1/c214e27c151477dfb50e5e22a616c51d498ff91d8a429add70f1b791/job_events/03000000/c214e27c151477dfb50e5e22a616c51d498ff91d8a429add70f1b791-2026-08-06-19-1786044877631398584.jsonl: TASK_LIFECYCLE_EVENT must have at least one state transition"
time="2026-08-06T19:36:49Z" level=error msg="Failed to store events for file session_2026-08-06_12-34-12_451820_1/c214e27c151477dfb50e5e22a616c51d498ff91d8a429add70f1b791/job_events/03000000/c214e27c151477dfb50e5e22a616c51d498ff91d8a429add70f1b791-2026-08-06-19-1786044877631398584.jsonl: TASK_LIFECYCLE_EVENT must have at least one state transition"
time="2026-08-06T19:36:49Z" level=error msg="Failed to store events for file session_2026-08-06_12-34-12_451820_1/c214e27c151477dfb50e5e22a616c51d498ff91d8a429add70f1b791/job_events/03000000/c214e27c151477dfb50e5e22a616c51d498ff91d8a429add70f1b791-2026-08-06-19-1786044877631398584.jsonl: TASK_LIFECYCLE_EVENT must have at least one state transition"
time="2026-08-06T19:36:49Z" level=error msg="Failed to store events for file session_2026-08-06_12-34-12_451820_1/c214e27c151477dfb50e5e22a616c51d498ff91d8a429add70f1b791/job_events/03000000/c214e27c151477dfb50e5e22a616c51d498ff91d8a429add70f1b791-2026-08-06-19-1786044877631398584.jsonl: TASK_LIFECYCLE_EVENT must have at least one state transition"
time="2026-08-06T19:36:50Z" level=error msg="Failed to store events for file session_2026-08-06_12-34-12_451820_1/c214e27c151477dfb50e5e22a616c51d498ff91d8a429add70f1b791/job_events/03000000/c214e27c151477dfb50e5e22a616c51d498ff91d8a429add70f1b791-2026-08-06-19-1786044877631398584.jsonl: TASK_LIFECYCLE_EVENT must have at least one state transition"
time="2026-08-06T19:36:50Z" level=error msg="Failed to store events for file session_2026-08-06_12-34-12_451820_1/c214e27c151477dfb50e5e22a616c51d498ff91d8a429add70f1b791/job_events/03000000/c214e27c151477dfb50e5e22a616c51d498ff91d8a429add70f1b791-2026-08-06-19-1786044877631398584.jsonl: TASK_LIFECYCLE_EVENT must have at least one state transition"
time="2026-08-06T19:36:50Z" level=error msg="Failed to store events for file session_2026-08-06_12-34-12_451820_1/c214e27c151477dfb50e5e22a616c51d498ff91d8a429add70f1b791/job_events/03000000/c214e27c151477dfb50e5e22a616c51d498ff91d8a429add70f1b791-2026-08-06-19-1786044877631398584.jsonl: TASK_LIFECYCLE_EVENT must have at least one state transition"
time="2026-08-06T19:36:51Z" level=error msg="Failed to store events for file session_2026-08-06_12-34-12_451820_1/c214e27c151477dfb50e5e22a616c51d498ff91d8a429add70f1b791/job_events/03000000/c214e27c151477dfb50e5e22a616c51d498ff91d8a429add70f1b791-2026-08-06-19-1786044877631398584.jsonl: TASK_LIFECYCLE_EVENT must have at least one state transition"
time="2026-08-06T19:36:51Z" level=error msg="Failed to store events for file session_2026-08-06_12-34-12_451820_1/c214e27c151477dfb50e5e22a616c51d498ff91d8a429add70f1b791/job_events/03000000/c214e27c151477dfb50e5e22a616c51d498ff91d8a429add70f1b791-2026-08-06-19-1786044877631398584.jsonl: TASK_LIFECYCLE_EVENT must have at least one state transition"
time="2026-08-06T19:36:51Z" level=error msg="Failed to store events for file session_2026-08-06_12-34-12_451820_1/c214e27c151477dfb50e5e22a616c51d498ff91d8a429add70f1b791/job_events/03000000/c214e27c151477dfb50e5e22a616c51d498ff91d8a429add70f1b791-2026-08-06-19-1786044877631398584.jsonl: TASK_LIFECYCLE_EVENT must have at least one state transition"
time="2026-08-06T19:36:52Z" level=error msg="Failed to store events for file session_2026-08-06_12-34-12_451820_1/c214e27c151477dfb50e5e22a616c51d498ff91d8a429add70f1b791/job_events/03000000/c214e27c151477dfb50e5e22a616c51d498ff91d8a429add70f1b791-2026-08-06-19-1786044877631398584.jsonl: TASK_LIFECYCLE_EVENT must have at least one state transition"
time="2026-08-06T19:36:52Z" level=error msg="Failed to store events for file session_2026-08-06_12-34-12_451820_1/c214e27c151477dfb50e5e22a616c51d498ff91d8a429add70f1b791/job_events/03000000/c214e27c151477dfb50e5e22a616c51d498ff91d8a429add70f1b791-2026-08-06-19-1786044877631398584.jsonl: TASK_LIFECYCLE_EVENT must have at least one state transition"
time="2026-08-06T19:36:52Z" level=error msg="Failed to store events for file session_2026-08-06_12-34-12_451820_1/c214e27c151477dfb50e5e22a616c51d498ff91d8a429add70f1b791/job_events/03000000/c214e27c151477dfb50e5e22a616c51d498ff91d8a429add70f1b791-2026-08-06-19-1786044877631398584.jsonl: TASK_LIFECYCLE_EVENT must have at least one state transition"
time="2026-08-06T19:36:53Z" level=error msg="Failed to store events for file session_2026-08-06_12-34-12_451820_1/c214e27c151477dfb50e5e22a616c51d498ff91d8a429add70f1b791/job_events/03000000/c214e27c151477dfb50e5e22a616c51d498ff91d8a429add70f1b791-2026-08-06-19-1786044877631398584.jsonl: TASK_LIFECYCLE_EVENT must have at least one state transition"
time="2026-08-06T19:36:53Z" level=error msg="Failed to store events for file session_2026-08-06_12-34-12_451820_1/c214e27c151477dfb50e5e22a616c51d498ff91d8a429add70f1b791/job_events/03000000/c214e27c151477dfb50e5e22a616c51d498ff91d8a429add70f1b791-2026-08-06-19-1786044877631398584.jsonl: TASK_LIFECYCLE_EVENT must have at least one state transition"
time="2026-08-06T19:36:53Z" level=error msg="Failed to store events for file session_2026-08-06_12-34-12_451820_1/c214e27c151477dfb50e5e22a616c51d498ff91d8a429add70f1b791/job_events/03000000/c214e27c151477dfb50e5e22a616c51d498ff91d8a429add70f1b791-2026-08-06-19-1786044877631398584.jsonl: TASK_LIFECYCLE_EVENT must have at least one state transition"
time="2026-08-06T19:36:54Z" level=error msg="Failed to store events for file session_2026-08-06_12-34-12_451820_1/c214e27c151477dfb50e5e22a616c51d498ff91d8a429add70f1b791/job_events/03000000/c214e27c151477dfb50e5e22a616c51d498ff91d8a429add70f1b791-2026-08-06-19-1786044877631398584.jsonl: TASK_LIFECYCLE_EVENT must have at least one state transition"
time="2026-08-06T19:36:54Z" level=error msg="Failed to store events for file session_2026-08-06_12-34-12_451820_1/c214e27c151477dfb50e5e22a616c51d498ff91d8a429add70f1b791/job_events/03000000/c214e27c151477dfb50e5e22a616c51d498ff91d8a429add70f1b791-2026-08-06-19-1786044877631398584.jsonl: TASK_LIFECYCLE_EVENT must have at least one state transition"
time="2026-08-06T19:36:54Z" level=error msg="Failed to store events for file session_2026-08-06_12-34-12_451820_1/c214e27c151477dfb50e5e22a616c51d498ff91d8a429add70f1b791/job_events/03000000/c214e27c151477dfb50e5e22a616c51d498ff91d8a429add70f1b791-2026-08-06-19-1786044877631398584.jsonl: TASK_LIFECYCLE_EVENT must have at least one state transition"
time="2026-08-06T19:36:54Z" level=error msg="Failed to store events for file session_2026-08-06_12-34-12_451820_1/c214e27c151477dfb50e5e22a616c51d498ff91d8a429add70f1b791/job_events/03000000/c214e27c151477dfb50e5e22a616c51d498ff91d8a429add70f1b791-2026-08-06-19-1786044877631398584.jsonl: TASK_LIFECYCLE_EVENT must have at least one state transition"
time="2026-08-06T19:36:54Z" level=error msg="Failed to store events for file session_2026-08-06_12-34-12_451820_1/c214e27c151477dfb50e5e22a616c51d498ff91d8a429add70f1b791/job_events/03000000/c214e27c151477dfb50e5e22a616c51d498ff91d8a429add70f1b791-2026-08-06-19-1786044877631398584.jsonl: TASK_LIFECYCLE_EVENT must have at least one state transition"
time="2026-08-06T19:36:54Z" level=error msg="Failed to store events for file session_2026-08-06_12-34-12_451820_1/c214e27c151477dfb50e5e22a616c51d498ff91d8a429add70f1b791/job_events/03000000/c214e27c151477dfb50e5e22a616c51d498ff91d8a429add70f1b791-2026-08-06-19-1786044877631398584.jsonl: TASK_LIFECYCLE_EVENT must have at least one state transition"
time="2026-08-06T19:36:54Z" level=error msg="Failed to store events for file session_2026-08-06_12-34-12_451820_1/c214e27c151477dfb50e5e22a616c51d498ff91d8a429add70f1b791/job_events/03000000/c214e27c151477dfb50e5e22a616c51d498ff91d8a429add70f1b791-2026-08-06-19-1786044877631398584.jsonl: TASK_LIFECYCLE_EVENT must have at least one state transition"
time="2026-08-06T19:36:54Z" level=error msg="Failed to store events for file session_2026-08-06_12-34-12_451820_1/c214e27c151477dfb50e5e22a616c51d498ff91d8a429add70f1b791/job_events/03000000/c214e27c151477dfb50e5e22a616c51d498ff91d8a429add70f1b791-2026-08-06-19-1786044877631398584.jsonl: TASK_LIFECYCLE_EVENT must have at least one state transition"
time="2026-08-06T19:36:55Z" level=error msg="Failed to store events for file session_2026-08-06_12-34-12_451820_1/c214e27c151477dfb50e5e22a616c51d498ff91d8a429add70f1b791/job_events/03000000/c214e27c151477dfb50e5e22a616c51d498ff91d8a429add70f1b791-2026-08-06-19-1786044877631398584.jsonl: TASK_LIFECYCLE_EVENT must have at least one state transition"
time="2026-08-06T19:36:55Z" level=error msg="Failed to store events for file session_2026-08-06_12-34-12_451820_1/c214e27c151477dfb50e5e22a616c51d498ff91d8a429add70f1b791/job_events/03000000/c214e27c151477dfb50e5e22a616c51d498ff91d8a429add70f1b791-2026-08-06-19-1786044877631398584.jsonl: TASK_LIFECYCLE_EVENT must have at least one state transition"
time="2026-08-06T19:36:55Z" level=error msg="Failed to store events for file session_2026-08-06_12-34-12_451820_1/c214e27c151477dfb50e5e22a616c51d498ff91d8a429add70f1b791/job_events/03000000/c214e27c151477dfb50e5e22a616c51d498ff91d8a429add70f1b791-2026-08-06-19-1786044877631398584.jsonl: TASK_LIFECYCLE_EVENT must have at least one state transition"
time="2026-08-06T19:36:55Z" level=error msg="Failed to store events for file session_2026-08-06_12-34-12_451820_1/c214e27c151477dfb50e5e22a616c51d498ff91d8a429add70f1b791/job_events/03000000/c214e27c151477dfb50e5e22a616c51d498ff91d8a429add70f1b791-2026-08-06-19-1786044877631398584.jsonl: TASK_LIFECYCLE_EVENT must have at least one state transition"
time="2026-08-06T19:36:55Z" level=info msg="Prepare to get object log/cluster-history/raycluster/test-ns-dvc4g/raycluster-historyserver/session_2026-08-06_12-34-12_451820_1/4950ed230287db4dcc8d30314a954121e25da25c9500e67508d45957/node_events/4950ed230287db4dcc8d30314a954121e25da25c9500e67508d45957-2026-08-06-19-1786044857321403880.jsonl info ..."
gc 21 @64.156s 3%: 0.17+555+0.040 ms clock, 0.34+236/296/286+0.081 ms cpu, 1211->1242->284 MB, 1328 MB goal, 0 MB stacks, 0 MB globals, 2 P
time="2026-08-06T19:36:57Z" level=info msg="Received request: GET /enter_cluster/test-ns-dvc4g/raycluster/raycluster-historyserver/session_2026-08-06_12-34-12_451820_1"
time="2026-08-06T19:36:57Z" level=info msg="[List]Returned objects in log/cluster-metadata/. length of page.Contents: 2, length of page.CommonPrefixes: 0"
time="2026-08-06T19:36:57Z" level=error msg="Failed to parse meta file path: log/cluster-metadata/raycluster/test-ns-dvc4g_raycluster-historyserver/, error: invalid path segment count for cluster metadata structure: log/cluster-metadata/raycluster/test-ns-dvc4g_raycluster-historyserver/"
time="2026-08-06T19:36:57Z" level=info msg="Parsed cluster raycluster-historyserver for session session_2026-08-06_12-34-12_451820_1 to list"
time="2026-08-06T19:36:57Z" level=info msg="Received request: GET /api/v0/tasks?limit=100000"
time="2026-08-06T19:36:57Z" level=info msg="Request URL /api/v0/tasks?limit=100000"
time="2026-08-06T19:36:57Z" level=info msg="Received request: GET /api/v0/tasks?limit=100000"
time="2026-08-06T19:36:57Z" level=info msg="Request URL /api/v0/tasks?limit=100000"
time="2026-08-06T19:36:57Z" level=info msg="Received request: GET /api/v0/tasks?limit=100000"
time="2026-08-06T19:36:57Z" level=info msg="Request URL /api/v0/tasks?limit=100000"
time="2026-08-06T19:36:57Z" level=info msg="Received request: GET /api/v0/tasks?limit=100000"
time="2026-08-06T19:36:57Z" level=info msg="Request URL /api/v0/tasks?limit=100000"
time="2026-08-06T19:36:57Z" level=info msg="Received request: GET /api/v0/tasks?limit=100000"
time="2026-08-06T19:36:57Z" level=info msg="Request URL /api/v0/tasks?limit=100000"
time="2026-08-06T19:36:57Z" level=info msg="Received request: GET /api/v0/tasks?limit=100000"
time="2026-08-06T19:36:57Z" level=info msg="Request URL /api/v0/tasks?limit=100000"
time="2026-08-06T19:36:57Z" level=info msg="Received request: GET /api/v0/tasks?limit=100000"
time="2026-08-06T19:36:57Z" level=info msg="Request URL /api/v0/tasks?limit=100000"
time="2026-08-06T19:36:57Z" level=info msg="Received request: GET /api/v0/tasks?limit=100000"
time="2026-08-06T19:36:57Z" level=info msg="Request URL /api/v0/tasks?limit=100000"
time="2026-08-06T19:36:57Z" level=info msg="Received request: GET /api/v0/tasks?limit=100000"
time="2026-08-06T19:36:57Z" level=info msg="Request URL /api/v0/tasks?limit=100000"
time="2026-08-06T19:36:57Z" level=info msg="Received request: GET /api/v0/tasks?limit=100000"
time="2026-08-06T19:36:57Z" level=info msg="Request URL /api/v0/tasks?limit=100000"
time="2026-08-06T19:36:57Z" level=info msg="Received request: GET /api/v0/tasks/summarize"
time="2026-08-06T19:36:57Z" level=info msg="Request URL /api/v0/tasks/summarize"
gc 22 @66.070s 3%: 0.55+610+0.10 ms clock, 1.1+0/318/393+0.20 ms cpu, 499->554->290 MB, 570 MB goal, 0 MB stacks, 0 MB globals, 2 P
time="2026-08-06T19:36:59Z" level=info msg="Received request: GET /api/v0/tasks/summarize"
time="2026-08-06T19:36:59Z" level=info msg="Request URL /api/v0/tasks/summarize"
gc 23 @67.234s 3%: 0.27+664+0.098 ms clock, 0.55+0/318/453+0.19 ms cpu, 502->557->290 MB, 582 MB goal, 0 MB stacks, 0 MB globals, 2 P
time="2026-08-06T19:37:00Z" level=info msg="Received request: GET /api/v0/tasks/summarize"
time="2026-08-06T19:37:00Z" level=info msg="Request URL /api/v0/tasks/summarize"
gc 24 @68.453s 3%: 0.33+515+0.088 ms clock, 0.66+0/251/244+0.17 ms cpu, 502->557->290 MB, 582 MB goal, 0 MB stacks, 0 MB globals, 2 P
time="2026-08-06T19:37:01Z" level=info msg="Received request: GET /api/v0/tasks/summarize"
time="2026-08-06T19:37:01Z" level=info msg="Request URL /api/v0/tasks/summarize"
gc 25 @69.510s 3%: 0.29+467+0.13 ms clock, 0.58+0/244/254+0.26 ms cpu, 502->557->290 MB, 582 MB goal, 0 MB stacks, 0 MB globals, 2 P
time="2026-08-06T19:37:02Z" level=info msg="Received request: GET /api/v0/tasks/summarize"
time="2026-08-06T19:37:02Z" level=info msg="Request URL /api/v0/tasks/summarize"
gc 26 @70.530s 4%: 0.13+492+0.092 ms clock, 0.26+0/245/253+0.18 ms cpu, 502->557->290 MB, 582 MB goal, 0 MB stacks, 0 MB globals, 2 P
time="2026-08-06T19:37:03Z" level=info msg="Received request: GET /api/v0/tasks/summarize"
time="2026-08-06T19:37:03Z" level=info msg="Request URL /api/v0/tasks/summarize"
gc 27 @71.563s 4%: 0.13+389+0.15 ms clock, 0.27+0/190/194+0.31 ms cpu, 502->536->269 MB, 582 MB goal, 0 MB stacks, 0 MB globals, 2 P
gc 28 @72.054s 4%: 0.15+720+0.090 ms clock, 0.31+0/366/373+0.18 ms cpu, 462->462->320 MB, 539 MB goal, 0 MB stacks, 0 MB globals, 2 P
time="2026-08-06T19:37:04Z" level=info msg="Received request: GET /api/v0/tasks/summarize"
time="2026-08-06T19:37:04Z" level=info msg="Request URL /api/v0/tasks/summarize"
gc 29 @73.287s 4%: 0.16+635+0.065 ms clock, 0.33+0/315/476+0.13 ms cpu, 586->586->282 MB, 640 MB goal, 0 MB stacks, 0 MB globals, 2 P
time="2026-08-06T19:37:06Z" level=info msg="Received request: GET /api/v0/tasks/summarize"
time="2026-08-06T19:37:06Z" level=info msg="Request URL /api/v0/tasks/summarize"
gc 30 @74.453s 4%: 0.16+545+0.082 ms clock, 0.32+106/275/293+0.16 ms cpu, 502->549->349 MB, 566 MB goal, 0 MB stacks, 0 MB globals, 2 P
time="2026-08-06T19:37:07Z" level=info msg="Received request: GET /api/v0/tasks/summarize"
time="2026-08-06T19:37:07Z" level=info msg="Request URL /api/v0/tasks/summarize"
gc 31 @75.604s 4%: 0.15+733+0.085 ms clock, 0.30+0/363/399+0.17 ms cpu, 616->616->320 MB, 700 MB goal, 0 MB stacks, 0 MB globals, 2 P
time="2026-08-06T19:37:08Z" level=info msg="Received request: GET /api/v0/tasks/summarize"
time="2026-08-06T19:37:08Z" level=info msg="Request URL /api/v0/tasks/summarize"
gc 32 @76.826s 4%: 0.14+772+0.074 ms clock, 0.29+0/389/429+0.14 ms cpu, 586->586->320 MB, 640 MB goal, 0 MB stacks, 0 MB globals, 2 P
time="2026-08-06T19:37:09Z" level=info msg="Received request: GET /api/jobs/"
time="2026-08-06T19:37:09Z" level=info msg="Request URL /api/jobs/"
time="2026-08-06T19:37:09Z" level=info msg="Received request: GET /api/jobs/"
time="2026-08-06T19:37:09Z" level=info msg="Request URL /api/jobs/"
time="2026-08-06T19:37:09Z" level=info msg="Received request: GET /api/jobs/"
time="2026-08-06T19:37:09Z" level=info msg="Request URL /api/jobs/"
time="2026-08-06T19:37:09Z" level=info msg="Received request: GET /api/jobs/"
time="2026-08-06T19:37:09Z" level=info msg="Request URL /api/jobs/"
time="2026-08-06T19:37:09Z" level=info msg="Received request: GET /api/jobs/"
time="2026-08-06T19:37:09Z" level=info msg="Request URL /api/jobs/"
time="2026-08-06T19:37:09Z" level=info msg="Received request: GET /api/jobs/"
time="2026-08-06T19:37:09Z" level=info msg="Request URL /api/jobs/"
time="2026-08-06T19:37:10Z" level=info msg="Received request: GET /api/jobs/"
time="2026-08-06T19:37:10Z" level=info msg="Request URL /api/jobs/"
gc 33 @78.082s 5%: 0.13+610+0.037 ms clock, 0.26+38/263/430+0.075 ms cpu, 563->603->276 MB, 640 MB goal, 0 MB stacks, 0 MB globals, 2 P
time="2026-08-06T19:37:10Z" level=info msg="Received request: GET /api/jobs/"
time="2026-08-06T19:37:10Z" level=info msg="Request URL /api/jobs/"
time="2026-08-06T19:37:10Z" level=info msg="Received request: GET /api/jobs/"
time="2026-08-06T19:37:10Z" level=info msg="Request URL /api/jobs/"
time="2026-08-06T19:37:10Z" level=info msg="Received request: GET /api/jobs/"
time="2026-08-06T19:37:10Z" level=info msg="Request URL /api/jobs/"
time="2026-08-06T19:37:10Z" level=info msg="Request URL /nodes?view=summary"
time="2026-08-06T19:37:10Z" level=info msg="Request URL /nodes?view=summary"
time="2026-08-06T19:37:10Z" level=info msg="Request URL /nodes?view=summary"
gc 34 @78.776s 5%: 0.13+455+0.14 ms clock, 0.26+0/177/251+0.29 ms cpu, 479->519->276 MB, 553 MB goal, 0 MB stacks, 0 MB globals, 2 P
time="2026-08-06T19:37:11Z" level=info msg="Request URL /nodes?view=summary"
time="2026-08-06T19:37:11Z" level=info msg="Request URL /nodes?view=summary"
time="2026-08-06T19:37:11Z" level=info msg="Request URL /nodes?view=summary"
time="2026-08-06T19:37:11Z" level=info msg="Request URL /nodes?view=summary"
time="2026-08-06T19:37:11Z" level=info msg="Request URL /nodes?view=summary"
time="2026-08-06T19:37:11Z" level=info msg="Request URL /nodes?view=summary"
time="2026-08-06T19:37:11Z" level=info msg="Request URL /nodes?view=summary"
time="2026-08-06T19:37:11Z" level=info msg="Request URL /events"
gc 35 @79.313s 5%: 0.94+712+0.036 ms clock, 1.8+0.011/278/213+0.073 ms cpu, 479->560->317 MB, 553 MB goal, 0 MB stacks, 0 MB globals, 2 P
time="2026-08-06T19:37:11Z" level=info msg="Request URL /events"
time="2026-08-06T19:37:11Z" level=info msg="Request URL /events"
time="2026-08-06T19:37:11Z" level=info msg="Request URL /events"
time="2026-08-06T19:37:11Z" level=info msg="Request URL /events"
time="2026-08-06T19:37:11Z" level=info msg="Request URL /events"
time="2026-08-06T19:37:12Z" level=info msg="Request URL /events"
gc 36 @80.129s 5%: 0.56+409+0.087 ms clock, 1.1+0/171/216+0.17 ms cpu, 560->600->276 MB, 634 MB goal, 0 MB stacks, 0 MB globals, 2 P
time="2026-08-06T19:37:12Z" level=info msg="Request URL /events"
time="2026-08-06T19:37:12Z" level=info msg="Request URL /events"
time="2026-08-06T19:37:12Z" level=info msg="Request URL /events"
