gc 1 @0.317s 15%: 53+15+1.7 ms clock, 106+1.9/11/0+3.4 ms cpu, 3->3->2 MB, 4 MB goal, 0 MB stacks, 0 MB globals, 2 P
gc 2 @0.590s 10%: 0.11+9.4+1.0 ms clock, 0.22+0/2.6/5.6+2.0 ms cpu, 5->5->3 MB, 5 MB goal, 0 MB stacks, 0 MB globals, 2 P
time="2026-08-06T20:17:16Z" level=info msg="create client manager successfully, clients: 1"
time="2026-08-06T20:17:16Z" level=info msg="Begin to create s3 client ..."
time="2026-08-06T20:17:16Z" level=info msg="Checking if bucket ray-historyserver exists..."
time="2026-08-06T20:17:16Z" level=info msg="Bucket ray-historyserver already exists"
time="2026-08-06T20:17:16Z" level=info msg="Clean logdir is logs"
time="2026-08-06T20:17:16Z" level=info msg="Starting server on :8080"
gc 3 @0.995s 5%: 0.13+75+0.055 ms clock, 0.26+0.36/2.8/73+0.11 ms cpu, 8->8->6 MB, 8 MB goal, 0 MB stacks, 0 MB globals, 2 P
time="2026-08-06T20:17:16Z" level=info msg="Received request: GET /readz"
time="2026-08-06T20:17:16Z" level=info msg="live clusters: []"
time="2026-08-06T20:17:16Z" level=info msg="[List]Returned objects in log/cluster-metadata/. length of page.Contents: 2, length of page.CommonPrefixes: 0"
time="2026-08-06T20:17:16Z" level=error msg="Failed to parse meta file path: log/cluster-metadata/raycluster/test-ns-httv9_raycluster-historyserver/, error: invalid path segment count for cluster metadata structure: log/cluster-metadata/raycluster/test-ns-httv9_raycluster-historyserver/"
time="2026-08-06T20:17:16Z" level=info msg="Parsed cluster raycluster-historyserver for session session_2026-08-06_13-16-01_930282_1 to list"
time="2026-08-06T20:17:16Z" level=info msg="live clusters: []"
time="2026-08-06T20:17:16Z" level=info msg="[List]Returned objects in log/cluster-metadata/. length of page.Contents: 2, length of page.CommonPrefixes: 0"
time="2026-08-06T20:17:16Z" level=error msg="Failed to parse meta file path: log/cluster-metadata/raycluster/test-ns-httv9_raycluster-historyserver/, error: invalid path segment count for cluster metadata structure: log/cluster-metadata/raycluster/test-ns-httv9_raycluster-historyserver/"
time="2026-08-06T20:17:16Z" level=info msg="Parsed cluster raycluster-historyserver for session session_2026-08-06_13-16-01_930282_1 to list"
time="2026-08-06T20:17:16Z" level=info msg="live clusters: []"
time="2026-08-06T20:17:16Z" level=info msg="[List]Returned objects in log/cluster-metadata/. length of page.Contents: 2, length of page.CommonPrefixes: 0"
time="2026-08-06T20:17:16Z" level=error msg="Failed to parse meta file path: log/cluster-metadata/raycluster/test-ns-httv9_raycluster-historyserver/, error: invalid path segment count for cluster metadata structure: log/cluster-metadata/raycluster/test-ns-httv9_raycluster-historyserver/"
time="2026-08-06T20:17:16Z" level=info msg="Parsed cluster raycluster-historyserver for session session_2026-08-06_13-16-01_930282_1 to list"
time="2026-08-06T20:17:16Z" level=info msg="live clusters: []"
time="2026-08-06T20:17:16Z" level=info msg="[List]Returned objects in log/cluster-metadata/. length of page.Contents: 2, length of page.CommonPrefixes: 0"
time="2026-08-06T20:17:16Z" level=error msg="Failed to parse meta file path: log/cluster-metadata/raycluster/test-ns-httv9_raycluster-historyserver/, error: invalid path segment count for cluster metadata structure: log/cluster-metadata/raycluster/test-ns-httv9_raycluster-historyserver/"
time="2026-08-06T20:17:16Z" level=info msg="Parsed cluster raycluster-historyserver for session session_2026-08-06_13-16-01_930282_1 to list"
time="2026-08-06T20:17:16Z" level=info msg="live clusters: []"
time="2026-08-06T20:17:16Z" level=info msg="[List]Returned objects in log/cluster-metadata/. length of page.Contents: 2, length of page.CommonPrefixes: 0"
time="2026-08-06T20:17:16Z" level=error msg="Failed to parse meta file path: log/cluster-metadata/raycluster/test-ns-httv9_raycluster-historyserver/, error: invalid path segment count for cluster metadata structure: log/cluster-metadata/raycluster/test-ns-httv9_raycluster-historyserver/"
time="2026-08-06T20:17:16Z" level=info msg="Parsed cluster raycluster-historyserver for session session_2026-08-06_13-16-01_930282_1 to list"
time="2026-08-06T20:17:16Z" level=info msg="Received request: GET /enter_cluster/test-ns-httv9/raycluster/raycluster-historyserver/session_2026-08-06_13-16-01_930282_1"
time="2026-08-06T20:17:16Z" level=info msg="[List]Returned objects in log/cluster-metadata/. length of page.Contents: 2, length of page.CommonPrefixes: 0"
time="2026-08-06T20:17:16Z" level=error msg="Failed to parse meta file path: log/cluster-metadata/raycluster/test-ns-httv9_raycluster-historyserver/, error: invalid path segment count for cluster metadata structure: log/cluster-metadata/raycluster/test-ns-httv9_raycluster-historyserver/"
time="2026-08-06T20:17:16Z" level=info msg="Parsed cluster raycluster-historyserver for session session_2026-08-06_13-16-01_930282_1 to list"
time="2026-08-06T20:17:16Z" level=info msg="[ListFiles]Returned objects in log/cluster-history/raycluster/test-ns-httv9/raycluster-historyserver/session_2026-08-06_13-16-01_930282_1/. length of page.Contents: 0, length of page.CommonPrefixes: 3"
time="2026-08-06T20:17:16Z" level=info msg="[ListFiles]Returned objects in log/cluster-history/raycluster/test-ns-httv9/raycluster-historyserver/session_2026-08-06_13-16-01_930282_1/f4194732d1cb74919a202efbe4397062e4273f011677ea8b803123d6/logs/events/. length of page.Contents: 13, length of page.CommonPrefixes: 0"
time="2026-08-06T20:17:16Z" level=info msg="Prepare to get object log/cluster-history/raycluster/test-ns-httv9/raycluster-historyserver/session_2026-08-06_13-16-01_930282_1/f4194732d1cb74919a202efbe4397062e4273f011677ea8b803123d6/logs/events/event_CORE_WORKER_236.log info ..."
time="2026-08-06T20:17:16Z" level=info msg="Prepare to get object log/cluster-history/raycluster/test-ns-httv9/raycluster-historyserver/session_2026-08-06_13-16-01_930282_1/f4194732d1cb74919a202efbe4397062e4273f011677ea8b803123d6/logs/events/event_CORE_WORKER_237.log info ..."
time="2026-08-06T20:17:16Z" level=info msg="Prepare to get object log/cluster-history/raycluster/test-ns-httv9/raycluster-historyserver/session_2026-08-06_13-16-01_930282_1/f4194732d1cb74919a202efbe4397062e4273f011677ea8b803123d6/logs/events/event_CORE_WORKER_322.log info ..."
time="2026-08-06T20:17:16Z" level=info msg="Prepare to get object log/cluster-history/raycluster/test-ns-httv9/raycluster-historyserver/session_2026-08-06_13-16-01_930282_1/f4194732d1cb74919a202efbe4397062e4273f011677ea8b803123d6/logs/events/event_CORE_WORKER_323.log info ..."
time="2026-08-06T20:17:16Z" level=info msg="Prepare to get object log/cluster-history/raycluster/test-ns-httv9/raycluster-historyserver/session_2026-08-06_13-16-01_930282_1/f4194732d1cb74919a202efbe4397062e4273f011677ea8b803123d6/logs/events/event_CORE_WORKER_416.log info ..."
time="2026-08-06T20:17:16Z" level=info msg="Prepare to get object log/cluster-history/raycluster/test-ns-httv9/raycluster-historyserver/session_2026-08-06_13-16-01_930282_1/f4194732d1cb74919a202efbe4397062e4273f011677ea8b803123d6/logs/events/event_CORE_WORKER_421.log info ..."
time="2026-08-06T20:17:16Z" level=info msg="Prepare to get object log/cluster-history/raycluster/test-ns-httv9/raycluster-historyserver/session_2026-08-06_13-16-01_930282_1/f4194732d1cb74919a202efbe4397062e4273f011677ea8b803123d6/logs/events/event_CORE_WORKER_493.log info ..."
time="2026-08-06T20:17:16Z" level=info msg="Prepare to get object log/cluster-history/raycluster/test-ns-httv9/raycluster-historyserver/session_2026-08-06_13-16-01_930282_1/f4194732d1cb74919a202efbe4397062e4273f011677ea8b803123d6/logs/events/event_CORE_WORKER_513.log info ..."
time="2026-08-06T20:17:16Z" level=info msg="Prepare to get object log/cluster-history/raycluster/test-ns-httv9/raycluster-historyserver/session_2026-08-06_13-16-01_930282_1/f4194732d1cb74919a202efbe4397062e4273f011677ea8b803123d6/logs/events/event_CORE_WORKER_591.log info ..."
time="2026-08-06T20:17:16Z" level=info msg="Prepare to get object log/cluster-history/raycluster/test-ns-httv9/raycluster-historyserver/session_2026-08-06_13-16-01_930282_1/f4194732d1cb74919a202efbe4397062e4273f011677ea8b803123d6/logs/events/event_CORE_WORKER_609.log info ..."
time="2026-08-06T20:17:16Z" level=info msg="Prepare to get object log/cluster-history/raycluster/test-ns-httv9/raycluster-historyserver/session_2026-08-06_13-16-01_930282_1/f4194732d1cb74919a202efbe4397062e4273f011677ea8b803123d6/logs/events/event_CORE_WORKER_659.log info ..."
time="2026-08-06T20:17:16Z" level=info msg="Prepare to get object log/cluster-history/raycluster/test-ns-httv9/raycluster-historyserver/session_2026-08-06_13-16-01_930282_1/f4194732d1cb74919a202efbe4397062e4273f011677ea8b803123d6/logs/events/event_RAYLET.log info ..."
time="2026-08-06T20:17:16Z" level=info msg="[ListFiles]Returned objects in log/cluster-history/raycluster/test-ns-httv9/raycluster-historyserver/session_2026-08-06_13-16-01_930282_1/f4b0b39a5a38d3c0ddf6a4a4e5fc7a047b743e4642b8540aa77c0e9a/logs/events/. length of page.Contents: 11, length of page.CommonPrefixes: 0"
time="2026-08-06T20:17:16Z" level=info msg="Prepare to get object log/cluster-history/raycluster/test-ns-httv9/raycluster-historyserver/session_2026-08-06_13-16-01_930282_1/f4b0b39a5a38d3c0ddf6a4a4e5fc7a047b743e4642b8540aa77c0e9a/logs/events/event_AUTOSCALER.log info ..."
time="2026-08-06T20:17:16Z" level=info msg="Prepare to get object log/cluster-history/raycluster/test-ns-httv9/raycluster-historyserver/session_2026-08-06_13-16-01_930282_1/f4b0b39a5a38d3c0ddf6a4a4e5fc7a047b743e4642b8540aa77c0e9a/logs/events/event_CORE_WORKER_1015.log info ..."
time="2026-08-06T20:17:16Z" level=info msg="Prepare to get object log/cluster-history/raycluster/test-ns-httv9/raycluster-historyserver/session_2026-08-06_13-16-01_930282_1/f4b0b39a5a38d3c0ddf6a4a4e5fc7a047b743e4642b8540aa77c0e9a/logs/events/event_CORE_WORKER_1170.log info ..."
time="2026-08-06T20:17:16Z" level=info msg="Prepare to get object log/cluster-history/raycluster/test-ns-httv9/raycluster-historyserver/session_2026-08-06_13-16-01_930282_1/f4b0b39a5a38d3c0ddf6a4a4e5fc7a047b743e4642b8540aa77c0e9a/logs/events/event_CORE_WORKER_200.log info ..."
time="2026-08-06T20:17:16Z" level=info msg="Prepare to get object log/cluster-history/raycluster/test-ns-httv9/raycluster-historyserver/session_2026-08-06_13-16-01_930282_1/f4b0b39a5a38d3c0ddf6a4a4e5fc7a047b743e4642b8540aa77c0e9a/logs/events/event_CORE_WORKER_205.log info ..."
time="2026-08-06T20:17:16Z" level=info msg="Prepare to get object log/cluster-history/raycluster/test-ns-httv9/raycluster-historyserver/session_2026-08-06_13-16-01_930282_1/f4b0b39a5a38d3c0ddf6a4a4e5fc7a047b743e4642b8540aa77c0e9a/logs/events/event_CORE_WORKER_673.log info ..."
time="2026-08-06T20:17:16Z" level=info msg="Prepare to get object log/cluster-history/raycluster/test-ns-httv9/raycluster-historyserver/session_2026-08-06_13-16-01_930282_1/f4b0b39a5a38d3c0ddf6a4a4e5fc7a047b743e4642b8540aa77c0e9a/logs/events/event_CORE_WORKER_959.log info ..."
time="2026-08-06T20:17:16Z" level=info msg="Prepare to get object log/cluster-history/raycluster/test-ns-httv9/raycluster-historyserver/session_2026-08-06_13-16-01_930282_1/f4b0b39a5a38d3c0ddf6a4a4e5fc7a047b743e4642b8540aa77c0e9a/logs/events/event_GCS.log info ..."
time="2026-08-06T20:17:16Z" level=info msg="Prepare to get object log/cluster-history/raycluster/test-ns-httv9/raycluster-historyserver/session_2026-08-06_13-16-01_930282_1/f4b0b39a5a38d3c0ddf6a4a4e5fc7a047b743e4642b8540aa77c0e9a/logs/events/event_JOBS.log info ..."
time="2026-08-06T20:17:16Z" level=info msg="Prepare to get object log/cluster-history/raycluster/test-ns-httv9/raycluster-historyserver/session_2026-08-06_13-16-01_930282_1/f4b0b39a5a38d3c0ddf6a4a4e5fc7a047b743e4642b8540aa77c0e9a/logs/events/event_RAYLET.log info ..."
time="2026-08-06T20:17:16Z" level=info msg="[ListFiles]Returned objects in log/cluster-history/raycluster/test-ns-httv9/raycluster-historyserver/session_2026-08-06_13-16-01_930282_1/fetched_endpoints/logs/events/. length of page.Contents: 0, length of page.CommonPrefixes: 0"
time="2026-08-06T20:17:16Z" level=info msg="[ListFiles]Returned objects in log/cluster-history/raycluster/test-ns-httv9/raycluster-historyserver/session_2026-08-06_13-16-01_930282_1/. length of page.Contents: 0, length of page.CommonPrefixes: 3"
time="2026-08-06T20:17:16Z" level=info msg="[ListFiles]Returned objects in log/cluster-history/raycluster/test-ns-httv9/raycluster-historyserver/session_2026-08-06_13-16-01_930282_1/f4194732d1cb74919a202efbe4397062e4273f011677ea8b803123d6/job_events/. length of page.Contents: 0, length of page.CommonPrefixes: 1"
time="2026-08-06T20:17:16Z" level=info msg="[ListFiles]Returned objects in log/cluster-history/raycluster/test-ns-httv9/raycluster-historyserver/session_2026-08-06_13-16-01_930282_1/f4194732d1cb74919a202efbe4397062e4273f011677ea8b803123d6/job_events/03000000/. length of page.Contents: 2, length of page.CommonPrefixes: 0"
time="2026-08-06T20:17:16Z" level=info msg="[ListFiles]Returned objects in log/cluster-history/raycluster/test-ns-httv9/raycluster-historyserver/session_2026-08-06_13-16-01_930282_1/f4b0b39a5a38d3c0ddf6a4a4e5fc7a047b743e4642b8540aa77c0e9a/job_events/. length of page.Contents: 0, length of page.CommonPrefixes: 4"
time="2026-08-06T20:17:16Z" level=info msg="[ListFiles]Returned objects in log/cluster-history/raycluster/test-ns-httv9/raycluster-historyserver/session_2026-08-06_13-16-01_930282_1/f4b0b39a5a38d3c0ddf6a4a4e5fc7a047b743e4642b8540aa77c0e9a/job_events/01000000/. length of page.Contents: 2, length of page.CommonPrefixes: 0"
time="2026-08-06T20:17:16Z" level=info msg="[ListFiles]Returned objects in log/cluster-history/raycluster/test-ns-httv9/raycluster-historyserver/session_2026-08-06_13-16-01_930282_1/f4b0b39a5a38d3c0ddf6a4a4e5fc7a047b743e4642b8540aa77c0e9a/job_events/02000000/. length of page.Contents: 2, length of page.CommonPrefixes: 0"
time="2026-08-06T20:17:16Z" level=info msg="[ListFiles]Returned objects in log/cluster-history/raycluster/test-ns-httv9/raycluster-historyserver/session_2026-08-06_13-16-01_930282_1/f4b0b39a5a38d3c0ddf6a4a4e5fc7a047b743e4642b8540aa77c0e9a/job_events/03000000/. length of page.Contents: 2, length of page.CommonPrefixes: 0"
time="2026-08-06T20:17:16Z" level=info msg="[ListFiles]Returned objects in log/cluster-history/raycluster/test-ns-httv9/raycluster-historyserver/session_2026-08-06_13-16-01_930282_1/f4b0b39a5a38d3c0ddf6a4a4e5fc7a047b743e4642b8540aa77c0e9a/job_events/04000000/. length of page.Contents: 2, length of page.CommonPrefixes: 0"
time="2026-08-06T20:17:16Z" level=info msg="[ListFiles]Returned objects in log/cluster-history/raycluster/test-ns-httv9/raycluster-historyserver/session_2026-08-06_13-16-01_930282_1/fetched_endpoints/job_events/. length of page.Contents: 0, length of page.CommonPrefixes: 0"
time="2026-08-06T20:17:16Z" level=info msg="[ListFiles]Returned objects in log/cluster-history/raycluster/test-ns-httv9/raycluster-historyserver/session_2026-08-06_13-16-01_930282_1/. length of page.Contents: 0, length of page.CommonPrefixes: 3"
time="2026-08-06T20:17:16Z" level=info msg="[ListFiles]Returned objects in log/cluster-history/raycluster/test-ns-httv9/raycluster-historyserver/session_2026-08-06_13-16-01_930282_1/f4194732d1cb74919a202efbe4397062e4273f011677ea8b803123d6/node_events/. length of page.Contents: 0, length of page.CommonPrefixes: 0"
gc 4 @1.780s 3%: 0.12+9.8+0.084 ms clock, 0.25+0.095/4.9/6.3+0.16 ms cpu, 11->11->6 MB, 12 MB goal, 0 MB stacks, 0 MB globals, 2 P
time="2026-08-06T20:17:16Z" level=info msg="[ListFiles]Returned objects in log/cluster-history/raycluster/test-ns-httv9/raycluster-historyserver/session_2026-08-06_13-16-01_930282_1/f4b0b39a5a38d3c0ddf6a4a4e5fc7a047b743e4642b8540aa77c0e9a/node_events/. length of page.Contents: 2, length of page.CommonPrefixes: 0"
time="2026-08-06T20:17:16Z" level=info msg="[ListFiles]Returned objects in log/cluster-history/raycluster/test-ns-httv9/raycluster-historyserver/session_2026-08-06_13-16-01_930282_1/fetched_endpoints/node_events/. length of page.Contents: 0, length of page.CommonPrefixes: 0"
time="2026-08-06T20:17:16Z" level=info msg="Prepare to get object log/cluster-history/raycluster/test-ns-httv9/raycluster-historyserver/session_2026-08-06_13-16-01_930282_1/f4194732d1cb74919a202efbe4397062e4273f011677ea8b803123d6/job_events/03000000/f4194732d1cb74919a202efbe4397062e4273f011677ea8b803123d6-2026-08-06-20-1786047387386595844.jsonl info ..."
gc 5 @1.798s 3%: 0.11+71+0.051 ms clock, 0.23+0.15/6.3/70+0.10 ms cpu, 15->15->14 MB, 15 MB goal, 0 MB stacks, 0 MB globals, 2 P
gc 6 @1.880s 3%: 0.10+9.5+0.034 ms clock, 0.20+0/5.5/8.0+0.069 ms cpu, 34->34->34 MB, 34 MB goal, 0 MB stacks, 0 MB globals, 2 P
gc 7 @1.904s 3%: 0.10+72+0.065 ms clock, 0.21+0/11/65+0.13 ms cpu, 69->69->69 MB, 69 MB goal, 0 MB stacks, 0 MB globals, 2 P
gc 8 @2.001s 4%: 0.11+82+0.10 ms clock, 0.23+0/11/70+0.21 ms cpu, 163->163->163 MB, 163 MB goal, 0 MB stacks, 0 MB globals, 2 P
gc 9 @2.380s 3%: 0.25+16+0.18 ms clock, 0.51+0/8.6/11+0.37 ms cpu, 323->323->72 MB, 327 MB goal, 0 MB stacks, 0 MB globals, 2 P
gc 10 @4.986s 3%: 0.13+393+0.092 ms clock, 0.26+0.088/199/289+0.18 ms cpu, 141->144->126 MB, 145 MB goal, 0 MB stacks, 0 MB globals, 2 P
gc 11 @9.774s 4%: 0.13+1200+0.15 ms clock, 0.27+0.38/586/619+0.30 ms cpu, 245->256->222 MB, 252 MB goal, 0 MB stacks, 0 MB globals, 2 P
time="2026-08-06T20:17:30Z" level=error msg="Failed to store events for file session_2026-08-06_13-16-01_930282_1/f4194732d1cb74919a202efbe4397062e4273f011677ea8b803123d6/job_events/03000000/f4194732d1cb74919a202efbe4397062e4273f011677ea8b803123d6-2026-08-06-20-1786047387386595844.jsonl: TASK_LIFECYCLE_EVENT must have at least one state transition"
time="2026-08-06T20:17:31Z" level=error msg="Failed to store events for file session_2026-08-06_13-16-01_930282_1/f4194732d1cb74919a202efbe4397062e4273f011677ea8b803123d6/job_events/03000000/f4194732d1cb74919a202efbe4397062e4273f011677ea8b803123d6-2026-08-06-20-1786047387386595844.jsonl: TASK_LIFECYCLE_EVENT must have at least one state transition"
time="2026-08-06T20:17:31Z" level=error msg="Failed to store events for file session_2026-08-06_13-16-01_930282_1/f4194732d1cb74919a202efbe4397062e4273f011677ea8b803123d6/job_events/03000000/f4194732d1cb74919a202efbe4397062e4273f011677ea8b803123d6-2026-08-06-20-1786047387386595844.jsonl: TASK_LIFECYCLE_EVENT must have at least one state transition"
time="2026-08-06T20:17:31Z" level=error msg="Failed to store events for file session_2026-08-06_13-16-01_930282_1/f4194732d1cb74919a202efbe4397062e4273f011677ea8b803123d6/job_events/03000000/f4194732d1cb74919a202efbe4397062e4273f011677ea8b803123d6-2026-08-06-20-1786047387386595844.jsonl: TASK_LIFECYCLE_EVENT must have at least one state transition"
time="2026-08-06T20:17:32Z" level=error msg="Failed to store events for file session_2026-08-06_13-16-01_930282_1/f4194732d1cb74919a202efbe4397062e4273f011677ea8b803123d6/job_events/03000000/f4194732d1cb74919a202efbe4397062e4273f011677ea8b803123d6-2026-08-06-20-1786047387386595844.jsonl: TASK_LIFECYCLE_EVENT must have at least one state transition"
time="2026-08-06T20:17:32Z" level=error msg="Failed to store events for file session_2026-08-06_13-16-01_930282_1/f4194732d1cb74919a202efbe4397062e4273f011677ea8b803123d6/job_events/03000000/f4194732d1cb74919a202efbe4397062e4273f011677ea8b803123d6-2026-08-06-20-1786047387386595844.jsonl: TASK_LIFECYCLE_EVENT must have at least one state transition"
time="2026-08-06T20:17:32Z" level=error msg="Failed to store events for file session_2026-08-06_13-16-01_930282_1/f4194732d1cb74919a202efbe4397062e4273f011677ea8b803123d6/job_events/03000000/f4194732d1cb74919a202efbe4397062e4273f011677ea8b803123d6-2026-08-06-20-1786047387386595844.jsonl: TASK_LIFECYCLE_EVENT must have at least one state transition"
time="2026-08-06T20:17:34Z" level=error msg="Failed to store events for file session_2026-08-06_13-16-01_930282_1/f4194732d1cb74919a202efbe4397062e4273f011677ea8b803123d6/job_events/03000000/f4194732d1cb74919a202efbe4397062e4273f011677ea8b803123d6-2026-08-06-20-1786047387386595844.jsonl: TASK_LIFECYCLE_EVENT must have at least one state transition"
gc 12 @18.513s 4%: 0.16+1770+0.10 ms clock, 0.33+0.12/891/1224+0.20 ms cpu, 425->435->263 MB, 445 MB goal, 0 MB stacks, 0 MB globals, 2 P
time="2026-08-06T20:17:35Z" level=error msg="Failed to store events for file session_2026-08-06_13-16-01_930282_1/f4194732d1cb74919a202efbe4397062e4273f011677ea8b803123d6/job_events/03000000/f4194732d1cb74919a202efbe4397062e4273f011677ea8b803123d6-2026-08-06-20-1786047387386595844.jsonl: TASK_LIFECYCLE_EVENT must have at least one state transition"
time="2026-08-06T20:17:36Z" level=error msg="Failed to store events for file session_2026-08-06_13-16-01_930282_1/f4194732d1cb74919a202efbe4397062e4273f011677ea8b803123d6/job_events/03000000/f4194732d1cb74919a202efbe4397062e4273f011677ea8b803123d6-2026-08-06-20-1786047387386595844.jsonl: TASK_LIFECYCLE_EVENT must have at least one state transition"
time="2026-08-06T20:17:36Z" level=error msg="Failed to store events for file session_2026-08-06_13-16-01_930282_1/f4194732d1cb74919a202efbe4397062e4273f011677ea8b803123d6/job_events/03000000/f4194732d1cb74919a202efbe4397062e4273f011677ea8b803123d6-2026-08-06-20-1786047387386595844.jsonl: TASK_LIFECYCLE_EVENT must have at least one state transition"
time="2026-08-06T20:17:36Z" level=error msg="Failed to store events for file session_2026-08-06_13-16-01_930282_1/f4194732d1cb74919a202efbe4397062e4273f011677ea8b803123d6/job_events/03000000/f4194732d1cb74919a202efbe4397062e4273f011677ea8b803123d6-2026-08-06-20-1786047387386595844.jsonl: TASK_LIFECYCLE_EVENT must have at least one state transition"
time="2026-08-06T20:17:36Z" level=error msg="Failed to store events for file session_2026-08-06_13-16-01_930282_1/f4194732d1cb74919a202efbe4397062e4273f011677ea8b803123d6/job_events/03000000/f4194732d1cb74919a202efbe4397062e4273f011677ea8b803123d6-2026-08-06-20-1786047387386595844.jsonl: TASK_LIFECYCLE_EVENT must have at least one state transition"
time="2026-08-06T20:17:36Z" level=error msg="Failed to store events for file session_2026-08-06_13-16-01_930282_1/f4194732d1cb74919a202efbe4397062e4273f011677ea8b803123d6/job_events/03000000/f4194732d1cb74919a202efbe4397062e4273f011677ea8b803123d6-2026-08-06-20-1786047387386595844.jsonl: TASK_LIFECYCLE_EVENT must have at least one state transition"
time="2026-08-06T20:17:37Z" level=error msg="Failed to store events for file session_2026-08-06_13-16-01_930282_1/f4194732d1cb74919a202efbe4397062e4273f011677ea8b803123d6/job_events/03000000/f4194732d1cb74919a202efbe4397062e4273f011677ea8b803123d6-2026-08-06-20-1786047387386595844.jsonl: TASK_LIFECYCLE_EVENT must have at least one state transition"
time="2026-08-06T20:17:37Z" level=error msg="Failed to store events for file session_2026-08-06_13-16-01_930282_1/f4194732d1cb74919a202efbe4397062e4273f011677ea8b803123d6/job_events/03000000/f4194732d1cb74919a202efbe4397062e4273f011677ea8b803123d6-2026-08-06-20-1786047387386595844.jsonl: TASK_LIFECYCLE_EVENT must have at least one state transition"
time="2026-08-06T20:17:38Z" level=error msg="Failed to store events for file session_2026-08-06_13-16-01_930282_1/f4194732d1cb74919a202efbe4397062e4273f011677ea8b803123d6/job_events/03000000/f4194732d1cb74919a202efbe4397062e4273f011677ea8b803123d6-2026-08-06-20-1786047387386595844.jsonl: TASK_LIFECYCLE_EVENT must have at least one state transition"
time="2026-08-06T20:17:38Z" level=error msg="Failed to store events for file session_2026-08-06_13-16-01_930282_1/f4194732d1cb74919a202efbe4397062e4273f011677ea8b803123d6/job_events/03000000/f4194732d1cb74919a202efbe4397062e4273f011677ea8b803123d6-2026-08-06-20-1786047387386595844.jsonl: TASK_LIFECYCLE_EVENT must have at least one state transition"
time="2026-08-06T20:17:38Z" level=error msg="Failed to store events for file session_2026-08-06_13-16-01_930282_1/f4194732d1cb74919a202efbe4397062e4273f011677ea8b803123d6/job_events/03000000/f4194732d1cb74919a202efbe4397062e4273f011677ea8b803123d6-2026-08-06-20-1786047387386595844.jsonl: TASK_LIFECYCLE_EVENT must have at least one state transition"
time="2026-08-06T20:17:38Z" level=error msg="Failed to store events for file session_2026-08-06_13-16-01_930282_1/f4194732d1cb74919a202efbe4397062e4273f011677ea8b803123d6/job_events/03000000/f4194732d1cb74919a202efbe4397062e4273f011677ea8b803123d6-2026-08-06-20-1786047387386595844.jsonl: TASK_LIFECYCLE_EVENT must have at least one state transition"
time="2026-08-06T20:17:39Z" level=error msg="Failed to store events for file session_2026-08-06_13-16-01_930282_1/f4194732d1cb74919a202efbe4397062e4273f011677ea8b803123d6/job_events/03000000/f4194732d1cb74919a202efbe4397062e4273f011677ea8b803123d6-2026-08-06-20-1786047387386595844.jsonl: TASK_LIFECYCLE_EVENT must have at least one state transition"
time="2026-08-06T20:17:40Z" level=error msg="Failed to store events for file session_2026-08-06_13-16-01_930282_1/f4194732d1cb74919a202efbe4397062e4273f011677ea8b803123d6/job_events/03000000/f4194732d1cb74919a202efbe4397062e4273f011677ea8b803123d6-2026-08-06-20-1786047387386595844.jsonl: TASK_LIFECYCLE_EVENT must have at least one state transition"
time="2026-08-06T20:17:41Z" level=error msg="Failed to store events for file session_2026-08-06_13-16-01_930282_1/f4194732d1cb74919a202efbe4397062e4273f011677ea8b803123d6/job_events/03000000/f4194732d1cb74919a202efbe4397062e4273f011677ea8b803123d6-2026-08-06-20-1786047387386595844.jsonl: TASK_LIFECYCLE_EVENT must have at least one state transition"
time="2026-08-06T20:17:41Z" level=error msg="Failed to store events for file session_2026-08-06_13-16-01_930282_1/f4194732d1cb74919a202efbe4397062e4273f011677ea8b803123d6/job_events/03000000/f4194732d1cb74919a202efbe4397062e4273f011677ea8b803123d6-2026-08-06-20-1786047387386595844.jsonl: TASK_LIFECYCLE_EVENT must have at least one state transition"
time="2026-08-06T20:17:41Z" level=error msg="Failed to store events for file session_2026-08-06_13-16-01_930282_1/f4194732d1cb74919a202efbe4397062e4273f011677ea8b803123d6/job_events/03000000/f4194732d1cb74919a202efbe4397062e4273f011677ea8b803123d6-2026-08-06-20-1786047387386595844.jsonl: TASK_LIFECYCLE_EVENT must have at least one state transition"
time="2026-08-06T20:17:42Z" level=error msg="Failed to store events for file session_2026-08-06_13-16-01_930282_1/f4194732d1cb74919a202efbe4397062e4273f011677ea8b803123d6/job_events/03000000/f4194732d1cb74919a202efbe4397062e4273f011677ea8b803123d6-2026-08-06-20-1786047387386595844.jsonl: TASK_LIFECYCLE_EVENT must have at least one state transition"
time="2026-08-06T20:17:43Z" level=error msg="Failed to store events for file session_2026-08-06_13-16-01_930282_1/f4194732d1cb74919a202efbe4397062e4273f011677ea8b803123d6/job_events/03000000/f4194732d1cb74919a202efbe4397062e4273f011677ea8b803123d6-2026-08-06-20-1786047387386595844.jsonl: TASK_LIFECYCLE_EVENT must have at least one state transition"
time="2026-08-06T20:17:44Z" level=error msg="Failed to store events for file session_2026-08-06_13-16-01_930282_1/f4194732d1cb74919a202efbe4397062e4273f011677ea8b803123d6/job_events/03000000/f4194732d1cb74919a202efbe4397062e4273f011677ea8b803123d6-2026-08-06-20-1786047387386595844.jsonl: TASK_LIFECYCLE_EVENT must have at least one state transition"
time="2026-08-06T20:17:46Z" level=error msg="Failed to store events for file session_2026-08-06_13-16-01_930282_1/f4194732d1cb74919a202efbe4397062e4273f011677ea8b803123d6/job_events/03000000/f4194732d1cb74919a202efbe4397062e4273f011677ea8b803123d6-2026-08-06-20-1786047387386595844.jsonl: TASK_LIFECYCLE_EVENT must have at least one state transition"
time="2026-08-06T20:17:46Z" level=info msg="Prepare to get object log/cluster-history/raycluster/test-ns-httv9/raycluster-historyserver/session_2026-08-06_13-16-01_930282_1/f4b0b39a5a38d3c0ddf6a4a4e5fc7a047b743e4642b8540aa77c0e9a/job_events/01000000/f4b0b39a5a38d3c0ddf6a4a4e5fc7a047b743e4642b8540aa77c0e9a-2026-08-06-20-1786047367298331667.jsonl info ..."
time="2026-08-06T20:17:46Z" level=info msg="Prepare to get object log/cluster-history/raycluster/test-ns-httv9/raycluster-historyserver/session_2026-08-06_13-16-01_930282_1/f4b0b39a5a38d3c0ddf6a4a4e5fc7a047b743e4642b8540aa77c0e9a/job_events/02000000/f4b0b39a5a38d3c0ddf6a4a4e5fc7a047b743e4642b8540aa77c0e9a-2026-08-06-20-1786047385291131718.jsonl info ..."
time="2026-08-06T20:17:46Z" level=info msg="Prepare to get object log/cluster-history/raycluster/test-ns-httv9/raycluster-historyserver/session_2026-08-06_13-16-01_930282_1/f4b0b39a5a38d3c0ddf6a4a4e5fc7a047b743e4642b8540aa77c0e9a/job_events/03000000/f4b0b39a5a38d3c0ddf6a4a4e5fc7a047b743e4642b8540aa77c0e9a-2026-08-06-20-1786047386292456426.jsonl info ..."
gc 13 @29.390s 4%: 0.14+2286+0.11 ms clock, 0.29+6.5/1229/1365+0.22 ms cpu, 491->548->343 MB, 526 MB goal, 0 MB stacks, 0 MB globals, 2 P
gc 14 @32.084s 5%: 0.16+494+0.082 ms clock, 0.33+0/306/289+0.16 ms cpu, 662->665->232 MB, 686 MB goal, 0 MB stacks, 0 MB globals, 2 P
gc 15 @39.670s 5%: 0.15+1916+0.10 ms clock, 0.31+0.093/953/946+0.20 ms cpu, 440->458->323 MB, 465 MB goal, 0 MB stacks, 0 MB globals, 2 P
gc 16 @49.273s 5%: 0.24+3611+0.077 ms clock, 0.49+0.21/1864/2120+0.15 ms cpu, 551->578->519 MB, 647 MB goal, 0 MB stacks, 0 MB globals, 2 P
gc 17 @70.405s 5%: 0.21+3880+0.10 ms clock, 0.42+0.10/1984/2344+0.21 ms cpu, 884->905->486 MB, 1038 MB goal, 0 MB stacks, 0 MB globals, 2 P
time="2026-08-06T20:18:31Z" level=info msg="Prepare to get object log/cluster-history/raycluster/test-ns-httv9/raycluster-historyserver/session_2026-08-06_13-16-01_930282_1/f4b0b39a5a38d3c0ddf6a4a4e5fc7a047b743e4642b8540aa77c0e9a/job_events/04000000/f4b0b39a5a38d3c0ddf6a4a4e5fc7a047b743e4642b8540aa77c0e9a-2026-08-06-20-1786047400167076877.jsonl info ..."
time="2026-08-06T20:18:31Z" level=info msg="Prepare to get object log/cluster-history/raycluster/test-ns-httv9/raycluster-historyserver/session_2026-08-06_13-16-01_930282_1/f4b0b39a5a38d3c0ddf6a4a4e5fc7a047b743e4642b8540aa77c0e9a/node_events/f4b0b39a5a38d3c0ddf6a4a4e5fc7a047b743e4642b8540aa77c0e9a-2026-08-06-20-1786047366973477125.jsonl info ..."
time="2026-08-06T20:18:33Z" level=info msg="Received request: GET /enter_cluster/test-ns-httv9/raycluster/raycluster-historyserver/session_2026-08-06_13-16-01_930282_1"
time="2026-08-06T20:18:33Z" level=info msg="[List]Returned objects in log/cluster-metadata/. length of page.Contents: 2, length of page.CommonPrefixes: 0"
time="2026-08-06T20:18:33Z" level=error msg="Failed to parse meta file path: log/cluster-metadata/raycluster/test-ns-httv9_raycluster-historyserver/, error: invalid path segment count for cluster metadata structure: log/cluster-metadata/raycluster/test-ns-httv9_raycluster-historyserver/"
time="2026-08-06T20:18:33Z" level=info msg="Parsed cluster raycluster-historyserver for session session_2026-08-06_13-16-01_930282_1 to list"
time="2026-08-06T20:18:33Z" level=info msg="Received request: GET /api/v0/tasks?limit=50000"
time="2026-08-06T20:18:33Z" level=info msg="Request URL /api/v0/tasks?limit=50000"
time="2026-08-06T20:18:33Z" level=info msg="Received request: GET /api/v0/tasks?limit=50000"
time="2026-08-06T20:18:33Z" level=info msg="Request URL /api/v0/tasks?limit=50000"
time="2026-08-06T20:18:33Z" level=info msg="Received request: GET /api/v0/tasks?limit=50000"
time="2026-08-06T20:18:33Z" level=info msg="Request URL /api/v0/tasks?limit=50000"
time="2026-08-06T20:18:33Z" level=info msg="Received request: GET /api/v0/tasks?limit=50000"
time="2026-08-06T20:18:33Z" level=info msg="Request URL /api/v0/tasks?limit=50000"
time="2026-08-06T20:18:33Z" level=info msg="Received request: GET /api/v0/tasks?limit=50000"
time="2026-08-06T20:18:33Z" level=info msg="Request URL /api/v0/tasks?limit=50000"
time="2026-08-06T20:18:33Z" level=info msg="Received request: GET /api/v0/tasks?limit=50000"
time="2026-08-06T20:18:33Z" level=info msg="Request URL /api/v0/tasks?limit=50000"
time="2026-08-06T20:18:33Z" level=info msg="Received request: GET /api/v0/tasks?limit=50000"
time="2026-08-06T20:18:33Z" level=info msg="Request URL /api/v0/tasks?limit=50000"
time="2026-08-06T20:18:33Z" level=info msg="Received request: GET /api/v0/tasks?limit=50000"
time="2026-08-06T20:18:33Z" level=info msg="Request URL /api/v0/tasks?limit=50000"
time="2026-08-06T20:18:33Z" level=info msg="Received request: GET /api/v0/tasks?limit=50000"
time="2026-08-06T20:18:33Z" level=info msg="Request URL /api/v0/tasks?limit=50000"
time="2026-08-06T20:18:33Z" level=info msg="Received request: GET /api/v0/tasks?limit=50000"
time="2026-08-06T20:18:33Z" level=info msg="Request URL /api/v0/tasks?limit=50000"
time="2026-08-06T20:18:33Z" level=info msg="Received request: GET /api/v0/tasks/summarize"
time="2026-08-06T20:18:33Z" level=info msg="Request URL /api/v0/tasks/summarize"
time="2026-08-06T20:18:33Z" level=info msg="Received request: GET /api/v0/tasks/summarize"
time="2026-08-06T20:18:33Z" level=info msg="Request URL /api/v0/tasks/summarize"
gc 18 @78.522s 5%: 0.19+951+0.091 ms clock, 0.39+0/519/634+0.18 ms cpu, 829->859->153 MB, 973 MB goal, 0 MB stacks, 0 MB globals, 2 P
time="2026-08-06T20:18:35Z" level=info msg="Received request: GET /api/v0/tasks/summarize"
time="2026-08-06T20:18:35Z" level=info msg="Request URL /api/v0/tasks/summarize"
gc 19 @80.376s 5%: 0.17+906+0.14 ms clock, 0.35+3.3/444/572+0.29 ms cpu, 261->307->170 MB, 306 MB goal, 0 MB stacks, 0 MB globals, 2 P
time="2026-08-06T20:18:37Z" level=info msg="Received request: GET /api/v0/tasks/summarize"
time="2026-08-06T20:18:37Z" level=info msg="Request URL /api/v0/tasks/summarize"
gc 20 @82.095s 5%: 0.20+1093+0.10 ms clock, 0.41+252/549/656+0.21 ms cpu, 291->337->177 MB, 341 MB goal, 0 MB stacks, 0 MB globals, 2 P
time="2026-08-06T20:18:39Z" level=info msg="Received request: GET /api/v0/tasks/summarize"
time="2026-08-06T20:18:39Z" level=info msg="Request URL /api/v0/tasks/summarize"
gc 21 @83.989s 6%: 0.19+1293+0.089 ms clock, 0.39+85/630/853+0.17 ms cpu, 310->333->179 MB, 355 MB goal, 0 MB stacks, 0 MB globals, 2 P
time="2026-08-06T20:18:41Z" level=info msg="Received request: GET /api/v0/tasks/summarize"
time="2026-08-06T20:18:41Z" level=info msg="Request URL /api/v0/tasks/summarize"
gc 22 @86.099s 6%: 0.18+1369+0.18 ms clock, 0.36+0/650/856+0.37 ms cpu, 312->312->164 MB, 359 MB goal, 0 MB stacks, 0 MB globals, 2 P
time="2026-08-06T20:18:43Z" level=info msg="Received request: GET /api/v0/tasks/summarize"
time="2026-08-06T20:18:43Z" level=info msg="Request URL /api/v0/tasks/summarize"
gc 23 @88.192s 6%: 0.16+1492+0.15 ms clock, 0.33+0/780/1099+0.31 ms cpu, 297->297->145 MB, 329 MB goal, 0 MB stacks, 0 MB globals, 2 P
time="2026-08-06T20:18:45Z" level=info msg="Received request: GET /api/v0/tasks/summarize"
time="2026-08-06T20:18:45Z" level=info msg="Request URL /api/v0/tasks/summarize"
gc 24 @90.399s 7%: 0.17+1280+0.085 ms clock, 0.35+198/619/771+0.17 ms cpu, 254->278->179 MB, 291 MB goal, 0 MB stacks, 0 MB globals, 2 P
time="2026-08-06T20:18:47Z" level=info msg="Received request: GET /api/v0/tasks/summarize"
time="2026-08-06T20:18:47Z" level=info msg="Request URL /api/v0/tasks/summarize"
gc 25 @92.396s 7%: 0.16+1489+0.099 ms clock, 0.32+0/802/886+0.19 ms cpu, 312->312->164 MB, 359 MB goal, 0 MB stacks, 0 MB globals, 2 P
time="2026-08-06T20:18:49Z" level=info msg="Received request: GET /api/v0/tasks/summarize"
time="2026-08-06T20:18:49Z" level=info msg="Request URL /api/v0/tasks/summarize"
gc 26 @94.600s 7%: 0.14+1469+0.12 ms clock, 0.29+0/754/994+0.25 ms cpu, 297->297->164 MB, 329 MB goal, 0 MB stacks, 0 MB globals, 2 P
time="2026-08-06T20:18:51Z" level=info msg="Received request: GET /api/jobs/"
time="2026-08-06T20:18:51Z" level=info msg="Request URL /api/jobs/"
time="2026-08-06T20:18:51Z" level=info msg="Received request: GET /api/jobs/"
time="2026-08-06T20:18:51Z" level=info msg="Request URL /api/jobs/"
time="2026-08-06T20:18:51Z" level=info msg="Received request: GET /api/jobs/"
time="2026-08-06T20:18:51Z" level=info msg="Request URL /api/jobs/"
time="2026-08-06T20:18:51Z" level=info msg="Received request: GET /api/jobs/"
time="2026-08-06T20:18:51Z" level=info msg="Request URL /api/jobs/"
time="2026-08-06T20:18:51Z" level=info msg="Received request: GET /api/jobs/"
time="2026-08-06T20:18:51Z" level=info msg="Request URL /api/jobs/"
time="2026-08-06T20:18:51Z" level=info msg="Received request: GET /api/jobs/"
time="2026-08-06T20:18:51Z" level=info msg="Request URL /api/jobs/"
time="2026-08-06T20:18:52Z" level=info msg="Received request: GET /api/jobs/"
time="2026-08-06T20:18:52Z" level=info msg="Request URL /api/jobs/"
gc 27 @96.672s 7%: 0.15+898+0.042 ms clock, 0.30+0/299/504+0.084 ms cpu, 286->306->142 MB, 329 MB goal, 0 MB stacks, 0 MB globals, 2 P
time="2026-08-06T20:18:52Z" level=info msg="Received request: GET /api/jobs/"
time="2026-08-06T20:18:52Z" level=info msg="Request URL /api/jobs/"
time="2026-08-06T20:18:52Z" level=info msg="Received request: GET /api/jobs/"
time="2026-08-06T20:18:52Z" level=info msg="Request URL /api/jobs/"
time="2026-08-06T20:18:52Z" level=info msg="Received request: GET /api/jobs/"
time="2026-08-06T20:18:52Z" level=info msg="Request URL /api/jobs/"
time="2026-08-06T20:18:52Z" level=info msg="Request URL /nodes?view=summary"
time="2026-08-06T20:18:52Z" level=info msg="Request URL /nodes?view=summary"
time="2026-08-06T20:18:53Z" level=info msg="Request URL /nodes?view=summary"
gc 28 @97.702s 7%: 0.15+991+0.041 ms clock, 0.30+0/440/464+0.082 ms cpu, 243->263->142 MB, 284 MB goal, 0 MB stacks, 0 MB globals, 2 P
time="2026-08-06T20:18:53Z" level=info msg="Request URL /nodes?view=summary"
time="2026-08-06T20:18:53Z" level=info msg="Request URL /nodes?view=summary"
time="2026-08-06T20:18:53Z" level=info msg="Request URL /nodes?view=summary"
time="2026-08-06T20:18:53Z" level=info msg="Request URL /nodes?view=summary"
time="2026-08-06T20:18:54Z" level=info msg="Request URL /nodes?view=summary"
time="2026-08-06T20:18:54Z" level=info msg="Request URL /nodes?view=summary"
gc 29 @98.880s 7%: 0.65+896+0.026 ms clock, 1.3+0/461/511+0.053 ms cpu, 243->263->142 MB, 284 MB goal, 0 MB stacks, 0 MB globals, 2 P
time="2026-08-06T20:18:54Z" level=info msg="Request URL /nodes?view=summary"
time="2026-08-06T20:18:54Z" level=info msg="Request URL /events"
time="2026-08-06T20:18:55Z" level=info msg="Request URL /events"
time="2026-08-06T20:18:55Z" level=info msg="Request URL /events"
time="2026-08-06T20:18:55Z" level=info msg="Request URL /events"
time="2026-08-06T20:18:55Z" level=info msg="Request URL /events"
gc 30 @99.974s 8%: 0.17+900+0.031 ms clock, 0.35+0/438/457+0.062 ms cpu, 243->263->142 MB, 284 MB goal, 0 MB stacks, 0 MB globals, 2 P
time="2026-08-06T20:18:56Z" level=info msg="Request URL /events"
time="2026-08-06T20:18:56Z" level=info msg="Request URL /events"
time="2026-08-06T20:18:56Z" level=info msg="Request URL /events"
time="2026-08-06T20:18:56Z" level=info msg="Request URL /events"
time="2026-08-06T20:18:56Z" level=info msg="Request URL /events"
