time="2026-08-06T17:43:15Z" level=info msg="create client manager successfully, clients: 1"
time="2026-08-06T17:43:15Z" level=info msg="Begin to create s3 client ..."
time="2026-08-06T17:43:15Z" level=info msg="Checking if bucket ray-historyserver exists..."
time="2026-08-06T17:43:15Z" level=info msg="Bucket ray-historyserver already exists"
time="2026-08-06T17:43:15Z" level=info msg="Clean logdir is logs"
time="2026-08-06T17:43:15Z" level=info msg="Starting server on :8080"
time="2026-08-06T17:43:16Z" level=info msg="Received request: GET /readz"
time="2026-08-06T17:43:17Z" level=info msg="live clusters: []"
time="2026-08-06T17:43:17Z" level=info msg="[List]Returned objects in log/cluster-metadata/. length of page.Contents: 2, length of page.CommonPrefixes: 0"
time="2026-08-06T17:43:17Z" level=error msg="Failed to parse meta file path: log/cluster-metadata/raycluster/test-ns-2jhcc_raycluster-historyserver/, error: invalid path segment count for cluster metadata structure: log/cluster-metadata/raycluster/test-ns-2jhcc_raycluster-historyserver/"
time="2026-08-06T17:43:17Z" level=info msg="Parsed cluster raycluster-historyserver for session session_2026-08-06_10-41-55_398159_1 to list"
time="2026-08-06T17:43:17Z" level=info msg="live clusters: []"
time="2026-08-06T17:43:17Z" level=info msg="[List]Returned objects in log/cluster-metadata/. length of page.Contents: 2, length of page.CommonPrefixes: 0"
time="2026-08-06T17:43:17Z" level=error msg="Failed to parse meta file path: log/cluster-metadata/raycluster/test-ns-2jhcc_raycluster-historyserver/, error: invalid path segment count for cluster metadata structure: log/cluster-metadata/raycluster/test-ns-2jhcc_raycluster-historyserver/"
time="2026-08-06T17:43:17Z" level=info msg="Parsed cluster raycluster-historyserver for session session_2026-08-06_10-41-55_398159_1 to list"
time="2026-08-06T17:43:17Z" level=info msg="live clusters: []"
time="2026-08-06T17:43:17Z" level=info msg="[List]Returned objects in log/cluster-metadata/. length of page.Contents: 2, length of page.CommonPrefixes: 0"
time="2026-08-06T17:43:17Z" level=error msg="Failed to parse meta file path: log/cluster-metadata/raycluster/test-ns-2jhcc_raycluster-historyserver/, error: invalid path segment count for cluster metadata structure: log/cluster-metadata/raycluster/test-ns-2jhcc_raycluster-historyserver/"
time="2026-08-06T17:43:17Z" level=info msg="Parsed cluster raycluster-historyserver for session session_2026-08-06_10-41-55_398159_1 to list"
time="2026-08-06T17:43:17Z" level=info msg="live clusters: []"
time="2026-08-06T17:43:17Z" level=info msg="[List]Returned objects in log/cluster-metadata/. length of page.Contents: 2, length of page.CommonPrefixes: 0"
time="2026-08-06T17:43:17Z" level=error msg="Failed to parse meta file path: log/cluster-metadata/raycluster/test-ns-2jhcc_raycluster-historyserver/, error: invalid path segment count for cluster metadata structure: log/cluster-metadata/raycluster/test-ns-2jhcc_raycluster-historyserver/"
time="2026-08-06T17:43:17Z" level=info msg="Parsed cluster raycluster-historyserver for session session_2026-08-06_10-41-55_398159_1 to list"
time="2026-08-06T17:43:17Z" level=info msg="live clusters: []"
time="2026-08-06T17:43:17Z" level=info msg="[List]Returned objects in log/cluster-metadata/. length of page.Contents: 2, length of page.CommonPrefixes: 0"
time="2026-08-06T17:43:17Z" level=error msg="Failed to parse meta file path: log/cluster-metadata/raycluster/test-ns-2jhcc_raycluster-historyserver/, error: invalid path segment count for cluster metadata structure: log/cluster-metadata/raycluster/test-ns-2jhcc_raycluster-historyserver/"
time="2026-08-06T17:43:17Z" level=info msg="Parsed cluster raycluster-historyserver for session session_2026-08-06_10-41-55_398159_1 to list"
time="2026-08-06T17:43:17Z" level=info msg="Received request: GET /enter_cluster/test-ns-2jhcc/raycluster/raycluster-historyserver/session_2026-08-06_10-41-55_398159_1"
time="2026-08-06T17:43:17Z" level=info msg="[List]Returned objects in log/cluster-metadata/. length of page.Contents: 2, length of page.CommonPrefixes: 0"
time="2026-08-06T17:43:17Z" level=error msg="Failed to parse meta file path: log/cluster-metadata/raycluster/test-ns-2jhcc_raycluster-historyserver/, error: invalid path segment count for cluster metadata structure: log/cluster-metadata/raycluster/test-ns-2jhcc_raycluster-historyserver/"
time="2026-08-06T17:43:17Z" level=info msg="Parsed cluster raycluster-historyserver for session session_2026-08-06_10-41-55_398159_1 to list"
time="2026-08-06T17:43:17Z" level=info msg="[ListFiles]Returned objects in log/cluster-history/raycluster/test-ns-2jhcc/raycluster-historyserver/session_2026-08-06_10-41-55_398159_1/. length of page.Contents: 0, length of page.CommonPrefixes: 3"
time="2026-08-06T17:43:17Z" level=info msg="[ListFiles]Returned objects in log/cluster-history/raycluster/test-ns-2jhcc/raycluster-historyserver/session_2026-08-06_10-41-55_398159_1/15d8a19fc9e06de6ed356b629aed1e348995934c3fa51cda387ea6a1/logs/events/. length of page.Contents: 13, length of page.CommonPrefixes: 0"
time="2026-08-06T17:43:17Z" level=info msg="Prepare to get object log/cluster-history/raycluster/test-ns-2jhcc/raycluster-historyserver/session_2026-08-06_10-41-55_398159_1/15d8a19fc9e06de6ed356b629aed1e348995934c3fa51cda387ea6a1/logs/events/event_CORE_WORKER_228.log info ..."
time="2026-08-06T17:43:17Z" level=info msg="Prepare to get object log/cluster-history/raycluster/test-ns-2jhcc/raycluster-historyserver/session_2026-08-06_10-41-55_398159_1/15d8a19fc9e06de6ed356b629aed1e348995934c3fa51cda387ea6a1/logs/events/event_CORE_WORKER_229.log info ..."
time="2026-08-06T17:43:17Z" level=info msg="Prepare to get object log/cluster-history/raycluster/test-ns-2jhcc/raycluster-historyserver/session_2026-08-06_10-41-55_398159_1/15d8a19fc9e06de6ed356b629aed1e348995934c3fa51cda387ea6a1/logs/events/event_CORE_WORKER_317.log info ..."
time="2026-08-06T17:43:17Z" level=info msg="Prepare to get object log/cluster-history/raycluster/test-ns-2jhcc/raycluster-historyserver/session_2026-08-06_10-41-55_398159_1/15d8a19fc9e06de6ed356b629aed1e348995934c3fa51cda387ea6a1/logs/events/event_CORE_WORKER_325.log info ..."
time="2026-08-06T17:43:17Z" level=info msg="Prepare to get object log/cluster-history/raycluster/test-ns-2jhcc/raycluster-historyserver/session_2026-08-06_10-41-55_398159_1/15d8a19fc9e06de6ed356b629aed1e348995934c3fa51cda387ea6a1/logs/events/event_CORE_WORKER_416.log info ..."
time="2026-08-06T17:43:17Z" level=info msg="Prepare to get object log/cluster-history/raycluster/test-ns-2jhcc/raycluster-historyserver/session_2026-08-06_10-41-55_398159_1/15d8a19fc9e06de6ed356b629aed1e348995934c3fa51cda387ea6a1/logs/events/event_CORE_WORKER_421.log info ..."
time="2026-08-06T17:43:17Z" level=info msg="Prepare to get object log/cluster-history/raycluster/test-ns-2jhcc/raycluster-historyserver/session_2026-08-06_10-41-55_398159_1/15d8a19fc9e06de6ed356b629aed1e348995934c3fa51cda387ea6a1/logs/events/event_CORE_WORKER_497.log info ..."
time="2026-08-06T17:43:17Z" level=info msg="Prepare to get object log/cluster-history/raycluster/test-ns-2jhcc/raycluster-historyserver/session_2026-08-06_10-41-55_398159_1/15d8a19fc9e06de6ed356b629aed1e348995934c3fa51cda387ea6a1/logs/events/event_CORE_WORKER_514.log info ..."
time="2026-08-06T17:43:17Z" level=info msg="Prepare to get object log/cluster-history/raycluster/test-ns-2jhcc/raycluster-historyserver/session_2026-08-06_10-41-55_398159_1/15d8a19fc9e06de6ed356b629aed1e348995934c3fa51cda387ea6a1/logs/events/event_CORE_WORKER_592.log info ..."
time="2026-08-06T17:43:17Z" level=info msg="Prepare to get object log/cluster-history/raycluster/test-ns-2jhcc/raycluster-historyserver/session_2026-08-06_10-41-55_398159_1/15d8a19fc9e06de6ed356b629aed1e348995934c3fa51cda387ea6a1/logs/events/event_CORE_WORKER_609.log info ..."
time="2026-08-06T17:43:17Z" level=info msg="Prepare to get object log/cluster-history/raycluster/test-ns-2jhcc/raycluster-historyserver/session_2026-08-06_10-41-55_398159_1/15d8a19fc9e06de6ed356b629aed1e348995934c3fa51cda387ea6a1/logs/events/event_CORE_WORKER_686.log info ..."
time="2026-08-06T17:43:17Z" level=info msg="Prepare to get object log/cluster-history/raycluster/test-ns-2jhcc/raycluster-historyserver/session_2026-08-06_10-41-55_398159_1/15d8a19fc9e06de6ed356b629aed1e348995934c3fa51cda387ea6a1/logs/events/event_RAYLET.log info ..."
time="2026-08-06T17:43:17Z" level=info msg="[ListFiles]Returned objects in log/cluster-history/raycluster/test-ns-2jhcc/raycluster-historyserver/session_2026-08-06_10-41-55_398159_1/b00aaf84733c9c42551918a82ba7e1707470ad38e22cb487a3dfb37c/logs/events/. length of page.Contents: 11, length of page.CommonPrefixes: 0"
time="2026-08-06T17:43:17Z" level=info msg="Prepare to get object log/cluster-history/raycluster/test-ns-2jhcc/raycluster-historyserver/session_2026-08-06_10-41-55_398159_1/b00aaf84733c9c42551918a82ba7e1707470ad38e22cb487a3dfb37c/logs/events/event_AUTOSCALER.log info ..."
time="2026-08-06T17:43:17Z" level=info msg="Prepare to get object log/cluster-history/raycluster/test-ns-2jhcc/raycluster-historyserver/session_2026-08-06_10-41-55_398159_1/b00aaf84733c9c42551918a82ba7e1707470ad38e22cb487a3dfb37c/logs/events/event_CORE_WORKER_1016.log info ..."
time="2026-08-06T17:43:17Z" level=info msg="Prepare to get object log/cluster-history/raycluster/test-ns-2jhcc/raycluster-historyserver/session_2026-08-06_10-41-55_398159_1/b00aaf84733c9c42551918a82ba7e1707470ad38e22cb487a3dfb37c/logs/events/event_CORE_WORKER_1170.log info ..."
time="2026-08-06T17:43:17Z" level=info msg="Prepare to get object log/cluster-history/raycluster/test-ns-2jhcc/raycluster-historyserver/session_2026-08-06_10-41-55_398159_1/b00aaf84733c9c42551918a82ba7e1707470ad38e22cb487a3dfb37c/logs/events/event_CORE_WORKER_199.log info ..."
time="2026-08-06T17:43:17Z" level=info msg="Prepare to get object log/cluster-history/raycluster/test-ns-2jhcc/raycluster-historyserver/session_2026-08-06_10-41-55_398159_1/b00aaf84733c9c42551918a82ba7e1707470ad38e22cb487a3dfb37c/logs/events/event_CORE_WORKER_204.log info ..."
time="2026-08-06T17:43:17Z" level=info msg="Prepare to get object log/cluster-history/raycluster/test-ns-2jhcc/raycluster-historyserver/session_2026-08-06_10-41-55_398159_1/b00aaf84733c9c42551918a82ba7e1707470ad38e22cb487a3dfb37c/logs/events/event_CORE_WORKER_674.log info ..."
time="2026-08-06T17:43:17Z" level=info msg="Prepare to get object log/cluster-history/raycluster/test-ns-2jhcc/raycluster-historyserver/session_2026-08-06_10-41-55_398159_1/b00aaf84733c9c42551918a82ba7e1707470ad38e22cb487a3dfb37c/logs/events/event_CORE_WORKER_960.log info ..."
time="2026-08-06T17:43:17Z" level=info msg="Prepare to get object log/cluster-history/raycluster/test-ns-2jhcc/raycluster-historyserver/session_2026-08-06_10-41-55_398159_1/b00aaf84733c9c42551918a82ba7e1707470ad38e22cb487a3dfb37c/logs/events/event_GCS.log info ..."
time="2026-08-06T17:43:17Z" level=info msg="Prepare to get object log/cluster-history/raycluster/test-ns-2jhcc/raycluster-historyserver/session_2026-08-06_10-41-55_398159_1/b00aaf84733c9c42551918a82ba7e1707470ad38e22cb487a3dfb37c/logs/events/event_JOBS.log info ..."
time="2026-08-06T17:43:17Z" level=info msg="Prepare to get object log/cluster-history/raycluster/test-ns-2jhcc/raycluster-historyserver/session_2026-08-06_10-41-55_398159_1/b00aaf84733c9c42551918a82ba7e1707470ad38e22cb487a3dfb37c/logs/events/event_RAYLET.log info ..."
time="2026-08-06T17:43:17Z" level=info msg="[ListFiles]Returned objects in log/cluster-history/raycluster/test-ns-2jhcc/raycluster-historyserver/session_2026-08-06_10-41-55_398159_1/fetched_endpoints/logs/events/. length of page.Contents: 0, length of page.CommonPrefixes: 0"
time="2026-08-06T17:43:17Z" level=info msg="[ListFiles]Returned objects in log/cluster-history/raycluster/test-ns-2jhcc/raycluster-historyserver/session_2026-08-06_10-41-55_398159_1/. length of page.Contents: 0, length of page.CommonPrefixes: 3"
time="2026-08-06T17:43:17Z" level=info msg="[ListFiles]Returned objects in log/cluster-history/raycluster/test-ns-2jhcc/raycluster-historyserver/session_2026-08-06_10-41-55_398159_1/15d8a19fc9e06de6ed356b629aed1e348995934c3fa51cda387ea6a1/job_events/. length of page.Contents: 0, length of page.CommonPrefixes: 1"
time="2026-08-06T17:43:17Z" level=info msg="[ListFiles]Returned objects in log/cluster-history/raycluster/test-ns-2jhcc/raycluster-historyserver/session_2026-08-06_10-41-55_398159_1/15d8a19fc9e06de6ed356b629aed1e348995934c3fa51cda387ea6a1/job_events/03000000/. length of page.Contents: 2, length of page.CommonPrefixes: 0"
time="2026-08-06T17:43:17Z" level=info msg="[ListFiles]Returned objects in log/cluster-history/raycluster/test-ns-2jhcc/raycluster-historyserver/session_2026-08-06_10-41-55_398159_1/b00aaf84733c9c42551918a82ba7e1707470ad38e22cb487a3dfb37c/job_events/. length of page.Contents: 0, length of page.CommonPrefixes: 4"
time="2026-08-06T17:43:17Z" level=info msg="[ListFiles]Returned objects in log/cluster-history/raycluster/test-ns-2jhcc/raycluster-historyserver/session_2026-08-06_10-41-55_398159_1/b00aaf84733c9c42551918a82ba7e1707470ad38e22cb487a3dfb37c/job_events/01000000/. length of page.Contents: 2, length of page.CommonPrefixes: 0"
time="2026-08-06T17:43:17Z" level=info msg="[ListFiles]Returned objects in log/cluster-history/raycluster/test-ns-2jhcc/raycluster-historyserver/session_2026-08-06_10-41-55_398159_1/b00aaf84733c9c42551918a82ba7e1707470ad38e22cb487a3dfb37c/job_events/02000000/. length of page.Contents: 2, length of page.CommonPrefixes: 0"
time="2026-08-06T17:43:17Z" level=info msg="[ListFiles]Returned objects in log/cluster-history/raycluster/test-ns-2jhcc/raycluster-historyserver/session_2026-08-06_10-41-55_398159_1/b00aaf84733c9c42551918a82ba7e1707470ad38e22cb487a3dfb37c/job_events/03000000/. length of page.Contents: 2, length of page.CommonPrefixes: 0"
time="2026-08-06T17:43:17Z" level=info msg="[ListFiles]Returned objects in log/cluster-history/raycluster/test-ns-2jhcc/raycluster-historyserver/session_2026-08-06_10-41-55_398159_1/b00aaf84733c9c42551918a82ba7e1707470ad38e22cb487a3dfb37c/job_events/04000000/. length of page.Contents: 2, length of page.CommonPrefixes: 0"
time="2026-08-06T17:43:17Z" level=info msg="[ListFiles]Returned objects in log/cluster-history/raycluster/test-ns-2jhcc/raycluster-historyserver/session_2026-08-06_10-41-55_398159_1/fetched_endpoints/job_events/. length of page.Contents: 0, length of page.CommonPrefixes: 0"
time="2026-08-06T17:43:17Z" level=info msg="[ListFiles]Returned objects in log/cluster-history/raycluster/test-ns-2jhcc/raycluster-historyserver/session_2026-08-06_10-41-55_398159_1/. length of page.Contents: 0, length of page.CommonPrefixes: 3"
time="2026-08-06T17:43:17Z" level=info msg="[ListFiles]Returned objects in log/cluster-history/raycluster/test-ns-2jhcc/raycluster-historyserver/session_2026-08-06_10-41-55_398159_1/15d8a19fc9e06de6ed356b629aed1e348995934c3fa51cda387ea6a1/node_events/. length of page.Contents: 0, length of page.CommonPrefixes: 0"
time="2026-08-06T17:43:17Z" level=info msg="[ListFiles]Returned objects in log/cluster-history/raycluster/test-ns-2jhcc/raycluster-historyserver/session_2026-08-06_10-41-55_398159_1/b00aaf84733c9c42551918a82ba7e1707470ad38e22cb487a3dfb37c/node_events/. length of page.Contents: 2, length of page.CommonPrefixes: 0"
time="2026-08-06T17:43:17Z" level=info msg="[ListFiles]Returned objects in log/cluster-history/raycluster/test-ns-2jhcc/raycluster-historyserver/session_2026-08-06_10-41-55_398159_1/fetched_endpoints/node_events/. length of page.Contents: 0, length of page.CommonPrefixes: 0"
time="2026-08-06T17:43:17Z" level=info msg="Prepare to get object log/cluster-history/raycluster/test-ns-2jhcc/raycluster-historyserver/session_2026-08-06_10-41-55_398159_1/15d8a19fc9e06de6ed356b629aed1e348995934c3fa51cda387ea6a1/job_events/03000000/15d8a19fc9e06de6ed356b629aed1e348995934c3fa51cda387ea6a1-2026-08-06-17-1786038141592114341.jsonl info ..."
time="2026-08-06T17:43:23Z" level=error msg="Failed to store events for file session_2026-08-06_10-41-55_398159_1/15d8a19fc9e06de6ed356b629aed1e348995934c3fa51cda387ea6a1/job_events/03000000/15d8a19fc9e06de6ed356b629aed1e348995934c3fa51cda387ea6a1-2026-08-06-17-1786038141592114341.jsonl: TASK_LIFECYCLE_EVENT must have at least one state transition"
time="2026-08-06T17:43:23Z" level=error msg="Failed to store events for file session_2026-08-06_10-41-55_398159_1/15d8a19fc9e06de6ed356b629aed1e348995934c3fa51cda387ea6a1/job_events/03000000/15d8a19fc9e06de6ed356b629aed1e348995934c3fa51cda387ea6a1-2026-08-06-17-1786038141592114341.jsonl: TASK_LIFECYCLE_EVENT must have at least one state transition"
time="2026-08-06T17:43:23Z" level=error msg="Failed to store events for file session_2026-08-06_10-41-55_398159_1/15d8a19fc9e06de6ed356b629aed1e348995934c3fa51cda387ea6a1/job_events/03000000/15d8a19fc9e06de6ed356b629aed1e348995934c3fa51cda387ea6a1-2026-08-06-17-1786038141592114341.jsonl: TASK_LIFECYCLE_EVENT must have at least one state transition"
time="2026-08-06T17:43:24Z" level=error msg="Failed to store events for file session_2026-08-06_10-41-55_398159_1/15d8a19fc9e06de6ed356b629aed1e348995934c3fa51cda387ea6a1/job_events/03000000/15d8a19fc9e06de6ed356b629aed1e348995934c3fa51cda387ea6a1-2026-08-06-17-1786038141592114341.jsonl: TASK_LIFECYCLE_EVENT must have at least one state transition"
time="2026-08-06T17:43:24Z" level=error msg="Failed to store events for file session_2026-08-06_10-41-55_398159_1/15d8a19fc9e06de6ed356b629aed1e348995934c3fa51cda387ea6a1/job_events/03000000/15d8a19fc9e06de6ed356b629aed1e348995934c3fa51cda387ea6a1-2026-08-06-17-1786038141592114341.jsonl: TASK_LIFECYCLE_EVENT must have at least one state transition"
time="2026-08-06T17:43:24Z" level=error msg="Failed to store events for file session_2026-08-06_10-41-55_398159_1/15d8a19fc9e06de6ed356b629aed1e348995934c3fa51cda387ea6a1/job_events/03000000/15d8a19fc9e06de6ed356b629aed1e348995934c3fa51cda387ea6a1-2026-08-06-17-1786038141592114341.jsonl: TASK_LIFECYCLE_EVENT must have at least one state transition"
time="2026-08-06T17:43:24Z" level=error msg="Failed to store events for file session_2026-08-06_10-41-55_398159_1/15d8a19fc9e06de6ed356b629aed1e348995934c3fa51cda387ea6a1/job_events/03000000/15d8a19fc9e06de6ed356b629aed1e348995934c3fa51cda387ea6a1-2026-08-06-17-1786038141592114341.jsonl: TASK_LIFECYCLE_EVENT must have at least one state transition"
time="2026-08-06T17:43:24Z" level=error msg="Failed to store events for file session_2026-08-06_10-41-55_398159_1/15d8a19fc9e06de6ed356b629aed1e348995934c3fa51cda387ea6a1/job_events/03000000/15d8a19fc9e06de6ed356b629aed1e348995934c3fa51cda387ea6a1-2026-08-06-17-1786038141592114341.jsonl: TASK_LIFECYCLE_EVENT must have at least one state transition"
time="2026-08-06T17:43:24Z" level=error msg="Failed to store events for file session_2026-08-06_10-41-55_398159_1/15d8a19fc9e06de6ed356b629aed1e348995934c3fa51cda387ea6a1/job_events/03000000/15d8a19fc9e06de6ed356b629aed1e348995934c3fa51cda387ea6a1-2026-08-06-17-1786038141592114341.jsonl: TASK_LIFECYCLE_EVENT must have at least one state transition"
time="2026-08-06T17:43:24Z" level=error msg="Failed to store events for file session_2026-08-06_10-41-55_398159_1/15d8a19fc9e06de6ed356b629aed1e348995934c3fa51cda387ea6a1/job_events/03000000/15d8a19fc9e06de6ed356b629aed1e348995934c3fa51cda387ea6a1-2026-08-06-17-1786038141592114341.jsonl: TASK_LIFECYCLE_EVENT must have at least one state transition"
time="2026-08-06T17:43:24Z" level=error msg="Failed to store events for file session_2026-08-06_10-41-55_398159_1/15d8a19fc9e06de6ed356b629aed1e348995934c3fa51cda387ea6a1/job_events/03000000/15d8a19fc9e06de6ed356b629aed1e348995934c3fa51cda387ea6a1-2026-08-06-17-1786038141592114341.jsonl: TASK_LIFECYCLE_EVENT must have at least one state transition"
time="2026-08-06T17:43:25Z" level=error msg="Failed to store events for file session_2026-08-06_10-41-55_398159_1/15d8a19fc9e06de6ed356b629aed1e348995934c3fa51cda387ea6a1/job_events/03000000/15d8a19fc9e06de6ed356b629aed1e348995934c3fa51cda387ea6a1-2026-08-06-17-1786038141592114341.jsonl: TASK_LIFECYCLE_EVENT must have at least one state transition"
time="2026-08-06T17:43:25Z" level=error msg="Failed to store events for file session_2026-08-06_10-41-55_398159_1/15d8a19fc9e06de6ed356b629aed1e348995934c3fa51cda387ea6a1/job_events/03000000/15d8a19fc9e06de6ed356b629aed1e348995934c3fa51cda387ea6a1-2026-08-06-17-1786038141592114341.jsonl: TASK_LIFECYCLE_EVENT must have at least one state transition"
time="2026-08-06T17:43:25Z" level=error msg="Failed to store events for file session_2026-08-06_10-41-55_398159_1/15d8a19fc9e06de6ed356b629aed1e348995934c3fa51cda387ea6a1/job_events/03000000/15d8a19fc9e06de6ed356b629aed1e348995934c3fa51cda387ea6a1-2026-08-06-17-1786038141592114341.jsonl: TASK_LIFECYCLE_EVENT must have at least one state transition"
time="2026-08-06T17:43:26Z" level=error msg="Failed to store events for file session_2026-08-06_10-41-55_398159_1/15d8a19fc9e06de6ed356b629aed1e348995934c3fa51cda387ea6a1/job_events/03000000/15d8a19fc9e06de6ed356b629aed1e348995934c3fa51cda387ea6a1-2026-08-06-17-1786038141592114341.jsonl: TASK_LIFECYCLE_EVENT must have at least one state transition"
time="2026-08-06T17:43:26Z" level=error msg="Failed to store events for file session_2026-08-06_10-41-55_398159_1/15d8a19fc9e06de6ed356b629aed1e348995934c3fa51cda387ea6a1/job_events/03000000/15d8a19fc9e06de6ed356b629aed1e348995934c3fa51cda387ea6a1-2026-08-06-17-1786038141592114341.jsonl: TASK_LIFECYCLE_EVENT must have at least one state transition"
time="2026-08-06T17:43:26Z" level=error msg="Failed to store events for file session_2026-08-06_10-41-55_398159_1/15d8a19fc9e06de6ed356b629aed1e348995934c3fa51cda387ea6a1/job_events/03000000/15d8a19fc9e06de6ed356b629aed1e348995934c3fa51cda387ea6a1-2026-08-06-17-1786038141592114341.jsonl: TASK_LIFECYCLE_EVENT must have at least one state transition"
time="2026-08-06T17:43:26Z" level=error msg="Failed to store events for file session_2026-08-06_10-41-55_398159_1/15d8a19fc9e06de6ed356b629aed1e348995934c3fa51cda387ea6a1/job_events/03000000/15d8a19fc9e06de6ed356b629aed1e348995934c3fa51cda387ea6a1-2026-08-06-17-1786038141592114341.jsonl: TASK_LIFECYCLE_EVENT must have at least one state transition"
time="2026-08-06T17:43:26Z" level=error msg="Failed to store events for file session_2026-08-06_10-41-55_398159_1/15d8a19fc9e06de6ed356b629aed1e348995934c3fa51cda387ea6a1/job_events/03000000/15d8a19fc9e06de6ed356b629aed1e348995934c3fa51cda387ea6a1-2026-08-06-17-1786038141592114341.jsonl: TASK_LIFECYCLE_EVENT must have at least one state transition"
time="2026-08-06T17:43:26Z" level=error msg="Failed to store events for file session_2026-08-06_10-41-55_398159_1/15d8a19fc9e06de6ed356b629aed1e348995934c3fa51cda387ea6a1/job_events/03000000/15d8a19fc9e06de6ed356b629aed1e348995934c3fa51cda387ea6a1-2026-08-06-17-1786038141592114341.jsonl: TASK_LIFECYCLE_EVENT must have at least one state transition"
time="2026-08-06T17:43:27Z" level=error msg="Failed to store events for file session_2026-08-06_10-41-55_398159_1/15d8a19fc9e06de6ed356b629aed1e348995934c3fa51cda387ea6a1/job_events/03000000/15d8a19fc9e06de6ed356b629aed1e348995934c3fa51cda387ea6a1-2026-08-06-17-1786038141592114341.jsonl: TASK_LIFECYCLE_EVENT must have at least one state transition"
time="2026-08-06T17:43:27Z" level=error msg="Failed to store events for file session_2026-08-06_10-41-55_398159_1/15d8a19fc9e06de6ed356b629aed1e348995934c3fa51cda387ea6a1/job_events/03000000/15d8a19fc9e06de6ed356b629aed1e348995934c3fa51cda387ea6a1-2026-08-06-17-1786038141592114341.jsonl: TASK_LIFECYCLE_EVENT must have at least one state transition"
time="2026-08-06T17:43:27Z" level=error msg="Failed to store events for file session_2026-08-06_10-41-55_398159_1/15d8a19fc9e06de6ed356b629aed1e348995934c3fa51cda387ea6a1/job_events/03000000/15d8a19fc9e06de6ed356b629aed1e348995934c3fa51cda387ea6a1-2026-08-06-17-1786038141592114341.jsonl: TASK_LIFECYCLE_EVENT must have at least one state transition"
time="2026-08-06T17:43:28Z" level=error msg="Failed to store events for file session_2026-08-06_10-41-55_398159_1/15d8a19fc9e06de6ed356b629aed1e348995934c3fa51cda387ea6a1/job_events/03000000/15d8a19fc9e06de6ed356b629aed1e348995934c3fa51cda387ea6a1-2026-08-06-17-1786038141592114341.jsonl: TASK_LIFECYCLE_EVENT must have at least one state transition"
time="2026-08-06T17:43:28Z" level=error msg="Failed to store events for file session_2026-08-06_10-41-55_398159_1/15d8a19fc9e06de6ed356b629aed1e348995934c3fa51cda387ea6a1/job_events/03000000/15d8a19fc9e06de6ed356b629aed1e348995934c3fa51cda387ea6a1-2026-08-06-17-1786038141592114341.jsonl: TASK_LIFECYCLE_EVENT must have at least one state transition"
time="2026-08-06T17:43:28Z" level=error msg="Failed to store events for file session_2026-08-06_10-41-55_398159_1/15d8a19fc9e06de6ed356b629aed1e348995934c3fa51cda387ea6a1/job_events/03000000/15d8a19fc9e06de6ed356b629aed1e348995934c3fa51cda387ea6a1-2026-08-06-17-1786038141592114341.jsonl: TASK_LIFECYCLE_EVENT must have at least one state transition"
time="2026-08-06T17:43:28Z" level=error msg="Failed to store events for file session_2026-08-06_10-41-55_398159_1/15d8a19fc9e06de6ed356b629aed1e348995934c3fa51cda387ea6a1/job_events/03000000/15d8a19fc9e06de6ed356b629aed1e348995934c3fa51cda387ea6a1-2026-08-06-17-1786038141592114341.jsonl: TASK_LIFECYCLE_EVENT must have at least one state transition"
time="2026-08-06T17:43:28Z" level=error msg="Failed to store events for file session_2026-08-06_10-41-55_398159_1/15d8a19fc9e06de6ed356b629aed1e348995934c3fa51cda387ea6a1/job_events/03000000/15d8a19fc9e06de6ed356b629aed1e348995934c3fa51cda387ea6a1-2026-08-06-17-1786038141592114341.jsonl: TASK_LIFECYCLE_EVENT must have at least one state transition"
time="2026-08-06T17:43:28Z" level=error msg="Failed to store events for file session_2026-08-06_10-41-55_398159_1/15d8a19fc9e06de6ed356b629aed1e348995934c3fa51cda387ea6a1/job_events/03000000/15d8a19fc9e06de6ed356b629aed1e348995934c3fa51cda387ea6a1-2026-08-06-17-1786038141592114341.jsonl: TASK_LIFECYCLE_EVENT must have at least one state transition"
time="2026-08-06T17:43:29Z" level=error msg="Failed to store events for file session_2026-08-06_10-41-55_398159_1/15d8a19fc9e06de6ed356b629aed1e348995934c3fa51cda387ea6a1/job_events/03000000/15d8a19fc9e06de6ed356b629aed1e348995934c3fa51cda387ea6a1-2026-08-06-17-1786038141592114341.jsonl: TASK_LIFECYCLE_EVENT must have at least one state transition"
time="2026-08-06T17:43:29Z" level=error msg="Failed to store events for file session_2026-08-06_10-41-55_398159_1/15d8a19fc9e06de6ed356b629aed1e348995934c3fa51cda387ea6a1/job_events/03000000/15d8a19fc9e06de6ed356b629aed1e348995934c3fa51cda387ea6a1-2026-08-06-17-1786038141592114341.jsonl: TASK_LIFECYCLE_EVENT must have at least one state transition"
time="2026-08-06T17:43:29Z" level=error msg="Failed to store events for file session_2026-08-06_10-41-55_398159_1/15d8a19fc9e06de6ed356b629aed1e348995934c3fa51cda387ea6a1/job_events/03000000/15d8a19fc9e06de6ed356b629aed1e348995934c3fa51cda387ea6a1-2026-08-06-17-1786038141592114341.jsonl: TASK_LIFECYCLE_EVENT must have at least one state transition"
time="2026-08-06T17:43:29Z" level=error msg="Failed to store events for file session_2026-08-06_10-41-55_398159_1/15d8a19fc9e06de6ed356b629aed1e348995934c3fa51cda387ea6a1/job_events/03000000/15d8a19fc9e06de6ed356b629aed1e348995934c3fa51cda387ea6a1-2026-08-06-17-1786038141592114341.jsonl: TASK_LIFECYCLE_EVENT must have at least one state transition"
time="2026-08-06T17:43:29Z" level=error msg="Failed to store events for file session_2026-08-06_10-41-55_398159_1/15d8a19fc9e06de6ed356b629aed1e348995934c3fa51cda387ea6a1/job_events/03000000/15d8a19fc9e06de6ed356b629aed1e348995934c3fa51cda387ea6a1-2026-08-06-17-1786038141592114341.jsonl: TASK_LIFECYCLE_EVENT must have at least one state transition"
time="2026-08-06T17:43:29Z" level=error msg="Failed to store events for file session_2026-08-06_10-41-55_398159_1/15d8a19fc9e06de6ed356b629aed1e348995934c3fa51cda387ea6a1/job_events/03000000/15d8a19fc9e06de6ed356b629aed1e348995934c3fa51cda387ea6a1-2026-08-06-17-1786038141592114341.jsonl: TASK_LIFECYCLE_EVENT must have at least one state transition"
time="2026-08-06T17:43:29Z" level=error msg="Failed to store events for file session_2026-08-06_10-41-55_398159_1/15d8a19fc9e06de6ed356b629aed1e348995934c3fa51cda387ea6a1/job_events/03000000/15d8a19fc9e06de6ed356b629aed1e348995934c3fa51cda387ea6a1-2026-08-06-17-1786038141592114341.jsonl: TASK_LIFECYCLE_EVENT must have at least one state transition"
time="2026-08-06T17:43:30Z" level=error msg="Failed to store events for file session_2026-08-06_10-41-55_398159_1/15d8a19fc9e06de6ed356b629aed1e348995934c3fa51cda387ea6a1/job_events/03000000/15d8a19fc9e06de6ed356b629aed1e348995934c3fa51cda387ea6a1-2026-08-06-17-1786038141592114341.jsonl: TASK_LIFECYCLE_EVENT must have at least one state transition"
time="2026-08-06T17:43:30Z" level=info msg="Prepare to get object log/cluster-history/raycluster/test-ns-2jhcc/raycluster-historyserver/session_2026-08-06_10-41-55_398159_1/b00aaf84733c9c42551918a82ba7e1707470ad38e22cb487a3dfb37c/job_events/01000000/b00aaf84733c9c42551918a82ba7e1707470ad38e22cb487a3dfb37c-2026-08-06-17-1786038120554263887.jsonl info ..."
time="2026-08-06T17:43:30Z" level=info msg="Prepare to get object log/cluster-history/raycluster/test-ns-2jhcc/raycluster-historyserver/session_2026-08-06_10-41-55_398159_1/b00aaf84733c9c42551918a82ba7e1707470ad38e22cb487a3dfb37c/job_events/02000000/b00aaf84733c9c42551918a82ba7e1707470ad38e22cb487a3dfb37c-2026-08-06-17-1786038138842314340.jsonl info ..."
time="2026-08-06T17:43:30Z" level=info msg="Prepare to get object log/cluster-history/raycluster/test-ns-2jhcc/raycluster-historyserver/session_2026-08-06_10-41-55_398159_1/b00aaf84733c9c42551918a82ba7e1707470ad38e22cb487a3dfb37c/job_events/03000000/b00aaf84733c9c42551918a82ba7e1707470ad38e22cb487a3dfb37c-2026-08-06-17-1786038139847397090.jsonl info ..."
time="2026-08-06T17:43:48Z" level=info msg="Prepare to get object log/cluster-history/raycluster/test-ns-2jhcc/raycluster-historyserver/session_2026-08-06_10-41-55_398159_1/b00aaf84733c9c42551918a82ba7e1707470ad38e22cb487a3dfb37c/job_events/04000000/b00aaf84733c9c42551918a82ba7e1707470ad38e22cb487a3dfb37c-2026-08-06-17-1786038153203162888.jsonl info ..."
time="2026-08-06T17:43:48Z" level=info msg="Prepare to get object log/cluster-history/raycluster/test-ns-2jhcc/raycluster-historyserver/session_2026-08-06_10-41-55_398159_1/b00aaf84733c9c42551918a82ba7e1707470ad38e22cb487a3dfb37c/node_events/b00aaf84733c9c42551918a82ba7e1707470ad38e22cb487a3dfb37c-2026-08-06-17-1786038120338409470.jsonl info ..."
time="2026-08-06T17:43:48Z" level=info msg="Received request: GET /api/v0/tasks?limit=50000"
time="2026-08-06T17:43:48Z" level=info msg="Request URL /api/v0/tasks?limit=50000"
time="2026-08-06T17:43:48Z" level=info msg="Received request: GET /api/v0/tasks?limit=50000"
time="2026-08-06T17:43:48Z" level=info msg="Request URL /api/v0/tasks?limit=50000"
time="2026-08-06T17:43:48Z" level=info msg="Received request: GET /api/v0/tasks?limit=50000"
time="2026-08-06T17:43:48Z" level=info msg="Request URL /api/v0/tasks?limit=50000"
time="2026-08-06T17:43:48Z" level=info msg="Received request: GET /api/v0/tasks?limit=50000"
time="2026-08-06T17:43:48Z" level=info msg="Request URL /api/v0/tasks?limit=50000"
time="2026-08-06T17:43:48Z" level=info msg="Received request: GET /api/v0/tasks?limit=50000"
time="2026-08-06T17:43:48Z" level=info msg="Request URL /api/v0/tasks?limit=50000"
time="2026-08-06T17:43:48Z" level=info msg="Received request: GET /api/v0/tasks?limit=50000"
time="2026-08-06T17:43:48Z" level=info msg="Request URL /api/v0/tasks?limit=50000"
time="2026-08-06T17:43:48Z" level=info msg="Received request: GET /api/v0/tasks?limit=50000"
time="2026-08-06T17:43:48Z" level=info msg="Request URL /api/v0/tasks?limit=50000"
time="2026-08-06T17:43:48Z" level=info msg="Received request: GET /api/v0/tasks?limit=50000"
time="2026-08-06T17:43:48Z" level=info msg="Request URL /api/v0/tasks?limit=50000"
time="2026-08-06T17:43:48Z" level=info msg="Received request: GET /api/v0/tasks?limit=50000"
time="2026-08-06T17:43:48Z" level=info msg="Request URL /api/v0/tasks?limit=50000"
time="2026-08-06T17:43:48Z" level=info msg="Received request: GET /api/v0/tasks?limit=50000"
time="2026-08-06T17:43:48Z" level=info msg="Request URL /api/v0/tasks?limit=50000"
time="2026-08-06T17:43:48Z" level=info msg="Received request: GET /api/v0/tasks/summarize"
time="2026-08-06T17:43:48Z" level=info msg="Request URL /api/v0/tasks/summarize"
time="2026-08-06T17:43:49Z" level=info msg="Received request: GET /api/v0/tasks/summarize"
time="2026-08-06T17:43:49Z" level=info msg="Request URL /api/v0/tasks/summarize"
time="2026-08-06T17:43:49Z" level=info msg="Received request: GET /api/v0/tasks/summarize"
time="2026-08-06T17:43:49Z" level=info msg="Request URL /api/v0/tasks/summarize"
time="2026-08-06T17:43:50Z" level=info msg="Received request: GET /api/v0/tasks/summarize"
time="2026-08-06T17:43:50Z" level=info msg="Request URL /api/v0/tasks/summarize"
time="2026-08-06T17:43:51Z" level=info msg="Received request: GET /api/v0/tasks/summarize"
time="2026-08-06T17:43:51Z" level=info msg="Request URL /api/v0/tasks/summarize"
time="2026-08-06T17:43:51Z" level=info msg="Received request: GET /api/v0/tasks/summarize"
time="2026-08-06T17:43:51Z" level=info msg="Request URL /api/v0/tasks/summarize"
time="2026-08-06T17:43:52Z" level=info msg="Received request: GET /api/v0/tasks/summarize"
time="2026-08-06T17:43:52Z" level=info msg="Request URL /api/v0/tasks/summarize"
time="2026-08-06T17:43:52Z" level=info msg="Received request: GET /api/v0/tasks/summarize"
time="2026-08-06T17:43:52Z" level=info msg="Request URL /api/v0/tasks/summarize"
time="2026-08-06T17:43:53Z" level=info msg="Received request: GET /api/v0/tasks/summarize"
time="2026-08-06T17:43:53Z" level=info msg="Request URL /api/v0/tasks/summarize"
time="2026-08-06T17:43:54Z" level=info msg="Received request: GET /api/v0/tasks/summarize"
time="2026-08-06T17:43:54Z" level=info msg="Request URL /api/v0/tasks/summarize"
time="2026-08-06T17:43:54Z" level=info msg="Received request: GET /api/jobs/"
time="2026-08-06T17:43:54Z" level=info msg="Request URL /api/jobs/"
time="2026-08-06T17:43:54Z" level=info msg="Received request: GET /api/jobs/"
time="2026-08-06T17:43:54Z" level=info msg="Request URL /api/jobs/"
time="2026-08-06T17:43:54Z" level=info msg="Received request: GET /api/jobs/"
time="2026-08-06T17:43:54Z" level=info msg="Request URL /api/jobs/"
time="2026-08-06T17:43:54Z" level=info msg="Received request: GET /api/jobs/"
time="2026-08-06T17:43:54Z" level=info msg="Request URL /api/jobs/"
time="2026-08-06T17:43:54Z" level=info msg="Received request: GET /api/jobs/"
time="2026-08-06T17:43:54Z" level=info msg="Request URL /api/jobs/"
time="2026-08-06T17:43:54Z" level=info msg="Received request: GET /api/jobs/"
time="2026-08-06T17:43:54Z" level=info msg="Request URL /api/jobs/"
time="2026-08-06T17:43:54Z" level=info msg="Received request: GET /api/jobs/"
time="2026-08-06T17:43:54Z" level=info msg="Request URL /api/jobs/"
time="2026-08-06T17:43:54Z" level=info msg="Received request: GET /api/jobs/"
time="2026-08-06T17:43:54Z" level=info msg="Request URL /api/jobs/"
time="2026-08-06T17:43:54Z" level=info msg="Received request: GET /api/jobs/"
time="2026-08-06T17:43:54Z" level=info msg="Request URL /api/jobs/"
time="2026-08-06T17:43:54Z" level=info msg="Received request: GET /api/jobs/"
time="2026-08-06T17:43:54Z" level=info msg="Request URL /api/jobs/"
time="2026-08-06T17:43:54Z" level=info msg="Request URL /nodes?view=summary"
time="2026-08-06T17:43:54Z" level=info msg="Request URL /nodes?view=summary"
time="2026-08-06T17:43:55Z" level=info msg="Request URL /nodes?view=summary"
time="2026-08-06T17:43:55Z" level=info msg="Request URL /nodes?view=summary"
time="2026-08-06T17:43:55Z" level=info msg="Request URL /nodes?view=summary"
time="2026-08-06T17:43:55Z" level=info msg="Request URL /nodes?view=summary"
time="2026-08-06T17:43:55Z" level=info msg="Request URL /nodes?view=summary"
time="2026-08-06T17:43:55Z" level=info msg="Request URL /nodes?view=summary"
time="2026-08-06T17:43:55Z" level=info msg="Request URL /nodes?view=summary"
time="2026-08-06T17:43:55Z" level=info msg="Request URL /nodes?view=summary"
time="2026-08-06T17:43:55Z" level=info msg="Request URL /events"
time="2026-08-06T17:43:55Z" level=info msg="Request URL /events"
time="2026-08-06T17:43:55Z" level=info msg="Request URL /events"
time="2026-08-06T17:43:55Z" level=info msg="Request URL /events"
time="2026-08-06T17:43:55Z" level=info msg="Request URL /events"
time="2026-08-06T17:43:55Z" level=info msg="Request URL /events"
time="2026-08-06T17:43:55Z" level=info msg="Request URL /events"
time="2026-08-06T17:43:55Z" level=info msg="Request URL /events"
time="2026-08-06T17:43:55Z" level=info msg="Request URL /events"
time="2026-08-06T17:43:55Z" level=info msg="Request URL /events"
