time="2026-08-06T18:31:08Z" level=info msg="create client manager successfully, clients: 1"
time="2026-08-06T18:31:08Z" level=info msg="Begin to create s3 client ..."
time="2026-08-06T18:31:08Z" level=info msg="Checking if bucket ray-historyserver exists..."
time="2026-08-06T18:31:08Z" level=info msg="Bucket ray-historyserver already exists"
time="2026-08-06T18:31:08Z" level=info msg="Clean logdir is logs"
time="2026-08-06T18:31:08Z" level=info msg="Starting server on :8080"
time="2026-08-06T18:31:09Z" level=info msg="Received request: GET /readz"
time="2026-08-06T18:31:09Z" level=info msg="live clusters: []"
time="2026-08-06T18:31:09Z" level=info msg="[List]Returned objects in log/cluster-metadata/. length of page.Contents: 2, length of page.CommonPrefixes: 0"
time="2026-08-06T18:31:09Z" level=error msg="Failed to parse meta file path: log/cluster-metadata/raycluster/test-ns-nj48t_raycluster-historyserver/, error: invalid path segment count for cluster metadata structure: log/cluster-metadata/raycluster/test-ns-nj48t_raycluster-historyserver/"
time="2026-08-06T18:31:09Z" level=info msg="Parsed cluster raycluster-historyserver for session session_2026-08-06_11-29-50_163143_1 to list"
time="2026-08-06T18:31:09Z" level=info msg="live clusters: []"
time="2026-08-06T18:31:09Z" level=info msg="[List]Returned objects in log/cluster-metadata/. length of page.Contents: 2, length of page.CommonPrefixes: 0"
time="2026-08-06T18:31:09Z" level=error msg="Failed to parse meta file path: log/cluster-metadata/raycluster/test-ns-nj48t_raycluster-historyserver/, error: invalid path segment count for cluster metadata structure: log/cluster-metadata/raycluster/test-ns-nj48t_raycluster-historyserver/"
time="2026-08-06T18:31:09Z" level=info msg="Parsed cluster raycluster-historyserver for session session_2026-08-06_11-29-50_163143_1 to list"
time="2026-08-06T18:31:09Z" level=info msg="live clusters: []"
time="2026-08-06T18:31:09Z" level=info msg="[List]Returned objects in log/cluster-metadata/. length of page.Contents: 2, length of page.CommonPrefixes: 0"
time="2026-08-06T18:31:09Z" level=error msg="Failed to parse meta file path: log/cluster-metadata/raycluster/test-ns-nj48t_raycluster-historyserver/, error: invalid path segment count for cluster metadata structure: log/cluster-metadata/raycluster/test-ns-nj48t_raycluster-historyserver/"
time="2026-08-06T18:31:09Z" level=info msg="Parsed cluster raycluster-historyserver for session session_2026-08-06_11-29-50_163143_1 to list"
time="2026-08-06T18:31:09Z" level=info msg="live clusters: []"
time="2026-08-06T18:31:09Z" level=info msg="[List]Returned objects in log/cluster-metadata/. length of page.Contents: 2, length of page.CommonPrefixes: 0"
time="2026-08-06T18:31:09Z" level=error msg="Failed to parse meta file path: log/cluster-metadata/raycluster/test-ns-nj48t_raycluster-historyserver/, error: invalid path segment count for cluster metadata structure: log/cluster-metadata/raycluster/test-ns-nj48t_raycluster-historyserver/"
time="2026-08-06T18:31:09Z" level=info msg="Parsed cluster raycluster-historyserver for session session_2026-08-06_11-29-50_163143_1 to list"
time="2026-08-06T18:31:09Z" level=info msg="live clusters: []"
time="2026-08-06T18:31:09Z" level=info msg="[List]Returned objects in log/cluster-metadata/. length of page.Contents: 2, length of page.CommonPrefixes: 0"
time="2026-08-06T18:31:09Z" level=error msg="Failed to parse meta file path: log/cluster-metadata/raycluster/test-ns-nj48t_raycluster-historyserver/, error: invalid path segment count for cluster metadata structure: log/cluster-metadata/raycluster/test-ns-nj48t_raycluster-historyserver/"
time="2026-08-06T18:31:09Z" level=info msg="Parsed cluster raycluster-historyserver for session session_2026-08-06_11-29-50_163143_1 to list"
time="2026-08-06T18:31:09Z" level=info msg="Received request: GET /enter_cluster/test-ns-nj48t/raycluster/raycluster-historyserver/session_2026-08-06_11-29-50_163143_1"
time="2026-08-06T18:31:09Z" level=info msg="[List]Returned objects in log/cluster-metadata/. length of page.Contents: 2, length of page.CommonPrefixes: 0"
time="2026-08-06T18:31:09Z" level=error msg="Failed to parse meta file path: log/cluster-metadata/raycluster/test-ns-nj48t_raycluster-historyserver/, error: invalid path segment count for cluster metadata structure: log/cluster-metadata/raycluster/test-ns-nj48t_raycluster-historyserver/"
time="2026-08-06T18:31:09Z" level=info msg="Parsed cluster raycluster-historyserver for session session_2026-08-06_11-29-50_163143_1 to list"
time="2026-08-06T18:31:09Z" level=info msg="[ListFiles]Returned objects in log/cluster-history/raycluster/test-ns-nj48t/raycluster-historyserver/session_2026-08-06_11-29-50_163143_1/. length of page.Contents: 0, length of page.CommonPrefixes: 3"
time="2026-08-06T18:31:09Z" level=info msg="[ListFiles]Returned objects in log/cluster-history/raycluster/test-ns-nj48t/raycluster-historyserver/session_2026-08-06_11-29-50_163143_1/1146fcc0aec5e89820835354ee892566757e113d0335c92df43be01e/logs/events/. length of page.Contents: 11, length of page.CommonPrefixes: 0"
time="2026-08-06T18:31:09Z" level=info msg="Prepare to get object log/cluster-history/raycluster/test-ns-nj48t/raycluster-historyserver/session_2026-08-06_11-29-50_163143_1/1146fcc0aec5e89820835354ee892566757e113d0335c92df43be01e/logs/events/event_AUTOSCALER.log info ..."
time="2026-08-06T18:31:09Z" level=info msg="Prepare to get object log/cluster-history/raycluster/test-ns-nj48t/raycluster-historyserver/session_2026-08-06_11-29-50_163143_1/1146fcc0aec5e89820835354ee892566757e113d0335c92df43be01e/logs/events/event_CORE_WORKER_1020.log info ..."
time="2026-08-06T18:31:09Z" level=info msg="Prepare to get object log/cluster-history/raycluster/test-ns-nj48t/raycluster-historyserver/session_2026-08-06_11-29-50_163143_1/1146fcc0aec5e89820835354ee892566757e113d0335c92df43be01e/logs/events/event_CORE_WORKER_1185.log info ..."
time="2026-08-06T18:31:09Z" level=info msg="Prepare to get object log/cluster-history/raycluster/test-ns-nj48t/raycluster-historyserver/session_2026-08-06_11-29-50_163143_1/1146fcc0aec5e89820835354ee892566757e113d0335c92df43be01e/logs/events/event_CORE_WORKER_200.log info ..."
time="2026-08-06T18:31:09Z" level=info msg="Prepare to get object log/cluster-history/raycluster/test-ns-nj48t/raycluster-historyserver/session_2026-08-06_11-29-50_163143_1/1146fcc0aec5e89820835354ee892566757e113d0335c92df43be01e/logs/events/event_CORE_WORKER_205.log info ..."
time="2026-08-06T18:31:09Z" level=info msg="Prepare to get object log/cluster-history/raycluster/test-ns-nj48t/raycluster-historyserver/session_2026-08-06_11-29-50_163143_1/1146fcc0aec5e89820835354ee892566757e113d0335c92df43be01e/logs/events/event_CORE_WORKER_678.log info ..."
time="2026-08-06T18:31:09Z" level=info msg="Prepare to get object log/cluster-history/raycluster/test-ns-nj48t/raycluster-historyserver/session_2026-08-06_11-29-50_163143_1/1146fcc0aec5e89820835354ee892566757e113d0335c92df43be01e/logs/events/event_CORE_WORKER_962.log info ..."
time="2026-08-06T18:31:09Z" level=info msg="Prepare to get object log/cluster-history/raycluster/test-ns-nj48t/raycluster-historyserver/session_2026-08-06_11-29-50_163143_1/1146fcc0aec5e89820835354ee892566757e113d0335c92df43be01e/logs/events/event_GCS.log info ..."
time="2026-08-06T18:31:09Z" level=info msg="Prepare to get object log/cluster-history/raycluster/test-ns-nj48t/raycluster-historyserver/session_2026-08-06_11-29-50_163143_1/1146fcc0aec5e89820835354ee892566757e113d0335c92df43be01e/logs/events/event_JOBS.log info ..."
time="2026-08-06T18:31:09Z" level=info msg="Prepare to get object log/cluster-history/raycluster/test-ns-nj48t/raycluster-historyserver/session_2026-08-06_11-29-50_163143_1/1146fcc0aec5e89820835354ee892566757e113d0335c92df43be01e/logs/events/event_RAYLET.log info ..."
time="2026-08-06T18:31:09Z" level=info msg="[ListFiles]Returned objects in log/cluster-history/raycluster/test-ns-nj48t/raycluster-historyserver/session_2026-08-06_11-29-50_163143_1/b10b09e8fde19ab265e80557918ffa0c24eb96713f2345ac97ee41f5/logs/events/. length of page.Contents: 13, length of page.CommonPrefixes: 0"
time="2026-08-06T18:31:09Z" level=info msg="Prepare to get object log/cluster-history/raycluster/test-ns-nj48t/raycluster-historyserver/session_2026-08-06_11-29-50_163143_1/b10b09e8fde19ab265e80557918ffa0c24eb96713f2345ac97ee41f5/logs/events/event_CORE_WORKER_228.log info ..."
time="2026-08-06T18:31:09Z" level=info msg="Prepare to get object log/cluster-history/raycluster/test-ns-nj48t/raycluster-historyserver/session_2026-08-06_11-29-50_163143_1/b10b09e8fde19ab265e80557918ffa0c24eb96713f2345ac97ee41f5/logs/events/event_CORE_WORKER_229.log info ..."
time="2026-08-06T18:31:09Z" level=info msg="Prepare to get object log/cluster-history/raycluster/test-ns-nj48t/raycluster-historyserver/session_2026-08-06_11-29-50_163143_1/b10b09e8fde19ab265e80557918ffa0c24eb96713f2345ac97ee41f5/logs/events/event_CORE_WORKER_311.log info ..."
time="2026-08-06T18:31:09Z" level=info msg="Prepare to get object log/cluster-history/raycluster/test-ns-nj48t/raycluster-historyserver/session_2026-08-06_11-29-50_163143_1/b10b09e8fde19ab265e80557918ffa0c24eb96713f2345ac97ee41f5/logs/events/event_CORE_WORKER_317.log info ..."
time="2026-08-06T18:31:09Z" level=info msg="Prepare to get object log/cluster-history/raycluster/test-ns-nj48t/raycluster-historyserver/session_2026-08-06_11-29-50_163143_1/b10b09e8fde19ab265e80557918ffa0c24eb96713f2345ac97ee41f5/logs/events/event_CORE_WORKER_403.log info ..."
time="2026-08-06T18:31:09Z" level=info msg="Prepare to get object log/cluster-history/raycluster/test-ns-nj48t/raycluster-historyserver/session_2026-08-06_11-29-50_163143_1/b10b09e8fde19ab265e80557918ffa0c24eb96713f2345ac97ee41f5/logs/events/event_CORE_WORKER_411.log info ..."
time="2026-08-06T18:31:09Z" level=info msg="Prepare to get object log/cluster-history/raycluster/test-ns-nj48t/raycluster-historyserver/session_2026-08-06_11-29-50_163143_1/b10b09e8fde19ab265e80557918ffa0c24eb96713f2345ac97ee41f5/logs/events/event_CORE_WORKER_511.log info ..."
time="2026-08-06T18:31:09Z" level=info msg="Prepare to get object log/cluster-history/raycluster/test-ns-nj48t/raycluster-historyserver/session_2026-08-06_11-29-50_163143_1/b10b09e8fde19ab265e80557918ffa0c24eb96713f2345ac97ee41f5/logs/events/event_CORE_WORKER_515.log info ..."
time="2026-08-06T18:31:09Z" level=info msg="Prepare to get object log/cluster-history/raycluster/test-ns-nj48t/raycluster-historyserver/session_2026-08-06_11-29-50_163143_1/b10b09e8fde19ab265e80557918ffa0c24eb96713f2345ac97ee41f5/logs/events/event_CORE_WORKER_567.log info ..."
time="2026-08-06T18:31:09Z" level=info msg="Prepare to get object log/cluster-history/raycluster/test-ns-nj48t/raycluster-historyserver/session_2026-08-06_11-29-50_163143_1/b10b09e8fde19ab265e80557918ffa0c24eb96713f2345ac97ee41f5/logs/events/event_CORE_WORKER_609.log info ..."
time="2026-08-06T18:31:09Z" level=info msg="Prepare to get object log/cluster-history/raycluster/test-ns-nj48t/raycluster-historyserver/session_2026-08-06_11-29-50_163143_1/b10b09e8fde19ab265e80557918ffa0c24eb96713f2345ac97ee41f5/logs/events/event_CORE_WORKER_685.log info ..."
time="2026-08-06T18:31:09Z" level=info msg="Prepare to get object log/cluster-history/raycluster/test-ns-nj48t/raycluster-historyserver/session_2026-08-06_11-29-50_163143_1/b10b09e8fde19ab265e80557918ffa0c24eb96713f2345ac97ee41f5/logs/events/event_RAYLET.log info ..."
time="2026-08-06T18:31:09Z" level=info msg="[ListFiles]Returned objects in log/cluster-history/raycluster/test-ns-nj48t/raycluster-historyserver/session_2026-08-06_11-29-50_163143_1/fetched_endpoints/logs/events/. length of page.Contents: 0, length of page.CommonPrefixes: 0"
time="2026-08-06T18:31:09Z" level=info msg="[ListFiles]Returned objects in log/cluster-history/raycluster/test-ns-nj48t/raycluster-historyserver/session_2026-08-06_11-29-50_163143_1/. length of page.Contents: 0, length of page.CommonPrefixes: 3"
time="2026-08-06T18:31:10Z" level=info msg="[ListFiles]Returned objects in log/cluster-history/raycluster/test-ns-nj48t/raycluster-historyserver/session_2026-08-06_11-29-50_163143_1/1146fcc0aec5e89820835354ee892566757e113d0335c92df43be01e/job_events/. length of page.Contents: 0, length of page.CommonPrefixes: 4"
time="2026-08-06T18:31:10Z" level=info msg="[ListFiles]Returned objects in log/cluster-history/raycluster/test-ns-nj48t/raycluster-historyserver/session_2026-08-06_11-29-50_163143_1/1146fcc0aec5e89820835354ee892566757e113d0335c92df43be01e/job_events/01000000/. length of page.Contents: 2, length of page.CommonPrefixes: 0"
time="2026-08-06T18:31:10Z" level=info msg="[ListFiles]Returned objects in log/cluster-history/raycluster/test-ns-nj48t/raycluster-historyserver/session_2026-08-06_11-29-50_163143_1/1146fcc0aec5e89820835354ee892566757e113d0335c92df43be01e/job_events/02000000/. length of page.Contents: 2, length of page.CommonPrefixes: 0"
time="2026-08-06T18:31:10Z" level=info msg="[ListFiles]Returned objects in log/cluster-history/raycluster/test-ns-nj48t/raycluster-historyserver/session_2026-08-06_11-29-50_163143_1/1146fcc0aec5e89820835354ee892566757e113d0335c92df43be01e/job_events/03000000/. length of page.Contents: 2, length of page.CommonPrefixes: 0"
time="2026-08-06T18:31:10Z" level=info msg="[ListFiles]Returned objects in log/cluster-history/raycluster/test-ns-nj48t/raycluster-historyserver/session_2026-08-06_11-29-50_163143_1/1146fcc0aec5e89820835354ee892566757e113d0335c92df43be01e/job_events/04000000/. length of page.Contents: 2, length of page.CommonPrefixes: 0"
time="2026-08-06T18:31:10Z" level=info msg="[ListFiles]Returned objects in log/cluster-history/raycluster/test-ns-nj48t/raycluster-historyserver/session_2026-08-06_11-29-50_163143_1/b10b09e8fde19ab265e80557918ffa0c24eb96713f2345ac97ee41f5/job_events/. length of page.Contents: 0, length of page.CommonPrefixes: 1"
time="2026-08-06T18:31:10Z" level=info msg="[ListFiles]Returned objects in log/cluster-history/raycluster/test-ns-nj48t/raycluster-historyserver/session_2026-08-06_11-29-50_163143_1/b10b09e8fde19ab265e80557918ffa0c24eb96713f2345ac97ee41f5/job_events/03000000/. length of page.Contents: 2, length of page.CommonPrefixes: 0"
time="2026-08-06T18:31:10Z" level=info msg="[ListFiles]Returned objects in log/cluster-history/raycluster/test-ns-nj48t/raycluster-historyserver/session_2026-08-06_11-29-50_163143_1/fetched_endpoints/job_events/. length of page.Contents: 0, length of page.CommonPrefixes: 0"
time="2026-08-06T18:31:10Z" level=info msg="[ListFiles]Returned objects in log/cluster-history/raycluster/test-ns-nj48t/raycluster-historyserver/session_2026-08-06_11-29-50_163143_1/. length of page.Contents: 0, length of page.CommonPrefixes: 3"
time="2026-08-06T18:31:10Z" level=info msg="[ListFiles]Returned objects in log/cluster-history/raycluster/test-ns-nj48t/raycluster-historyserver/session_2026-08-06_11-29-50_163143_1/1146fcc0aec5e89820835354ee892566757e113d0335c92df43be01e/node_events/. length of page.Contents: 2, length of page.CommonPrefixes: 0"
time="2026-08-06T18:31:10Z" level=info msg="[ListFiles]Returned objects in log/cluster-history/raycluster/test-ns-nj48t/raycluster-historyserver/session_2026-08-06_11-29-50_163143_1/b10b09e8fde19ab265e80557918ffa0c24eb96713f2345ac97ee41f5/node_events/. length of page.Contents: 0, length of page.CommonPrefixes: 0"
time="2026-08-06T18:31:10Z" level=info msg="[ListFiles]Returned objects in log/cluster-history/raycluster/test-ns-nj48t/raycluster-historyserver/session_2026-08-06_11-29-50_163143_1/fetched_endpoints/node_events/. length of page.Contents: 0, length of page.CommonPrefixes: 0"
time="2026-08-06T18:31:10Z" level=info msg="Prepare to get object log/cluster-history/raycluster/test-ns-nj48t/raycluster-historyserver/session_2026-08-06_11-29-50_163143_1/1146fcc0aec5e89820835354ee892566757e113d0335c92df43be01e/job_events/01000000/1146fcc0aec5e89820835354ee892566757e113d0335c92df43be01e-2026-08-06-18-1786040995651534010.jsonl info ..."
time="2026-08-06T18:31:10Z" level=info msg="Prepare to get object log/cluster-history/raycluster/test-ns-nj48t/raycluster-historyserver/session_2026-08-06_11-29-50_163143_1/1146fcc0aec5e89820835354ee892566757e113d0335c92df43be01e/job_events/02000000/1146fcc0aec5e89820835354ee892566757e113d0335c92df43be01e-2026-08-06-18-1786041012872747629.jsonl info ..."
time="2026-08-06T18:31:10Z" level=info msg="Prepare to get object log/cluster-history/raycluster/test-ns-nj48t/raycluster-historyserver/session_2026-08-06_11-29-50_163143_1/1146fcc0aec5e89820835354ee892566757e113d0335c92df43be01e/job_events/03000000/1146fcc0aec5e89820835354ee892566757e113d0335c92df43be01e-2026-08-06-18-1786041013873447504.jsonl info ..."
time="2026-08-06T18:31:32Z" level=info msg="Prepare to get object log/cluster-history/raycluster/test-ns-nj48t/raycluster-historyserver/session_2026-08-06_11-29-50_163143_1/1146fcc0aec5e89820835354ee892566757e113d0335c92df43be01e/job_events/04000000/1146fcc0aec5e89820835354ee892566757e113d0335c92df43be01e-2026-08-06-18-1786041029025909261.jsonl info ..."
time="2026-08-06T18:31:32Z" level=info msg="Prepare to get object log/cluster-history/raycluster/test-ns-nj48t/raycluster-historyserver/session_2026-08-06_11-29-50_163143_1/b10b09e8fde19ab265e80557918ffa0c24eb96713f2345ac97ee41f5/job_events/03000000/b10b09e8fde19ab265e80557918ffa0c24eb96713f2345ac97ee41f5-2026-08-06-18-1786041015420973046.jsonl info ..."
time="2026-08-06T18:31:40Z" level=error msg="Failed to store events for file session_2026-08-06_11-29-50_163143_1/b10b09e8fde19ab265e80557918ffa0c24eb96713f2345ac97ee41f5/job_events/03000000/b10b09e8fde19ab265e80557918ffa0c24eb96713f2345ac97ee41f5-2026-08-06-18-1786041015420973046.jsonl: TASK_LIFECYCLE_EVENT must have at least one state transition"
time="2026-08-06T18:31:40Z" level=error msg="Failed to store events for file session_2026-08-06_11-29-50_163143_1/b10b09e8fde19ab265e80557918ffa0c24eb96713f2345ac97ee41f5/job_events/03000000/b10b09e8fde19ab265e80557918ffa0c24eb96713f2345ac97ee41f5-2026-08-06-18-1786041015420973046.jsonl: TASK_LIFECYCLE_EVENT must have at least one state transition"
time="2026-08-06T18:31:40Z" level=error msg="Failed to store events for file session_2026-08-06_11-29-50_163143_1/b10b09e8fde19ab265e80557918ffa0c24eb96713f2345ac97ee41f5/job_events/03000000/b10b09e8fde19ab265e80557918ffa0c24eb96713f2345ac97ee41f5-2026-08-06-18-1786041015420973046.jsonl: TASK_LIFECYCLE_EVENT must have at least one state transition"
time="2026-08-06T18:31:40Z" level=error msg="Failed to store events for file session_2026-08-06_11-29-50_163143_1/b10b09e8fde19ab265e80557918ffa0c24eb96713f2345ac97ee41f5/job_events/03000000/b10b09e8fde19ab265e80557918ffa0c24eb96713f2345ac97ee41f5-2026-08-06-18-1786041015420973046.jsonl: TASK_LIFECYCLE_EVENT must have at least one state transition"
time="2026-08-06T18:31:40Z" level=error msg="Failed to store events for file session_2026-08-06_11-29-50_163143_1/b10b09e8fde19ab265e80557918ffa0c24eb96713f2345ac97ee41f5/job_events/03000000/b10b09e8fde19ab265e80557918ffa0c24eb96713f2345ac97ee41f5-2026-08-06-18-1786041015420973046.jsonl: TASK_LIFECYCLE_EVENT must have at least one state transition"
time="2026-08-06T18:31:41Z" level=error msg="Failed to store events for file session_2026-08-06_11-29-50_163143_1/b10b09e8fde19ab265e80557918ffa0c24eb96713f2345ac97ee41f5/job_events/03000000/b10b09e8fde19ab265e80557918ffa0c24eb96713f2345ac97ee41f5-2026-08-06-18-1786041015420973046.jsonl: TASK_LIFECYCLE_EVENT must have at least one state transition"
time="2026-08-06T18:31:41Z" level=error msg="Failed to store events for file session_2026-08-06_11-29-50_163143_1/b10b09e8fde19ab265e80557918ffa0c24eb96713f2345ac97ee41f5/job_events/03000000/b10b09e8fde19ab265e80557918ffa0c24eb96713f2345ac97ee41f5-2026-08-06-18-1786041015420973046.jsonl: TASK_LIFECYCLE_EVENT must have at least one state transition"
time="2026-08-06T18:31:41Z" level=error msg="Failed to store events for file session_2026-08-06_11-29-50_163143_1/b10b09e8fde19ab265e80557918ffa0c24eb96713f2345ac97ee41f5/job_events/03000000/b10b09e8fde19ab265e80557918ffa0c24eb96713f2345ac97ee41f5-2026-08-06-18-1786041015420973046.jsonl: TASK_LIFECYCLE_EVENT must have at least one state transition"
time="2026-08-06T18:31:41Z" level=error msg="Failed to store events for file session_2026-08-06_11-29-50_163143_1/b10b09e8fde19ab265e80557918ffa0c24eb96713f2345ac97ee41f5/job_events/03000000/b10b09e8fde19ab265e80557918ffa0c24eb96713f2345ac97ee41f5-2026-08-06-18-1786041015420973046.jsonl: TASK_LIFECYCLE_EVENT must have at least one state transition"
time="2026-08-06T18:31:41Z" level=error msg="Failed to store events for file session_2026-08-06_11-29-50_163143_1/b10b09e8fde19ab265e80557918ffa0c24eb96713f2345ac97ee41f5/job_events/03000000/b10b09e8fde19ab265e80557918ffa0c24eb96713f2345ac97ee41f5-2026-08-06-18-1786041015420973046.jsonl: TASK_LIFECYCLE_EVENT must have at least one state transition"
time="2026-08-06T18:31:42Z" level=error msg="Failed to store events for file session_2026-08-06_11-29-50_163143_1/b10b09e8fde19ab265e80557918ffa0c24eb96713f2345ac97ee41f5/job_events/03000000/b10b09e8fde19ab265e80557918ffa0c24eb96713f2345ac97ee41f5-2026-08-06-18-1786041015420973046.jsonl: TASK_LIFECYCLE_EVENT must have at least one state transition"
time="2026-08-06T18:31:42Z" level=error msg="Failed to store events for file session_2026-08-06_11-29-50_163143_1/b10b09e8fde19ab265e80557918ffa0c24eb96713f2345ac97ee41f5/job_events/03000000/b10b09e8fde19ab265e80557918ffa0c24eb96713f2345ac97ee41f5-2026-08-06-18-1786041015420973046.jsonl: TASK_LIFECYCLE_EVENT must have at least one state transition"
time="2026-08-06T18:31:42Z" level=error msg="Failed to store events for file session_2026-08-06_11-29-50_163143_1/b10b09e8fde19ab265e80557918ffa0c24eb96713f2345ac97ee41f5/job_events/03000000/b10b09e8fde19ab265e80557918ffa0c24eb96713f2345ac97ee41f5-2026-08-06-18-1786041015420973046.jsonl: TASK_LIFECYCLE_EVENT must have at least one state transition"
time="2026-08-06T18:31:42Z" level=error msg="Failed to store events for file session_2026-08-06_11-29-50_163143_1/b10b09e8fde19ab265e80557918ffa0c24eb96713f2345ac97ee41f5/job_events/03000000/b10b09e8fde19ab265e80557918ffa0c24eb96713f2345ac97ee41f5-2026-08-06-18-1786041015420973046.jsonl: TASK_LIFECYCLE_EVENT must have at least one state transition"
time="2026-08-06T18:31:43Z" level=error msg="Failed to store events for file session_2026-08-06_11-29-50_163143_1/b10b09e8fde19ab265e80557918ffa0c24eb96713f2345ac97ee41f5/job_events/03000000/b10b09e8fde19ab265e80557918ffa0c24eb96713f2345ac97ee41f5-2026-08-06-18-1786041015420973046.jsonl: TASK_LIFECYCLE_EVENT must have at least one state transition"
time="2026-08-06T18:31:43Z" level=error msg="Failed to store events for file session_2026-08-06_11-29-50_163143_1/b10b09e8fde19ab265e80557918ffa0c24eb96713f2345ac97ee41f5/job_events/03000000/b10b09e8fde19ab265e80557918ffa0c24eb96713f2345ac97ee41f5-2026-08-06-18-1786041015420973046.jsonl: TASK_LIFECYCLE_EVENT must have at least one state transition"
time="2026-08-06T18:31:43Z" level=error msg="Failed to store events for file session_2026-08-06_11-29-50_163143_1/b10b09e8fde19ab265e80557918ffa0c24eb96713f2345ac97ee41f5/job_events/03000000/b10b09e8fde19ab265e80557918ffa0c24eb96713f2345ac97ee41f5-2026-08-06-18-1786041015420973046.jsonl: TASK_LIFECYCLE_EVENT must have at least one state transition"
time="2026-08-06T18:31:43Z" level=error msg="Failed to store events for file session_2026-08-06_11-29-50_163143_1/b10b09e8fde19ab265e80557918ffa0c24eb96713f2345ac97ee41f5/job_events/03000000/b10b09e8fde19ab265e80557918ffa0c24eb96713f2345ac97ee41f5-2026-08-06-18-1786041015420973046.jsonl: TASK_LIFECYCLE_EVENT must have at least one state transition"
time="2026-08-06T18:31:43Z" level=error msg="Failed to store events for file session_2026-08-06_11-29-50_163143_1/b10b09e8fde19ab265e80557918ffa0c24eb96713f2345ac97ee41f5/job_events/03000000/b10b09e8fde19ab265e80557918ffa0c24eb96713f2345ac97ee41f5-2026-08-06-18-1786041015420973046.jsonl: TASK_LIFECYCLE_EVENT must have at least one state transition"
time="2026-08-06T18:31:44Z" level=error msg="Failed to store events for file session_2026-08-06_11-29-50_163143_1/b10b09e8fde19ab265e80557918ffa0c24eb96713f2345ac97ee41f5/job_events/03000000/b10b09e8fde19ab265e80557918ffa0c24eb96713f2345ac97ee41f5-2026-08-06-18-1786041015420973046.jsonl: TASK_LIFECYCLE_EVENT must have at least one state transition"
time="2026-08-06T18:31:44Z" level=error msg="Failed to store events for file session_2026-08-06_11-29-50_163143_1/b10b09e8fde19ab265e80557918ffa0c24eb96713f2345ac97ee41f5/job_events/03000000/b10b09e8fde19ab265e80557918ffa0c24eb96713f2345ac97ee41f5-2026-08-06-18-1786041015420973046.jsonl: TASK_LIFECYCLE_EVENT must have at least one state transition"
time="2026-08-06T18:31:44Z" level=error msg="Failed to store events for file session_2026-08-06_11-29-50_163143_1/b10b09e8fde19ab265e80557918ffa0c24eb96713f2345ac97ee41f5/job_events/03000000/b10b09e8fde19ab265e80557918ffa0c24eb96713f2345ac97ee41f5-2026-08-06-18-1786041015420973046.jsonl: TASK_LIFECYCLE_EVENT must have at least one state transition"
time="2026-08-06T18:31:44Z" level=error msg="Failed to store events for file session_2026-08-06_11-29-50_163143_1/b10b09e8fde19ab265e80557918ffa0c24eb96713f2345ac97ee41f5/job_events/03000000/b10b09e8fde19ab265e80557918ffa0c24eb96713f2345ac97ee41f5-2026-08-06-18-1786041015420973046.jsonl: TASK_LIFECYCLE_EVENT must have at least one state transition"
time="2026-08-06T18:31:44Z" level=error msg="Failed to store events for file session_2026-08-06_11-29-50_163143_1/b10b09e8fde19ab265e80557918ffa0c24eb96713f2345ac97ee41f5/job_events/03000000/b10b09e8fde19ab265e80557918ffa0c24eb96713f2345ac97ee41f5-2026-08-06-18-1786041015420973046.jsonl: TASK_LIFECYCLE_EVENT must have at least one state transition"
time="2026-08-06T18:31:45Z" level=error msg="Failed to store events for file session_2026-08-06_11-29-50_163143_1/b10b09e8fde19ab265e80557918ffa0c24eb96713f2345ac97ee41f5/job_events/03000000/b10b09e8fde19ab265e80557918ffa0c24eb96713f2345ac97ee41f5-2026-08-06-18-1786041015420973046.jsonl: TASK_LIFECYCLE_EVENT must have at least one state transition"
time="2026-08-06T18:31:45Z" level=error msg="Failed to store events for file session_2026-08-06_11-29-50_163143_1/b10b09e8fde19ab265e80557918ffa0c24eb96713f2345ac97ee41f5/job_events/03000000/b10b09e8fde19ab265e80557918ffa0c24eb96713f2345ac97ee41f5-2026-08-06-18-1786041015420973046.jsonl: TASK_LIFECYCLE_EVENT must have at least one state transition"
time="2026-08-06T18:31:45Z" level=error msg="Failed to store events for file session_2026-08-06_11-29-50_163143_1/b10b09e8fde19ab265e80557918ffa0c24eb96713f2345ac97ee41f5/job_events/03000000/b10b09e8fde19ab265e80557918ffa0c24eb96713f2345ac97ee41f5-2026-08-06-18-1786041015420973046.jsonl: TASK_LIFECYCLE_EVENT must have at least one state transition"
time="2026-08-06T18:31:45Z" level=error msg="Failed to store events for file session_2026-08-06_11-29-50_163143_1/b10b09e8fde19ab265e80557918ffa0c24eb96713f2345ac97ee41f5/job_events/03000000/b10b09e8fde19ab265e80557918ffa0c24eb96713f2345ac97ee41f5-2026-08-06-18-1786041015420973046.jsonl: TASK_LIFECYCLE_EVENT must have at least one state transition"
time="2026-08-06T18:31:46Z" level=error msg="Failed to store events for file session_2026-08-06_11-29-50_163143_1/b10b09e8fde19ab265e80557918ffa0c24eb96713f2345ac97ee41f5/job_events/03000000/b10b09e8fde19ab265e80557918ffa0c24eb96713f2345ac97ee41f5-2026-08-06-18-1786041015420973046.jsonl: TASK_LIFECYCLE_EVENT must have at least one state transition"
time="2026-08-06T18:31:46Z" level=error msg="Failed to store events for file session_2026-08-06_11-29-50_163143_1/b10b09e8fde19ab265e80557918ffa0c24eb96713f2345ac97ee41f5/job_events/03000000/b10b09e8fde19ab265e80557918ffa0c24eb96713f2345ac97ee41f5-2026-08-06-18-1786041015420973046.jsonl: TASK_LIFECYCLE_EVENT must have at least one state transition"
time="2026-08-06T18:31:46Z" level=error msg="Failed to store events for file session_2026-08-06_11-29-50_163143_1/b10b09e8fde19ab265e80557918ffa0c24eb96713f2345ac97ee41f5/job_events/03000000/b10b09e8fde19ab265e80557918ffa0c24eb96713f2345ac97ee41f5-2026-08-06-18-1786041015420973046.jsonl: TASK_LIFECYCLE_EVENT must have at least one state transition"
time="2026-08-06T18:31:46Z" level=error msg="Failed to store events for file session_2026-08-06_11-29-50_163143_1/b10b09e8fde19ab265e80557918ffa0c24eb96713f2345ac97ee41f5/job_events/03000000/b10b09e8fde19ab265e80557918ffa0c24eb96713f2345ac97ee41f5-2026-08-06-18-1786041015420973046.jsonl: TASK_LIFECYCLE_EVENT must have at least one state transition"
time="2026-08-06T18:31:47Z" level=error msg="Failed to store events for file session_2026-08-06_11-29-50_163143_1/b10b09e8fde19ab265e80557918ffa0c24eb96713f2345ac97ee41f5/job_events/03000000/b10b09e8fde19ab265e80557918ffa0c24eb96713f2345ac97ee41f5-2026-08-06-18-1786041015420973046.jsonl: TASK_LIFECYCLE_EVENT must have at least one state transition"
time="2026-08-06T18:31:47Z" level=error msg="Failed to store events for file session_2026-08-06_11-29-50_163143_1/b10b09e8fde19ab265e80557918ffa0c24eb96713f2345ac97ee41f5/job_events/03000000/b10b09e8fde19ab265e80557918ffa0c24eb96713f2345ac97ee41f5-2026-08-06-18-1786041015420973046.jsonl: TASK_LIFECYCLE_EVENT must have at least one state transition"
time="2026-08-06T18:31:47Z" level=error msg="Failed to store events for file session_2026-08-06_11-29-50_163143_1/b10b09e8fde19ab265e80557918ffa0c24eb96713f2345ac97ee41f5/job_events/03000000/b10b09e8fde19ab265e80557918ffa0c24eb96713f2345ac97ee41f5-2026-08-06-18-1786041015420973046.jsonl: TASK_LIFECYCLE_EVENT must have at least one state transition"
time="2026-08-06T18:31:47Z" level=error msg="Failed to store events for file session_2026-08-06_11-29-50_163143_1/b10b09e8fde19ab265e80557918ffa0c24eb96713f2345ac97ee41f5/job_events/03000000/b10b09e8fde19ab265e80557918ffa0c24eb96713f2345ac97ee41f5-2026-08-06-18-1786041015420973046.jsonl: TASK_LIFECYCLE_EVENT must have at least one state transition"
time="2026-08-06T18:31:47Z" level=info msg="Prepare to get object log/cluster-history/raycluster/test-ns-nj48t/raycluster-historyserver/session_2026-08-06_11-29-50_163143_1/1146fcc0aec5e89820835354ee892566757e113d0335c92df43be01e/node_events/1146fcc0aec5e89820835354ee892566757e113d0335c92df43be01e-2026-08-06-18-1786040995538729260.jsonl info ..."
time="2026-08-06T18:31:49Z" level=info msg="Received request: GET /enter_cluster/test-ns-nj48t/raycluster/raycluster-historyserver/session_2026-08-06_11-29-50_163143_1"
time="2026-08-06T18:31:49Z" level=info msg="[List]Returned objects in log/cluster-metadata/. length of page.Contents: 2, length of page.CommonPrefixes: 0"
time="2026-08-06T18:31:49Z" level=error msg="Failed to parse meta file path: log/cluster-metadata/raycluster/test-ns-nj48t_raycluster-historyserver/, error: invalid path segment count for cluster metadata structure: log/cluster-metadata/raycluster/test-ns-nj48t_raycluster-historyserver/"
time="2026-08-06T18:31:49Z" level=info msg="Parsed cluster raycluster-historyserver for session session_2026-08-06_11-29-50_163143_1 to list"
time="2026-08-06T18:31:49Z" level=info msg="Received request: GET /api/v0/tasks?limit=50000"
time="2026-08-06T18:31:49Z" level=info msg="Request URL /api/v0/tasks?limit=50000"
time="2026-08-06T18:31:49Z" level=info msg="Received request: GET /api/v0/tasks?limit=50000"
time="2026-08-06T18:31:49Z" level=info msg="Request URL /api/v0/tasks?limit=50000"
time="2026-08-06T18:31:49Z" level=info msg="Received request: GET /api/v0/tasks?limit=50000"
time="2026-08-06T18:31:49Z" level=info msg="Request URL /api/v0/tasks?limit=50000"
time="2026-08-06T18:31:49Z" level=info msg="Received request: GET /api/v0/tasks?limit=50000"
time="2026-08-06T18:31:49Z" level=info msg="Request URL /api/v0/tasks?limit=50000"
time="2026-08-06T18:31:49Z" level=info msg="Received request: GET /api/v0/tasks?limit=50000"
time="2026-08-06T18:31:49Z" level=info msg="Request URL /api/v0/tasks?limit=50000"
time="2026-08-06T18:31:49Z" level=info msg="Received request: GET /api/v0/tasks?limit=50000"
time="2026-08-06T18:31:49Z" level=info msg="Request URL /api/v0/tasks?limit=50000"
time="2026-08-06T18:31:49Z" level=info msg="Received request: GET /api/v0/tasks?limit=50000"
time="2026-08-06T18:31:49Z" level=info msg="Request URL /api/v0/tasks?limit=50000"
time="2026-08-06T18:31:49Z" level=info msg="Received request: GET /api/v0/tasks?limit=50000"
time="2026-08-06T18:31:49Z" level=info msg="Request URL /api/v0/tasks?limit=50000"
time="2026-08-06T18:31:49Z" level=info msg="Received request: GET /api/v0/tasks?limit=50000"
time="2026-08-06T18:31:49Z" level=info msg="Request URL /api/v0/tasks?limit=50000"
time="2026-08-06T18:31:49Z" level=info msg="Received request: GET /api/v0/tasks?limit=50000"
time="2026-08-06T18:31:49Z" level=info msg="Request URL /api/v0/tasks?limit=50000"
time="2026-08-06T18:31:49Z" level=info msg="Received request: GET /api/v0/tasks/summarize"
time="2026-08-06T18:31:49Z" level=info msg="Request URL /api/v0/tasks/summarize"
time="2026-08-06T18:31:49Z" level=info msg="Received request: GET /api/v0/tasks/summarize"
time="2026-08-06T18:31:49Z" level=info msg="Request URL /api/v0/tasks/summarize"
time="2026-08-06T18:31:50Z" level=info msg="Received request: GET /api/v0/tasks/summarize"
time="2026-08-06T18:31:50Z" level=info msg="Request URL /api/v0/tasks/summarize"
time="2026-08-06T18:31:50Z" level=info msg="Received request: GET /api/v0/tasks/summarize"
time="2026-08-06T18:31:50Z" level=info msg="Request URL /api/v0/tasks/summarize"
time="2026-08-06T18:31:51Z" level=info msg="Received request: GET /api/v0/tasks/summarize"
time="2026-08-06T18:31:51Z" level=info msg="Request URL /api/v0/tasks/summarize"
time="2026-08-06T18:31:51Z" level=info msg="Received request: GET /api/v0/tasks/summarize"
time="2026-08-06T18:31:51Z" level=info msg="Request URL /api/v0/tasks/summarize"
time="2026-08-06T18:31:52Z" level=info msg="Received request: GET /api/v0/tasks/summarize"
time="2026-08-06T18:31:52Z" level=info msg="Request URL /api/v0/tasks/summarize"
time="2026-08-06T18:31:52Z" level=info msg="Received request: GET /api/v0/tasks/summarize"
time="2026-08-06T18:31:52Z" level=info msg="Request URL /api/v0/tasks/summarize"
time="2026-08-06T18:31:52Z" level=info msg="Received request: GET /api/v0/tasks/summarize"
time="2026-08-06T18:31:52Z" level=info msg="Request URL /api/v0/tasks/summarize"
time="2026-08-06T18:31:53Z" level=info msg="Received request: GET /api/v0/tasks/summarize"
time="2026-08-06T18:31:53Z" level=info msg="Request URL /api/v0/tasks/summarize"
time="2026-08-06T18:31:53Z" level=info msg="Received request: GET /api/jobs/"
time="2026-08-06T18:31:53Z" level=info msg="Request URL /api/jobs/"
time="2026-08-06T18:31:53Z" level=info msg="Received request: GET /api/jobs/"
time="2026-08-06T18:31:53Z" level=info msg="Request URL /api/jobs/"
time="2026-08-06T18:31:53Z" level=info msg="Received request: GET /api/jobs/"
time="2026-08-06T18:31:53Z" level=info msg="Request URL /api/jobs/"
time="2026-08-06T18:31:53Z" level=info msg="Received request: GET /api/jobs/"
time="2026-08-06T18:31:53Z" level=info msg="Request URL /api/jobs/"
time="2026-08-06T18:31:53Z" level=info msg="Received request: GET /api/jobs/"
time="2026-08-06T18:31:53Z" level=info msg="Request URL /api/jobs/"
time="2026-08-06T18:31:53Z" level=info msg="Received request: GET /api/jobs/"
time="2026-08-06T18:31:53Z" level=info msg="Request URL /api/jobs/"
time="2026-08-06T18:31:53Z" level=info msg="Received request: GET /api/jobs/"
time="2026-08-06T18:31:53Z" level=info msg="Request URL /api/jobs/"
time="2026-08-06T18:31:53Z" level=info msg="Received request: GET /api/jobs/"
time="2026-08-06T18:31:53Z" level=info msg="Request URL /api/jobs/"
time="2026-08-06T18:31:53Z" level=info msg="Received request: GET /api/jobs/"
time="2026-08-06T18:31:53Z" level=info msg="Request URL /api/jobs/"
time="2026-08-06T18:31:53Z" level=info msg="Received request: GET /api/jobs/"
time="2026-08-06T18:31:53Z" level=info msg="Request URL /api/jobs/"
time="2026-08-06T18:31:53Z" level=info msg="Request URL /nodes?view=summary"
time="2026-08-06T18:31:53Z" level=info msg="Request URL /nodes?view=summary"
time="2026-08-06T18:31:53Z" level=info msg="Request URL /nodes?view=summary"
time="2026-08-06T18:31:54Z" level=info msg="Request URL /nodes?view=summary"
time="2026-08-06T18:31:54Z" level=info msg="Request URL /nodes?view=summary"
time="2026-08-06T18:31:54Z" level=info msg="Request URL /nodes?view=summary"
time="2026-08-06T18:31:54Z" level=info msg="Request URL /nodes?view=summary"
time="2026-08-06T18:31:54Z" level=info msg="Request URL /nodes?view=summary"
time="2026-08-06T18:31:54Z" level=info msg="Request URL /nodes?view=summary"
time="2026-08-06T18:31:54Z" level=info msg="Request URL /nodes?view=summary"
time="2026-08-06T18:31:54Z" level=info msg="Request URL /events"
time="2026-08-06T18:31:54Z" level=info msg="Request URL /events"
time="2026-08-06T18:31:54Z" level=info msg="Request URL /events"
time="2026-08-06T18:31:54Z" level=info msg="Request URL /events"
time="2026-08-06T18:31:54Z" level=info msg="Request URL /events"
time="2026-08-06T18:31:54Z" level=info msg="Request URL /events"
time="2026-08-06T18:31:54Z" level=info msg="Request URL /events"
time="2026-08-06T18:31:54Z" level=info msg="Request URL /events"
time="2026-08-06T18:31:54Z" level=info msg="Request URL /events"
time="2026-08-06T18:31:54Z" level=info msg="Request URL /events"
