time="2026-08-06T17:55:08Z" level=info msg="create client manager successfully, clients: 1"
time="2026-08-06T17:55:08Z" level=info msg="Begin to create s3 client ..."
time="2026-08-06T17:55:08Z" level=info msg="Checking if bucket ray-historyserver exists..."
time="2026-08-06T17:55:08Z" level=info msg="Bucket ray-historyserver already exists"
time="2026-08-06T17:55:08Z" level=info msg="Clean logdir is logs"
time="2026-08-06T17:55:08Z" level=info msg="Starting server on :8080"
time="2026-08-06T17:55:10Z" level=info msg="Received request: GET /readz"
time="2026-08-06T17:55:10Z" level=info msg="live clusters: []"
time="2026-08-06T17:55:10Z" level=info msg="[List]Returned objects in log/cluster-metadata/. length of page.Contents: 2, length of page.CommonPrefixes: 0"
time="2026-08-06T17:55:10Z" level=error msg="Failed to parse meta file path: log/cluster-metadata/raycluster/test-ns-rcvsp_raycluster-historyserver/, error: invalid path segment count for cluster metadata structure: log/cluster-metadata/raycluster/test-ns-rcvsp_raycluster-historyserver/"
time="2026-08-06T17:55:10Z" level=info msg="Parsed cluster raycluster-historyserver for session session_2026-08-06_10-53-53_948407_1 to list"
time="2026-08-06T17:55:10Z" level=info msg="live clusters: []"
time="2026-08-06T17:55:10Z" level=info msg="[List]Returned objects in log/cluster-metadata/. length of page.Contents: 2, length of page.CommonPrefixes: 0"
time="2026-08-06T17:55:10Z" level=error msg="Failed to parse meta file path: log/cluster-metadata/raycluster/test-ns-rcvsp_raycluster-historyserver/, error: invalid path segment count for cluster metadata structure: log/cluster-metadata/raycluster/test-ns-rcvsp_raycluster-historyserver/"
time="2026-08-06T17:55:10Z" level=info msg="Parsed cluster raycluster-historyserver for session session_2026-08-06_10-53-53_948407_1 to list"
time="2026-08-06T17:55:10Z" level=info msg="live clusters: []"
time="2026-08-06T17:55:10Z" level=info msg="[List]Returned objects in log/cluster-metadata/. length of page.Contents: 2, length of page.CommonPrefixes: 0"
time="2026-08-06T17:55:10Z" level=error msg="Failed to parse meta file path: log/cluster-metadata/raycluster/test-ns-rcvsp_raycluster-historyserver/, error: invalid path segment count for cluster metadata structure: log/cluster-metadata/raycluster/test-ns-rcvsp_raycluster-historyserver/"
time="2026-08-06T17:55:10Z" level=info msg="Parsed cluster raycluster-historyserver for session session_2026-08-06_10-53-53_948407_1 to list"
time="2026-08-06T17:55:10Z" level=info msg="live clusters: []"
time="2026-08-06T17:55:10Z" level=info msg="[List]Returned objects in log/cluster-metadata/. length of page.Contents: 2, length of page.CommonPrefixes: 0"
time="2026-08-06T17:55:10Z" level=error msg="Failed to parse meta file path: log/cluster-metadata/raycluster/test-ns-rcvsp_raycluster-historyserver/, error: invalid path segment count for cluster metadata structure: log/cluster-metadata/raycluster/test-ns-rcvsp_raycluster-historyserver/"
time="2026-08-06T17:55:10Z" level=info msg="Parsed cluster raycluster-historyserver for session session_2026-08-06_10-53-53_948407_1 to list"
time="2026-08-06T17:55:10Z" level=info msg="live clusters: []"
time="2026-08-06T17:55:10Z" level=info msg="[List]Returned objects in log/cluster-metadata/. length of page.Contents: 2, length of page.CommonPrefixes: 0"
time="2026-08-06T17:55:10Z" level=error msg="Failed to parse meta file path: log/cluster-metadata/raycluster/test-ns-rcvsp_raycluster-historyserver/, error: invalid path segment count for cluster metadata structure: log/cluster-metadata/raycluster/test-ns-rcvsp_raycluster-historyserver/"
time="2026-08-06T17:55:10Z" level=info msg="Parsed cluster raycluster-historyserver for session session_2026-08-06_10-53-53_948407_1 to list"
time="2026-08-06T17:55:10Z" level=info msg="Received request: GET /enter_cluster/test-ns-rcvsp/raycluster/raycluster-historyserver/session_2026-08-06_10-53-53_948407_1"
time="2026-08-06T17:55:10Z" level=info msg="[List]Returned objects in log/cluster-metadata/. length of page.Contents: 2, length of page.CommonPrefixes: 0"
time="2026-08-06T17:55:10Z" level=error msg="Failed to parse meta file path: log/cluster-metadata/raycluster/test-ns-rcvsp_raycluster-historyserver/, error: invalid path segment count for cluster metadata structure: log/cluster-metadata/raycluster/test-ns-rcvsp_raycluster-historyserver/"
time="2026-08-06T17:55:10Z" level=info msg="Parsed cluster raycluster-historyserver for session session_2026-08-06_10-53-53_948407_1 to list"
time="2026-08-06T17:55:10Z" level=info msg="[ListFiles]Returned objects in log/cluster-history/raycluster/test-ns-rcvsp/raycluster-historyserver/session_2026-08-06_10-53-53_948407_1/. length of page.Contents: 0, length of page.CommonPrefixes: 3"
time="2026-08-06T17:55:10Z" level=info msg="[ListFiles]Returned objects in log/cluster-history/raycluster/test-ns-rcvsp/raycluster-historyserver/session_2026-08-06_10-53-53_948407_1/3763b996ac38ade741f45ddca6d798139bbb0cfa2f28958ad04e867b/logs/events/. length of page.Contents: 12, length of page.CommonPrefixes: 0"
time="2026-08-06T17:55:10Z" level=info msg="Prepare to get object log/cluster-history/raycluster/test-ns-rcvsp/raycluster-historyserver/session_2026-08-06_10-53-53_948407_1/3763b996ac38ade741f45ddca6d798139bbb0cfa2f28958ad04e867b/logs/events/event_CORE_WORKER_228.log info ..."
time="2026-08-06T17:55:10Z" level=info msg="Prepare to get object log/cluster-history/raycluster/test-ns-rcvsp/raycluster-historyserver/session_2026-08-06_10-53-53_948407_1/3763b996ac38ade741f45ddca6d798139bbb0cfa2f28958ad04e867b/logs/events/event_CORE_WORKER_229.log info ..."
time="2026-08-06T17:55:10Z" level=info msg="Prepare to get object log/cluster-history/raycluster/test-ns-rcvsp/raycluster-historyserver/session_2026-08-06_10-53-53_948407_1/3763b996ac38ade741f45ddca6d798139bbb0cfa2f28958ad04e867b/logs/events/event_CORE_WORKER_314.log info ..."
time="2026-08-06T17:55:10Z" level=info msg="Prepare to get object log/cluster-history/raycluster/test-ns-rcvsp/raycluster-historyserver/session_2026-08-06_10-53-53_948407_1/3763b996ac38ade741f45ddca6d798139bbb0cfa2f28958ad04e867b/logs/events/event_CORE_WORKER_319.log info ..."
time="2026-08-06T17:55:10Z" level=info msg="Prepare to get object log/cluster-history/raycluster/test-ns-rcvsp/raycluster-historyserver/session_2026-08-06_10-53-53_948407_1/3763b996ac38ade741f45ddca6d798139bbb0cfa2f28958ad04e867b/logs/events/event_CORE_WORKER_408.log info ..."
time="2026-08-06T17:55:10Z" level=info msg="Prepare to get object log/cluster-history/raycluster/test-ns-rcvsp/raycluster-historyserver/session_2026-08-06_10-53-53_948407_1/3763b996ac38ade741f45ddca6d798139bbb0cfa2f28958ad04e867b/logs/events/event_CORE_WORKER_413.log info ..."
time="2026-08-06T17:55:10Z" level=info msg="Prepare to get object log/cluster-history/raycluster/test-ns-rcvsp/raycluster-historyserver/session_2026-08-06_10-53-53_948407_1/3763b996ac38ade741f45ddca6d798139bbb0cfa2f28958ad04e867b/logs/events/event_CORE_WORKER_509.log info ..."
time="2026-08-06T17:55:10Z" level=info msg="Prepare to get object log/cluster-history/raycluster/test-ns-rcvsp/raycluster-historyserver/session_2026-08-06_10-53-53_948407_1/3763b996ac38ade741f45ddca6d798139bbb0cfa2f28958ad04e867b/logs/events/event_CORE_WORKER_513.log info ..."
time="2026-08-06T17:55:10Z" level=info msg="Prepare to get object log/cluster-history/raycluster/test-ns-rcvsp/raycluster-historyserver/session_2026-08-06_10-53-53_948407_1/3763b996ac38ade741f45ddca6d798139bbb0cfa2f28958ad04e867b/logs/events/event_CORE_WORKER_601.log info ..."
time="2026-08-06T17:55:10Z" level=info msg="Prepare to get object log/cluster-history/raycluster/test-ns-rcvsp/raycluster-historyserver/session_2026-08-06_10-53-53_948407_1/3763b996ac38ade741f45ddca6d798139bbb0cfa2f28958ad04e867b/logs/events/event_CORE_WORKER_609.log info ..."
time="2026-08-06T17:55:10Z" level=info msg="Prepare to get object log/cluster-history/raycluster/test-ns-rcvsp/raycluster-historyserver/session_2026-08-06_10-53-53_948407_1/3763b996ac38ade741f45ddca6d798139bbb0cfa2f28958ad04e867b/logs/events/event_RAYLET.log info ..."
time="2026-08-06T17:55:10Z" level=info msg="[ListFiles]Returned objects in log/cluster-history/raycluster/test-ns-rcvsp/raycluster-historyserver/session_2026-08-06_10-53-53_948407_1/d67a4245abf79809e293c9bcfb1c11ce3e4e59c3e3caf3f1e2fe0929/logs/events/. length of page.Contents: 11, length of page.CommonPrefixes: 0"
time="2026-08-06T17:55:10Z" level=info msg="Prepare to get object log/cluster-history/raycluster/test-ns-rcvsp/raycluster-historyserver/session_2026-08-06_10-53-53_948407_1/d67a4245abf79809e293c9bcfb1c11ce3e4e59c3e3caf3f1e2fe0929/logs/events/event_AUTOSCALER.log info ..."
time="2026-08-06T17:55:10Z" level=info msg="Prepare to get object log/cluster-history/raycluster/test-ns-rcvsp/raycluster-historyserver/session_2026-08-06_10-53-53_948407_1/d67a4245abf79809e293c9bcfb1c11ce3e4e59c3e3caf3f1e2fe0929/logs/events/event_CORE_WORKER_1015.log info ..."
time="2026-08-06T17:55:10Z" level=info msg="Prepare to get object log/cluster-history/raycluster/test-ns-rcvsp/raycluster-historyserver/session_2026-08-06_10-53-53_948407_1/d67a4245abf79809e293c9bcfb1c11ce3e4e59c3e3caf3f1e2fe0929/logs/events/event_CORE_WORKER_1180.log info ..."
time="2026-08-06T17:55:10Z" level=info msg="Prepare to get object log/cluster-history/raycluster/test-ns-rcvsp/raycluster-historyserver/session_2026-08-06_10-53-53_948407_1/d67a4245abf79809e293c9bcfb1c11ce3e4e59c3e3caf3f1e2fe0929/logs/events/event_CORE_WORKER_199.log info ..."
time="2026-08-06T17:55:10Z" level=info msg="Prepare to get object log/cluster-history/raycluster/test-ns-rcvsp/raycluster-historyserver/session_2026-08-06_10-53-53_948407_1/d67a4245abf79809e293c9bcfb1c11ce3e4e59c3e3caf3f1e2fe0929/logs/events/event_CORE_WORKER_204.log info ..."
time="2026-08-06T17:55:10Z" level=info msg="Prepare to get object log/cluster-history/raycluster/test-ns-rcvsp/raycluster-historyserver/session_2026-08-06_10-53-53_948407_1/d67a4245abf79809e293c9bcfb1c11ce3e4e59c3e3caf3f1e2fe0929/logs/events/event_CORE_WORKER_673.log info ..."
time="2026-08-06T17:55:10Z" level=info msg="Prepare to get object log/cluster-history/raycluster/test-ns-rcvsp/raycluster-historyserver/session_2026-08-06_10-53-53_948407_1/d67a4245abf79809e293c9bcfb1c11ce3e4e59c3e3caf3f1e2fe0929/logs/events/event_CORE_WORKER_959.log info ..."
time="2026-08-06T17:55:10Z" level=info msg="Prepare to get object log/cluster-history/raycluster/test-ns-rcvsp/raycluster-historyserver/session_2026-08-06_10-53-53_948407_1/d67a4245abf79809e293c9bcfb1c11ce3e4e59c3e3caf3f1e2fe0929/logs/events/event_GCS.log info ..."
time="2026-08-06T17:55:10Z" level=info msg="Prepare to get object log/cluster-history/raycluster/test-ns-rcvsp/raycluster-historyserver/session_2026-08-06_10-53-53_948407_1/d67a4245abf79809e293c9bcfb1c11ce3e4e59c3e3caf3f1e2fe0929/logs/events/event_JOBS.log info ..."
time="2026-08-06T17:55:10Z" level=info msg="Prepare to get object log/cluster-history/raycluster/test-ns-rcvsp/raycluster-historyserver/session_2026-08-06_10-53-53_948407_1/d67a4245abf79809e293c9bcfb1c11ce3e4e59c3e3caf3f1e2fe0929/logs/events/event_RAYLET.log info ..."
time="2026-08-06T17:55:10Z" level=info msg="[ListFiles]Returned objects in log/cluster-history/raycluster/test-ns-rcvsp/raycluster-historyserver/session_2026-08-06_10-53-53_948407_1/fetched_endpoints/logs/events/. length of page.Contents: 0, length of page.CommonPrefixes: 0"
time="2026-08-06T17:55:10Z" level=info msg="[ListFiles]Returned objects in log/cluster-history/raycluster/test-ns-rcvsp/raycluster-historyserver/session_2026-08-06_10-53-53_948407_1/. length of page.Contents: 0, length of page.CommonPrefixes: 3"
time="2026-08-06T17:55:10Z" level=info msg="[ListFiles]Returned objects in log/cluster-history/raycluster/test-ns-rcvsp/raycluster-historyserver/session_2026-08-06_10-53-53_948407_1/3763b996ac38ade741f45ddca6d798139bbb0cfa2f28958ad04e867b/job_events/. length of page.Contents: 0, length of page.CommonPrefixes: 1"
time="2026-08-06T17:55:10Z" level=info msg="[ListFiles]Returned objects in log/cluster-history/raycluster/test-ns-rcvsp/raycluster-historyserver/session_2026-08-06_10-53-53_948407_1/3763b996ac38ade741f45ddca6d798139bbb0cfa2f28958ad04e867b/job_events/03000000/. length of page.Contents: 2, length of page.CommonPrefixes: 0"
time="2026-08-06T17:55:10Z" level=info msg="[ListFiles]Returned objects in log/cluster-history/raycluster/test-ns-rcvsp/raycluster-historyserver/session_2026-08-06_10-53-53_948407_1/d67a4245abf79809e293c9bcfb1c11ce3e4e59c3e3caf3f1e2fe0929/job_events/. length of page.Contents: 0, length of page.CommonPrefixes: 4"
time="2026-08-06T17:55:10Z" level=info msg="[ListFiles]Returned objects in log/cluster-history/raycluster/test-ns-rcvsp/raycluster-historyserver/session_2026-08-06_10-53-53_948407_1/d67a4245abf79809e293c9bcfb1c11ce3e4e59c3e3caf3f1e2fe0929/job_events/01000000/. length of page.Contents: 2, length of page.CommonPrefixes: 0"
time="2026-08-06T17:55:10Z" level=info msg="[ListFiles]Returned objects in log/cluster-history/raycluster/test-ns-rcvsp/raycluster-historyserver/session_2026-08-06_10-53-53_948407_1/d67a4245abf79809e293c9bcfb1c11ce3e4e59c3e3caf3f1e2fe0929/job_events/02000000/. length of page.Contents: 2, length of page.CommonPrefixes: 0"
time="2026-08-06T17:55:10Z" level=info msg="[ListFiles]Returned objects in log/cluster-history/raycluster/test-ns-rcvsp/raycluster-historyserver/session_2026-08-06_10-53-53_948407_1/d67a4245abf79809e293c9bcfb1c11ce3e4e59c3e3caf3f1e2fe0929/job_events/03000000/. length of page.Contents: 2, length of page.CommonPrefixes: 0"
time="2026-08-06T17:55:10Z" level=info msg="[ListFiles]Returned objects in log/cluster-history/raycluster/test-ns-rcvsp/raycluster-historyserver/session_2026-08-06_10-53-53_948407_1/d67a4245abf79809e293c9bcfb1c11ce3e4e59c3e3caf3f1e2fe0929/job_events/04000000/. length of page.Contents: 2, length of page.CommonPrefixes: 0"
time="2026-08-06T17:55:10Z" level=info msg="[ListFiles]Returned objects in log/cluster-history/raycluster/test-ns-rcvsp/raycluster-historyserver/session_2026-08-06_10-53-53_948407_1/fetched_endpoints/job_events/. length of page.Contents: 0, length of page.CommonPrefixes: 0"
time="2026-08-06T17:55:10Z" level=info msg="[ListFiles]Returned objects in log/cluster-history/raycluster/test-ns-rcvsp/raycluster-historyserver/session_2026-08-06_10-53-53_948407_1/. length of page.Contents: 0, length of page.CommonPrefixes: 3"
time="2026-08-06T17:55:10Z" level=info msg="[ListFiles]Returned objects in log/cluster-history/raycluster/test-ns-rcvsp/raycluster-historyserver/session_2026-08-06_10-53-53_948407_1/3763b996ac38ade741f45ddca6d798139bbb0cfa2f28958ad04e867b/node_events/. length of page.Contents: 0, length of page.CommonPrefixes: 0"
time="2026-08-06T17:55:10Z" level=info msg="[ListFiles]Returned objects in log/cluster-history/raycluster/test-ns-rcvsp/raycluster-historyserver/session_2026-08-06_10-53-53_948407_1/d67a4245abf79809e293c9bcfb1c11ce3e4e59c3e3caf3f1e2fe0929/node_events/. length of page.Contents: 2, length of page.CommonPrefixes: 0"
time="2026-08-06T17:55:10Z" level=info msg="[ListFiles]Returned objects in log/cluster-history/raycluster/test-ns-rcvsp/raycluster-historyserver/session_2026-08-06_10-53-53_948407_1/fetched_endpoints/node_events/. length of page.Contents: 0, length of page.CommonPrefixes: 0"
time="2026-08-06T17:55:10Z" level=info msg="Prepare to get object log/cluster-history/raycluster/test-ns-rcvsp/raycluster-historyserver/session_2026-08-06_10-53-53_948407_1/3763b996ac38ade741f45ddca6d798139bbb0cfa2f28958ad04e867b/job_events/03000000/3763b996ac38ade741f45ddca6d798139bbb0cfa2f28958ad04e867b-2026-08-06-17-1786038859166737423.jsonl info ..."
time="2026-08-06T17:55:18Z" level=error msg="Failed to store events for file session_2026-08-06_10-53-53_948407_1/3763b996ac38ade741f45ddca6d798139bbb0cfa2f28958ad04e867b/job_events/03000000/3763b996ac38ade741f45ddca6d798139bbb0cfa2f28958ad04e867b-2026-08-06-17-1786038859166737423.jsonl: TASK_LIFECYCLE_EVENT must have at least one state transition"
time="2026-08-06T17:55:18Z" level=error msg="Failed to store events for file session_2026-08-06_10-53-53_948407_1/3763b996ac38ade741f45ddca6d798139bbb0cfa2f28958ad04e867b/job_events/03000000/3763b996ac38ade741f45ddca6d798139bbb0cfa2f28958ad04e867b-2026-08-06-17-1786038859166737423.jsonl: TASK_LIFECYCLE_EVENT must have at least one state transition"
time="2026-08-06T17:55:18Z" level=error msg="Failed to store events for file session_2026-08-06_10-53-53_948407_1/3763b996ac38ade741f45ddca6d798139bbb0cfa2f28958ad04e867b/job_events/03000000/3763b996ac38ade741f45ddca6d798139bbb0cfa2f28958ad04e867b-2026-08-06-17-1786038859166737423.jsonl: TASK_LIFECYCLE_EVENT must have at least one state transition"
time="2026-08-06T17:55:18Z" level=error msg="Failed to store events for file session_2026-08-06_10-53-53_948407_1/3763b996ac38ade741f45ddca6d798139bbb0cfa2f28958ad04e867b/job_events/03000000/3763b996ac38ade741f45ddca6d798139bbb0cfa2f28958ad04e867b-2026-08-06-17-1786038859166737423.jsonl: TASK_LIFECYCLE_EVENT must have at least one state transition"
time="2026-08-06T17:55:18Z" level=error msg="Failed to store events for file session_2026-08-06_10-53-53_948407_1/3763b996ac38ade741f45ddca6d798139bbb0cfa2f28958ad04e867b/job_events/03000000/3763b996ac38ade741f45ddca6d798139bbb0cfa2f28958ad04e867b-2026-08-06-17-1786038859166737423.jsonl: TASK_LIFECYCLE_EVENT must have at least one state transition"
time="2026-08-06T17:55:19Z" level=error msg="Failed to store events for file session_2026-08-06_10-53-53_948407_1/3763b996ac38ade741f45ddca6d798139bbb0cfa2f28958ad04e867b/job_events/03000000/3763b996ac38ade741f45ddca6d798139bbb0cfa2f28958ad04e867b-2026-08-06-17-1786038859166737423.jsonl: TASK_LIFECYCLE_EVENT must have at least one state transition"
time="2026-08-06T17:55:19Z" level=error msg="Failed to store events for file session_2026-08-06_10-53-53_948407_1/3763b996ac38ade741f45ddca6d798139bbb0cfa2f28958ad04e867b/job_events/03000000/3763b996ac38ade741f45ddca6d798139bbb0cfa2f28958ad04e867b-2026-08-06-17-1786038859166737423.jsonl: TASK_LIFECYCLE_EVENT must have at least one state transition"
time="2026-08-06T17:55:19Z" level=error msg="Failed to store events for file session_2026-08-06_10-53-53_948407_1/3763b996ac38ade741f45ddca6d798139bbb0cfa2f28958ad04e867b/job_events/03000000/3763b996ac38ade741f45ddca6d798139bbb0cfa2f28958ad04e867b-2026-08-06-17-1786038859166737423.jsonl: TASK_LIFECYCLE_EVENT must have at least one state transition"
time="2026-08-06T17:55:19Z" level=error msg="Failed to store events for file session_2026-08-06_10-53-53_948407_1/3763b996ac38ade741f45ddca6d798139bbb0cfa2f28958ad04e867b/job_events/03000000/3763b996ac38ade741f45ddca6d798139bbb0cfa2f28958ad04e867b-2026-08-06-17-1786038859166737423.jsonl: TASK_LIFECYCLE_EVENT must have at least one state transition"
time="2026-08-06T17:55:19Z" level=error msg="Failed to store events for file session_2026-08-06_10-53-53_948407_1/3763b996ac38ade741f45ddca6d798139bbb0cfa2f28958ad04e867b/job_events/03000000/3763b996ac38ade741f45ddca6d798139bbb0cfa2f28958ad04e867b-2026-08-06-17-1786038859166737423.jsonl: TASK_LIFECYCLE_EVENT must have at least one state transition"
time="2026-08-06T17:55:19Z" level=error msg="Failed to store events for file session_2026-08-06_10-53-53_948407_1/3763b996ac38ade741f45ddca6d798139bbb0cfa2f28958ad04e867b/job_events/03000000/3763b996ac38ade741f45ddca6d798139bbb0cfa2f28958ad04e867b-2026-08-06-17-1786038859166737423.jsonl: TASK_LIFECYCLE_EVENT must have at least one state transition"
time="2026-08-06T17:55:19Z" level=error msg="Failed to store events for file session_2026-08-06_10-53-53_948407_1/3763b996ac38ade741f45ddca6d798139bbb0cfa2f28958ad04e867b/job_events/03000000/3763b996ac38ade741f45ddca6d798139bbb0cfa2f28958ad04e867b-2026-08-06-17-1786038859166737423.jsonl: TASK_LIFECYCLE_EVENT must have at least one state transition"
time="2026-08-06T17:55:20Z" level=error msg="Failed to store events for file session_2026-08-06_10-53-53_948407_1/3763b996ac38ade741f45ddca6d798139bbb0cfa2f28958ad04e867b/job_events/03000000/3763b996ac38ade741f45ddca6d798139bbb0cfa2f28958ad04e867b-2026-08-06-17-1786038859166737423.jsonl: TASK_LIFECYCLE_EVENT must have at least one state transition"
time="2026-08-06T17:55:20Z" level=error msg="Failed to store events for file session_2026-08-06_10-53-53_948407_1/3763b996ac38ade741f45ddca6d798139bbb0cfa2f28958ad04e867b/job_events/03000000/3763b996ac38ade741f45ddca6d798139bbb0cfa2f28958ad04e867b-2026-08-06-17-1786038859166737423.jsonl: TASK_LIFECYCLE_EVENT must have at least one state transition"
time="2026-08-06T17:55:20Z" level=error msg="Failed to store events for file session_2026-08-06_10-53-53_948407_1/3763b996ac38ade741f45ddca6d798139bbb0cfa2f28958ad04e867b/job_events/03000000/3763b996ac38ade741f45ddca6d798139bbb0cfa2f28958ad04e867b-2026-08-06-17-1786038859166737423.jsonl: TASK_LIFECYCLE_EVENT must have at least one state transition"
time="2026-08-06T17:55:20Z" level=error msg="Failed to store events for file session_2026-08-06_10-53-53_948407_1/3763b996ac38ade741f45ddca6d798139bbb0cfa2f28958ad04e867b/job_events/03000000/3763b996ac38ade741f45ddca6d798139bbb0cfa2f28958ad04e867b-2026-08-06-17-1786038859166737423.jsonl: TASK_LIFECYCLE_EVENT must have at least one state transition"
time="2026-08-06T17:55:20Z" level=error msg="Failed to store events for file session_2026-08-06_10-53-53_948407_1/3763b996ac38ade741f45ddca6d798139bbb0cfa2f28958ad04e867b/job_events/03000000/3763b996ac38ade741f45ddca6d798139bbb0cfa2f28958ad04e867b-2026-08-06-17-1786038859166737423.jsonl: TASK_LIFECYCLE_EVENT must have at least one state transition"
time="2026-08-06T17:55:21Z" level=error msg="Failed to store events for file session_2026-08-06_10-53-53_948407_1/3763b996ac38ade741f45ddca6d798139bbb0cfa2f28958ad04e867b/job_events/03000000/3763b996ac38ade741f45ddca6d798139bbb0cfa2f28958ad04e867b-2026-08-06-17-1786038859166737423.jsonl: TASK_LIFECYCLE_EVENT must have at least one state transition"
time="2026-08-06T17:55:21Z" level=error msg="Failed to store events for file session_2026-08-06_10-53-53_948407_1/3763b996ac38ade741f45ddca6d798139bbb0cfa2f28958ad04e867b/job_events/03000000/3763b996ac38ade741f45ddca6d798139bbb0cfa2f28958ad04e867b-2026-08-06-17-1786038859166737423.jsonl: TASK_LIFECYCLE_EVENT must have at least one state transition"
time="2026-08-06T17:55:22Z" level=error msg="Failed to store events for file session_2026-08-06_10-53-53_948407_1/3763b996ac38ade741f45ddca6d798139bbb0cfa2f28958ad04e867b/job_events/03000000/3763b996ac38ade741f45ddca6d798139bbb0cfa2f28958ad04e867b-2026-08-06-17-1786038859166737423.jsonl: TASK_LIFECYCLE_EVENT must have at least one state transition"
time="2026-08-06T17:55:22Z" level=error msg="Failed to store events for file session_2026-08-06_10-53-53_948407_1/3763b996ac38ade741f45ddca6d798139bbb0cfa2f28958ad04e867b/job_events/03000000/3763b996ac38ade741f45ddca6d798139bbb0cfa2f28958ad04e867b-2026-08-06-17-1786038859166737423.jsonl: TASK_LIFECYCLE_EVENT must have at least one state transition"
time="2026-08-06T17:55:23Z" level=error msg="Failed to store events for file session_2026-08-06_10-53-53_948407_1/3763b996ac38ade741f45ddca6d798139bbb0cfa2f28958ad04e867b/job_events/03000000/3763b996ac38ade741f45ddca6d798139bbb0cfa2f28958ad04e867b-2026-08-06-17-1786038859166737423.jsonl: TASK_LIFECYCLE_EVENT must have at least one state transition"
time="2026-08-06T17:55:23Z" level=error msg="Failed to store events for file session_2026-08-06_10-53-53_948407_1/3763b996ac38ade741f45ddca6d798139bbb0cfa2f28958ad04e867b/job_events/03000000/3763b996ac38ade741f45ddca6d798139bbb0cfa2f28958ad04e867b-2026-08-06-17-1786038859166737423.jsonl: TASK_LIFECYCLE_EVENT must have at least one state transition"
time="2026-08-06T17:55:23Z" level=error msg="Failed to store events for file session_2026-08-06_10-53-53_948407_1/3763b996ac38ade741f45ddca6d798139bbb0cfa2f28958ad04e867b/job_events/03000000/3763b996ac38ade741f45ddca6d798139bbb0cfa2f28958ad04e867b-2026-08-06-17-1786038859166737423.jsonl: TASK_LIFECYCLE_EVENT must have at least one state transition"
time="2026-08-06T17:55:23Z" level=error msg="Failed to store events for file session_2026-08-06_10-53-53_948407_1/3763b996ac38ade741f45ddca6d798139bbb0cfa2f28958ad04e867b/job_events/03000000/3763b996ac38ade741f45ddca6d798139bbb0cfa2f28958ad04e867b-2026-08-06-17-1786038859166737423.jsonl: TASK_LIFECYCLE_EVENT must have at least one state transition"
time="2026-08-06T17:55:23Z" level=error msg="Failed to store events for file session_2026-08-06_10-53-53_948407_1/3763b996ac38ade741f45ddca6d798139bbb0cfa2f28958ad04e867b/job_events/03000000/3763b996ac38ade741f45ddca6d798139bbb0cfa2f28958ad04e867b-2026-08-06-17-1786038859166737423.jsonl: TASK_LIFECYCLE_EVENT must have at least one state transition"
time="2026-08-06T17:55:24Z" level=error msg="Failed to store events for file session_2026-08-06_10-53-53_948407_1/3763b996ac38ade741f45ddca6d798139bbb0cfa2f28958ad04e867b/job_events/03000000/3763b996ac38ade741f45ddca6d798139bbb0cfa2f28958ad04e867b-2026-08-06-17-1786038859166737423.jsonl: TASK_LIFECYCLE_EVENT must have at least one state transition"
time="2026-08-06T17:55:24Z" level=error msg="Failed to store events for file session_2026-08-06_10-53-53_948407_1/3763b996ac38ade741f45ddca6d798139bbb0cfa2f28958ad04e867b/job_events/03000000/3763b996ac38ade741f45ddca6d798139bbb0cfa2f28958ad04e867b-2026-08-06-17-1786038859166737423.jsonl: TASK_LIFECYCLE_EVENT must have at least one state transition"
time="2026-08-06T17:55:24Z" level=error msg="Failed to store events for file session_2026-08-06_10-53-53_948407_1/3763b996ac38ade741f45ddca6d798139bbb0cfa2f28958ad04e867b/job_events/03000000/3763b996ac38ade741f45ddca6d798139bbb0cfa2f28958ad04e867b-2026-08-06-17-1786038859166737423.jsonl: TASK_LIFECYCLE_EVENT must have at least one state transition"
time="2026-08-06T17:55:24Z" level=error msg="Failed to store events for file session_2026-08-06_10-53-53_948407_1/3763b996ac38ade741f45ddca6d798139bbb0cfa2f28958ad04e867b/job_events/03000000/3763b996ac38ade741f45ddca6d798139bbb0cfa2f28958ad04e867b-2026-08-06-17-1786038859166737423.jsonl: TASK_LIFECYCLE_EVENT must have at least one state transition"
time="2026-08-06T17:55:25Z" level=error msg="Failed to store events for file session_2026-08-06_10-53-53_948407_1/3763b996ac38ade741f45ddca6d798139bbb0cfa2f28958ad04e867b/job_events/03000000/3763b996ac38ade741f45ddca6d798139bbb0cfa2f28958ad04e867b-2026-08-06-17-1786038859166737423.jsonl: TASK_LIFECYCLE_EVENT must have at least one state transition"
time="2026-08-06T17:55:25Z" level=error msg="Failed to store events for file session_2026-08-06_10-53-53_948407_1/3763b996ac38ade741f45ddca6d798139bbb0cfa2f28958ad04e867b/job_events/03000000/3763b996ac38ade741f45ddca6d798139bbb0cfa2f28958ad04e867b-2026-08-06-17-1786038859166737423.jsonl: TASK_LIFECYCLE_EVENT must have at least one state transition"
time="2026-08-06T17:55:25Z" level=error msg="Failed to store events for file session_2026-08-06_10-53-53_948407_1/3763b996ac38ade741f45ddca6d798139bbb0cfa2f28958ad04e867b/job_events/03000000/3763b996ac38ade741f45ddca6d798139bbb0cfa2f28958ad04e867b-2026-08-06-17-1786038859166737423.jsonl: TASK_LIFECYCLE_EVENT must have at least one state transition"
time="2026-08-06T17:55:25Z" level=info msg="Prepare to get object log/cluster-history/raycluster/test-ns-rcvsp/raycluster-historyserver/session_2026-08-06_10-53-53_948407_1/d67a4245abf79809e293c9bcfb1c11ce3e4e59c3e3caf3f1e2fe0929/job_events/01000000/d67a4245abf79809e293c9bcfb1c11ce3e4e59c3e3caf3f1e2fe0929-2026-08-06-17-1786038839300012178.jsonl info ..."
time="2026-08-06T17:55:25Z" level=info msg="Prepare to get object log/cluster-history/raycluster/test-ns-rcvsp/raycluster-historyserver/session_2026-08-06_10-53-53_948407_1/d67a4245abf79809e293c9bcfb1c11ce3e4e59c3e3caf3f1e2fe0929/job_events/02000000/d67a4245abf79809e293c9bcfb1c11ce3e4e59c3e3caf3f1e2fe0929-2026-08-06-17-1786038857173613797.jsonl info ..."
time="2026-08-06T17:55:25Z" level=info msg="Prepare to get object log/cluster-history/raycluster/test-ns-rcvsp/raycluster-historyserver/session_2026-08-06_10-53-53_948407_1/d67a4245abf79809e293c9bcfb1c11ce3e4e59c3e3caf3f1e2fe0929/job_events/03000000/d67a4245abf79809e293c9bcfb1c11ce3e4e59c3e3caf3f1e2fe0929-2026-08-06-17-1786038857174357839.jsonl info ..."
time="2026-08-06T17:55:47Z" level=info msg="Prepare to get object log/cluster-history/raycluster/test-ns-rcvsp/raycluster-historyserver/session_2026-08-06_10-53-53_948407_1/d67a4245abf79809e293c9bcfb1c11ce3e4e59c3e3caf3f1e2fe0929/job_events/04000000/d67a4245abf79809e293c9bcfb1c11ce3e4e59c3e3caf3f1e2fe0929-2026-08-06-17-1786038872378531555.jsonl info ..."
time="2026-08-06T17:55:47Z" level=info msg="Prepare to get object log/cluster-history/raycluster/test-ns-rcvsp/raycluster-historyserver/session_2026-08-06_10-53-53_948407_1/d67a4245abf79809e293c9bcfb1c11ce3e4e59c3e3caf3f1e2fe0929/node_events/d67a4245abf79809e293c9bcfb1c11ce3e4e59c3e3caf3f1e2fe0929-2026-08-06-17-1786038838696365761.jsonl info ..."
time="2026-08-06T17:55:49Z" level=info msg="Received request: GET /enter_cluster/test-ns-rcvsp/raycluster/raycluster-historyserver/session_2026-08-06_10-53-53_948407_1"
time="2026-08-06T17:55:49Z" level=info msg="[List]Returned objects in log/cluster-metadata/. length of page.Contents: 2, length of page.CommonPrefixes: 0"
time="2026-08-06T17:55:49Z" level=error msg="Failed to parse meta file path: log/cluster-metadata/raycluster/test-ns-rcvsp_raycluster-historyserver/, error: invalid path segment count for cluster metadata structure: log/cluster-metadata/raycluster/test-ns-rcvsp_raycluster-historyserver/"
time="2026-08-06T17:55:49Z" level=info msg="Parsed cluster raycluster-historyserver for session session_2026-08-06_10-53-53_948407_1 to list"
time="2026-08-06T17:55:49Z" level=info msg="Received request: GET /api/v0/tasks?limit=50000"
time="2026-08-06T17:55:49Z" level=info msg="Request URL /api/v0/tasks?limit=50000"
time="2026-08-06T17:55:49Z" level=info msg="Received request: GET /api/v0/tasks?limit=50000"
time="2026-08-06T17:55:49Z" level=info msg="Request URL /api/v0/tasks?limit=50000"
time="2026-08-06T17:55:49Z" level=info msg="Received request: GET /api/v0/tasks?limit=50000"
time="2026-08-06T17:55:49Z" level=info msg="Request URL /api/v0/tasks?limit=50000"
time="2026-08-06T17:55:49Z" level=info msg="Received request: GET /api/v0/tasks?limit=50000"
time="2026-08-06T17:55:49Z" level=info msg="Request URL /api/v0/tasks?limit=50000"
time="2026-08-06T17:55:49Z" level=info msg="Received request: GET /api/v0/tasks?limit=50000"
time="2026-08-06T17:55:49Z" level=info msg="Request URL /api/v0/tasks?limit=50000"
time="2026-08-06T17:55:49Z" level=info msg="Received request: GET /api/v0/tasks?limit=50000"
time="2026-08-06T17:55:49Z" level=info msg="Request URL /api/v0/tasks?limit=50000"
time="2026-08-06T17:55:49Z" level=info msg="Received request: GET /api/v0/tasks?limit=50000"
time="2026-08-06T17:55:49Z" level=info msg="Request URL /api/v0/tasks?limit=50000"
time="2026-08-06T17:55:49Z" level=info msg="Received request: GET /api/v0/tasks?limit=50000"
time="2026-08-06T17:55:49Z" level=info msg="Request URL /api/v0/tasks?limit=50000"
time="2026-08-06T17:55:49Z" level=info msg="Received request: GET /api/v0/tasks?limit=50000"
time="2026-08-06T17:55:49Z" level=info msg="Request URL /api/v0/tasks?limit=50000"
time="2026-08-06T17:55:49Z" level=info msg="Received request: GET /api/v0/tasks?limit=50000"
time="2026-08-06T17:55:49Z" level=info msg="Request URL /api/v0/tasks?limit=50000"
time="2026-08-06T17:55:49Z" level=info msg="Received request: GET /api/v0/tasks/summarize"
time="2026-08-06T17:55:49Z" level=info msg="Request URL /api/v0/tasks/summarize"
time="2026-08-06T17:55:49Z" level=info msg="Received request: GET /api/v0/tasks/summarize"
time="2026-08-06T17:55:49Z" level=info msg="Request URL /api/v0/tasks/summarize"
time="2026-08-06T17:55:50Z" level=info msg="Received request: GET /api/v0/tasks/summarize"
time="2026-08-06T17:55:50Z" level=info msg="Request URL /api/v0/tasks/summarize"
time="2026-08-06T17:55:51Z" level=info msg="Received request: GET /api/v0/tasks/summarize"
time="2026-08-06T17:55:51Z" level=info msg="Request URL /api/v0/tasks/summarize"
time="2026-08-06T17:55:52Z" level=info msg="Received request: GET /api/v0/tasks/summarize"
time="2026-08-06T17:55:52Z" level=info msg="Request URL /api/v0/tasks/summarize"
time="2026-08-06T17:55:53Z" level=info msg="Received request: GET /api/v0/tasks/summarize"
time="2026-08-06T17:55:53Z" level=info msg="Request URL /api/v0/tasks/summarize"
time="2026-08-06T17:55:54Z" level=info msg="Received request: GET /api/v0/tasks/summarize"
time="2026-08-06T17:55:54Z" level=info msg="Request URL /api/v0/tasks/summarize"
time="2026-08-06T17:55:55Z" level=info msg="Received request: GET /api/v0/tasks/summarize"
time="2026-08-06T17:55:55Z" level=info msg="Request URL /api/v0/tasks/summarize"
time="2026-08-06T17:55:56Z" level=info msg="Received request: GET /api/v0/tasks/summarize"
time="2026-08-06T17:55:56Z" level=info msg="Request URL /api/v0/tasks/summarize"
time="2026-08-06T17:55:57Z" level=info msg="Received request: GET /api/v0/tasks/summarize"
time="2026-08-06T17:55:57Z" level=info msg="Request URL /api/v0/tasks/summarize"
time="2026-08-06T17:55:58Z" level=info msg="Received request: GET /api/jobs/"
time="2026-08-06T17:55:58Z" level=info msg="Request URL /api/jobs/"
time="2026-08-06T17:55:58Z" level=info msg="Received request: GET /api/jobs/"
time="2026-08-06T17:55:58Z" level=info msg="Request URL /api/jobs/"
time="2026-08-06T17:55:58Z" level=info msg="Received request: GET /api/jobs/"
time="2026-08-06T17:55:58Z" level=info msg="Request URL /api/jobs/"
time="2026-08-06T17:55:58Z" level=info msg="Received request: GET /api/jobs/"
time="2026-08-06T17:55:58Z" level=info msg="Request URL /api/jobs/"
time="2026-08-06T17:55:58Z" level=info msg="Received request: GET /api/jobs/"
time="2026-08-06T17:55:58Z" level=info msg="Request URL /api/jobs/"
time="2026-08-06T17:55:58Z" level=info msg="Received request: GET /api/jobs/"
time="2026-08-06T17:55:58Z" level=info msg="Request URL /api/jobs/"
time="2026-08-06T17:55:58Z" level=info msg="Received request: GET /api/jobs/"
time="2026-08-06T17:55:58Z" level=info msg="Request URL /api/jobs/"
time="2026-08-06T17:55:59Z" level=info msg="Received request: GET /api/jobs/"
time="2026-08-06T17:55:59Z" level=info msg="Request URL /api/jobs/"
time="2026-08-06T17:55:59Z" level=info msg="Received request: GET /api/jobs/"
time="2026-08-06T17:55:59Z" level=info msg="Request URL /api/jobs/"
time="2026-08-06T17:55:59Z" level=info msg="Received request: GET /api/jobs/"
time="2026-08-06T17:55:59Z" level=info msg="Request URL /api/jobs/"
time="2026-08-06T17:55:59Z" level=info msg="Request URL /nodes?view=summary"
time="2026-08-06T17:55:59Z" level=info msg="Request URL /nodes?view=summary"
time="2026-08-06T17:55:59Z" level=info msg="Request URL /nodes?view=summary"
time="2026-08-06T17:55:59Z" level=info msg="Request URL /nodes?view=summary"
time="2026-08-06T17:55:59Z" level=info msg="Request URL /nodes?view=summary"
time="2026-08-06T17:55:59Z" level=info msg="Request URL /nodes?view=summary"
time="2026-08-06T17:55:59Z" level=info msg="Request URL /nodes?view=summary"
time="2026-08-06T17:55:59Z" level=info msg="Request URL /nodes?view=summary"
time="2026-08-06T17:55:59Z" level=info msg="Request URL /nodes?view=summary"
time="2026-08-06T17:55:59Z" level=info msg="Request URL /nodes?view=summary"
time="2026-08-06T17:56:00Z" level=info msg="Request URL /events"
time="2026-08-06T17:56:00Z" level=info msg="Request URL /events"
time="2026-08-06T17:56:00Z" level=info msg="Request URL /events"
time="2026-08-06T17:56:00Z" level=info msg="Request URL /events"
time="2026-08-06T17:56:00Z" level=info msg="Request URL /events"
time="2026-08-06T17:56:00Z" level=info msg="Request URL /events"
time="2026-08-06T17:56:00Z" level=info msg="Request URL /events"
time="2026-08-06T17:56:00Z" level=info msg="Request URL /events"
time="2026-08-06T17:56:00Z" level=info msg="Request URL /events"
time="2026-08-06T17:56:00Z" level=info msg="Request URL /events"
