gc 1 @0.126s 4%: 1.2+14+1.2 ms clock, 3.8+5.7/7.7/11+3.7 ms cpu, 3->3->2 MB, 4 MB goal, 0 MB stacks, 0 MB globals, 3 P
gc 2 @0.240s 2%: 0.12+4.2+0.13 ms clock, 0.36+0.33/2.1/4.1+0.39 ms cpu, 4->5->3 MB, 5 MB goal, 0 MB stacks, 0 MB globals, 3 P
gc 3 @0.349s 2%: 0.15+5.8+0.12 ms clock, 0.46+0.43/2.4/7.3+0.36 ms cpu, 7->7->5 MB, 7 MB goal, 0 MB stacks, 0 MB globals, 3 P
time="2026-08-06T19:39:03Z" level=info msg="create client manager successfully, clients: 1"
time="2026-08-06T19:39:03Z" level=info msg="Begin to create s3 client ..."
time="2026-08-06T19:39:03Z" level=info msg="Checking if bucket ray-historyserver exists..."
time="2026-08-06T19:39:03Z" level=info msg="Bucket ray-historyserver already exists"
time="2026-08-06T19:39:03Z" level=info msg="Clean logdir is logs"
time="2026-08-06T19:39:03Z" level=info msg="Starting server on :8080"
time="2026-08-06T19:39:04Z" level=info msg="Received request: GET /readz"
time="2026-08-06T19:39:05Z" level=info msg="live clusters: []"
time="2026-08-06T19:39:05Z" level=info msg="[List]Returned objects in log/cluster-metadata/. length of page.Contents: 2, length of page.CommonPrefixes: 0"
time="2026-08-06T19:39:05Z" level=error msg="Failed to parse meta file path: log/cluster-metadata/raycluster/test-ns-w6kxb_raycluster-historyserver/, error: invalid path segment count for cluster metadata structure: log/cluster-metadata/raycluster/test-ns-w6kxb_raycluster-historyserver/"
time="2026-08-06T19:39:05Z" level=info msg="Parsed cluster raycluster-historyserver for session session_2026-08-06_12-37-18_286308_1 to list"
time="2026-08-06T19:39:05Z" level=info msg="live clusters: []"
time="2026-08-06T19:39:05Z" level=info msg="[List]Returned objects in log/cluster-metadata/. length of page.Contents: 2, length of page.CommonPrefixes: 0"
time="2026-08-06T19:39:05Z" level=error msg="Failed to parse meta file path: log/cluster-metadata/raycluster/test-ns-w6kxb_raycluster-historyserver/, error: invalid path segment count for cluster metadata structure: log/cluster-metadata/raycluster/test-ns-w6kxb_raycluster-historyserver/"
time="2026-08-06T19:39:05Z" level=info msg="Parsed cluster raycluster-historyserver for session session_2026-08-06_12-37-18_286308_1 to list"
time="2026-08-06T19:39:05Z" level=info msg="live clusters: []"
time="2026-08-06T19:39:05Z" level=info msg="[List]Returned objects in log/cluster-metadata/. length of page.Contents: 2, length of page.CommonPrefixes: 0"
time="2026-08-06T19:39:05Z" level=error msg="Failed to parse meta file path: log/cluster-metadata/raycluster/test-ns-w6kxb_raycluster-historyserver/, error: invalid path segment count for cluster metadata structure: log/cluster-metadata/raycluster/test-ns-w6kxb_raycluster-historyserver/"
time="2026-08-06T19:39:05Z" level=info msg="Parsed cluster raycluster-historyserver for session session_2026-08-06_12-37-18_286308_1 to list"
time="2026-08-06T19:39:05Z" level=info msg="live clusters: []"
time="2026-08-06T19:39:05Z" level=info msg="[List]Returned objects in log/cluster-metadata/. length of page.Contents: 2, length of page.CommonPrefixes: 0"
time="2026-08-06T19:39:05Z" level=error msg="Failed to parse meta file path: log/cluster-metadata/raycluster/test-ns-w6kxb_raycluster-historyserver/, error: invalid path segment count for cluster metadata structure: log/cluster-metadata/raycluster/test-ns-w6kxb_raycluster-historyserver/"
time="2026-08-06T19:39:05Z" level=info msg="Parsed cluster raycluster-historyserver for session session_2026-08-06_12-37-18_286308_1 to list"
time="2026-08-06T19:39:05Z" level=info msg="live clusters: []"
time="2026-08-06T19:39:05Z" level=info msg="[List]Returned objects in log/cluster-metadata/. length of page.Contents: 2, length of page.CommonPrefixes: 0"
time="2026-08-06T19:39:05Z" level=error msg="Failed to parse meta file path: log/cluster-metadata/raycluster/test-ns-w6kxb_raycluster-historyserver/, error: invalid path segment count for cluster metadata structure: log/cluster-metadata/raycluster/test-ns-w6kxb_raycluster-historyserver/"
time="2026-08-06T19:39:05Z" level=info msg="Parsed cluster raycluster-historyserver for session session_2026-08-06_12-37-18_286308_1 to list"
time="2026-08-06T19:39:05Z" level=info msg="Received request: GET /enter_cluster/test-ns-w6kxb/raycluster/raycluster-historyserver/session_2026-08-06_12-37-18_286308_1"
time="2026-08-06T19:39:05Z" level=info msg="[List]Returned objects in log/cluster-metadata/. length of page.Contents: 2, length of page.CommonPrefixes: 0"
time="2026-08-06T19:39:05Z" level=error msg="Failed to parse meta file path: log/cluster-metadata/raycluster/test-ns-w6kxb_raycluster-historyserver/, error: invalid path segment count for cluster metadata structure: log/cluster-metadata/raycluster/test-ns-w6kxb_raycluster-historyserver/"
time="2026-08-06T19:39:05Z" level=info msg="Parsed cluster raycluster-historyserver for session session_2026-08-06_12-37-18_286308_1 to list"
time="2026-08-06T19:39:05Z" level=info msg="[ListFiles]Returned objects in log/cluster-history/raycluster/test-ns-w6kxb/raycluster-historyserver/session_2026-08-06_12-37-18_286308_1/. length of page.Contents: 0, length of page.CommonPrefixes: 3"
gc 4 @1.680s 0%: 0.16+9.9+0.11 ms clock, 0.49+0.094/6.2/11+0.33 ms cpu, 10->10->6 MB, 11 MB goal, 0 MB stacks, 0 MB globals, 3 P
time="2026-08-06T19:39:05Z" level=info msg="[ListFiles]Returned objects in log/cluster-history/raycluster/test-ns-w6kxb/raycluster-historyserver/session_2026-08-06_12-37-18_286308_1/798af29623fefdc7636d0651c9d5161824270dde1b5b69259e8db43c/logs/events/. length of page.Contents: 11, length of page.CommonPrefixes: 0"
time="2026-08-06T19:39:05Z" level=info msg="Prepare to get object log/cluster-history/raycluster/test-ns-w6kxb/raycluster-historyserver/session_2026-08-06_12-37-18_286308_1/798af29623fefdc7636d0651c9d5161824270dde1b5b69259e8db43c/logs/events/event_AUTOSCALER.log info ..."
time="2026-08-06T19:39:05Z" level=info msg="Prepare to get object log/cluster-history/raycluster/test-ns-w6kxb/raycluster-historyserver/session_2026-08-06_12-37-18_286308_1/798af29623fefdc7636d0651c9d5161824270dde1b5b69259e8db43c/logs/events/event_CORE_WORKER_1012.log info ..."
time="2026-08-06T19:39:05Z" level=info msg="Prepare to get object log/cluster-history/raycluster/test-ns-w6kxb/raycluster-historyserver/session_2026-08-06_12-37-18_286308_1/798af29623fefdc7636d0651c9d5161824270dde1b5b69259e8db43c/logs/events/event_CORE_WORKER_1176.log info ..."
time="2026-08-06T19:39:05Z" level=info msg="Prepare to get object log/cluster-history/raycluster/test-ns-w6kxb/raycluster-historyserver/session_2026-08-06_12-37-18_286308_1/798af29623fefdc7636d0651c9d5161824270dde1b5b69259e8db43c/logs/events/event_CORE_WORKER_199.log info ..."
time="2026-08-06T19:39:05Z" level=info msg="Prepare to get object log/cluster-history/raycluster/test-ns-w6kxb/raycluster-historyserver/session_2026-08-06_12-37-18_286308_1/798af29623fefdc7636d0651c9d5161824270dde1b5b69259e8db43c/logs/events/event_CORE_WORKER_204.log info ..."
time="2026-08-06T19:39:05Z" level=info msg="Prepare to get object log/cluster-history/raycluster/test-ns-w6kxb/raycluster-historyserver/session_2026-08-06_12-37-18_286308_1/798af29623fefdc7636d0651c9d5161824270dde1b5b69259e8db43c/logs/events/event_CORE_WORKER_670.log info ..."
time="2026-08-06T19:39:05Z" level=info msg="Prepare to get object log/cluster-history/raycluster/test-ns-w6kxb/raycluster-historyserver/session_2026-08-06_12-37-18_286308_1/798af29623fefdc7636d0651c9d5161824270dde1b5b69259e8db43c/logs/events/event_CORE_WORKER_956.log info ..."
time="2026-08-06T19:39:05Z" level=info msg="Prepare to get object log/cluster-history/raycluster/test-ns-w6kxb/raycluster-historyserver/session_2026-08-06_12-37-18_286308_1/798af29623fefdc7636d0651c9d5161824270dde1b5b69259e8db43c/logs/events/event_GCS.log info ..."
time="2026-08-06T19:39:05Z" level=info msg="Prepare to get object log/cluster-history/raycluster/test-ns-w6kxb/raycluster-historyserver/session_2026-08-06_12-37-18_286308_1/798af29623fefdc7636d0651c9d5161824270dde1b5b69259e8db43c/logs/events/event_JOBS.log info ..."
time="2026-08-06T19:39:05Z" level=info msg="Prepare to get object log/cluster-history/raycluster/test-ns-w6kxb/raycluster-historyserver/session_2026-08-06_12-37-18_286308_1/798af29623fefdc7636d0651c9d5161824270dde1b5b69259e8db43c/logs/events/event_RAYLET.log info ..."
time="2026-08-06T19:39:05Z" level=info msg="[ListFiles]Returned objects in log/cluster-history/raycluster/test-ns-w6kxb/raycluster-historyserver/session_2026-08-06_12-37-18_286308_1/c9ec772937e5a5fb1605efa822543839920bca3b0c05bb6fe11b3c62/logs/events/. length of page.Contents: 13, length of page.CommonPrefixes: 0"
time="2026-08-06T19:39:05Z" level=info msg="Prepare to get object log/cluster-history/raycluster/test-ns-w6kxb/raycluster-historyserver/session_2026-08-06_12-37-18_286308_1/c9ec772937e5a5fb1605efa822543839920bca3b0c05bb6fe11b3c62/logs/events/event_CORE_WORKER_228.log info ..."
time="2026-08-06T19:39:05Z" level=info msg="Prepare to get object log/cluster-history/raycluster/test-ns-w6kxb/raycluster-historyserver/session_2026-08-06_12-37-18_286308_1/c9ec772937e5a5fb1605efa822543839920bca3b0c05bb6fe11b3c62/logs/events/event_CORE_WORKER_229.log info ..."
time="2026-08-06T19:39:05Z" level=info msg="Prepare to get object log/cluster-history/raycluster/test-ns-w6kxb/raycluster-historyserver/session_2026-08-06_12-37-18_286308_1/c9ec772937e5a5fb1605efa822543839920bca3b0c05bb6fe11b3c62/logs/events/event_CORE_WORKER_313.log info ..."
time="2026-08-06T19:39:05Z" level=info msg="Prepare to get object log/cluster-history/raycluster/test-ns-w6kxb/raycluster-historyserver/session_2026-08-06_12-37-18_286308_1/c9ec772937e5a5fb1605efa822543839920bca3b0c05bb6fe11b3c62/logs/events/event_CORE_WORKER_315.log info ..."
time="2026-08-06T19:39:05Z" level=info msg="Prepare to get object log/cluster-history/raycluster/test-ns-w6kxb/raycluster-historyserver/session_2026-08-06_12-37-18_286308_1/c9ec772937e5a5fb1605efa822543839920bca3b0c05bb6fe11b3c62/logs/events/event_CORE_WORKER_408.log info ..."
time="2026-08-06T19:39:05Z" level=info msg="Prepare to get object log/cluster-history/raycluster/test-ns-w6kxb/raycluster-historyserver/session_2026-08-06_12-37-18_286308_1/c9ec772937e5a5fb1605efa822543839920bca3b0c05bb6fe11b3c62/logs/events/event_CORE_WORKER_413.log info ..."
time="2026-08-06T19:39:05Z" level=info msg="Prepare to get object log/cluster-history/raycluster/test-ns-w6kxb/raycluster-historyserver/session_2026-08-06_12-37-18_286308_1/c9ec772937e5a5fb1605efa822543839920bca3b0c05bb6fe11b3c62/logs/events/event_CORE_WORKER_496.log info ..."
time="2026-08-06T19:39:05Z" level=info msg="Prepare to get object log/cluster-history/raycluster/test-ns-w6kxb/raycluster-historyserver/session_2026-08-06_12-37-18_286308_1/c9ec772937e5a5fb1605efa822543839920bca3b0c05bb6fe11b3c62/logs/events/event_CORE_WORKER_513.log info ..."
time="2026-08-06T19:39:05Z" level=info msg="Prepare to get object log/cluster-history/raycluster/test-ns-w6kxb/raycluster-historyserver/session_2026-08-06_12-37-18_286308_1/c9ec772937e5a5fb1605efa822543839920bca3b0c05bb6fe11b3c62/logs/events/event_CORE_WORKER_589.log info ..."
time="2026-08-06T19:39:05Z" level=info msg="Prepare to get object log/cluster-history/raycluster/test-ns-w6kxb/raycluster-historyserver/session_2026-08-06_12-37-18_286308_1/c9ec772937e5a5fb1605efa822543839920bca3b0c05bb6fe11b3c62/logs/events/event_CORE_WORKER_608.log info ..."
time="2026-08-06T19:39:05Z" level=info msg="Prepare to get object log/cluster-history/raycluster/test-ns-w6kxb/raycluster-historyserver/session_2026-08-06_12-37-18_286308_1/c9ec772937e5a5fb1605efa822543839920bca3b0c05bb6fe11b3c62/logs/events/event_CORE_WORKER_699.log info ..."
time="2026-08-06T19:39:05Z" level=info msg="Prepare to get object log/cluster-history/raycluster/test-ns-w6kxb/raycluster-historyserver/session_2026-08-06_12-37-18_286308_1/c9ec772937e5a5fb1605efa822543839920bca3b0c05bb6fe11b3c62/logs/events/event_RAYLET.log info ..."
time="2026-08-06T19:39:05Z" level=info msg="[ListFiles]Returned objects in log/cluster-history/raycluster/test-ns-w6kxb/raycluster-historyserver/session_2026-08-06_12-37-18_286308_1/fetched_endpoints/logs/events/. length of page.Contents: 0, length of page.CommonPrefixes: 0"
time="2026-08-06T19:39:05Z" level=info msg="[ListFiles]Returned objects in log/cluster-history/raycluster/test-ns-w6kxb/raycluster-historyserver/session_2026-08-06_12-37-18_286308_1/. length of page.Contents: 0, length of page.CommonPrefixes: 3"
time="2026-08-06T19:39:05Z" level=info msg="[ListFiles]Returned objects in log/cluster-history/raycluster/test-ns-w6kxb/raycluster-historyserver/session_2026-08-06_12-37-18_286308_1/798af29623fefdc7636d0651c9d5161824270dde1b5b69259e8db43c/job_events/. length of page.Contents: 0, length of page.CommonPrefixes: 4"
time="2026-08-06T19:39:05Z" level=info msg="[ListFiles]Returned objects in log/cluster-history/raycluster/test-ns-w6kxb/raycluster-historyserver/session_2026-08-06_12-37-18_286308_1/798af29623fefdc7636d0651c9d5161824270dde1b5b69259e8db43c/job_events/01000000/. length of page.Contents: 2, length of page.CommonPrefixes: 0"
time="2026-08-06T19:39:05Z" level=info msg="[ListFiles]Returned objects in log/cluster-history/raycluster/test-ns-w6kxb/raycluster-historyserver/session_2026-08-06_12-37-18_286308_1/798af29623fefdc7636d0651c9d5161824270dde1b5b69259e8db43c/job_events/02000000/. length of page.Contents: 2, length of page.CommonPrefixes: 0"
time="2026-08-06T19:39:05Z" level=info msg="[ListFiles]Returned objects in log/cluster-history/raycluster/test-ns-w6kxb/raycluster-historyserver/session_2026-08-06_12-37-18_286308_1/798af29623fefdc7636d0651c9d5161824270dde1b5b69259e8db43c/job_events/03000000/. length of page.Contents: 3, length of page.CommonPrefixes: 0"
time="2026-08-06T19:39:05Z" level=info msg="[ListFiles]Returned objects in log/cluster-history/raycluster/test-ns-w6kxb/raycluster-historyserver/session_2026-08-06_12-37-18_286308_1/798af29623fefdc7636d0651c9d5161824270dde1b5b69259e8db43c/job_events/04000000/. length of page.Contents: 2, length of page.CommonPrefixes: 0"
time="2026-08-06T19:39:05Z" level=info msg="[ListFiles]Returned objects in log/cluster-history/raycluster/test-ns-w6kxb/raycluster-historyserver/session_2026-08-06_12-37-18_286308_1/c9ec772937e5a5fb1605efa822543839920bca3b0c05bb6fe11b3c62/job_events/. length of page.Contents: 0, length of page.CommonPrefixes: 1"
time="2026-08-06T19:39:05Z" level=info msg="[ListFiles]Returned objects in log/cluster-history/raycluster/test-ns-w6kxb/raycluster-historyserver/session_2026-08-06_12-37-18_286308_1/c9ec772937e5a5fb1605efa822543839920bca3b0c05bb6fe11b3c62/job_events/03000000/. length of page.Contents: 2, length of page.CommonPrefixes: 0"
time="2026-08-06T19:39:05Z" level=info msg="[ListFiles]Returned objects in log/cluster-history/raycluster/test-ns-w6kxb/raycluster-historyserver/session_2026-08-06_12-37-18_286308_1/fetched_endpoints/job_events/. length of page.Contents: 0, length of page.CommonPrefixes: 0"
time="2026-08-06T19:39:05Z" level=info msg="[ListFiles]Returned objects in log/cluster-history/raycluster/test-ns-w6kxb/raycluster-historyserver/session_2026-08-06_12-37-18_286308_1/. length of page.Contents: 0, length of page.CommonPrefixes: 3"
time="2026-08-06T19:39:05Z" level=info msg="[ListFiles]Returned objects in log/cluster-history/raycluster/test-ns-w6kxb/raycluster-historyserver/session_2026-08-06_12-37-18_286308_1/798af29623fefdc7636d0651c9d5161824270dde1b5b69259e8db43c/node_events/. length of page.Contents: 2, length of page.CommonPrefixes: 0"
time="2026-08-06T19:39:05Z" level=info msg="[ListFiles]Returned objects in log/cluster-history/raycluster/test-ns-w6kxb/raycluster-historyserver/session_2026-08-06_12-37-18_286308_1/c9ec772937e5a5fb1605efa822543839920bca3b0c05bb6fe11b3c62/node_events/. length of page.Contents: 0, length of page.CommonPrefixes: 0"
time="2026-08-06T19:39:05Z" level=info msg="[ListFiles]Returned objects in log/cluster-history/raycluster/test-ns-w6kxb/raycluster-historyserver/session_2026-08-06_12-37-18_286308_1/fetched_endpoints/node_events/. length of page.Contents: 0, length of page.CommonPrefixes: 0"
time="2026-08-06T19:39:05Z" level=info msg="Prepare to get object log/cluster-history/raycluster/test-ns-w6kxb/raycluster-historyserver/session_2026-08-06_12-37-18_286308_1/798af29623fefdc7636d0651c9d5161824270dde1b5b69259e8db43c/job_events/01000000/798af29623fefdc7636d0651c9d5161824270dde1b5b69259e8db43c-2026-08-06-19-1786045043567882717.jsonl info ..."
time="2026-08-06T19:39:05Z" level=info msg="Prepare to get object log/cluster-history/raycluster/test-ns-w6kxb/raycluster-historyserver/session_2026-08-06_12-37-18_286308_1/798af29623fefdc7636d0651c9d5161824270dde1b5b69259e8db43c/job_events/02000000/798af29623fefdc7636d0651c9d5161824270dde1b5b69259e8db43c-2026-08-06-19-1786045061506275919.jsonl info ..."
time="2026-08-06T19:39:05Z" level=info msg="Prepare to get object log/cluster-history/raycluster/test-ns-w6kxb/raycluster-historyserver/session_2026-08-06_12-37-18_286308_1/798af29623fefdc7636d0651c9d5161824270dde1b5b69259e8db43c/job_events/03000000/798af29623fefdc7636d0651c9d5161824270dde1b5b69259e8db43c-2026-08-06-19-1786045063218031045.jsonl info ..."
gc 5 @1.766s 0%: 0.15+6.6+0.049 ms clock, 0.46+2.1/3.1/8.8+0.14 ms cpu, 13->13->9 MB, 14 MB goal, 0 MB stacks, 0 MB globals, 3 P
gc 6 @1.779s 0%: 0.15+6.4+0.033 ms clock, 0.46+0.005/4.5/10+0.099 ms cpu, 19->19->19 MB, 19 MB goal, 0 MB stacks, 0 MB globals, 3 P
gc 7 @1.799s 0%: 0.16+8.7+0.15 ms clock, 0.49+0/5.2/12+0.45 ms cpu, 48->48->48 MB, 48 MB goal, 0 MB stacks, 0 MB globals, 3 P
gc 8 @1.832s 0%: 0.15+14+0.043 ms clock, 0.45+0/3.5/21+0.12 ms cpu, 100->100->100 MB, 100 MB goal, 0 MB stacks, 0 MB globals, 3 P
gc 9 @1.888s 1%: 0.13+14+0.083 ms clock, 0.40+0.046/10/10+0.24 ms cpu, 217->217->217 MB, 217 MB goal, 0 MB stacks, 0 MB globals, 3 P
gc 10 @1.985s 1%: 0.13+19+0.040 ms clock, 0.39+0.007/3.4/21+0.12 ms cpu, 447->447->237 MB, 448 MB goal, 0 MB stacks, 0 MB globals, 3 P
gc 11 @2.876s 1%: 0.13+45+0.10 ms clock, 0.40+0.45/31/65+0.30 ms cpu, 470->472->183 MB, 474 MB goal, 0 MB stacks, 0 MB globals, 3 P
gc 12 @5.804s 1%: 0.16+185+0.090 ms clock, 0.49+0.47/126/281+0.27 ms cpu, 362->367->326 MB, 367 MB goal, 0 MB stacks, 0 MB globals, 3 P
gc 13 @10.889s 1%: 0.18+436+0.092 ms clock, 0.54+1.6/319/650+0.27 ms cpu, 635->648->574 MB, 653 MB goal, 0 MB stacks, 0 MB globals, 3 P
gc 14 @21.460s 1%: 0.15+722+0.19 ms clock, 0.46+0.44/560/956+0.58 ms cpu, 1108->1127->654 MB, 1149 MB goal, 0 MB stacks, 0 MB globals, 3 P
time="2026-08-06T19:39:33Z" level=info msg="Prepare to get object log/cluster-history/raycluster/test-ns-w6kxb/raycluster-historyserver/session_2026-08-06_12-37-18_286308_1/798af29623fefdc7636d0651c9d5161824270dde1b5b69259e8db43c/job_events/03000000/798af29623fefdc7636d0651c9d5161824270dde1b5b69259e8db43c-2026-08-06-19-1786045103293873675.jsonl info ..."
gc 15 @31.276s 1%: 0.18+249+0.086 ms clock, 0.54+0.49/192/328+0.25 ms cpu, 1249->1258->213 MB, 1309 MB goal, 0 MB stacks, 0 MB globals, 3 P
gc 16 @34.809s 1%: 0.18+380+0.088 ms clock, 0.55+0.44/305/531+0.26 ms cpu, 402->410->299 MB, 427 MB goal, 0 MB stacks, 0 MB globals, 3 P
time="2026-08-06T19:39:41Z" level=info msg="Prepare to get object log/cluster-history/raycluster/test-ns-w6kxb/raycluster-historyserver/session_2026-08-06_12-37-18_286308_1/798af29623fefdc7636d0651c9d5161824270dde1b5b69259e8db43c/job_events/04000000/798af29623fefdc7636d0651c9d5161824270dde1b5b69259e8db43c-2026-08-06-19-1786045076968095177.jsonl info ..."
time="2026-08-06T19:39:41Z" level=info msg="Prepare to get object log/cluster-history/raycluster/test-ns-w6kxb/raycluster-historyserver/session_2026-08-06_12-37-18_286308_1/c9ec772937e5a5fb1605efa822543839920bca3b0c05bb6fe11b3c62/job_events/03000000/c9ec772937e5a5fb1605efa822543839920bca3b0c05bb6fe11b3c62-2026-08-06-19-1786045063429803962.jsonl info ..."
gc 17 @38.367s 1%: 0.26+196+0.047 ms clock, 0.80+110/149/297+0.14 ms cpu, 586->586->300 MB, 599 MB goal, 0 MB stacks, 0 MB globals, 3 P
gc 18 @38.705s 1%: 0.22+237+0.060 ms clock, 0.68+2.4/191/437+0.18 ms cpu, 693->693->412 MB, 693 MB goal, 0 MB stacks, 0 MB globals, 3 P
gc 19 @45.888s 1%: 0.17+596+0.090 ms clock, 0.53+0.51/463/778+0.27 ms cpu, 802->821->591 MB, 825 MB goal, 0 MB stacks, 0 MB globals, 3 P
time="2026-08-06T19:39:54Z" level=error msg="Failed to store events for file session_2026-08-06_12-37-18_286308_1/c9ec772937e5a5fb1605efa822543839920bca3b0c05bb6fe11b3c62/job_events/03000000/c9ec772937e5a5fb1605efa822543839920bca3b0c05bb6fe11b3c62-2026-08-06-19-1786045063429803962.jsonl: TASK_LIFECYCLE_EVENT must have at least one state transition"
time="2026-08-06T19:39:54Z" level=error msg="Failed to store events for file session_2026-08-06_12-37-18_286308_1/c9ec772937e5a5fb1605efa822543839920bca3b0c05bb6fe11b3c62/job_events/03000000/c9ec772937e5a5fb1605efa822543839920bca3b0c05bb6fe11b3c62-2026-08-06-19-1786045063429803962.jsonl: TASK_LIFECYCLE_EVENT must have at least one state transition"
time="2026-08-06T19:39:54Z" level=error msg="Failed to store events for file session_2026-08-06_12-37-18_286308_1/c9ec772937e5a5fb1605efa822543839920bca3b0c05bb6fe11b3c62/job_events/03000000/c9ec772937e5a5fb1605efa822543839920bca3b0c05bb6fe11b3c62-2026-08-06-19-1786045063429803962.jsonl: TASK_LIFECYCLE_EVENT must have at least one state transition"
time="2026-08-06T19:39:54Z" level=error msg="Failed to store events for file session_2026-08-06_12-37-18_286308_1/c9ec772937e5a5fb1605efa822543839920bca3b0c05bb6fe11b3c62/job_events/03000000/c9ec772937e5a5fb1605efa822543839920bca3b0c05bb6fe11b3c62-2026-08-06-19-1786045063429803962.jsonl: TASK_LIFECYCLE_EVENT must have at least one state transition"
time="2026-08-06T19:39:54Z" level=error msg="Failed to store events for file session_2026-08-06_12-37-18_286308_1/c9ec772937e5a5fb1605efa822543839920bca3b0c05bb6fe11b3c62/job_events/03000000/c9ec772937e5a5fb1605efa822543839920bca3b0c05bb6fe11b3c62-2026-08-06-19-1786045063429803962.jsonl: TASK_LIFECYCLE_EVENT must have at least one state transition"
time="2026-08-06T19:39:54Z" level=error msg="Failed to store events for file session_2026-08-06_12-37-18_286308_1/c9ec772937e5a5fb1605efa822543839920bca3b0c05bb6fe11b3c62/job_events/03000000/c9ec772937e5a5fb1605efa822543839920bca3b0c05bb6fe11b3c62-2026-08-06-19-1786045063429803962.jsonl: TASK_LIFECYCLE_EVENT must have at least one state transition"
time="2026-08-06T19:39:54Z" level=error msg="Failed to store events for file session_2026-08-06_12-37-18_286308_1/c9ec772937e5a5fb1605efa822543839920bca3b0c05bb6fe11b3c62/job_events/03000000/c9ec772937e5a5fb1605efa822543839920bca3b0c05bb6fe11b3c62-2026-08-06-19-1786045063429803962.jsonl: TASK_LIFECYCLE_EVENT must have at least one state transition"
time="2026-08-06T19:39:54Z" level=error msg="Failed to store events for file session_2026-08-06_12-37-18_286308_1/c9ec772937e5a5fb1605efa822543839920bca3b0c05bb6fe11b3c62/job_events/03000000/c9ec772937e5a5fb1605efa822543839920bca3b0c05bb6fe11b3c62-2026-08-06-19-1786045063429803962.jsonl: TASK_LIFECYCLE_EVENT must have at least one state transition"
time="2026-08-06T19:39:54Z" level=error msg="Failed to store events for file session_2026-08-06_12-37-18_286308_1/c9ec772937e5a5fb1605efa822543839920bca3b0c05bb6fe11b3c62/job_events/03000000/c9ec772937e5a5fb1605efa822543839920bca3b0c05bb6fe11b3c62-2026-08-06-19-1786045063429803962.jsonl: TASK_LIFECYCLE_EVENT must have at least one state transition"
time="2026-08-06T19:39:54Z" level=error msg="Failed to store events for file session_2026-08-06_12-37-18_286308_1/c9ec772937e5a5fb1605efa822543839920bca3b0c05bb6fe11b3c62/job_events/03000000/c9ec772937e5a5fb1605efa822543839920bca3b0c05bb6fe11b3c62-2026-08-06-19-1786045063429803962.jsonl: TASK_LIFECYCLE_EVENT must have at least one state transition"
time="2026-08-06T19:39:54Z" level=error msg="Failed to store events for file session_2026-08-06_12-37-18_286308_1/c9ec772937e5a5fb1605efa822543839920bca3b0c05bb6fe11b3c62/job_events/03000000/c9ec772937e5a5fb1605efa822543839920bca3b0c05bb6fe11b3c62-2026-08-06-19-1786045063429803962.jsonl: TASK_LIFECYCLE_EVENT must have at least one state transition"
time="2026-08-06T19:39:55Z" level=error msg="Failed to store events for file session_2026-08-06_12-37-18_286308_1/c9ec772937e5a5fb1605efa822543839920bca3b0c05bb6fe11b3c62/job_events/03000000/c9ec772937e5a5fb1605efa822543839920bca3b0c05bb6fe11b3c62-2026-08-06-19-1786045063429803962.jsonl: TASK_LIFECYCLE_EVENT must have at least one state transition"
time="2026-08-06T19:39:55Z" level=error msg="Failed to store events for file session_2026-08-06_12-37-18_286308_1/c9ec772937e5a5fb1605efa822543839920bca3b0c05bb6fe11b3c62/job_events/03000000/c9ec772937e5a5fb1605efa822543839920bca3b0c05bb6fe11b3c62-2026-08-06-19-1786045063429803962.jsonl: TASK_LIFECYCLE_EVENT must have at least one state transition"
time="2026-08-06T19:39:55Z" level=error msg="Failed to store events for file session_2026-08-06_12-37-18_286308_1/c9ec772937e5a5fb1605efa822543839920bca3b0c05bb6fe11b3c62/job_events/03000000/c9ec772937e5a5fb1605efa822543839920bca3b0c05bb6fe11b3c62-2026-08-06-19-1786045063429803962.jsonl: TASK_LIFECYCLE_EVENT must have at least one state transition"
time="2026-08-06T19:39:55Z" level=error msg="Failed to store events for file session_2026-08-06_12-37-18_286308_1/c9ec772937e5a5fb1605efa822543839920bca3b0c05bb6fe11b3c62/job_events/03000000/c9ec772937e5a5fb1605efa822543839920bca3b0c05bb6fe11b3c62-2026-08-06-19-1786045063429803962.jsonl: TASK_LIFECYCLE_EVENT must have at least one state transition"
time="2026-08-06T19:39:55Z" level=error msg="Failed to store events for file session_2026-08-06_12-37-18_286308_1/c9ec772937e5a5fb1605efa822543839920bca3b0c05bb6fe11b3c62/job_events/03000000/c9ec772937e5a5fb1605efa822543839920bca3b0c05bb6fe11b3c62-2026-08-06-19-1786045063429803962.jsonl: TASK_LIFECYCLE_EVENT must have at least one state transition"
time="2026-08-06T19:39:55Z" level=error msg="Failed to store events for file session_2026-08-06_12-37-18_286308_1/c9ec772937e5a5fb1605efa822543839920bca3b0c05bb6fe11b3c62/job_events/03000000/c9ec772937e5a5fb1605efa822543839920bca3b0c05bb6fe11b3c62-2026-08-06-19-1786045063429803962.jsonl: TASK_LIFECYCLE_EVENT must have at least one state transition"
time="2026-08-06T19:39:55Z" level=error msg="Failed to store events for file session_2026-08-06_12-37-18_286308_1/c9ec772937e5a5fb1605efa822543839920bca3b0c05bb6fe11b3c62/job_events/03000000/c9ec772937e5a5fb1605efa822543839920bca3b0c05bb6fe11b3c62-2026-08-06-19-1786045063429803962.jsonl: TASK_LIFECYCLE_EVENT must have at least one state transition"
time="2026-08-06T19:39:55Z" level=error msg="Failed to store events for file session_2026-08-06_12-37-18_286308_1/c9ec772937e5a5fb1605efa822543839920bca3b0c05bb6fe11b3c62/job_events/03000000/c9ec772937e5a5fb1605efa822543839920bca3b0c05bb6fe11b3c62-2026-08-06-19-1786045063429803962.jsonl: TASK_LIFECYCLE_EVENT must have at least one state transition"
time="2026-08-06T19:39:56Z" level=error msg="Failed to store events for file session_2026-08-06_12-37-18_286308_1/c9ec772937e5a5fb1605efa822543839920bca3b0c05bb6fe11b3c62/job_events/03000000/c9ec772937e5a5fb1605efa822543839920bca3b0c05bb6fe11b3c62-2026-08-06-19-1786045063429803962.jsonl: TASK_LIFECYCLE_EVENT must have at least one state transition"
time="2026-08-06T19:39:56Z" level=error msg="Failed to store events for file session_2026-08-06_12-37-18_286308_1/c9ec772937e5a5fb1605efa822543839920bca3b0c05bb6fe11b3c62/job_events/03000000/c9ec772937e5a5fb1605efa822543839920bca3b0c05bb6fe11b3c62-2026-08-06-19-1786045063429803962.jsonl: TASK_LIFECYCLE_EVENT must have at least one state transition"
time="2026-08-06T19:39:56Z" level=error msg="Failed to store events for file session_2026-08-06_12-37-18_286308_1/c9ec772937e5a5fb1605efa822543839920bca3b0c05bb6fe11b3c62/job_events/03000000/c9ec772937e5a5fb1605efa822543839920bca3b0c05bb6fe11b3c62-2026-08-06-19-1786045063429803962.jsonl: TASK_LIFECYCLE_EVENT must have at least one state transition"
time="2026-08-06T19:39:57Z" level=error msg="Failed to store events for file session_2026-08-06_12-37-18_286308_1/c9ec772937e5a5fb1605efa822543839920bca3b0c05bb6fe11b3c62/job_events/03000000/c9ec772937e5a5fb1605efa822543839920bca3b0c05bb6fe11b3c62-2026-08-06-19-1786045063429803962.jsonl: TASK_LIFECYCLE_EVENT must have at least one state transition"
time="2026-08-06T19:39:57Z" level=error msg="Failed to store events for file session_2026-08-06_12-37-18_286308_1/c9ec772937e5a5fb1605efa822543839920bca3b0c05bb6fe11b3c62/job_events/03000000/c9ec772937e5a5fb1605efa822543839920bca3b0c05bb6fe11b3c62-2026-08-06-19-1786045063429803962.jsonl: TASK_LIFECYCLE_EVENT must have at least one state transition"
time="2026-08-06T19:39:57Z" level=error msg="Failed to store events for file session_2026-08-06_12-37-18_286308_1/c9ec772937e5a5fb1605efa822543839920bca3b0c05bb6fe11b3c62/job_events/03000000/c9ec772937e5a5fb1605efa822543839920bca3b0c05bb6fe11b3c62-2026-08-06-19-1786045063429803962.jsonl: TASK_LIFECYCLE_EVENT must have at least one state transition"
time="2026-08-06T19:39:57Z" level=error msg="Failed to store events for file session_2026-08-06_12-37-18_286308_1/c9ec772937e5a5fb1605efa822543839920bca3b0c05bb6fe11b3c62/job_events/03000000/c9ec772937e5a5fb1605efa822543839920bca3b0c05bb6fe11b3c62-2026-08-06-19-1786045063429803962.jsonl: TASK_LIFECYCLE_EVENT must have at least one state transition"
time="2026-08-06T19:39:57Z" level=error msg="Failed to store events for file session_2026-08-06_12-37-18_286308_1/c9ec772937e5a5fb1605efa822543839920bca3b0c05bb6fe11b3c62/job_events/03000000/c9ec772937e5a5fb1605efa822543839920bca3b0c05bb6fe11b3c62-2026-08-06-19-1786045063429803962.jsonl: TASK_LIFECYCLE_EVENT must have at least one state transition"
time="2026-08-06T19:39:58Z" level=error msg="Failed to store events for file session_2026-08-06_12-37-18_286308_1/c9ec772937e5a5fb1605efa822543839920bca3b0c05bb6fe11b3c62/job_events/03000000/c9ec772937e5a5fb1605efa822543839920bca3b0c05bb6fe11b3c62-2026-08-06-19-1786045063429803962.jsonl: TASK_LIFECYCLE_EVENT must have at least one state transition"
time="2026-08-06T19:39:58Z" level=error msg="Failed to store events for file session_2026-08-06_12-37-18_286308_1/c9ec772937e5a5fb1605efa822543839920bca3b0c05bb6fe11b3c62/job_events/03000000/c9ec772937e5a5fb1605efa822543839920bca3b0c05bb6fe11b3c62-2026-08-06-19-1786045063429803962.jsonl: TASK_LIFECYCLE_EVENT must have at least one state transition"
time="2026-08-06T19:39:58Z" level=error msg="Failed to store events for file session_2026-08-06_12-37-18_286308_1/c9ec772937e5a5fb1605efa822543839920bca3b0c05bb6fe11b3c62/job_events/03000000/c9ec772937e5a5fb1605efa822543839920bca3b0c05bb6fe11b3c62-2026-08-06-19-1786045063429803962.jsonl: TASK_LIFECYCLE_EVENT must have at least one state transition"
time="2026-08-06T19:39:58Z" level=error msg="Failed to store events for file session_2026-08-06_12-37-18_286308_1/c9ec772937e5a5fb1605efa822543839920bca3b0c05bb6fe11b3c62/job_events/03000000/c9ec772937e5a5fb1605efa822543839920bca3b0c05bb6fe11b3c62-2026-08-06-19-1786045063429803962.jsonl: TASK_LIFECYCLE_EVENT must have at least one state transition"
time="2026-08-06T19:39:58Z" level=error msg="Failed to store events for file session_2026-08-06_12-37-18_286308_1/c9ec772937e5a5fb1605efa822543839920bca3b0c05bb6fe11b3c62/job_events/03000000/c9ec772937e5a5fb1605efa822543839920bca3b0c05bb6fe11b3c62-2026-08-06-19-1786045063429803962.jsonl: TASK_LIFECYCLE_EVENT must have at least one state transition"
time="2026-08-06T19:39:58Z" level=error msg="Failed to store events for file session_2026-08-06_12-37-18_286308_1/c9ec772937e5a5fb1605efa822543839920bca3b0c05bb6fe11b3c62/job_events/03000000/c9ec772937e5a5fb1605efa822543839920bca3b0c05bb6fe11b3c62-2026-08-06-19-1786045063429803962.jsonl: TASK_LIFECYCLE_EVENT must have at least one state transition"
time="2026-08-06T19:39:58Z" level=error msg="Failed to store events for file session_2026-08-06_12-37-18_286308_1/c9ec772937e5a5fb1605efa822543839920bca3b0c05bb6fe11b3c62/job_events/03000000/c9ec772937e5a5fb1605efa822543839920bca3b0c05bb6fe11b3c62-2026-08-06-19-1786045063429803962.jsonl: TASK_LIFECYCLE_EVENT must have at least one state transition"
time="2026-08-06T19:39:58Z" level=error msg="Failed to store events for file session_2026-08-06_12-37-18_286308_1/c9ec772937e5a5fb1605efa822543839920bca3b0c05bb6fe11b3c62/job_events/03000000/c9ec772937e5a5fb1605efa822543839920bca3b0c05bb6fe11b3c62-2026-08-06-19-1786045063429803962.jsonl: TASK_LIFECYCLE_EVENT must have at least one state transition"
time="2026-08-06T19:39:58Z" level=error msg="Failed to store events for file session_2026-08-06_12-37-18_286308_1/c9ec772937e5a5fb1605efa822543839920bca3b0c05bb6fe11b3c62/job_events/03000000/c9ec772937e5a5fb1605efa822543839920bca3b0c05bb6fe11b3c62-2026-08-06-19-1786045063429803962.jsonl: TASK_LIFECYCLE_EVENT must have at least one state transition"
time="2026-08-06T19:39:59Z" level=error msg="Failed to store events for file session_2026-08-06_12-37-18_286308_1/c9ec772937e5a5fb1605efa822543839920bca3b0c05bb6fe11b3c62/job_events/03000000/c9ec772937e5a5fb1605efa822543839920bca3b0c05bb6fe11b3c62-2026-08-06-19-1786045063429803962.jsonl: TASK_LIFECYCLE_EVENT must have at least one state transition"
time="2026-08-06T19:39:59Z" level=error msg="Failed to store events for file session_2026-08-06_12-37-18_286308_1/c9ec772937e5a5fb1605efa822543839920bca3b0c05bb6fe11b3c62/job_events/03000000/c9ec772937e5a5fb1605efa822543839920bca3b0c05bb6fe11b3c62-2026-08-06-19-1786045063429803962.jsonl: TASK_LIFECYCLE_EVENT must have at least one state transition"
time="2026-08-06T19:39:59Z" level=error msg="Failed to store events for file session_2026-08-06_12-37-18_286308_1/c9ec772937e5a5fb1605efa822543839920bca3b0c05bb6fe11b3c62/job_events/03000000/c9ec772937e5a5fb1605efa822543839920bca3b0c05bb6fe11b3c62-2026-08-06-19-1786045063429803962.jsonl: TASK_LIFECYCLE_EVENT must have at least one state transition"
time="2026-08-06T19:40:00Z" level=error msg="Failed to store events for file session_2026-08-06_12-37-18_286308_1/c9ec772937e5a5fb1605efa822543839920bca3b0c05bb6fe11b3c62/job_events/03000000/c9ec772937e5a5fb1605efa822543839920bca3b0c05bb6fe11b3c62-2026-08-06-19-1786045063429803962.jsonl: TASK_LIFECYCLE_EVENT must have at least one state transition"
time="2026-08-06T19:40:00Z" level=error msg="Failed to store events for file session_2026-08-06_12-37-18_286308_1/c9ec772937e5a5fb1605efa822543839920bca3b0c05bb6fe11b3c62/job_events/03000000/c9ec772937e5a5fb1605efa822543839920bca3b0c05bb6fe11b3c62-2026-08-06-19-1786045063429803962.jsonl: TASK_LIFECYCLE_EVENT must have at least one state transition"
time="2026-08-06T19:40:00Z" level=error msg="Failed to store events for file session_2026-08-06_12-37-18_286308_1/c9ec772937e5a5fb1605efa822543839920bca3b0c05bb6fe11b3c62/job_events/03000000/c9ec772937e5a5fb1605efa822543839920bca3b0c05bb6fe11b3c62-2026-08-06-19-1786045063429803962.jsonl: TASK_LIFECYCLE_EVENT must have at least one state transition"
time="2026-08-06T19:40:00Z" level=error msg="Failed to store events for file session_2026-08-06_12-37-18_286308_1/c9ec772937e5a5fb1605efa822543839920bca3b0c05bb6fe11b3c62/job_events/03000000/c9ec772937e5a5fb1605efa822543839920bca3b0c05bb6fe11b3c62-2026-08-06-19-1786045063429803962.jsonl: TASK_LIFECYCLE_EVENT must have at least one state transition"
gc 20 @57.141s 1%: 0.22+895+0.073 ms clock, 0.68+0.56/693/1215+0.22 ms cpu, 1119->1140->670 MB, 1183 MB goal, 0 MB stacks, 0 MB globals, 3 P
time="2026-08-06T19:40:01Z" level=error msg="Failed to store events for file session_2026-08-06_12-37-18_286308_1/c9ec772937e5a5fb1605efa822543839920bca3b0c05bb6fe11b3c62/job_events/03000000/c9ec772937e5a5fb1605efa822543839920bca3b0c05bb6fe11b3c62-2026-08-06-19-1786045063429803962.jsonl: TASK_LIFECYCLE_EVENT must have at least one state transition"
time="2026-08-06T19:40:01Z" level=error msg="Failed to store events for file session_2026-08-06_12-37-18_286308_1/c9ec772937e5a5fb1605efa822543839920bca3b0c05bb6fe11b3c62/job_events/03000000/c9ec772937e5a5fb1605efa822543839920bca3b0c05bb6fe11b3c62-2026-08-06-19-1786045063429803962.jsonl: TASK_LIFECYCLE_EVENT must have at least one state transition"
time="2026-08-06T19:40:01Z" level=error msg="Failed to store events for file session_2026-08-06_12-37-18_286308_1/c9ec772937e5a5fb1605efa822543839920bca3b0c05bb6fe11b3c62/job_events/03000000/c9ec772937e5a5fb1605efa822543839920bca3b0c05bb6fe11b3c62-2026-08-06-19-1786045063429803962.jsonl: TASK_LIFECYCLE_EVENT must have at least one state transition"
time="2026-08-06T19:40:01Z" level=error msg="Failed to store events for file session_2026-08-06_12-37-18_286308_1/c9ec772937e5a5fb1605efa822543839920bca3b0c05bb6fe11b3c62/job_events/03000000/c9ec772937e5a5fb1605efa822543839920bca3b0c05bb6fe11b3c62-2026-08-06-19-1786045063429803962.jsonl: TASK_LIFECYCLE_EVENT must have at least one state transition"
time="2026-08-06T19:40:02Z" level=error msg="Failed to store events for file session_2026-08-06_12-37-18_286308_1/c9ec772937e5a5fb1605efa822543839920bca3b0c05bb6fe11b3c62/job_events/03000000/c9ec772937e5a5fb1605efa822543839920bca3b0c05bb6fe11b3c62-2026-08-06-19-1786045063429803962.jsonl: TASK_LIFECYCLE_EVENT must have at least one state transition"
time="2026-08-06T19:40:02Z" level=error msg="Failed to store events for file session_2026-08-06_12-37-18_286308_1/c9ec772937e5a5fb1605efa822543839920bca3b0c05bb6fe11b3c62/job_events/03000000/c9ec772937e5a5fb1605efa822543839920bca3b0c05bb6fe11b3c62-2026-08-06-19-1786045063429803962.jsonl: TASK_LIFECYCLE_EVENT must have at least one state transition"
time="2026-08-06T19:40:02Z" level=error msg="Failed to store events for file session_2026-08-06_12-37-18_286308_1/c9ec772937e5a5fb1605efa822543839920bca3b0c05bb6fe11b3c62/job_events/03000000/c9ec772937e5a5fb1605efa822543839920bca3b0c05bb6fe11b3c62-2026-08-06-19-1786045063429803962.jsonl: TASK_LIFECYCLE_EVENT must have at least one state transition"
time="2026-08-06T19:40:02Z" level=error msg="Failed to store events for file session_2026-08-06_12-37-18_286308_1/c9ec772937e5a5fb1605efa822543839920bca3b0c05bb6fe11b3c62/job_events/03000000/c9ec772937e5a5fb1605efa822543839920bca3b0c05bb6fe11b3c62-2026-08-06-19-1786045063429803962.jsonl: TASK_LIFECYCLE_EVENT must have at least one state transition"
time="2026-08-06T19:40:02Z" level=error msg="Failed to store events for file session_2026-08-06_12-37-18_286308_1/c9ec772937e5a5fb1605efa822543839920bca3b0c05bb6fe11b3c62/job_events/03000000/c9ec772937e5a5fb1605efa822543839920bca3b0c05bb6fe11b3c62-2026-08-06-19-1786045063429803962.jsonl: TASK_LIFECYCLE_EVENT must have at least one state transition"
time="2026-08-06T19:40:03Z" level=error msg="Failed to store events for file session_2026-08-06_12-37-18_286308_1/c9ec772937e5a5fb1605efa822543839920bca3b0c05bb6fe11b3c62/job_events/03000000/c9ec772937e5a5fb1605efa822543839920bca3b0c05bb6fe11b3c62-2026-08-06-19-1786045063429803962.jsonl: TASK_LIFECYCLE_EVENT must have at least one state transition"
time="2026-08-06T19:40:03Z" level=error msg="Failed to store events for file session_2026-08-06_12-37-18_286308_1/c9ec772937e5a5fb1605efa822543839920bca3b0c05bb6fe11b3c62/job_events/03000000/c9ec772937e5a5fb1605efa822543839920bca3b0c05bb6fe11b3c62-2026-08-06-19-1786045063429803962.jsonl: TASK_LIFECYCLE_EVENT must have at least one state transition"
time="2026-08-06T19:40:03Z" level=error msg="Failed to store events for file session_2026-08-06_12-37-18_286308_1/c9ec772937e5a5fb1605efa822543839920bca3b0c05bb6fe11b3c62/job_events/03000000/c9ec772937e5a5fb1605efa822543839920bca3b0c05bb6fe11b3c62-2026-08-06-19-1786045063429803962.jsonl: TASK_LIFECYCLE_EVENT must have at least one state transition"
time="2026-08-06T19:40:03Z" level=error msg="Failed to store events for file session_2026-08-06_12-37-18_286308_1/c9ec772937e5a5fb1605efa822543839920bca3b0c05bb6fe11b3c62/job_events/03000000/c9ec772937e5a5fb1605efa822543839920bca3b0c05bb6fe11b3c62-2026-08-06-19-1786045063429803962.jsonl: TASK_LIFECYCLE_EVENT must have at least one state transition"
time="2026-08-06T19:40:03Z" level=error msg="Failed to store events for file session_2026-08-06_12-37-18_286308_1/c9ec772937e5a5fb1605efa822543839920bca3b0c05bb6fe11b3c62/job_events/03000000/c9ec772937e5a5fb1605efa822543839920bca3b0c05bb6fe11b3c62-2026-08-06-19-1786045063429803962.jsonl: TASK_LIFECYCLE_EVENT must have at least one state transition"
time="2026-08-06T19:40:03Z" level=error msg="Failed to store events for file session_2026-08-06_12-37-18_286308_1/c9ec772937e5a5fb1605efa822543839920bca3b0c05bb6fe11b3c62/job_events/03000000/c9ec772937e5a5fb1605efa822543839920bca3b0c05bb6fe11b3c62-2026-08-06-19-1786045063429803962.jsonl: TASK_LIFECYCLE_EVENT must have at least one state transition"
time="2026-08-06T19:40:04Z" level=error msg="Failed to store events for file session_2026-08-06_12-37-18_286308_1/c9ec772937e5a5fb1605efa822543839920bca3b0c05bb6fe11b3c62/job_events/03000000/c9ec772937e5a5fb1605efa822543839920bca3b0c05bb6fe11b3c62-2026-08-06-19-1786045063429803962.jsonl: TASK_LIFECYCLE_EVENT must have at least one state transition"
time="2026-08-06T19:40:04Z" level=error msg="Failed to store events for file session_2026-08-06_12-37-18_286308_1/c9ec772937e5a5fb1605efa822543839920bca3b0c05bb6fe11b3c62/job_events/03000000/c9ec772937e5a5fb1605efa822543839920bca3b0c05bb6fe11b3c62-2026-08-06-19-1786045063429803962.jsonl: TASK_LIFECYCLE_EVENT must have at least one state transition"
time="2026-08-06T19:40:04Z" level=error msg="Failed to store events for file session_2026-08-06_12-37-18_286308_1/c9ec772937e5a5fb1605efa822543839920bca3b0c05bb6fe11b3c62/job_events/03000000/c9ec772937e5a5fb1605efa822543839920bca3b0c05bb6fe11b3c62-2026-08-06-19-1786045063429803962.jsonl: TASK_LIFECYCLE_EVENT must have at least one state transition"
time="2026-08-06T19:40:04Z" level=error msg="Failed to store events for file session_2026-08-06_12-37-18_286308_1/c9ec772937e5a5fb1605efa822543839920bca3b0c05bb6fe11b3c62/job_events/03000000/c9ec772937e5a5fb1605efa822543839920bca3b0c05bb6fe11b3c62-2026-08-06-19-1786045063429803962.jsonl: TASK_LIFECYCLE_EVENT must have at least one state transition"
time="2026-08-06T19:40:04Z" level=error msg="Failed to store events for file session_2026-08-06_12-37-18_286308_1/c9ec772937e5a5fb1605efa822543839920bca3b0c05bb6fe11b3c62/job_events/03000000/c9ec772937e5a5fb1605efa822543839920bca3b0c05bb6fe11b3c62-2026-08-06-19-1786045063429803962.jsonl: TASK_LIFECYCLE_EVENT must have at least one state transition"
time="2026-08-06T19:40:04Z" level=error msg="Failed to store events for file session_2026-08-06_12-37-18_286308_1/c9ec772937e5a5fb1605efa822543839920bca3b0c05bb6fe11b3c62/job_events/03000000/c9ec772937e5a5fb1605efa822543839920bca3b0c05bb6fe11b3c62-2026-08-06-19-1786045063429803962.jsonl: TASK_LIFECYCLE_EVENT must have at least one state transition"
time="2026-08-06T19:40:04Z" level=error msg="Failed to store events for file session_2026-08-06_12-37-18_286308_1/c9ec772937e5a5fb1605efa822543839920bca3b0c05bb6fe11b3c62/job_events/03000000/c9ec772937e5a5fb1605efa822543839920bca3b0c05bb6fe11b3c62-2026-08-06-19-1786045063429803962.jsonl: TASK_LIFECYCLE_EVENT must have at least one state transition"
time="2026-08-06T19:40:04Z" level=error msg="Failed to store events for file session_2026-08-06_12-37-18_286308_1/c9ec772937e5a5fb1605efa822543839920bca3b0c05bb6fe11b3c62/job_events/03000000/c9ec772937e5a5fb1605efa822543839920bca3b0c05bb6fe11b3c62-2026-08-06-19-1786045063429803962.jsonl: TASK_LIFECYCLE_EVENT must have at least one state transition"
time="2026-08-06T19:40:04Z" level=error msg="Failed to store events for file session_2026-08-06_12-37-18_286308_1/c9ec772937e5a5fb1605efa822543839920bca3b0c05bb6fe11b3c62/job_events/03000000/c9ec772937e5a5fb1605efa822543839920bca3b0c05bb6fe11b3c62-2026-08-06-19-1786045063429803962.jsonl: TASK_LIFECYCLE_EVENT must have at least one state transition"
time="2026-08-06T19:40:05Z" level=error msg="Failed to store events for file session_2026-08-06_12-37-18_286308_1/c9ec772937e5a5fb1605efa822543839920bca3b0c05bb6fe11b3c62/job_events/03000000/c9ec772937e5a5fb1605efa822543839920bca3b0c05bb6fe11b3c62-2026-08-06-19-1786045063429803962.jsonl: TASK_LIFECYCLE_EVENT must have at least one state transition"
time="2026-08-06T19:40:05Z" level=error msg="Failed to store events for file session_2026-08-06_12-37-18_286308_1/c9ec772937e5a5fb1605efa822543839920bca3b0c05bb6fe11b3c62/job_events/03000000/c9ec772937e5a5fb1605efa822543839920bca3b0c05bb6fe11b3c62-2026-08-06-19-1786045063429803962.jsonl: TASK_LIFECYCLE_EVENT must have at least one state transition"
time="2026-08-06T19:40:05Z" level=error msg="Failed to store events for file session_2026-08-06_12-37-18_286308_1/c9ec772937e5a5fb1605efa822543839920bca3b0c05bb6fe11b3c62/job_events/03000000/c9ec772937e5a5fb1605efa822543839920bca3b0c05bb6fe11b3c62-2026-08-06-19-1786045063429803962.jsonl: TASK_LIFECYCLE_EVENT must have at least one state transition"
time="2026-08-06T19:40:06Z" level=error msg="Failed to store events for file session_2026-08-06_12-37-18_286308_1/c9ec772937e5a5fb1605efa822543839920bca3b0c05bb6fe11b3c62/job_events/03000000/c9ec772937e5a5fb1605efa822543839920bca3b0c05bb6fe11b3c62-2026-08-06-19-1786045063429803962.jsonl: TASK_LIFECYCLE_EVENT must have at least one state transition"
time="2026-08-06T19:40:06Z" level=error msg="Failed to store events for file session_2026-08-06_12-37-18_286308_1/c9ec772937e5a5fb1605efa822543839920bca3b0c05bb6fe11b3c62/job_events/03000000/c9ec772937e5a5fb1605efa822543839920bca3b0c05bb6fe11b3c62-2026-08-06-19-1786045063429803962.jsonl: TASK_LIFECYCLE_EVENT must have at least one state transition"
time="2026-08-06T19:40:06Z" level=error msg="Failed to store events for file session_2026-08-06_12-37-18_286308_1/c9ec772937e5a5fb1605efa822543839920bca3b0c05bb6fe11b3c62/job_events/03000000/c9ec772937e5a5fb1605efa822543839920bca3b0c05bb6fe11b3c62-2026-08-06-19-1786045063429803962.jsonl: TASK_LIFECYCLE_EVENT must have at least one state transition"
time="2026-08-06T19:40:06Z" level=error msg="Failed to store events for file session_2026-08-06_12-37-18_286308_1/c9ec772937e5a5fb1605efa822543839920bca3b0c05bb6fe11b3c62/job_events/03000000/c9ec772937e5a5fb1605efa822543839920bca3b0c05bb6fe11b3c62-2026-08-06-19-1786045063429803962.jsonl: TASK_LIFECYCLE_EVENT must have at least one state transition"
time="2026-08-06T19:40:07Z" level=error msg="Failed to store events for file session_2026-08-06_12-37-18_286308_1/c9ec772937e5a5fb1605efa822543839920bca3b0c05bb6fe11b3c62/job_events/03000000/c9ec772937e5a5fb1605efa822543839920bca3b0c05bb6fe11b3c62-2026-08-06-19-1786045063429803962.jsonl: TASK_LIFECYCLE_EVENT must have at least one state transition"
time="2026-08-06T19:40:07Z" level=error msg="Failed to store events for file session_2026-08-06_12-37-18_286308_1/c9ec772937e5a5fb1605efa822543839920bca3b0c05bb6fe11b3c62/job_events/03000000/c9ec772937e5a5fb1605efa822543839920bca3b0c05bb6fe11b3c62-2026-08-06-19-1786045063429803962.jsonl: TASK_LIFECYCLE_EVENT must have at least one state transition"
time="2026-08-06T19:40:07Z" level=error msg="Failed to store events for file session_2026-08-06_12-37-18_286308_1/c9ec772937e5a5fb1605efa822543839920bca3b0c05bb6fe11b3c62/job_events/03000000/c9ec772937e5a5fb1605efa822543839920bca3b0c05bb6fe11b3c62-2026-08-06-19-1786045063429803962.jsonl: TASK_LIFECYCLE_EVENT must have at least one state transition"
time="2026-08-06T19:40:07Z" level=error msg="Failed to store events for file session_2026-08-06_12-37-18_286308_1/c9ec772937e5a5fb1605efa822543839920bca3b0c05bb6fe11b3c62/job_events/03000000/c9ec772937e5a5fb1605efa822543839920bca3b0c05bb6fe11b3c62-2026-08-06-19-1786045063429803962.jsonl: TASK_LIFECYCLE_EVENT must have at least one state transition"
time="2026-08-06T19:40:07Z" level=error msg="Failed to store events for file session_2026-08-06_12-37-18_286308_1/c9ec772937e5a5fb1605efa822543839920bca3b0c05bb6fe11b3c62/job_events/03000000/c9ec772937e5a5fb1605efa822543839920bca3b0c05bb6fe11b3c62-2026-08-06-19-1786045063429803962.jsonl: TASK_LIFECYCLE_EVENT must have at least one state transition"
time="2026-08-06T19:40:07Z" level=error msg="Failed to store events for file session_2026-08-06_12-37-18_286308_1/c9ec772937e5a5fb1605efa822543839920bca3b0c05bb6fe11b3c62/job_events/03000000/c9ec772937e5a5fb1605efa822543839920bca3b0c05bb6fe11b3c62-2026-08-06-19-1786045063429803962.jsonl: TASK_LIFECYCLE_EVENT must have at least one state transition"
time="2026-08-06T19:40:07Z" level=info msg="Prepare to get object log/cluster-history/raycluster/test-ns-w6kxb/raycluster-historyserver/session_2026-08-06_12-37-18_286308_1/798af29623fefdc7636d0651c9d5161824270dde1b5b69259e8db43c/node_events/798af29623fefdc7636d0651c9d5161824270dde1b5b69259e8db43c-2026-08-06-19-1786045043122518883.jsonl info ..."
gc 21 @65.019s 1%: 0.20+476+0.052 ms clock, 0.62+0/376/750+0.15 ms cpu, 1260->1266->357 MB, 1342 MB goal, 0 MB stacks, 0 MB globals, 3 P
time="2026-08-06T19:40:09Z" level=info msg="Received request: GET /enter_cluster/test-ns-w6kxb/raycluster/raycluster-historyserver/session_2026-08-06_12-37-18_286308_1"
time="2026-08-06T19:40:09Z" level=info msg="[List]Returned objects in log/cluster-metadata/. length of page.Contents: 2, length of page.CommonPrefixes: 0"
time="2026-08-06T19:40:09Z" level=error msg="Failed to parse meta file path: log/cluster-metadata/raycluster/test-ns-w6kxb_raycluster-historyserver/, error: invalid path segment count for cluster metadata structure: log/cluster-metadata/raycluster/test-ns-w6kxb_raycluster-historyserver/"
time="2026-08-06T19:40:09Z" level=info msg="Parsed cluster raycluster-historyserver for session session_2026-08-06_12-37-18_286308_1 to list"
time="2026-08-06T19:40:09Z" level=info msg="Received request: GET /api/v0/tasks?limit=100000"
time="2026-08-06T19:40:09Z" level=info msg="Request URL /api/v0/tasks?limit=100000"
time="2026-08-06T19:40:09Z" level=info msg="Received request: GET /api/v0/tasks?limit=100000"
time="2026-08-06T19:40:09Z" level=info msg="Request URL /api/v0/tasks?limit=100000"
time="2026-08-06T19:40:09Z" level=info msg="Received request: GET /api/v0/tasks?limit=100000"
time="2026-08-06T19:40:09Z" level=info msg="Request URL /api/v0/tasks?limit=100000"
time="2026-08-06T19:40:09Z" level=info msg="Received request: GET /api/v0/tasks?limit=100000"
time="2026-08-06T19:40:09Z" level=info msg="Request URL /api/v0/tasks?limit=100000"
time="2026-08-06T19:40:09Z" level=info msg="Received request: GET /api/v0/tasks?limit=100000"
time="2026-08-06T19:40:09Z" level=info msg="Request URL /api/v0/tasks?limit=100000"
time="2026-08-06T19:40:09Z" level=info msg="Received request: GET /api/v0/tasks?limit=100000"
time="2026-08-06T19:40:09Z" level=info msg="Request URL /api/v0/tasks?limit=100000"
time="2026-08-06T19:40:09Z" level=info msg="Received request: GET /api/v0/tasks?limit=100000"
time="2026-08-06T19:40:09Z" level=info msg="Request URL /api/v0/tasks?limit=100000"
time="2026-08-06T19:40:09Z" level=info msg="Received request: GET /api/v0/tasks?limit=100000"
time="2026-08-06T19:40:09Z" level=info msg="Request URL /api/v0/tasks?limit=100000"
time="2026-08-06T19:40:09Z" level=info msg="Received request: GET /api/v0/tasks?limit=100000"
time="2026-08-06T19:40:09Z" level=info msg="Request URL /api/v0/tasks?limit=100000"
time="2026-08-06T19:40:09Z" level=info msg="Received request: GET /api/v0/tasks?limit=100000"
time="2026-08-06T19:40:09Z" level=info msg="Request URL /api/v0/tasks?limit=100000"
time="2026-08-06T19:40:09Z" level=info msg="Received request: GET /api/v0/tasks/summarize"
time="2026-08-06T19:40:09Z" level=info msg="Request URL /api/v0/tasks/summarize"
time="2026-08-06T19:40:10Z" level=info msg="Received request: GET /api/v0/tasks/summarize"
time="2026-08-06T19:40:10Z" level=info msg="Request URL /api/v0/tasks/summarize"
gc 22 @67.006s 1%: 0.61+274+0.10 ms clock, 1.8+0/129/315+0.31 ms cpu, 664->665->237 MB, 714 MB goal, 0 MB stacks, 0 MB globals, 3 P
gc 23 @67.415s 2%: 0.18+511+0.11 ms clock, 0.56+0/393/419+0.33 ms cpu, 462->462->319 MB, 474 MB goal, 0 MB stacks, 0 MB globals, 3 P
time="2026-08-06T19:40:11Z" level=info msg="Received request: GET /api/v0/tasks/summarize"
time="2026-08-06T19:40:11Z" level=info msg="Request URL /api/v0/tasks/summarize"
time="2026-08-06T19:40:12Z" level=info msg="Received request: GET /api/v0/tasks/summarize"
time="2026-08-06T19:40:12Z" level=info msg="Request URL /api/v0/tasks/summarize"
gc 24 @69.048s 2%: 0.51+434+0.079 ms clock, 1.5+28/333/520+0.23 ms cpu, 627->635->244 MB, 640 MB goal, 0 MB stacks, 0 MB globals, 3 P
time="2026-08-06T19:40:13Z" level=info msg="Received request: GET /api/v0/tasks/summarize"
time="2026-08-06T19:40:13Z" level=info msg="Request URL /api/v0/tasks/summarize"
gc 25 @70.138s 2%: 0.71+250+0.082 ms clock, 2.1+0/126/313+0.24 ms cpu, 502->503->236 MB, 502 MB goal, 0 MB stacks, 0 MB globals, 3 P
gc 26 @70.520s 2%: 0.17+397+0.088 ms clock, 0.51+0/305/484+0.26 ms cpu, 462->462->319 MB, 473 MB goal, 0 MB stacks, 0 MB globals, 3 P
time="2026-08-06T19:40:14Z" level=info msg="Received request: GET /api/v0/tasks/summarize"
time="2026-08-06T19:40:14Z" level=info msg="Request URL /api/v0/tasks/summarize"
time="2026-08-06T19:40:15Z" level=info msg="Received request: GET /api/v0/tasks/summarize"
time="2026-08-06T19:40:15Z" level=info msg="Request URL /api/v0/tasks/summarize"
gc 27 @72.068s 2%: 0.73+269+0.092 ms clock, 2.2+0/123/319+0.27 ms cpu, 627->628->236 MB, 640 MB goal, 0 MB stacks, 0 MB globals, 3 P
gc 28 @72.470s 2%: 0.15+429+0.094 ms clock, 0.47+0/338/512+0.28 ms cpu, 462->462->320 MB, 474 MB goal, 0 MB stacks, 0 MB globals, 3 P
time="2026-08-06T19:40:16Z" level=info msg="Received request: GET /api/v0/tasks/summarize"
time="2026-08-06T19:40:16Z" level=info msg="Request URL /api/v0/tasks/summarize"
time="2026-08-06T19:40:17Z" level=info msg="Received request: GET /api/v0/tasks/summarize"
time="2026-08-06T19:40:17Z" level=info msg="Request URL /api/v0/tasks/summarize"
gc 29 @74.041s 2%: 0.15+247+0.079 ms clock, 0.45+0/125/292+0.23 ms cpu, 627->627->236 MB, 640 MB goal, 0 MB stacks, 0 MB globals, 3 P
time="2026-08-06T19:40:18Z" level=info msg="Received request: GET /api/v0/tasks/summarize"
time="2026-08-06T19:40:18Z" level=info msg="Request URL /api/v0/tasks/summarize"
gc 30 @74.942s 2%: 0.35+242+0.11 ms clock, 1.0+0/123/331+0.35 ms cpu, 502->503->236 MB, 502 MB goal, 0 MB stacks, 0 MB globals, 3 P
time="2026-08-06T19:40:19Z" level=info msg="Received request: GET /api/jobs/"
time="2026-08-06T19:40:19Z" level=info msg="Request URL /api/jobs/"
time="2026-08-06T19:40:19Z" level=info msg="Received request: GET /api/jobs/"
time="2026-08-06T19:40:19Z" level=info msg="Request URL /api/jobs/"
gc 31 @75.805s 2%: 0.14+234+0.098 ms clock, 0.43+0/122/296+0.29 ms cpu, 502->502->236 MB, 502 MB goal, 0 MB stacks, 0 MB globals, 3 P
time="2026-08-06T19:40:19Z" level=info msg="Received request: GET /api/jobs/"
time="2026-08-06T19:40:19Z" level=info msg="Request URL /api/jobs/"
time="2026-08-06T19:40:19Z" level=info msg="Received request: GET /api/jobs/"
time="2026-08-06T19:40:19Z" level=info msg="Request URL /api/jobs/"
time="2026-08-06T19:40:19Z" level=info msg="Received request: GET /api/jobs/"
time="2026-08-06T19:40:19Z" level=info msg="Request URL /api/jobs/"
time="2026-08-06T19:40:19Z" level=info msg="Received request: GET /api/jobs/"
time="2026-08-06T19:40:19Z" level=info msg="Request URL /api/jobs/"
time="2026-08-06T19:40:19Z" level=info msg="Received request: GET /api/jobs/"
time="2026-08-06T19:40:19Z" level=info msg="Request URL /api/jobs/"
gc 32 @76.125s 2%: 0.17+222+0.045 ms clock, 0.53+0/116/312+0.13 ms cpu, 479->479->236 MB, 479 MB goal, 0 MB stacks, 0 MB globals, 3 P
time="2026-08-06T19:40:19Z" level=info msg="Received request: GET /api/jobs/"
time="2026-08-06T19:40:19Z" level=info msg="Request URL /api/jobs/"
time="2026-08-06T19:40:19Z" level=info msg="Received request: GET /api/jobs/"
time="2026-08-06T19:40:19Z" level=info msg="Request URL /api/jobs/"
time="2026-08-06T19:40:19Z" level=info msg="Received request: GET /api/jobs/"
time="2026-08-06T19:40:19Z" level=info msg="Request URL /api/jobs/"
time="2026-08-06T19:40:19Z" level=info msg="Request URL /nodes?view=summary"
time="2026-08-06T19:40:19Z" level=info msg="Request URL /nodes?view=summary"
time="2026-08-06T19:40:19Z" level=info msg="Request URL /nodes?view=summary"
time="2026-08-06T19:40:20Z" level=info msg="Request URL /nodes?view=summary"
gc 33 @76.433s 2%: 0.33+236+0.039 ms clock, 0.99+0.014/123/287+0.11 ms cpu, 479->479->236 MB, 479 MB goal, 0 MB stacks, 0 MB globals, 3 P
time="2026-08-06T19:40:20Z" level=info msg="Request URL /nodes?view=summary"
time="2026-08-06T19:40:20Z" level=info msg="Request URL /nodes?view=summary"
time="2026-08-06T19:40:20Z" level=info msg="Request URL /nodes?view=summary"
time="2026-08-06T19:40:20Z" level=info msg="Request URL /nodes?view=summary"
time="2026-08-06T19:40:20Z" level=info msg="Request URL /nodes?view=summary"
time="2026-08-06T19:40:20Z" level=info msg="Request URL /nodes?view=summary"
gc 34 @76.754s 2%: 0.42+230+0.085 ms clock, 1.2+0/121/309+0.25 ms cpu, 479->479->236 MB, 479 MB goal, 0 MB stacks, 0 MB globals, 3 P
time="2026-08-06T19:40:20Z" level=info msg="Request URL /events"
time="2026-08-06T19:40:20Z" level=info msg="Request URL /events"
time="2026-08-06T19:40:20Z" level=info msg="Request URL /events"
time="2026-08-06T19:40:20Z" level=info msg="Request URL /events"
time="2026-08-06T19:40:20Z" level=info msg="Request URL /events"
time="2026-08-06T19:40:20Z" level=info msg="Request URL /events"
gc 35 @77.066s 2%: 0.62+239+0.040 ms clock, 1.8+0.011/122/275+0.12 ms cpu, 479->479->236 MB, 479 MB goal, 0 MB stacks, 0 MB globals, 3 P
time="2026-08-06T19:40:20Z" level=info msg="Request URL /events"
time="2026-08-06T19:40:20Z" level=info msg="Request URL /events"
time="2026-08-06T19:40:20Z" level=info msg="Request URL /events"
time="2026-08-06T19:40:20Z" level=info msg="Request URL /events"
