gc 1 @0.377s 1%: 2.1+14+1.2 ms clock, 4.2+2.0/8.2/4.1+2.5 ms cpu, 3->3->2 MB, 4 MB goal, 0 MB stacks, 0 MB globals, 2 P
gc 2 @0.594s 1%: 0.13+6.7+0.22 ms clock, 0.27+0.051/2.4/3.9+0.44 ms cpu, 5->5->3 MB, 5 MB goal, 0 MB stacks, 0 MB globals, 2 P
time="2026-08-06T20:09:13Z" level=info msg="create client manager successfully, clients: 1"
time="2026-08-06T20:09:13Z" level=info msg="Begin to create s3 client ..."
time="2026-08-06T20:09:13Z" level=info msg="Checking if bucket ray-historyserver exists..."
gc 3 @0.965s 1%: 0.12+12+0.066 ms clock, 0.25+0.22/6.8/5.6+0.13 ms cpu, 8->8->5 MB, 8 MB goal, 0 MB stacks, 0 MB globals, 2 P
time="2026-08-06T20:09:13Z" level=info msg="Bucket ray-historyserver already exists"
time="2026-08-06T20:09:13Z" level=info msg="Clean logdir is logs"
time="2026-08-06T20:09:13Z" level=info msg="Starting server on :8080"
time="2026-08-06T20:09:13Z" level=info msg="Received request: GET /readz"
time="2026-08-06T20:09:13Z" level=info msg="live clusters: []"
time="2026-08-06T20:09:14Z" level=info msg="[List]Returned objects in log/cluster-metadata/. length of page.Contents: 2, length of page.CommonPrefixes: 0"
time="2026-08-06T20:09:14Z" level=error msg="Failed to parse meta file path: log/cluster-metadata/raycluster/test-ns-wtt8c_raycluster-historyserver/, error: invalid path segment count for cluster metadata structure: log/cluster-metadata/raycluster/test-ns-wtt8c_raycluster-historyserver/"
time="2026-08-06T20:09:14Z" level=info msg="Parsed cluster raycluster-historyserver for session session_2026-08-06_13-07-26_544553_1 to list"
time="2026-08-06T20:09:14Z" level=info msg="live clusters: []"
time="2026-08-06T20:09:14Z" level=info msg="[List]Returned objects in log/cluster-metadata/. length of page.Contents: 2, length of page.CommonPrefixes: 0"
time="2026-08-06T20:09:14Z" level=error msg="Failed to parse meta file path: log/cluster-metadata/raycluster/test-ns-wtt8c_raycluster-historyserver/, error: invalid path segment count for cluster metadata structure: log/cluster-metadata/raycluster/test-ns-wtt8c_raycluster-historyserver/"
time="2026-08-06T20:09:14Z" level=info msg="Parsed cluster raycluster-historyserver for session session_2026-08-06_13-07-26_544553_1 to list"
time="2026-08-06T20:09:14Z" level=info msg="live clusters: []"
time="2026-08-06T20:09:14Z" level=info msg="[List]Returned objects in log/cluster-metadata/. length of page.Contents: 2, length of page.CommonPrefixes: 0"
time="2026-08-06T20:09:14Z" level=error msg="Failed to parse meta file path: log/cluster-metadata/raycluster/test-ns-wtt8c_raycluster-historyserver/, error: invalid path segment count for cluster metadata structure: log/cluster-metadata/raycluster/test-ns-wtt8c_raycluster-historyserver/"
time="2026-08-06T20:09:14Z" level=info msg="Parsed cluster raycluster-historyserver for session session_2026-08-06_13-07-26_544553_1 to list"
time="2026-08-06T20:09:14Z" level=info msg="live clusters: []"
time="2026-08-06T20:09:14Z" level=info msg="[List]Returned objects in log/cluster-metadata/. length of page.Contents: 2, length of page.CommonPrefixes: 0"
time="2026-08-06T20:09:14Z" level=error msg="Failed to parse meta file path: log/cluster-metadata/raycluster/test-ns-wtt8c_raycluster-historyserver/, error: invalid path segment count for cluster metadata structure: log/cluster-metadata/raycluster/test-ns-wtt8c_raycluster-historyserver/"
time="2026-08-06T20:09:14Z" level=info msg="Parsed cluster raycluster-historyserver for session session_2026-08-06_13-07-26_544553_1 to list"
time="2026-08-06T20:09:14Z" level=info msg="live clusters: []"
time="2026-08-06T20:09:14Z" level=info msg="[List]Returned objects in log/cluster-metadata/. length of page.Contents: 2, length of page.CommonPrefixes: 0"
time="2026-08-06T20:09:14Z" level=error msg="Failed to parse meta file path: log/cluster-metadata/raycluster/test-ns-wtt8c_raycluster-historyserver/, error: invalid path segment count for cluster metadata structure: log/cluster-metadata/raycluster/test-ns-wtt8c_raycluster-historyserver/"
time="2026-08-06T20:09:14Z" level=info msg="Parsed cluster raycluster-historyserver for session session_2026-08-06_13-07-26_544553_1 to list"
time="2026-08-06T20:09:14Z" level=info msg="Received request: GET /enter_cluster/test-ns-wtt8c/raycluster/raycluster-historyserver/session_2026-08-06_13-07-26_544553_1"
time="2026-08-06T20:09:14Z" level=info msg="[List]Returned objects in log/cluster-metadata/. length of page.Contents: 2, length of page.CommonPrefixes: 0"
time="2026-08-06T20:09:14Z" level=error msg="Failed to parse meta file path: log/cluster-metadata/raycluster/test-ns-wtt8c_raycluster-historyserver/, error: invalid path segment count for cluster metadata structure: log/cluster-metadata/raycluster/test-ns-wtt8c_raycluster-historyserver/"
time="2026-08-06T20:09:14Z" level=info msg="Parsed cluster raycluster-historyserver for session session_2026-08-06_13-07-26_544553_1 to list"
time="2026-08-06T20:09:14Z" level=info msg="[ListFiles]Returned objects in log/cluster-history/raycluster/test-ns-wtt8c/raycluster-historyserver/session_2026-08-06_13-07-26_544553_1/. length of page.Contents: 0, length of page.CommonPrefixes: 3"
time="2026-08-06T20:09:14Z" level=info msg="[ListFiles]Returned objects in log/cluster-history/raycluster/test-ns-wtt8c/raycluster-historyserver/session_2026-08-06_13-07-26_544553_1/0b1564f77bbe97bffbb3ac18f0b2f6b9e138218ec251b0e300ce1609/logs/events/. length of page.Contents: 11, length of page.CommonPrefixes: 0"
time="2026-08-06T20:09:14Z" level=info msg="Prepare to get object log/cluster-history/raycluster/test-ns-wtt8c/raycluster-historyserver/session_2026-08-06_13-07-26_544553_1/0b1564f77bbe97bffbb3ac18f0b2f6b9e138218ec251b0e300ce1609/logs/events/event_AUTOSCALER.log info ..."
time="2026-08-06T20:09:14Z" level=info msg="Prepare to get object log/cluster-history/raycluster/test-ns-wtt8c/raycluster-historyserver/session_2026-08-06_13-07-26_544553_1/0b1564f77bbe97bffbb3ac18f0b2f6b9e138218ec251b0e300ce1609/logs/events/event_CORE_WORKER_1013.log info ..."
time="2026-08-06T20:09:14Z" level=info msg="Prepare to get object log/cluster-history/raycluster/test-ns-wtt8c/raycluster-historyserver/session_2026-08-06_13-07-26_544553_1/0b1564f77bbe97bffbb3ac18f0b2f6b9e138218ec251b0e300ce1609/logs/events/event_CORE_WORKER_1176.log info ..."
time="2026-08-06T20:09:14Z" level=info msg="Prepare to get object log/cluster-history/raycluster/test-ns-wtt8c/raycluster-historyserver/session_2026-08-06_13-07-26_544553_1/0b1564f77bbe97bffbb3ac18f0b2f6b9e138218ec251b0e300ce1609/logs/events/event_CORE_WORKER_199.log info ..."
time="2026-08-06T20:09:14Z" level=info msg="Prepare to get object log/cluster-history/raycluster/test-ns-wtt8c/raycluster-historyserver/session_2026-08-06_13-07-26_544553_1/0b1564f77bbe97bffbb3ac18f0b2f6b9e138218ec251b0e300ce1609/logs/events/event_CORE_WORKER_204.log info ..."
time="2026-08-06T20:09:14Z" level=info msg="Prepare to get object log/cluster-history/raycluster/test-ns-wtt8c/raycluster-historyserver/session_2026-08-06_13-07-26_544553_1/0b1564f77bbe97bffbb3ac18f0b2f6b9e138218ec251b0e300ce1609/logs/events/event_CORE_WORKER_671.log info ..."
time="2026-08-06T20:09:14Z" level=info msg="Prepare to get object log/cluster-history/raycluster/test-ns-wtt8c/raycluster-historyserver/session_2026-08-06_13-07-26_544553_1/0b1564f77bbe97bffbb3ac18f0b2f6b9e138218ec251b0e300ce1609/logs/events/event_CORE_WORKER_955.log info ..."
time="2026-08-06T20:09:14Z" level=info msg="Prepare to get object log/cluster-history/raycluster/test-ns-wtt8c/raycluster-historyserver/session_2026-08-06_13-07-26_544553_1/0b1564f77bbe97bffbb3ac18f0b2f6b9e138218ec251b0e300ce1609/logs/events/event_GCS.log info ..."
time="2026-08-06T20:09:14Z" level=info msg="Prepare to get object log/cluster-history/raycluster/test-ns-wtt8c/raycluster-historyserver/session_2026-08-06_13-07-26_544553_1/0b1564f77bbe97bffbb3ac18f0b2f6b9e138218ec251b0e300ce1609/logs/events/event_JOBS.log info ..."
time="2026-08-06T20:09:14Z" level=info msg="Prepare to get object log/cluster-history/raycluster/test-ns-wtt8c/raycluster-historyserver/session_2026-08-06_13-07-26_544553_1/0b1564f77bbe97bffbb3ac18f0b2f6b9e138218ec251b0e300ce1609/logs/events/event_RAYLET.log info ..."
time="2026-08-06T20:09:14Z" level=info msg="[ListFiles]Returned objects in log/cluster-history/raycluster/test-ns-wtt8c/raycluster-historyserver/session_2026-08-06_13-07-26_544553_1/7049311ba5d13aeacfcc1e05f2f7d72ead810ba9db711549b2ada9bd/logs/events/. length of page.Contents: 13, length of page.CommonPrefixes: 0"
time="2026-08-06T20:09:14Z" level=info msg="Prepare to get object log/cluster-history/raycluster/test-ns-wtt8c/raycluster-historyserver/session_2026-08-06_13-07-26_544553_1/7049311ba5d13aeacfcc1e05f2f7d72ead810ba9db711549b2ada9bd/logs/events/event_CORE_WORKER_229.log info ..."
time="2026-08-06T20:09:14Z" level=info msg="Prepare to get object log/cluster-history/raycluster/test-ns-wtt8c/raycluster-historyserver/session_2026-08-06_13-07-26_544553_1/7049311ba5d13aeacfcc1e05f2f7d72ead810ba9db711549b2ada9bd/logs/events/event_CORE_WORKER_230.log info ..."
time="2026-08-06T20:09:14Z" level=info msg="Prepare to get object log/cluster-history/raycluster/test-ns-wtt8c/raycluster-historyserver/session_2026-08-06_13-07-26_544553_1/7049311ba5d13aeacfcc1e05f2f7d72ead810ba9db711549b2ada9bd/logs/events/event_CORE_WORKER_315.log info ..."
time="2026-08-06T20:09:14Z" level=info msg="Prepare to get object log/cluster-history/raycluster/test-ns-wtt8c/raycluster-historyserver/session_2026-08-06_13-07-26_544553_1/7049311ba5d13aeacfcc1e05f2f7d72ead810ba9db711549b2ada9bd/logs/events/event_CORE_WORKER_320.log info ..."
time="2026-08-06T20:09:14Z" level=info msg="Prepare to get object log/cluster-history/raycluster/test-ns-wtt8c/raycluster-historyserver/session_2026-08-06_13-07-26_544553_1/7049311ba5d13aeacfcc1e05f2f7d72ead810ba9db711549b2ada9bd/logs/events/event_CORE_WORKER_404.log info ..."
time="2026-08-06T20:09:14Z" level=info msg="Prepare to get object log/cluster-history/raycluster/test-ns-wtt8c/raycluster-historyserver/session_2026-08-06_13-07-26_544553_1/7049311ba5d13aeacfcc1e05f2f7d72ead810ba9db711549b2ada9bd/logs/events/event_CORE_WORKER_412.log info ..."
time="2026-08-06T20:09:14Z" level=info msg="Prepare to get object log/cluster-history/raycluster/test-ns-wtt8c/raycluster-historyserver/session_2026-08-06_13-07-26_544553_1/7049311ba5d13aeacfcc1e05f2f7d72ead810ba9db711549b2ada9bd/logs/events/event_CORE_WORKER_494.log info ..."
time="2026-08-06T20:09:14Z" level=info msg="Prepare to get object log/cluster-history/raycluster/test-ns-wtt8c/raycluster-historyserver/session_2026-08-06_13-07-26_544553_1/7049311ba5d13aeacfcc1e05f2f7d72ead810ba9db711549b2ada9bd/logs/events/event_CORE_WORKER_514.log info ..."
time="2026-08-06T20:09:14Z" level=info msg="Prepare to get object log/cluster-history/raycluster/test-ns-wtt8c/raycluster-historyserver/session_2026-08-06_13-07-26_544553_1/7049311ba5d13aeacfcc1e05f2f7d72ead810ba9db711549b2ada9bd/logs/events/event_CORE_WORKER_590.log info ..."
time="2026-08-06T20:09:14Z" level=info msg="Prepare to get object log/cluster-history/raycluster/test-ns-wtt8c/raycluster-historyserver/session_2026-08-06_13-07-26_544553_1/7049311ba5d13aeacfcc1e05f2f7d72ead810ba9db711549b2ada9bd/logs/events/event_CORE_WORKER_610.log info ..."
time="2026-08-06T20:09:14Z" level=info msg="Prepare to get object log/cluster-history/raycluster/test-ns-wtt8c/raycluster-historyserver/session_2026-08-06_13-07-26_544553_1/7049311ba5d13aeacfcc1e05f2f7d72ead810ba9db711549b2ada9bd/logs/events/event_CORE_WORKER_683.log info ..."
time="2026-08-06T20:09:14Z" level=info msg="Prepare to get object log/cluster-history/raycluster/test-ns-wtt8c/raycluster-historyserver/session_2026-08-06_13-07-26_544553_1/7049311ba5d13aeacfcc1e05f2f7d72ead810ba9db711549b2ada9bd/logs/events/event_RAYLET.log info ..."
time="2026-08-06T20:09:14Z" level=info msg="[ListFiles]Returned objects in log/cluster-history/raycluster/test-ns-wtt8c/raycluster-historyserver/session_2026-08-06_13-07-26_544553_1/fetched_endpoints/logs/events/. length of page.Contents: 0, length of page.CommonPrefixes: 0"
time="2026-08-06T20:09:14Z" level=info msg="[ListFiles]Returned objects in log/cluster-history/raycluster/test-ns-wtt8c/raycluster-historyserver/session_2026-08-06_13-07-26_544553_1/. length of page.Contents: 0, length of page.CommonPrefixes: 3"
time="2026-08-06T20:09:14Z" level=info msg="[ListFiles]Returned objects in log/cluster-history/raycluster/test-ns-wtt8c/raycluster-historyserver/session_2026-08-06_13-07-26_544553_1/0b1564f77bbe97bffbb3ac18f0b2f6b9e138218ec251b0e300ce1609/job_events/. length of page.Contents: 0, length of page.CommonPrefixes: 4"
time="2026-08-06T20:09:14Z" level=info msg="[ListFiles]Returned objects in log/cluster-history/raycluster/test-ns-wtt8c/raycluster-historyserver/session_2026-08-06_13-07-26_544553_1/0b1564f77bbe97bffbb3ac18f0b2f6b9e138218ec251b0e300ce1609/job_events/01000000/. length of page.Contents: 2, length of page.CommonPrefixes: 0"
time="2026-08-06T20:09:14Z" level=info msg="[ListFiles]Returned objects in log/cluster-history/raycluster/test-ns-wtt8c/raycluster-historyserver/session_2026-08-06_13-07-26_544553_1/0b1564f77bbe97bffbb3ac18f0b2f6b9e138218ec251b0e300ce1609/job_events/02000000/. length of page.Contents: 2, length of page.CommonPrefixes: 0"
time="2026-08-06T20:09:14Z" level=info msg="[ListFiles]Returned objects in log/cluster-history/raycluster/test-ns-wtt8c/raycluster-historyserver/session_2026-08-06_13-07-26_544553_1/0b1564f77bbe97bffbb3ac18f0b2f6b9e138218ec251b0e300ce1609/job_events/03000000/. length of page.Contents: 3, length of page.CommonPrefixes: 0"
time="2026-08-06T20:09:14Z" level=info msg="[ListFiles]Returned objects in log/cluster-history/raycluster/test-ns-wtt8c/raycluster-historyserver/session_2026-08-06_13-07-26_544553_1/0b1564f77bbe97bffbb3ac18f0b2f6b9e138218ec251b0e300ce1609/job_events/04000000/. length of page.Contents: 2, length of page.CommonPrefixes: 0"
time="2026-08-06T20:09:14Z" level=info msg="[ListFiles]Returned objects in log/cluster-history/raycluster/test-ns-wtt8c/raycluster-historyserver/session_2026-08-06_13-07-26_544553_1/7049311ba5d13aeacfcc1e05f2f7d72ead810ba9db711549b2ada9bd/job_events/. length of page.Contents: 0, length of page.CommonPrefixes: 1"
time="2026-08-06T20:09:14Z" level=info msg="[ListFiles]Returned objects in log/cluster-history/raycluster/test-ns-wtt8c/raycluster-historyserver/session_2026-08-06_13-07-26_544553_1/7049311ba5d13aeacfcc1e05f2f7d72ead810ba9db711549b2ada9bd/job_events/03000000/. length of page.Contents: 3, length of page.CommonPrefixes: 0"
time="2026-08-06T20:09:14Z" level=info msg="[ListFiles]Returned objects in log/cluster-history/raycluster/test-ns-wtt8c/raycluster-historyserver/session_2026-08-06_13-07-26_544553_1/fetched_endpoints/job_events/. length of page.Contents: 0, length of page.CommonPrefixes: 0"
time="2026-08-06T20:09:14Z" level=info msg="[ListFiles]Returned objects in log/cluster-history/raycluster/test-ns-wtt8c/raycluster-historyserver/session_2026-08-06_13-07-26_544553_1/. length of page.Contents: 0, length of page.CommonPrefixes: 3"
gc 4 @1.784s 0%: 0.73+10+0.084 ms clock, 1.4+0.39/5.7/6.3+0.16 ms cpu, 11->12->6 MB, 12 MB goal, 0 MB stacks, 0 MB globals, 2 P
time="2026-08-06T20:09:14Z" level=info msg="[ListFiles]Returned objects in log/cluster-history/raycluster/test-ns-wtt8c/raycluster-historyserver/session_2026-08-06_13-07-26_544553_1/0b1564f77bbe97bffbb3ac18f0b2f6b9e138218ec251b0e300ce1609/node_events/. length of page.Contents: 2, length of page.CommonPrefixes: 0"
time="2026-08-06T20:09:14Z" level=info msg="[ListFiles]Returned objects in log/cluster-history/raycluster/test-ns-wtt8c/raycluster-historyserver/session_2026-08-06_13-07-26_544553_1/7049311ba5d13aeacfcc1e05f2f7d72ead810ba9db711549b2ada9bd/node_events/. length of page.Contents: 0, length of page.CommonPrefixes: 0"
time="2026-08-06T20:09:14Z" level=info msg="[ListFiles]Returned objects in log/cluster-history/raycluster/test-ns-wtt8c/raycluster-historyserver/session_2026-08-06_13-07-26_544553_1/fetched_endpoints/node_events/. length of page.Contents: 0, length of page.CommonPrefixes: 0"
time="2026-08-06T20:09:14Z" level=info msg="Prepare to get object log/cluster-history/raycluster/test-ns-wtt8c/raycluster-historyserver/session_2026-08-06_13-07-26_544553_1/0b1564f77bbe97bffbb3ac18f0b2f6b9e138218ec251b0e300ce1609/job_events/01000000/0b1564f77bbe97bffbb3ac18f0b2f6b9e138218ec251b0e300ce1609-2026-08-06-20-1786046852257134513.jsonl info ..."
time="2026-08-06T20:09:14Z" level=info msg="Prepare to get object log/cluster-history/raycluster/test-ns-wtt8c/raycluster-historyserver/session_2026-08-06_13-07-26_544553_1/0b1564f77bbe97bffbb3ac18f0b2f6b9e138218ec251b0e300ce1609/job_events/02000000/0b1564f77bbe97bffbb3ac18f0b2f6b9e138218ec251b0e300ce1609-2026-08-06-20-1786046870901123674.jsonl info ..."
time="2026-08-06T20:09:14Z" level=info msg="Prepare to get object log/cluster-history/raycluster/test-ns-wtt8c/raycluster-historyserver/session_2026-08-06_13-07-26_544553_1/0b1564f77bbe97bffbb3ac18f0b2f6b9e138218ec251b0e300ce1609/job_events/03000000/0b1564f77bbe97bffbb3ac18f0b2f6b9e138218ec251b0e300ce1609-2026-08-06-20-1786046871901076924.jsonl info ..."
gc 5 @1.879s 0%: 0.19+7.4+0.045 ms clock, 0.39+2.3/2.6/7.1+0.090 ms cpu, 14->14->12 MB, 14 MB goal, 0 MB stacks, 0 MB globals, 2 P
gc 6 @1.893s 2%: 0.16+66+0.042 ms clock, 0.32+1.4/63/63+0.085 ms cpu, 25->25->25 MB, 25 MB goal, 0 MB stacks, 0 MB globals, 2 P
gc 7 @1.990s 4%: 0.12+69+0.042 ms clock, 0.25+0/63/63+0.084 ms cpu, 69->69->69 MB, 69 MB goal, 0 MB stacks, 0 MB globals, 2 P
gc 8 @2.105s 4%: 0.11+66+0.057 ms clock, 0.22+0/16/52+0.11 ms cpu, 147->147->147 MB, 147 MB goal, 0 MB stacks, 0 MB globals, 2 P
gc 9 @2.300s 4%: 0.13+70+0.031 ms clock, 0.26+8.7/16/3.6+0.063 ms cpu, 296->296->155 MB, 296 MB goal, 0 MB stacks, 0 MB globals, 2 P
gc 10 @2.474s 4%: 0.13+207+0.080 ms clock, 0.26+0.39/11/198+0.16 ms cpu, 389->389->249 MB, 389 MB goal, 0 MB stacks, 0 MB globals, 2 P
gc 11 @10.883s 3%: 0.12+1100+0.096 ms clock, 0.25+0.096/560/818+0.19 ms cpu, 495->501->324 MB, 499 MB goal, 0 MB stacks, 0 MB globals, 2 P
gc 12 @22.197s 4%: 0.14+3188+0.10 ms clock, 0.28+0.77/1618/1825+0.20 ms cpu, 633->660->585 MB, 649 MB goal, 0 MB stacks, 0 MB globals, 2 P
gc 13 @47.188s 4%: 0.16+5168+0.15 ms clock, 0.33+0.11/2548/3216+0.30 ms cpu, 1113->1143->619 MB, 1171 MB goal, 0 MB stacks, 0 MB globals, 2 P
time="2026-08-06T20:10:12Z" level=info msg="Prepare to get object log/cluster-history/raycluster/test-ns-wtt8c/raycluster-historyserver/session_2026-08-06_13-07-26_544553_1/0b1564f77bbe97bffbb3ac18f0b2f6b9e138218ec251b0e300ce1609/job_events/03000000/0b1564f77bbe97bffbb3ac18f0b2f6b9e138218ec251b0e300ce1609-2026-08-06-20-1786046912095035721.jsonl info ..."
gc 14 @64.781s 4%: 0.16+2691+0.16 ms clock, 0.32+0.37/1380/1461+0.32 ms cpu, 1162->1185->288 MB, 1239 MB goal, 0 MB stacks, 0 MB globals, 2 P
gc 15 @77.157s 4%: 0.17+3119+0.12 ms clock, 0.35+0.12/1667/2281+0.25 ms cpu, 530->543->363 MB, 577 MB goal, 0 MB stacks, 0 MB globals, 2 P
time="2026-08-06T20:10:40Z" level=info msg="Prepare to get object log/cluster-history/raycluster/test-ns-wtt8c/raycluster-historyserver/session_2026-08-06_13-07-26_544553_1/0b1564f77bbe97bffbb3ac18f0b2f6b9e138218ec251b0e300ce1609/job_events/04000000/0b1564f77bbe97bffbb3ac18f0b2f6b9e138218ec251b0e300ce1609-2026-08-06-20-1786046885368513541.jsonl info ..."
time="2026-08-06T20:10:40Z" level=info msg="Prepare to get object log/cluster-history/raycluster/test-ns-wtt8c/raycluster-historyserver/session_2026-08-06_13-07-26_544553_1/7049311ba5d13aeacfcc1e05f2f7d72ead810ba9db711549b2ada9bd/job_events/03000000/7049311ba5d13aeacfcc1e05f2f7d72ead810ba9db711549b2ada9bd-2026-08-06-20-1786046873694952633.jsonl info ..."
gc 16 @88.414s 5%: 0.25+1271+0.086 ms clock, 0.50+973/649/835+0.17 ms cpu, 659->659->300 MB, 726 MB goal, 0 MB stacks, 0 MB globals, 2 P
gc 17 @90.275s 6%: 0.17+1396+0.068 ms clock, 0.35+876/718/804+0.13 ms cpu, 667->669->528 MB, 667 MB goal, 0 MB stacks, 0 MB globals, 2 P
gc 18 @109.782s 5%: 0.27+4504+0.081 ms clock, 0.54+0.12/2340/2790+0.16 ms cpu, 1023->1056->670 MB, 1057 MB goal, 0 MB stacks, 0 MB globals, 2 P
time="2026-08-06T20:11:09Z" level=error msg="Failed to store events for file session_2026-08-06_13-07-26_544553_1/7049311ba5d13aeacfcc1e05f2f7d72ead810ba9db711549b2ada9bd/job_events/03000000/7049311ba5d13aeacfcc1e05f2f7d72ead810ba9db711549b2ada9bd-2026-08-06-20-1786046873694952633.jsonl: TASK_LIFECYCLE_EVENT must have at least one state transition"
time="2026-08-06T20:11:09Z" level=error msg="Failed to store events for file session_2026-08-06_13-07-26_544553_1/7049311ba5d13aeacfcc1e05f2f7d72ead810ba9db711549b2ada9bd/job_events/03000000/7049311ba5d13aeacfcc1e05f2f7d72ead810ba9db711549b2ada9bd-2026-08-06-20-1786046873694952633.jsonl: TASK_LIFECYCLE_EVENT must have at least one state transition"
time="2026-08-06T20:11:10Z" level=error msg="Failed to store events for file session_2026-08-06_13-07-26_544553_1/7049311ba5d13aeacfcc1e05f2f7d72ead810ba9db711549b2ada9bd/job_events/03000000/7049311ba5d13aeacfcc1e05f2f7d72ead810ba9db711549b2ada9bd-2026-08-06-20-1786046873694952633.jsonl: TASK_LIFECYCLE_EVENT must have at least one state transition"
time="2026-08-06T20:11:10Z" level=error msg="Failed to store events for file session_2026-08-06_13-07-26_544553_1/7049311ba5d13aeacfcc1e05f2f7d72ead810ba9db711549b2ada9bd/job_events/03000000/7049311ba5d13aeacfcc1e05f2f7d72ead810ba9db711549b2ada9bd-2026-08-06-20-1786046873694952633.jsonl: TASK_LIFECYCLE_EVENT must have at least one state transition"
time="2026-08-06T20:11:10Z" level=error msg="Failed to store events for file session_2026-08-06_13-07-26_544553_1/7049311ba5d13aeacfcc1e05f2f7d72ead810ba9db711549b2ada9bd/job_events/03000000/7049311ba5d13aeacfcc1e05f2f7d72ead810ba9db711549b2ada9bd-2026-08-06-20-1786046873694952633.jsonl: TASK_LIFECYCLE_EVENT must have at least one state transition"
time="2026-08-06T20:11:11Z" level=error msg="Failed to store events for file session_2026-08-06_13-07-26_544553_1/7049311ba5d13aeacfcc1e05f2f7d72ead810ba9db711549b2ada9bd/job_events/03000000/7049311ba5d13aeacfcc1e05f2f7d72ead810ba9db711549b2ada9bd-2026-08-06-20-1786046873694952633.jsonl: TASK_LIFECYCLE_EVENT must have at least one state transition"
time="2026-08-06T20:11:12Z" level=error msg="Failed to store events for file session_2026-08-06_13-07-26_544553_1/7049311ba5d13aeacfcc1e05f2f7d72ead810ba9db711549b2ada9bd/job_events/03000000/7049311ba5d13aeacfcc1e05f2f7d72ead810ba9db711549b2ada9bd-2026-08-06-20-1786046873694952633.jsonl: TASK_LIFECYCLE_EVENT must have at least one state transition"
time="2026-08-06T20:11:13Z" level=error msg="Failed to store events for file session_2026-08-06_13-07-26_544553_1/7049311ba5d13aeacfcc1e05f2f7d72ead810ba9db711549b2ada9bd/job_events/03000000/7049311ba5d13aeacfcc1e05f2f7d72ead810ba9db711549b2ada9bd-2026-08-06-20-1786046873694952633.jsonl: TASK_LIFECYCLE_EVENT must have at least one state transition"
time="2026-08-06T20:11:13Z" level=error msg="Failed to store events for file session_2026-08-06_13-07-26_544553_1/7049311ba5d13aeacfcc1e05f2f7d72ead810ba9db711549b2ada9bd/job_events/03000000/7049311ba5d13aeacfcc1e05f2f7d72ead810ba9db711549b2ada9bd-2026-08-06-20-1786046873694952633.jsonl: TASK_LIFECYCLE_EVENT must have at least one state transition"
time="2026-08-06T20:11:13Z" level=error msg="Failed to store events for file session_2026-08-06_13-07-26_544553_1/7049311ba5d13aeacfcc1e05f2f7d72ead810ba9db711549b2ada9bd/job_events/03000000/7049311ba5d13aeacfcc1e05f2f7d72ead810ba9db711549b2ada9bd-2026-08-06-20-1786046873694952633.jsonl: TASK_LIFECYCLE_EVENT must have at least one state transition"
time="2026-08-06T20:11:13Z" level=error msg="Failed to store events for file session_2026-08-06_13-07-26_544553_1/7049311ba5d13aeacfcc1e05f2f7d72ead810ba9db711549b2ada9bd/job_events/03000000/7049311ba5d13aeacfcc1e05f2f7d72ead810ba9db711549b2ada9bd-2026-08-06-20-1786046873694952633.jsonl: TASK_LIFECYCLE_EVENT must have at least one state transition"
time="2026-08-06T20:11:14Z" level=error msg="Failed to store events for file session_2026-08-06_13-07-26_544553_1/7049311ba5d13aeacfcc1e05f2f7d72ead810ba9db711549b2ada9bd/job_events/03000000/7049311ba5d13aeacfcc1e05f2f7d72ead810ba9db711549b2ada9bd-2026-08-06-20-1786046873694952633.jsonl: TASK_LIFECYCLE_EVENT must have at least one state transition"
time="2026-08-06T20:11:14Z" level=error msg="Failed to store events for file session_2026-08-06_13-07-26_544553_1/7049311ba5d13aeacfcc1e05f2f7d72ead810ba9db711549b2ada9bd/job_events/03000000/7049311ba5d13aeacfcc1e05f2f7d72ead810ba9db711549b2ada9bd-2026-08-06-20-1786046873694952633.jsonl: TASK_LIFECYCLE_EVENT must have at least one state transition"
time="2026-08-06T20:11:16Z" level=error msg="Failed to store events for file session_2026-08-06_13-07-26_544553_1/7049311ba5d13aeacfcc1e05f2f7d72ead810ba9db711549b2ada9bd/job_events/03000000/7049311ba5d13aeacfcc1e05f2f7d72ead810ba9db711549b2ada9bd-2026-08-06-20-1786046873694952633.jsonl: TASK_LIFECYCLE_EVENT must have at least one state transition"
time="2026-08-06T20:11:16Z" level=error msg="Failed to store events for file session_2026-08-06_13-07-26_544553_1/7049311ba5d13aeacfcc1e05f2f7d72ead810ba9db711549b2ada9bd/job_events/03000000/7049311ba5d13aeacfcc1e05f2f7d72ead810ba9db711549b2ada9bd-2026-08-06-20-1786046873694952633.jsonl: TASK_LIFECYCLE_EVENT must have at least one state transition"
time="2026-08-06T20:11:16Z" level=error msg="Failed to store events for file session_2026-08-06_13-07-26_544553_1/7049311ba5d13aeacfcc1e05f2f7d72ead810ba9db711549b2ada9bd/job_events/03000000/7049311ba5d13aeacfcc1e05f2f7d72ead810ba9db711549b2ada9bd-2026-08-06-20-1786046873694952633.jsonl: TASK_LIFECYCLE_EVENT must have at least one state transition"
time="2026-08-06T20:11:17Z" level=error msg="Failed to store events for file session_2026-08-06_13-07-26_544553_1/7049311ba5d13aeacfcc1e05f2f7d72ead810ba9db711549b2ada9bd/job_events/03000000/7049311ba5d13aeacfcc1e05f2f7d72ead810ba9db711549b2ada9bd-2026-08-06-20-1786046873694952633.jsonl: TASK_LIFECYCLE_EVENT must have at least one state transition"
time="2026-08-06T20:11:17Z" level=error msg="Failed to store events for file session_2026-08-06_13-07-26_544553_1/7049311ba5d13aeacfcc1e05f2f7d72ead810ba9db711549b2ada9bd/job_events/03000000/7049311ba5d13aeacfcc1e05f2f7d72ead810ba9db711549b2ada9bd-2026-08-06-20-1786046873694952633.jsonl: TASK_LIFECYCLE_EVENT must have at least one state transition"
time="2026-08-06T20:11:17Z" level=error msg="Failed to store events for file session_2026-08-06_13-07-26_544553_1/7049311ba5d13aeacfcc1e05f2f7d72ead810ba9db711549b2ada9bd/job_events/03000000/7049311ba5d13aeacfcc1e05f2f7d72ead810ba9db711549b2ada9bd-2026-08-06-20-1786046873694952633.jsonl: TASK_LIFECYCLE_EVENT must have at least one state transition"
time="2026-08-06T20:11:17Z" level=error msg="Failed to store events for file session_2026-08-06_13-07-26_544553_1/7049311ba5d13aeacfcc1e05f2f7d72ead810ba9db711549b2ada9bd/job_events/03000000/7049311ba5d13aeacfcc1e05f2f7d72ead810ba9db711549b2ada9bd-2026-08-06-20-1786046873694952633.jsonl: TASK_LIFECYCLE_EVENT must have at least one state transition"
time="2026-08-06T20:11:17Z" level=error msg="Failed to store events for file session_2026-08-06_13-07-26_544553_1/7049311ba5d13aeacfcc1e05f2f7d72ead810ba9db711549b2ada9bd/job_events/03000000/7049311ba5d13aeacfcc1e05f2f7d72ead810ba9db711549b2ada9bd-2026-08-06-20-1786046873694952633.jsonl: TASK_LIFECYCLE_EVENT must have at least one state transition"
time="2026-08-06T20:11:18Z" level=error msg="Failed to store events for file session_2026-08-06_13-07-26_544553_1/7049311ba5d13aeacfcc1e05f2f7d72ead810ba9db711549b2ada9bd/job_events/03000000/7049311ba5d13aeacfcc1e05f2f7d72ead810ba9db711549b2ada9bd-2026-08-06-20-1786046873694952633.jsonl: TASK_LIFECYCLE_EVENT must have at least one state transition"
time="2026-08-06T20:11:19Z" level=error msg="Failed to store events for file session_2026-08-06_13-07-26_544553_1/7049311ba5d13aeacfcc1e05f2f7d72ead810ba9db711549b2ada9bd/job_events/03000000/7049311ba5d13aeacfcc1e05f2f7d72ead810ba9db711549b2ada9bd-2026-08-06-20-1786046873694952633.jsonl: TASK_LIFECYCLE_EVENT must have at least one state transition"
time="2026-08-06T20:11:20Z" level=error msg="Failed to store events for file session_2026-08-06_13-07-26_544553_1/7049311ba5d13aeacfcc1e05f2f7d72ead810ba9db711549b2ada9bd/job_events/03000000/7049311ba5d13aeacfcc1e05f2f7d72ead810ba9db711549b2ada9bd-2026-08-06-20-1786046873694952633.jsonl: TASK_LIFECYCLE_EVENT must have at least one state transition"
time="2026-08-06T20:11:20Z" level=error msg="Failed to store events for file session_2026-08-06_13-07-26_544553_1/7049311ba5d13aeacfcc1e05f2f7d72ead810ba9db711549b2ada9bd/job_events/03000000/7049311ba5d13aeacfcc1e05f2f7d72ead810ba9db711549b2ada9bd-2026-08-06-20-1786046873694952633.jsonl: TASK_LIFECYCLE_EVENT must have at least one state transition"
time="2026-08-06T20:11:20Z" level=error msg="Failed to store events for file session_2026-08-06_13-07-26_544553_1/7049311ba5d13aeacfcc1e05f2f7d72ead810ba9db711549b2ada9bd/job_events/03000000/7049311ba5d13aeacfcc1e05f2f7d72ead810ba9db711549b2ada9bd-2026-08-06-20-1786046873694952633.jsonl: TASK_LIFECYCLE_EVENT must have at least one state transition"
time="2026-08-06T20:11:20Z" level=error msg="Failed to store events for file session_2026-08-06_13-07-26_544553_1/7049311ba5d13aeacfcc1e05f2f7d72ead810ba9db711549b2ada9bd/job_events/03000000/7049311ba5d13aeacfcc1e05f2f7d72ead810ba9db711549b2ada9bd-2026-08-06-20-1786046873694952633.jsonl: TASK_LIFECYCLE_EVENT must have at least one state transition"
time="2026-08-06T20:11:20Z" level=error msg="Failed to store events for file session_2026-08-06_13-07-26_544553_1/7049311ba5d13aeacfcc1e05f2f7d72ead810ba9db711549b2ada9bd/job_events/03000000/7049311ba5d13aeacfcc1e05f2f7d72ead810ba9db711549b2ada9bd-2026-08-06-20-1786046873694952633.jsonl: TASK_LIFECYCLE_EVENT must have at least one state transition"
time="2026-08-06T20:11:20Z" level=error msg="Failed to store events for file session_2026-08-06_13-07-26_544553_1/7049311ba5d13aeacfcc1e05f2f7d72ead810ba9db711549b2ada9bd/job_events/03000000/7049311ba5d13aeacfcc1e05f2f7d72ead810ba9db711549b2ada9bd-2026-08-06-20-1786046873694952633.jsonl: TASK_LIFECYCLE_EVENT must have at least one state transition"
time="2026-08-06T20:11:20Z" level=error msg="Failed to store events for file session_2026-08-06_13-07-26_544553_1/7049311ba5d13aeacfcc1e05f2f7d72ead810ba9db711549b2ada9bd/job_events/03000000/7049311ba5d13aeacfcc1e05f2f7d72ead810ba9db711549b2ada9bd-2026-08-06-20-1786046873694952633.jsonl: TASK_LIFECYCLE_EVENT must have at least one state transition"
time="2026-08-06T20:11:21Z" level=error msg="Failed to store events for file session_2026-08-06_13-07-26_544553_1/7049311ba5d13aeacfcc1e05f2f7d72ead810ba9db711549b2ada9bd/job_events/03000000/7049311ba5d13aeacfcc1e05f2f7d72ead810ba9db711549b2ada9bd-2026-08-06-20-1786046873694952633.jsonl: TASK_LIFECYCLE_EVENT must have at least one state transition"
time="2026-08-06T20:11:21Z" level=error msg="Failed to store events for file session_2026-08-06_13-07-26_544553_1/7049311ba5d13aeacfcc1e05f2f7d72ead810ba9db711549b2ada9bd/job_events/03000000/7049311ba5d13aeacfcc1e05f2f7d72ead810ba9db711549b2ada9bd-2026-08-06-20-1786046873694952633.jsonl: TASK_LIFECYCLE_EVENT must have at least one state transition"
time="2026-08-06T20:11:22Z" level=error msg="Failed to store events for file session_2026-08-06_13-07-26_544553_1/7049311ba5d13aeacfcc1e05f2f7d72ead810ba9db711549b2ada9bd/job_events/03000000/7049311ba5d13aeacfcc1e05f2f7d72ead810ba9db711549b2ada9bd-2026-08-06-20-1786046873694952633.jsonl: TASK_LIFECYCLE_EVENT must have at least one state transition"
time="2026-08-06T20:11:22Z" level=error msg="Failed to store events for file session_2026-08-06_13-07-26_544553_1/7049311ba5d13aeacfcc1e05f2f7d72ead810ba9db711549b2ada9bd/job_events/03000000/7049311ba5d13aeacfcc1e05f2f7d72ead810ba9db711549b2ada9bd-2026-08-06-20-1786046873694952633.jsonl: TASK_LIFECYCLE_EVENT must have at least one state transition"
time="2026-08-06T20:11:22Z" level=error msg="Failed to store events for file session_2026-08-06_13-07-26_544553_1/7049311ba5d13aeacfcc1e05f2f7d72ead810ba9db711549b2ada9bd/job_events/03000000/7049311ba5d13aeacfcc1e05f2f7d72ead810ba9db711549b2ada9bd-2026-08-06-20-1786046873694952633.jsonl: TASK_LIFECYCLE_EVENT must have at least one state transition"
time="2026-08-06T20:11:22Z" level=error msg="Failed to store events for file session_2026-08-06_13-07-26_544553_1/7049311ba5d13aeacfcc1e05f2f7d72ead810ba9db711549b2ada9bd/job_events/03000000/7049311ba5d13aeacfcc1e05f2f7d72ead810ba9db711549b2ada9bd-2026-08-06-20-1786046873694952633.jsonl: TASK_LIFECYCLE_EVENT must have at least one state transition"
time="2026-08-06T20:11:23Z" level=error msg="Failed to store events for file session_2026-08-06_13-07-26_544553_1/7049311ba5d13aeacfcc1e05f2f7d72ead810ba9db711549b2ada9bd/job_events/03000000/7049311ba5d13aeacfcc1e05f2f7d72ead810ba9db711549b2ada9bd-2026-08-06-20-1786046873694952633.jsonl: TASK_LIFECYCLE_EVENT must have at least one state transition"
time="2026-08-06T20:11:23Z" level=error msg="Failed to store events for file session_2026-08-06_13-07-26_544553_1/7049311ba5d13aeacfcc1e05f2f7d72ead810ba9db711549b2ada9bd/job_events/03000000/7049311ba5d13aeacfcc1e05f2f7d72ead810ba9db711549b2ada9bd-2026-08-06-20-1786046873694952633.jsonl: TASK_LIFECYCLE_EVENT must have at least one state transition"
time="2026-08-06T20:11:23Z" level=error msg="Failed to store events for file session_2026-08-06_13-07-26_544553_1/7049311ba5d13aeacfcc1e05f2f7d72ead810ba9db711549b2ada9bd/job_events/03000000/7049311ba5d13aeacfcc1e05f2f7d72ead810ba9db711549b2ada9bd-2026-08-06-20-1786046873694952633.jsonl: TASK_LIFECYCLE_EVENT must have at least one state transition"
time="2026-08-06T20:11:25Z" level=error msg="Failed to store events for file session_2026-08-06_13-07-26_544553_1/7049311ba5d13aeacfcc1e05f2f7d72ead810ba9db711549b2ada9bd/job_events/03000000/7049311ba5d13aeacfcc1e05f2f7d72ead810ba9db711549b2ada9bd-2026-08-06-20-1786046873694952633.jsonl: TASK_LIFECYCLE_EVENT must have at least one state transition"
time="2026-08-06T20:11:25Z" level=error msg="Failed to store events for file session_2026-08-06_13-07-26_544553_1/7049311ba5d13aeacfcc1e05f2f7d72ead810ba9db711549b2ada9bd/job_events/03000000/7049311ba5d13aeacfcc1e05f2f7d72ead810ba9db711549b2ada9bd-2026-08-06-20-1786046873694952633.jsonl: TASK_LIFECYCLE_EVENT must have at least one state transition"
time="2026-08-06T20:11:25Z" level=error msg="Failed to store events for file session_2026-08-06_13-07-26_544553_1/7049311ba5d13aeacfcc1e05f2f7d72ead810ba9db711549b2ada9bd/job_events/03000000/7049311ba5d13aeacfcc1e05f2f7d72ead810ba9db711549b2ada9bd-2026-08-06-20-1786046873694952633.jsonl: TASK_LIFECYCLE_EVENT must have at least one state transition"
time="2026-08-06T20:11:25Z" level=error msg="Failed to store events for file session_2026-08-06_13-07-26_544553_1/7049311ba5d13aeacfcc1e05f2f7d72ead810ba9db711549b2ada9bd/job_events/03000000/7049311ba5d13aeacfcc1e05f2f7d72ead810ba9db711549b2ada9bd-2026-08-06-20-1786046873694952633.jsonl: TASK_LIFECYCLE_EVENT must have at least one state transition"
time="2026-08-06T20:11:25Z" level=error msg="Failed to store events for file session_2026-08-06_13-07-26_544553_1/7049311ba5d13aeacfcc1e05f2f7d72ead810ba9db711549b2ada9bd/job_events/03000000/7049311ba5d13aeacfcc1e05f2f7d72ead810ba9db711549b2ada9bd-2026-08-06-20-1786046873694952633.jsonl: TASK_LIFECYCLE_EVENT must have at least one state transition"
time="2026-08-06T20:11:26Z" level=error msg="Failed to store events for file session_2026-08-06_13-07-26_544553_1/7049311ba5d13aeacfcc1e05f2f7d72ead810ba9db711549b2ada9bd/job_events/03000000/7049311ba5d13aeacfcc1e05f2f7d72ead810ba9db711549b2ada9bd-2026-08-06-20-1786046873694952633.jsonl: TASK_LIFECYCLE_EVENT must have at least one state transition"
time="2026-08-06T20:11:26Z" level=error msg="Failed to store events for file session_2026-08-06_13-07-26_544553_1/7049311ba5d13aeacfcc1e05f2f7d72ead810ba9db711549b2ada9bd/job_events/03000000/7049311ba5d13aeacfcc1e05f2f7d72ead810ba9db711549b2ada9bd-2026-08-06-20-1786046873694952633.jsonl: TASK_LIFECYCLE_EVENT must have at least one state transition"
time="2026-08-06T20:11:26Z" level=error msg="Failed to store events for file session_2026-08-06_13-07-26_544553_1/7049311ba5d13aeacfcc1e05f2f7d72ead810ba9db711549b2ada9bd/job_events/03000000/7049311ba5d13aeacfcc1e05f2f7d72ead810ba9db711549b2ada9bd-2026-08-06-20-1786046873694952633.jsonl: TASK_LIFECYCLE_EVENT must have at least one state transition"
time="2026-08-06T20:11:26Z" level=error msg="Failed to store events for file session_2026-08-06_13-07-26_544553_1/7049311ba5d13aeacfcc1e05f2f7d72ead810ba9db711549b2ada9bd/job_events/03000000/7049311ba5d13aeacfcc1e05f2f7d72ead810ba9db711549b2ada9bd-2026-08-06-20-1786046873694952633.jsonl: TASK_LIFECYCLE_EVENT must have at least one state transition"
time="2026-08-06T20:11:27Z" level=error msg="Failed to store events for file session_2026-08-06_13-07-26_544553_1/7049311ba5d13aeacfcc1e05f2f7d72ead810ba9db711549b2ada9bd/job_events/03000000/7049311ba5d13aeacfcc1e05f2f7d72ead810ba9db711549b2ada9bd-2026-08-06-20-1786046873694952633.jsonl: TASK_LIFECYCLE_EVENT must have at least one state transition"
time="2026-08-06T20:11:27Z" level=error msg="Failed to store events for file session_2026-08-06_13-07-26_544553_1/7049311ba5d13aeacfcc1e05f2f7d72ead810ba9db711549b2ada9bd/job_events/03000000/7049311ba5d13aeacfcc1e05f2f7d72ead810ba9db711549b2ada9bd-2026-08-06-20-1786046873694952633.jsonl: TASK_LIFECYCLE_EVENT must have at least one state transition"
time="2026-08-06T20:11:27Z" level=error msg="Failed to store events for file session_2026-08-06_13-07-26_544553_1/7049311ba5d13aeacfcc1e05f2f7d72ead810ba9db711549b2ada9bd/job_events/03000000/7049311ba5d13aeacfcc1e05f2f7d72ead810ba9db711549b2ada9bd-2026-08-06-20-1786046873694952633.jsonl: TASK_LIFECYCLE_EVENT must have at least one state transition"
time="2026-08-06T20:11:27Z" level=error msg="Failed to store events for file session_2026-08-06_13-07-26_544553_1/7049311ba5d13aeacfcc1e05f2f7d72ead810ba9db711549b2ada9bd/job_events/03000000/7049311ba5d13aeacfcc1e05f2f7d72ead810ba9db711549b2ada9bd-2026-08-06-20-1786046873694952633.jsonl: TASK_LIFECYCLE_EVENT must have at least one state transition"
time="2026-08-06T20:11:27Z" level=error msg="Failed to store events for file session_2026-08-06_13-07-26_544553_1/7049311ba5d13aeacfcc1e05f2f7d72ead810ba9db711549b2ada9bd/job_events/03000000/7049311ba5d13aeacfcc1e05f2f7d72ead810ba9db711549b2ada9bd-2026-08-06-20-1786046873694952633.jsonl: TASK_LIFECYCLE_EVENT must have at least one state transition"
time="2026-08-06T20:11:27Z" level=error msg="Failed to store events for file session_2026-08-06_13-07-26_544553_1/7049311ba5d13aeacfcc1e05f2f7d72ead810ba9db711549b2ada9bd/job_events/03000000/7049311ba5d13aeacfcc1e05f2f7d72ead810ba9db711549b2ada9bd-2026-08-06-20-1786046873694952633.jsonl: TASK_LIFECYCLE_EVENT must have at least one state transition"
time="2026-08-06T20:11:28Z" level=error msg="Failed to store events for file session_2026-08-06_13-07-26_544553_1/7049311ba5d13aeacfcc1e05f2f7d72ead810ba9db711549b2ada9bd/job_events/03000000/7049311ba5d13aeacfcc1e05f2f7d72ead810ba9db711549b2ada9bd-2026-08-06-20-1786046873694952633.jsonl: TASK_LIFECYCLE_EVENT must have at least one state transition"
time="2026-08-06T20:11:28Z" level=error msg="Failed to store events for file session_2026-08-06_13-07-26_544553_1/7049311ba5d13aeacfcc1e05f2f7d72ead810ba9db711549b2ada9bd/job_events/03000000/7049311ba5d13aeacfcc1e05f2f7d72ead810ba9db711549b2ada9bd-2026-08-06-20-1786046873694952633.jsonl: TASK_LIFECYCLE_EVENT must have at least one state transition"
time="2026-08-06T20:11:29Z" level=error msg="Failed to store events for file session_2026-08-06_13-07-26_544553_1/7049311ba5d13aeacfcc1e05f2f7d72ead810ba9db711549b2ada9bd/job_events/03000000/7049311ba5d13aeacfcc1e05f2f7d72ead810ba9db711549b2ada9bd-2026-08-06-20-1786046873694952633.jsonl: TASK_LIFECYCLE_EVENT must have at least one state transition"
time="2026-08-06T20:11:29Z" level=error msg="Failed to store events for file session_2026-08-06_13-07-26_544553_1/7049311ba5d13aeacfcc1e05f2f7d72ead810ba9db711549b2ada9bd/job_events/03000000/7049311ba5d13aeacfcc1e05f2f7d72ead810ba9db711549b2ada9bd-2026-08-06-20-1786046873694952633.jsonl: TASK_LIFECYCLE_EVENT must have at least one state transition"
time="2026-08-06T20:11:29Z" level=error msg="Failed to store events for file session_2026-08-06_13-07-26_544553_1/7049311ba5d13aeacfcc1e05f2f7d72ead810ba9db711549b2ada9bd/job_events/03000000/7049311ba5d13aeacfcc1e05f2f7d72ead810ba9db711549b2ada9bd-2026-08-06-20-1786046873694952633.jsonl: TASK_LIFECYCLE_EVENT must have at least one state transition"
time="2026-08-06T20:11:29Z" level=error msg="Failed to store events for file session_2026-08-06_13-07-26_544553_1/7049311ba5d13aeacfcc1e05f2f7d72ead810ba9db711549b2ada9bd/job_events/03000000/7049311ba5d13aeacfcc1e05f2f7d72ead810ba9db711549b2ada9bd-2026-08-06-20-1786046873694952633.jsonl: TASK_LIFECYCLE_EVENT must have at least one state transition"
time="2026-08-06T20:11:29Z" level=error msg="Failed to store events for file session_2026-08-06_13-07-26_544553_1/7049311ba5d13aeacfcc1e05f2f7d72ead810ba9db711549b2ada9bd/job_events/03000000/7049311ba5d13aeacfcc1e05f2f7d72ead810ba9db711549b2ada9bd-2026-08-06-20-1786046873694952633.jsonl: TASK_LIFECYCLE_EVENT must have at least one state transition"
time="2026-08-06T20:11:30Z" level=error msg="Failed to store events for file session_2026-08-06_13-07-26_544553_1/7049311ba5d13aeacfcc1e05f2f7d72ead810ba9db711549b2ada9bd/job_events/03000000/7049311ba5d13aeacfcc1e05f2f7d72ead810ba9db711549b2ada9bd-2026-08-06-20-1786046873694952633.jsonl: TASK_LIFECYCLE_EVENT must have at least one state transition"
time="2026-08-06T20:11:30Z" level=error msg="Failed to store events for file session_2026-08-06_13-07-26_544553_1/7049311ba5d13aeacfcc1e05f2f7d72ead810ba9db711549b2ada9bd/job_events/03000000/7049311ba5d13aeacfcc1e05f2f7d72ead810ba9db711549b2ada9bd-2026-08-06-20-1786046873694952633.jsonl: TASK_LIFECYCLE_EVENT must have at least one state transition"
time="2026-08-06T20:11:30Z" level=error msg="Failed to store events for file session_2026-08-06_13-07-26_544553_1/7049311ba5d13aeacfcc1e05f2f7d72ead810ba9db711549b2ada9bd/job_events/03000000/7049311ba5d13aeacfcc1e05f2f7d72ead810ba9db711549b2ada9bd-2026-08-06-20-1786046873694952633.jsonl: TASK_LIFECYCLE_EVENT must have at least one state transition"
time="2026-08-06T20:11:30Z" level=error msg="Failed to store events for file session_2026-08-06_13-07-26_544553_1/7049311ba5d13aeacfcc1e05f2f7d72ead810ba9db711549b2ada9bd/job_events/03000000/7049311ba5d13aeacfcc1e05f2f7d72ead810ba9db711549b2ada9bd-2026-08-06-20-1786046873694952633.jsonl: TASK_LIFECYCLE_EVENT must have at least one state transition"
time="2026-08-06T20:11:30Z" level=error msg="Failed to store events for file session_2026-08-06_13-07-26_544553_1/7049311ba5d13aeacfcc1e05f2f7d72ead810ba9db711549b2ada9bd/job_events/03000000/7049311ba5d13aeacfcc1e05f2f7d72ead810ba9db711549b2ada9bd-2026-08-06-20-1786046873694952633.jsonl: TASK_LIFECYCLE_EVENT must have at least one state transition"
time="2026-08-06T20:11:31Z" level=error msg="Failed to store events for file session_2026-08-06_13-07-26_544553_1/7049311ba5d13aeacfcc1e05f2f7d72ead810ba9db711549b2ada9bd/job_events/03000000/7049311ba5d13aeacfcc1e05f2f7d72ead810ba9db711549b2ada9bd-2026-08-06-20-1786046873694952633.jsonl: TASK_LIFECYCLE_EVENT must have at least one state transition"
time="2026-08-06T20:11:31Z" level=error msg="Failed to store events for file session_2026-08-06_13-07-26_544553_1/7049311ba5d13aeacfcc1e05f2f7d72ead810ba9db711549b2ada9bd/job_events/03000000/7049311ba5d13aeacfcc1e05f2f7d72ead810ba9db711549b2ada9bd-2026-08-06-20-1786046873694952633.jsonl: TASK_LIFECYCLE_EVENT must have at least one state transition"
time="2026-08-06T20:11:31Z" level=error msg="Failed to store events for file session_2026-08-06_13-07-26_544553_1/7049311ba5d13aeacfcc1e05f2f7d72ead810ba9db711549b2ada9bd/job_events/03000000/7049311ba5d13aeacfcc1e05f2f7d72ead810ba9db711549b2ada9bd-2026-08-06-20-1786046873694952633.jsonl: TASK_LIFECYCLE_EVENT must have at least one state transition"
time="2026-08-06T20:11:33Z" level=error msg="Failed to store events for file session_2026-08-06_13-07-26_544553_1/7049311ba5d13aeacfcc1e05f2f7d72ead810ba9db711549b2ada9bd/job_events/03000000/7049311ba5d13aeacfcc1e05f2f7d72ead810ba9db711549b2ada9bd-2026-08-06-20-1786046873694952633.jsonl: TASK_LIFECYCLE_EVENT must have at least one state transition"
time="2026-08-06T20:11:35Z" level=error msg="Failed to store events for file session_2026-08-06_13-07-26_544553_1/7049311ba5d13aeacfcc1e05f2f7d72ead810ba9db711549b2ada9bd/job_events/03000000/7049311ba5d13aeacfcc1e05f2f7d72ead810ba9db711549b2ada9bd-2026-08-06-20-1786046873694952633.jsonl: TASK_LIFECYCLE_EVENT must have at least one state transition"
time="2026-08-06T20:11:36Z" level=info msg="Prepare to get object log/cluster-history/raycluster/test-ns-wtt8c/raycluster-historyserver/session_2026-08-06_13-07-26_544553_1/7049311ba5d13aeacfcc1e05f2f7d72ead810ba9db711549b2ada9bd/job_events/03000000/7049311ba5d13aeacfcc1e05f2f7d72ead810ba9db711549b2ada9bd-2026-08-06-20-1786046921236744419.jsonl info ..."
gc 19 @139.511s 5%: 0.16+6057+0.11 ms clock, 0.32+0.23/3017/3443+0.23 ms cpu, 1231->1333->720 MB, 1341 MB goal, 0 MB stacks, 0 MB globals, 2 P
time="2026-08-06T20:11:41Z" level=error msg="Failed to store events for file session_2026-08-06_13-07-26_544553_1/7049311ba5d13aeacfcc1e05f2f7d72ead810ba9db711549b2ada9bd/job_events/03000000/7049311ba5d13aeacfcc1e05f2f7d72ead810ba9db711549b2ada9bd-2026-08-06-20-1786046921236744419.jsonl: TASK_LIFECYCLE_EVENT must have at least one state transition"
time="2026-08-06T20:11:42Z" level=error msg="Failed to store events for file session_2026-08-06_13-07-26_544553_1/7049311ba5d13aeacfcc1e05f2f7d72ead810ba9db711549b2ada9bd/job_events/03000000/7049311ba5d13aeacfcc1e05f2f7d72ead810ba9db711549b2ada9bd-2026-08-06-20-1786046921236744419.jsonl: TASK_LIFECYCLE_EVENT must have at least one state transition"
time="2026-08-06T20:11:43Z" level=error msg="Failed to store events for file session_2026-08-06_13-07-26_544553_1/7049311ba5d13aeacfcc1e05f2f7d72ead810ba9db711549b2ada9bd/job_events/03000000/7049311ba5d13aeacfcc1e05f2f7d72ead810ba9db711549b2ada9bd-2026-08-06-20-1786046921236744419.jsonl: TASK_LIFECYCLE_EVENT must have at least one state transition"
time="2026-08-06T20:11:43Z" level=error msg="Failed to store events for file session_2026-08-06_13-07-26_544553_1/7049311ba5d13aeacfcc1e05f2f7d72ead810ba9db711549b2ada9bd/job_events/03000000/7049311ba5d13aeacfcc1e05f2f7d72ead810ba9db711549b2ada9bd-2026-08-06-20-1786046921236744419.jsonl: TASK_LIFECYCLE_EVENT must have at least one state transition"
time="2026-08-06T20:11:43Z" level=info msg="Prepare to get object log/cluster-history/raycluster/test-ns-wtt8c/raycluster-historyserver/session_2026-08-06_13-07-26_544553_1/0b1564f77bbe97bffbb3ac18f0b2f6b9e138218ec251b0e300ce1609/node_events/0b1564f77bbe97bffbb3ac18f0b2f6b9e138218ec251b0e300ce1609-2026-08-06-20-1786046851201157845.jsonl info ..."
time="2026-08-06T20:11:45Z" level=info msg="Received request: GET /enter_cluster/test-ns-wtt8c/raycluster/raycluster-historyserver/session_2026-08-06_13-07-26_544553_1"
time="2026-08-06T20:11:45Z" level=info msg="[List]Returned objects in log/cluster-metadata/. length of page.Contents: 2, length of page.CommonPrefixes: 0"
time="2026-08-06T20:11:45Z" level=error msg="Failed to parse meta file path: log/cluster-metadata/raycluster/test-ns-wtt8c_raycluster-historyserver/, error: invalid path segment count for cluster metadata structure: log/cluster-metadata/raycluster/test-ns-wtt8c_raycluster-historyserver/"
time="2026-08-06T20:11:45Z" level=info msg="Parsed cluster raycluster-historyserver for session session_2026-08-06_13-07-26_544553_1 to list"
time="2026-08-06T20:11:45Z" level=info msg="Received request: GET /api/v0/tasks?limit=100000"
time="2026-08-06T20:11:45Z" level=info msg="Request URL /api/v0/tasks?limit=100000"
time="2026-08-06T20:11:45Z" level=info msg="Received request: GET /api/v0/tasks?limit=100000"
time="2026-08-06T20:11:45Z" level=info msg="Request URL /api/v0/tasks?limit=100000"
time="2026-08-06T20:11:45Z" level=info msg="Received request: GET /api/v0/tasks?limit=100000"
time="2026-08-06T20:11:45Z" level=info msg="Request URL /api/v0/tasks?limit=100000"
time="2026-08-06T20:11:45Z" level=info msg="Received request: GET /api/v0/tasks?limit=100000"
time="2026-08-06T20:11:45Z" level=info msg="Request URL /api/v0/tasks?limit=100000"
time="2026-08-06T20:11:45Z" level=info msg="Received request: GET /api/v0/tasks?limit=100000"
time="2026-08-06T20:11:45Z" level=info msg="Request URL /api/v0/tasks?limit=100000"
time="2026-08-06T20:11:45Z" level=info msg="Received request: GET /api/v0/tasks?limit=100000"
time="2026-08-06T20:11:45Z" level=info msg="Request URL /api/v0/tasks?limit=100000"
time="2026-08-06T20:11:45Z" level=info msg="Received request: GET /api/v0/tasks?limit=100000"
time="2026-08-06T20:11:45Z" level=info msg="Request URL /api/v0/tasks?limit=100000"
time="2026-08-06T20:11:45Z" level=info msg="Received request: GET /api/v0/tasks?limit=100000"
time="2026-08-06T20:11:45Z" level=info msg="Request URL /api/v0/tasks?limit=100000"
time="2026-08-06T20:11:45Z" level=info msg="Received request: GET /api/v0/tasks?limit=100000"
time="2026-08-06T20:11:45Z" level=info msg="Request URL /api/v0/tasks?limit=100000"
time="2026-08-06T20:11:45Z" level=info msg="Received request: GET /api/v0/tasks?limit=100000"
time="2026-08-06T20:11:45Z" level=info msg="Request URL /api/v0/tasks?limit=100000"
time="2026-08-06T20:11:45Z" level=info msg="Received request: GET /api/v0/tasks/summarize"
time="2026-08-06T20:11:45Z" level=info msg="Request URL /api/v0/tasks/summarize"
gc 20 @153.095s 5%: 0.21+2480+0.087 ms clock, 0.43+97/1250/1293+0.17 ms cpu, 1235->1322->345 MB, 1441 MB goal, 0 MB stacks, 0 MB globals, 2 P
time="2026-08-06T20:11:49Z" level=info msg="Received request: GET /api/v0/tasks/summarize"
time="2026-08-06T20:11:49Z" level=info msg="Request URL /api/v0/tasks/summarize"
gc 21 @157.357s 6%: 0.24+2798+0.093 ms clock, 0.48+451/1211/1422+0.18 ms cpu, 611->695->373 MB, 690 MB goal, 0 MB stacks, 0 MB globals, 2 P
time="2026-08-06T20:11:53Z" level=info msg="Received request: GET /api/v0/tasks/summarize"
time="2026-08-06T20:11:53Z" level=info msg="Request URL /api/v0/tasks/summarize"
gc 22 @161.502s 6%: 0.21+3373+0.092 ms clock, 0.43+0/1736/2002+0.18 ms cpu, 640->640->319 MB, 747 MB goal, 0 MB stacks, 0 MB globals, 2 P
time="2026-08-06T20:11:58Z" level=info msg="Received request: GET /api/v0/tasks/summarize"
time="2026-08-06T20:11:58Z" level=info msg="Request URL /api/v0/tasks/summarize"
gc 23 @166.185s 6%: 0.20+3389+0.10 ms clock, 0.40+0/1686/2035+0.20 ms cpu, 586->586->319 MB, 640 MB goal, 0 MB stacks, 0 MB globals, 2 P
time="2026-08-06T20:12:02Z" level=info msg="Received request: GET /api/v0/tasks/summarize"
time="2026-08-06T20:12:02Z" level=info msg="Request URL /api/v0/tasks/summarize"
gc 24 @170.799s 7%: 0.18+3472+0.072 ms clock, 0.36+0/1741/1959+0.14 ms cpu, 586->586->319 MB, 640 MB goal, 0 MB stacks, 0 MB globals, 2 P
time="2026-08-06T20:12:07Z" level=info msg="Received request: GET /api/v0/tasks/summarize"
time="2026-08-06T20:12:07Z" level=info msg="Request URL /api/v0/tasks/summarize"
gc 25 @175.489s 7%: 0.17+3484+0.12 ms clock, 0.34+0/1803/1946+0.24 ms cpu, 586->586->319 MB, 640 MB goal, 0 MB stacks, 0 MB globals, 2 P
time="2026-08-06T20:12:12Z" level=info msg="Received request: GET /api/v0/tasks/summarize"
time="2026-08-06T20:12:12Z" level=info msg="Request URL /api/v0/tasks/summarize"
gc 26 @180.176s 7%: 0.17+3603+0.081 ms clock, 0.34+0/1804/1985+0.16 ms cpu, 586->586->319 MB, 640 MB goal, 0 MB stacks, 0 MB globals, 2 P
time="2026-08-06T20:12:17Z" level=info msg="Received request: GET /api/v0/tasks/summarize"
time="2026-08-06T20:12:17Z" level=info msg="Request URL /api/v0/tasks/summarize"
gc 27 @185.010s 8%: 2.2+3760+0.094 ms clock, 4.4+0/1904/2061+0.18 ms cpu, 586->586->319 MB, 640 MB goal, 0 MB stacks, 0 MB globals, 2 P
time="2026-08-06T20:12:22Z" level=info msg="Received request: GET /api/v0/tasks/summarize"
time="2026-08-06T20:12:22Z" level=info msg="Request URL /api/v0/tasks/summarize"
gc 28 @190.013s 8%: 0.23+3763+0.14 ms clock, 0.47+0/1938/2256+0.28 ms cpu, 586->586->319 MB, 640 MB goal, 0 MB stacks, 0 MB globals, 2 P
time="2026-08-06T20:12:27Z" level=info msg="Received request: GET /api/v0/tasks/summarize"
time="2026-08-06T20:12:27Z" level=info msg="Request URL /api/v0/tasks/summarize"
gc 29 @195.291s 8%: 0.20+3492+0.11 ms clock, 0.41+0/1754/1982+0.22 ms cpu, 586->586->319 MB, 640 MB goal, 0 MB stacks, 0 MB globals, 2 P
time="2026-08-06T20:12:32Z" level=info msg="Received request: GET /api/jobs/"
time="2026-08-06T20:12:32Z" level=info msg="Request URL /api/jobs/"
time="2026-08-06T20:12:32Z" level=info msg="Received request: GET /api/jobs/"
time="2026-08-06T20:12:32Z" level=info msg="Request URL /api/jobs/"
time="2026-08-06T20:12:32Z" level=info msg="Received request: GET /api/jobs/"
time="2026-08-06T20:12:32Z" level=info msg="Request URL /api/jobs/"
time="2026-08-06T20:12:32Z" level=info msg="Received request: GET /api/jobs/"
time="2026-08-06T20:12:32Z" level=info msg="Request URL /api/jobs/"
time="2026-08-06T20:12:32Z" level=info msg="Received request: GET /api/jobs/"
time="2026-08-06T20:12:32Z" level=info msg="Request URL /api/jobs/"
time="2026-08-06T20:12:32Z" level=info msg="Received request: GET /api/jobs/"
time="2026-08-06T20:12:32Z" level=info msg="Request URL /api/jobs/"
time="2026-08-06T20:12:33Z" level=info msg="Received request: GET /api/jobs/"
time="2026-08-06T20:12:33Z" level=info msg="Request URL /api/jobs/"
gc 30 @200.012s 8%: 0.32+2000+0.061 ms clock, 0.65+0/831/1129+0.12 ms cpu, 563->603->276 MB, 640 MB goal, 0 MB stacks, 0 MB globals, 2 P
time="2026-08-06T20:12:34Z" level=info msg="Received request: GET /api/jobs/"
time="2026-08-06T20:12:34Z" level=info msg="Request URL /api/jobs/"
time="2026-08-06T20:12:34Z" level=info msg="Received request: GET /api/jobs/"
time="2026-08-06T20:12:34Z" level=info msg="Request URL /api/jobs/"
time="2026-08-06T20:12:34Z" level=info msg="Received request: GET /api/jobs/"
time="2026-08-06T20:12:34Z" level=info msg="Request URL /api/jobs/"
time="2026-08-06T20:12:34Z" level=info msg="Request URL /nodes?view=summary"
time="2026-08-06T20:12:34Z" level=info msg="Request URL /nodes?view=summary"
time="2026-08-06T20:12:35Z" level=info msg="Request URL /nodes?view=summary"
time="2026-08-06T20:12:36Z" level=info msg="Request URL /nodes?view=summary"
gc 31 @202.283s 8%: 1.0+2809+0.16 ms clock, 2.0+0/1286/1381+0.32 ms cpu, 479->560->317 MB, 553 MB goal, 0 MB stacks, 0 MB globals, 2 P
time="2026-08-06T20:12:37Z" level=info msg="Request URL /nodes?view=summary"
time="2026-08-06T20:12:37Z" level=info msg="Request URL /nodes?view=summary"
time="2026-08-06T20:12:37Z" level=info msg="Request URL /nodes?view=summary"
time="2026-08-06T20:12:37Z" level=info msg="Request URL /nodes?view=summary"
time="2026-08-06T20:12:37Z" level=info msg="Request URL /nodes?view=summary"
time="2026-08-06T20:12:37Z" level=info msg="Request URL /nodes?view=summary"
time="2026-08-06T20:12:38Z" level=info msg="Request URL /events"
gc 32 @205.383s 8%: 0.97+1824+0.044 ms clock, 1.9+0/771/1013+0.089 ms cpu, 560->600->276 MB, 634 MB goal, 0 MB stacks, 0 MB globals, 2 P
time="2026-08-06T20:12:39Z" level=info msg="Request URL /events"
time="2026-08-06T20:12:39Z" level=info msg="Request URL /events"
time="2026-08-06T20:12:39Z" level=info msg="Request URL /events"
time="2026-08-06T20:12:39Z" level=info msg="Request URL /events"
time="2026-08-06T20:12:39Z" level=info msg="Request URL /events"
time="2026-08-06T20:12:40Z" level=info msg="Request URL /events"
gc 33 @207.475s 8%: 0.42+1894+0.10 ms clock, 0.84+0/747/1050+0.21 ms cpu, 479->519->276 MB, 553 MB goal, 0 MB stacks, 0 MB globals, 2 P
time="2026-08-06T20:12:41Z" level=info msg="Request URL /events"
time="2026-08-06T20:12:41Z" level=info msg="Request URL /events"
time="2026-08-06T20:12:41Z" level=info msg="Request URL /events"
