time="2026-08-06T17:52:27Z" level=info msg="create client manager successfully, clients: 1"
time="2026-08-06T17:52:27Z" level=info msg="Begin to create s3 client ..."
time="2026-08-06T17:52:27Z" level=info msg="Checking if bucket ray-historyserver exists..."
time="2026-08-06T17:52:27Z" level=info msg="Bucket ray-historyserver already exists"
time="2026-08-06T17:52:27Z" level=info msg="Clean logdir is logs"
time="2026-08-06T17:52:27Z" level=info msg="Starting server on :8080"
time="2026-08-06T17:52:29Z" level=info msg="Received request: GET /readz"
time="2026-08-06T17:52:29Z" level=info msg="live clusters: []"
time="2026-08-06T17:52:29Z" level=info msg="[List]Returned objects in log/cluster-metadata/. length of page.Contents: 2, length of page.CommonPrefixes: 0"
time="2026-08-06T17:52:29Z" level=error msg="Failed to parse meta file path: log/cluster-metadata/raycluster/test-ns-gr9m2_raycluster-historyserver/, error: invalid path segment count for cluster metadata structure: log/cluster-metadata/raycluster/test-ns-gr9m2_raycluster-historyserver/"
time="2026-08-06T17:52:29Z" level=info msg="Parsed cluster raycluster-historyserver for session session_2026-08-06_10-50-41_862290_1 to list"
time="2026-08-06T17:52:29Z" level=info msg="live clusters: []"
time="2026-08-06T17:52:29Z" level=info msg="[List]Returned objects in log/cluster-metadata/. length of page.Contents: 2, length of page.CommonPrefixes: 0"
time="2026-08-06T17:52:29Z" level=error msg="Failed to parse meta file path: log/cluster-metadata/raycluster/test-ns-gr9m2_raycluster-historyserver/, error: invalid path segment count for cluster metadata structure: log/cluster-metadata/raycluster/test-ns-gr9m2_raycluster-historyserver/"
time="2026-08-06T17:52:29Z" level=info msg="Parsed cluster raycluster-historyserver for session session_2026-08-06_10-50-41_862290_1 to list"
time="2026-08-06T17:52:29Z" level=info msg="live clusters: []"
time="2026-08-06T17:52:29Z" level=info msg="[List]Returned objects in log/cluster-metadata/. length of page.Contents: 2, length of page.CommonPrefixes: 0"
time="2026-08-06T17:52:29Z" level=error msg="Failed to parse meta file path: log/cluster-metadata/raycluster/test-ns-gr9m2_raycluster-historyserver/, error: invalid path segment count for cluster metadata structure: log/cluster-metadata/raycluster/test-ns-gr9m2_raycluster-historyserver/"
time="2026-08-06T17:52:29Z" level=info msg="Parsed cluster raycluster-historyserver for session session_2026-08-06_10-50-41_862290_1 to list"
time="2026-08-06T17:52:29Z" level=info msg="live clusters: []"
time="2026-08-06T17:52:29Z" level=info msg="[List]Returned objects in log/cluster-metadata/. length of page.Contents: 2, length of page.CommonPrefixes: 0"
time="2026-08-06T17:52:29Z" level=error msg="Failed to parse meta file path: log/cluster-metadata/raycluster/test-ns-gr9m2_raycluster-historyserver/, error: invalid path segment count for cluster metadata structure: log/cluster-metadata/raycluster/test-ns-gr9m2_raycluster-historyserver/"
time="2026-08-06T17:52:29Z" level=info msg="Parsed cluster raycluster-historyserver for session session_2026-08-06_10-50-41_862290_1 to list"
time="2026-08-06T17:52:29Z" level=info msg="live clusters: []"
time="2026-08-06T17:52:29Z" level=info msg="[List]Returned objects in log/cluster-metadata/. length of page.Contents: 2, length of page.CommonPrefixes: 0"
time="2026-08-06T17:52:29Z" level=error msg="Failed to parse meta file path: log/cluster-metadata/raycluster/test-ns-gr9m2_raycluster-historyserver/, error: invalid path segment count for cluster metadata structure: log/cluster-metadata/raycluster/test-ns-gr9m2_raycluster-historyserver/"
time="2026-08-06T17:52:29Z" level=info msg="Parsed cluster raycluster-historyserver for session session_2026-08-06_10-50-41_862290_1 to list"
time="2026-08-06T17:52:29Z" level=info msg="Received request: GET /enter_cluster/test-ns-gr9m2/raycluster/raycluster-historyserver/session_2026-08-06_10-50-41_862290_1"
time="2026-08-06T17:52:29Z" level=info msg="[List]Returned objects in log/cluster-metadata/. length of page.Contents: 2, length of page.CommonPrefixes: 0"
time="2026-08-06T17:52:29Z" level=error msg="Failed to parse meta file path: log/cluster-metadata/raycluster/test-ns-gr9m2_raycluster-historyserver/, error: invalid path segment count for cluster metadata structure: log/cluster-metadata/raycluster/test-ns-gr9m2_raycluster-historyserver/"
time="2026-08-06T17:52:29Z" level=info msg="Parsed cluster raycluster-historyserver for session session_2026-08-06_10-50-41_862290_1 to list"
time="2026-08-06T17:52:29Z" level=info msg="[ListFiles]Returned objects in log/cluster-history/raycluster/test-ns-gr9m2/raycluster-historyserver/session_2026-08-06_10-50-41_862290_1/. length of page.Contents: 0, length of page.CommonPrefixes: 3"
time="2026-08-06T17:52:29Z" level=info msg="[ListFiles]Returned objects in log/cluster-history/raycluster/test-ns-gr9m2/raycluster-historyserver/session_2026-08-06_10-50-41_862290_1/a56f6b35d5d1f86c6832db9a9686e9a4f1d8a2bf69f74140dc1e0fd3/logs/events/. length of page.Contents: 11, length of page.CommonPrefixes: 0"
time="2026-08-06T17:52:29Z" level=info msg="Prepare to get object log/cluster-history/raycluster/test-ns-gr9m2/raycluster-historyserver/session_2026-08-06_10-50-41_862290_1/a56f6b35d5d1f86c6832db9a9686e9a4f1d8a2bf69f74140dc1e0fd3/logs/events/event_AUTOSCALER.log info ..."
time="2026-08-06T17:52:29Z" level=info msg="Prepare to get object log/cluster-history/raycluster/test-ns-gr9m2/raycluster-historyserver/session_2026-08-06_10-50-41_862290_1/a56f6b35d5d1f86c6832db9a9686e9a4f1d8a2bf69f74140dc1e0fd3/logs/events/event_CORE_WORKER_1017.log info ..."
time="2026-08-06T17:52:29Z" level=info msg="Prepare to get object log/cluster-history/raycluster/test-ns-gr9m2/raycluster-historyserver/session_2026-08-06_10-50-41_862290_1/a56f6b35d5d1f86c6832db9a9686e9a4f1d8a2bf69f74140dc1e0fd3/logs/events/event_CORE_WORKER_1182.log info ..."
time="2026-08-06T17:52:29Z" level=info msg="Prepare to get object log/cluster-history/raycluster/test-ns-gr9m2/raycluster-historyserver/session_2026-08-06_10-50-41_862290_1/a56f6b35d5d1f86c6832db9a9686e9a4f1d8a2bf69f74140dc1e0fd3/logs/events/event_CORE_WORKER_200.log info ..."
time="2026-08-06T17:52:29Z" level=info msg="Prepare to get object log/cluster-history/raycluster/test-ns-gr9m2/raycluster-historyserver/session_2026-08-06_10-50-41_862290_1/a56f6b35d5d1f86c6832db9a9686e9a4f1d8a2bf69f74140dc1e0fd3/logs/events/event_CORE_WORKER_205.log info ..."
time="2026-08-06T17:52:29Z" level=info msg="Prepare to get object log/cluster-history/raycluster/test-ns-gr9m2/raycluster-historyserver/session_2026-08-06_10-50-41_862290_1/a56f6b35d5d1f86c6832db9a9686e9a4f1d8a2bf69f74140dc1e0fd3/logs/events/event_CORE_WORKER_675.log info ..."
time="2026-08-06T17:52:29Z" level=info msg="Prepare to get object log/cluster-history/raycluster/test-ns-gr9m2/raycluster-historyserver/session_2026-08-06_10-50-41_862290_1/a56f6b35d5d1f86c6832db9a9686e9a4f1d8a2bf69f74140dc1e0fd3/logs/events/event_CORE_WORKER_959.log info ..."
time="2026-08-06T17:52:29Z" level=info msg="Prepare to get object log/cluster-history/raycluster/test-ns-gr9m2/raycluster-historyserver/session_2026-08-06_10-50-41_862290_1/a56f6b35d5d1f86c6832db9a9686e9a4f1d8a2bf69f74140dc1e0fd3/logs/events/event_GCS.log info ..."
time="2026-08-06T17:52:29Z" level=info msg="Prepare to get object log/cluster-history/raycluster/test-ns-gr9m2/raycluster-historyserver/session_2026-08-06_10-50-41_862290_1/a56f6b35d5d1f86c6832db9a9686e9a4f1d8a2bf69f74140dc1e0fd3/logs/events/event_JOBS.log info ..."
time="2026-08-06T17:52:29Z" level=info msg="Prepare to get object log/cluster-history/raycluster/test-ns-gr9m2/raycluster-historyserver/session_2026-08-06_10-50-41_862290_1/a56f6b35d5d1f86c6832db9a9686e9a4f1d8a2bf69f74140dc1e0fd3/logs/events/event_RAYLET.log info ..."
time="2026-08-06T17:52:29Z" level=info msg="[ListFiles]Returned objects in log/cluster-history/raycluster/test-ns-gr9m2/raycluster-historyserver/session_2026-08-06_10-50-41_862290_1/dc04639bf6f16bb9821dd5be2de25d1915cdc2698e3a720be2c10c5a/logs/events/. length of page.Contents: 13, length of page.CommonPrefixes: 0"
time="2026-08-06T17:52:29Z" level=info msg="Prepare to get object log/cluster-history/raycluster/test-ns-gr9m2/raycluster-historyserver/session_2026-08-06_10-50-41_862290_1/dc04639bf6f16bb9821dd5be2de25d1915cdc2698e3a720be2c10c5a/logs/events/event_CORE_WORKER_228.log info ..."
time="2026-08-06T17:52:29Z" level=info msg="Prepare to get object log/cluster-history/raycluster/test-ns-gr9m2/raycluster-historyserver/session_2026-08-06_10-50-41_862290_1/dc04639bf6f16bb9821dd5be2de25d1915cdc2698e3a720be2c10c5a/logs/events/event_CORE_WORKER_229.log info ..."
time="2026-08-06T17:52:29Z" level=info msg="Prepare to get object log/cluster-history/raycluster/test-ns-gr9m2/raycluster-historyserver/session_2026-08-06_10-50-41_862290_1/dc04639bf6f16bb9821dd5be2de25d1915cdc2698e3a720be2c10c5a/logs/events/event_CORE_WORKER_314.log info ..."
time="2026-08-06T17:52:29Z" level=info msg="Prepare to get object log/cluster-history/raycluster/test-ns-gr9m2/raycluster-historyserver/session_2026-08-06_10-50-41_862290_1/dc04639bf6f16bb9821dd5be2de25d1915cdc2698e3a720be2c10c5a/logs/events/event_CORE_WORKER_319.log info ..."
time="2026-08-06T17:52:29Z" level=info msg="Prepare to get object log/cluster-history/raycluster/test-ns-gr9m2/raycluster-historyserver/session_2026-08-06_10-50-41_862290_1/dc04639bf6f16bb9821dd5be2de25d1915cdc2698e3a720be2c10c5a/logs/events/event_CORE_WORKER_403.log info ..."
time="2026-08-06T17:52:29Z" level=info msg="Prepare to get object log/cluster-history/raycluster/test-ns-gr9m2/raycluster-historyserver/session_2026-08-06_10-50-41_862290_1/dc04639bf6f16bb9821dd5be2de25d1915cdc2698e3a720be2c10c5a/logs/events/event_CORE_WORKER_411.log info ..."
time="2026-08-06T17:52:29Z" level=info msg="Prepare to get object log/cluster-history/raycluster/test-ns-gr9m2/raycluster-historyserver/session_2026-08-06_10-50-41_862290_1/dc04639bf6f16bb9821dd5be2de25d1915cdc2698e3a720be2c10c5a/logs/events/event_CORE_WORKER_510.log info ..."
time="2026-08-06T17:52:29Z" level=info msg="Prepare to get object log/cluster-history/raycluster/test-ns-gr9m2/raycluster-historyserver/session_2026-08-06_10-50-41_862290_1/dc04639bf6f16bb9821dd5be2de25d1915cdc2698e3a720be2c10c5a/logs/events/event_CORE_WORKER_514.log info ..."
time="2026-08-06T17:52:29Z" level=info msg="Prepare to get object log/cluster-history/raycluster/test-ns-gr9m2/raycluster-historyserver/session_2026-08-06_10-50-41_862290_1/dc04639bf6f16bb9821dd5be2de25d1915cdc2698e3a720be2c10c5a/logs/events/event_CORE_WORKER_589.log info ..."
time="2026-08-06T17:52:29Z" level=info msg="Prepare to get object log/cluster-history/raycluster/test-ns-gr9m2/raycluster-historyserver/session_2026-08-06_10-50-41_862290_1/dc04639bf6f16bb9821dd5be2de25d1915cdc2698e3a720be2c10c5a/logs/events/event_CORE_WORKER_609.log info ..."
time="2026-08-06T17:52:29Z" level=info msg="Prepare to get object log/cluster-history/raycluster/test-ns-gr9m2/raycluster-historyserver/session_2026-08-06_10-50-41_862290_1/dc04639bf6f16bb9821dd5be2de25d1915cdc2698e3a720be2c10c5a/logs/events/event_CORE_WORKER_685.log info ..."
time="2026-08-06T17:52:29Z" level=info msg="Prepare to get object log/cluster-history/raycluster/test-ns-gr9m2/raycluster-historyserver/session_2026-08-06_10-50-41_862290_1/dc04639bf6f16bb9821dd5be2de25d1915cdc2698e3a720be2c10c5a/logs/events/event_RAYLET.log info ..."
time="2026-08-06T17:52:29Z" level=info msg="[ListFiles]Returned objects in log/cluster-history/raycluster/test-ns-gr9m2/raycluster-historyserver/session_2026-08-06_10-50-41_862290_1/fetched_endpoints/logs/events/. length of page.Contents: 0, length of page.CommonPrefixes: 0"
time="2026-08-06T17:52:29Z" level=info msg="[ListFiles]Returned objects in log/cluster-history/raycluster/test-ns-gr9m2/raycluster-historyserver/session_2026-08-06_10-50-41_862290_1/. length of page.Contents: 0, length of page.CommonPrefixes: 3"
time="2026-08-06T17:52:29Z" level=info msg="[ListFiles]Returned objects in log/cluster-history/raycluster/test-ns-gr9m2/raycluster-historyserver/session_2026-08-06_10-50-41_862290_1/a56f6b35d5d1f86c6832db9a9686e9a4f1d8a2bf69f74140dc1e0fd3/job_events/. length of page.Contents: 0, length of page.CommonPrefixes: 4"
time="2026-08-06T17:52:29Z" level=info msg="[ListFiles]Returned objects in log/cluster-history/raycluster/test-ns-gr9m2/raycluster-historyserver/session_2026-08-06_10-50-41_862290_1/a56f6b35d5d1f86c6832db9a9686e9a4f1d8a2bf69f74140dc1e0fd3/job_events/01000000/. length of page.Contents: 2, length of page.CommonPrefixes: 0"
time="2026-08-06T17:52:29Z" level=info msg="[ListFiles]Returned objects in log/cluster-history/raycluster/test-ns-gr9m2/raycluster-historyserver/session_2026-08-06_10-50-41_862290_1/a56f6b35d5d1f86c6832db9a9686e9a4f1d8a2bf69f74140dc1e0fd3/job_events/02000000/. length of page.Contents: 2, length of page.CommonPrefixes: 0"
time="2026-08-06T17:52:29Z" level=info msg="[ListFiles]Returned objects in log/cluster-history/raycluster/test-ns-gr9m2/raycluster-historyserver/session_2026-08-06_10-50-41_862290_1/a56f6b35d5d1f86c6832db9a9686e9a4f1d8a2bf69f74140dc1e0fd3/job_events/03000000/. length of page.Contents: 3, length of page.CommonPrefixes: 0"
time="2026-08-06T17:52:29Z" level=info msg="[ListFiles]Returned objects in log/cluster-history/raycluster/test-ns-gr9m2/raycluster-historyserver/session_2026-08-06_10-50-41_862290_1/a56f6b35d5d1f86c6832db9a9686e9a4f1d8a2bf69f74140dc1e0fd3/job_events/04000000/. length of page.Contents: 2, length of page.CommonPrefixes: 0"
time="2026-08-06T17:52:29Z" level=info msg="[ListFiles]Returned objects in log/cluster-history/raycluster/test-ns-gr9m2/raycluster-historyserver/session_2026-08-06_10-50-41_862290_1/dc04639bf6f16bb9821dd5be2de25d1915cdc2698e3a720be2c10c5a/job_events/. length of page.Contents: 0, length of page.CommonPrefixes: 1"
time="2026-08-06T17:52:29Z" level=info msg="[ListFiles]Returned objects in log/cluster-history/raycluster/test-ns-gr9m2/raycluster-historyserver/session_2026-08-06_10-50-41_862290_1/dc04639bf6f16bb9821dd5be2de25d1915cdc2698e3a720be2c10c5a/job_events/03000000/. length of page.Contents: 3, length of page.CommonPrefixes: 0"
time="2026-08-06T17:52:29Z" level=info msg="[ListFiles]Returned objects in log/cluster-history/raycluster/test-ns-gr9m2/raycluster-historyserver/session_2026-08-06_10-50-41_862290_1/fetched_endpoints/job_events/. length of page.Contents: 0, length of page.CommonPrefixes: 0"
time="2026-08-06T17:52:29Z" level=info msg="[ListFiles]Returned objects in log/cluster-history/raycluster/test-ns-gr9m2/raycluster-historyserver/session_2026-08-06_10-50-41_862290_1/. length of page.Contents: 0, length of page.CommonPrefixes: 3"
time="2026-08-06T17:52:29Z" level=info msg="[ListFiles]Returned objects in log/cluster-history/raycluster/test-ns-gr9m2/raycluster-historyserver/session_2026-08-06_10-50-41_862290_1/a56f6b35d5d1f86c6832db9a9686e9a4f1d8a2bf69f74140dc1e0fd3/node_events/. length of page.Contents: 2, length of page.CommonPrefixes: 0"
time="2026-08-06T17:52:29Z" level=info msg="[ListFiles]Returned objects in log/cluster-history/raycluster/test-ns-gr9m2/raycluster-historyserver/session_2026-08-06_10-50-41_862290_1/dc04639bf6f16bb9821dd5be2de25d1915cdc2698e3a720be2c10c5a/node_events/. length of page.Contents: 0, length of page.CommonPrefixes: 0"
time="2026-08-06T17:52:29Z" level=info msg="[ListFiles]Returned objects in log/cluster-history/raycluster/test-ns-gr9m2/raycluster-historyserver/session_2026-08-06_10-50-41_862290_1/fetched_endpoints/node_events/. length of page.Contents: 0, length of page.CommonPrefixes: 0"
time="2026-08-06T17:52:29Z" level=info msg="Prepare to get object log/cluster-history/raycluster/test-ns-gr9m2/raycluster-historyserver/session_2026-08-06_10-50-41_862290_1/a56f6b35d5d1f86c6832db9a9686e9a4f1d8a2bf69f74140dc1e0fd3/job_events/01000000/a56f6b35d5d1f86c6832db9a9686e9a4f1d8a2bf69f74140dc1e0fd3-2026-08-06-17-1786038647188124839.jsonl info ..."
time="2026-08-06T17:52:29Z" level=info msg="Prepare to get object log/cluster-history/raycluster/test-ns-gr9m2/raycluster-historyserver/session_2026-08-06_10-50-41_862290_1/a56f6b35d5d1f86c6832db9a9686e9a4f1d8a2bf69f74140dc1e0fd3/job_events/02000000/a56f6b35d5d1f86c6832db9a9686e9a4f1d8a2bf69f74140dc1e0fd3-2026-08-06-17-1786038664450076250.jsonl info ..."
time="2026-08-06T17:52:29Z" level=info msg="Prepare to get object log/cluster-history/raycluster/test-ns-gr9m2/raycluster-historyserver/session_2026-08-06_10-50-41_862290_1/a56f6b35d5d1f86c6832db9a9686e9a4f1d8a2bf69f74140dc1e0fd3/job_events/03000000/a56f6b35d5d1f86c6832db9a9686e9a4f1d8a2bf69f74140dc1e0fd3-2026-08-06-17-1786038665449892375.jsonl info ..."
time="2026-08-06T17:52:58Z" level=info msg="Prepare to get object log/cluster-history/raycluster/test-ns-gr9m2/raycluster-historyserver/session_2026-08-06_10-50-41_862290_1/a56f6b35d5d1f86c6832db9a9686e9a4f1d8a2bf69f74140dc1e0fd3/job_events/03000000/a56f6b35d5d1f86c6832db9a9686e9a4f1d8a2bf69f74140dc1e0fd3-2026-08-06-17-1786038706579211964.jsonl info ..."
time="2026-08-06T17:53:07Z" level=info msg="Prepare to get object log/cluster-history/raycluster/test-ns-gr9m2/raycluster-historyserver/session_2026-08-06_10-50-41_862290_1/a56f6b35d5d1f86c6832db9a9686e9a4f1d8a2bf69f74140dc1e0fd3/job_events/04000000/a56f6b35d5d1f86c6832db9a9686e9a4f1d8a2bf69f74140dc1e0fd3-2026-08-06-17-1786038681421630424.jsonl info ..."
time="2026-08-06T17:53:07Z" level=info msg="Prepare to get object log/cluster-history/raycluster/test-ns-gr9m2/raycluster-historyserver/session_2026-08-06_10-50-41_862290_1/dc04639bf6f16bb9821dd5be2de25d1915cdc2698e3a720be2c10c5a/job_events/03000000/dc04639bf6f16bb9821dd5be2de25d1915cdc2698e3a720be2c10c5a-2026-08-06-17-1786038666841296209.jsonl info ..."
time="2026-08-06T17:53:18Z" level=error msg="Failed to store events for file session_2026-08-06_10-50-41_862290_1/dc04639bf6f16bb9821dd5be2de25d1915cdc2698e3a720be2c10c5a/job_events/03000000/dc04639bf6f16bb9821dd5be2de25d1915cdc2698e3a720be2c10c5a-2026-08-06-17-1786038666841296209.jsonl: TASK_LIFECYCLE_EVENT must have at least one state transition"
time="2026-08-06T17:53:18Z" level=error msg="Failed to store events for file session_2026-08-06_10-50-41_862290_1/dc04639bf6f16bb9821dd5be2de25d1915cdc2698e3a720be2c10c5a/job_events/03000000/dc04639bf6f16bb9821dd5be2de25d1915cdc2698e3a720be2c10c5a-2026-08-06-17-1786038666841296209.jsonl: TASK_LIFECYCLE_EVENT must have at least one state transition"
time="2026-08-06T17:53:19Z" level=error msg="Failed to store events for file session_2026-08-06_10-50-41_862290_1/dc04639bf6f16bb9821dd5be2de25d1915cdc2698e3a720be2c10c5a/job_events/03000000/dc04639bf6f16bb9821dd5be2de25d1915cdc2698e3a720be2c10c5a-2026-08-06-17-1786038666841296209.jsonl: TASK_LIFECYCLE_EVENT must have at least one state transition"
time="2026-08-06T17:53:19Z" level=error msg="Failed to store events for file session_2026-08-06_10-50-41_862290_1/dc04639bf6f16bb9821dd5be2de25d1915cdc2698e3a720be2c10c5a/job_events/03000000/dc04639bf6f16bb9821dd5be2de25d1915cdc2698e3a720be2c10c5a-2026-08-06-17-1786038666841296209.jsonl: TASK_LIFECYCLE_EVENT must have at least one state transition"
time="2026-08-06T17:53:19Z" level=error msg="Failed to store events for file session_2026-08-06_10-50-41_862290_1/dc04639bf6f16bb9821dd5be2de25d1915cdc2698e3a720be2c10c5a/job_events/03000000/dc04639bf6f16bb9821dd5be2de25d1915cdc2698e3a720be2c10c5a-2026-08-06-17-1786038666841296209.jsonl: TASK_LIFECYCLE_EVENT must have at least one state transition"
time="2026-08-06T17:53:20Z" level=error msg="Failed to store events for file session_2026-08-06_10-50-41_862290_1/dc04639bf6f16bb9821dd5be2de25d1915cdc2698e3a720be2c10c5a/job_events/03000000/dc04639bf6f16bb9821dd5be2de25d1915cdc2698e3a720be2c10c5a-2026-08-06-17-1786038666841296209.jsonl: TASK_LIFECYCLE_EVENT must have at least one state transition"
time="2026-08-06T17:53:20Z" level=error msg="Failed to store events for file session_2026-08-06_10-50-41_862290_1/dc04639bf6f16bb9821dd5be2de25d1915cdc2698e3a720be2c10c5a/job_events/03000000/dc04639bf6f16bb9821dd5be2de25d1915cdc2698e3a720be2c10c5a-2026-08-06-17-1786038666841296209.jsonl: TASK_LIFECYCLE_EVENT must have at least one state transition"
time="2026-08-06T17:53:20Z" level=error msg="Failed to store events for file session_2026-08-06_10-50-41_862290_1/dc04639bf6f16bb9821dd5be2de25d1915cdc2698e3a720be2c10c5a/job_events/03000000/dc04639bf6f16bb9821dd5be2de25d1915cdc2698e3a720be2c10c5a-2026-08-06-17-1786038666841296209.jsonl: TASK_LIFECYCLE_EVENT must have at least one state transition"
time="2026-08-06T17:53:20Z" level=error msg="Failed to store events for file session_2026-08-06_10-50-41_862290_1/dc04639bf6f16bb9821dd5be2de25d1915cdc2698e3a720be2c10c5a/job_events/03000000/dc04639bf6f16bb9821dd5be2de25d1915cdc2698e3a720be2c10c5a-2026-08-06-17-1786038666841296209.jsonl: TASK_LIFECYCLE_EVENT must have at least one state transition"
time="2026-08-06T17:53:22Z" level=error msg="Failed to store events for file session_2026-08-06_10-50-41_862290_1/dc04639bf6f16bb9821dd5be2de25d1915cdc2698e3a720be2c10c5a/job_events/03000000/dc04639bf6f16bb9821dd5be2de25d1915cdc2698e3a720be2c10c5a-2026-08-06-17-1786038666841296209.jsonl: TASK_LIFECYCLE_EVENT must have at least one state transition"
time="2026-08-06T17:53:22Z" level=error msg="Failed to store events for file session_2026-08-06_10-50-41_862290_1/dc04639bf6f16bb9821dd5be2de25d1915cdc2698e3a720be2c10c5a/job_events/03000000/dc04639bf6f16bb9821dd5be2de25d1915cdc2698e3a720be2c10c5a-2026-08-06-17-1786038666841296209.jsonl: TASK_LIFECYCLE_EVENT must have at least one state transition"
time="2026-08-06T17:53:22Z" level=error msg="Failed to store events for file session_2026-08-06_10-50-41_862290_1/dc04639bf6f16bb9821dd5be2de25d1915cdc2698e3a720be2c10c5a/job_events/03000000/dc04639bf6f16bb9821dd5be2de25d1915cdc2698e3a720be2c10c5a-2026-08-06-17-1786038666841296209.jsonl: TASK_LIFECYCLE_EVENT must have at least one state transition"
time="2026-08-06T17:53:22Z" level=error msg="Failed to store events for file session_2026-08-06_10-50-41_862290_1/dc04639bf6f16bb9821dd5be2de25d1915cdc2698e3a720be2c10c5a/job_events/03000000/dc04639bf6f16bb9821dd5be2de25d1915cdc2698e3a720be2c10c5a-2026-08-06-17-1786038666841296209.jsonl: TASK_LIFECYCLE_EVENT must have at least one state transition"
time="2026-08-06T17:53:22Z" level=error msg="Failed to store events for file session_2026-08-06_10-50-41_862290_1/dc04639bf6f16bb9821dd5be2de25d1915cdc2698e3a720be2c10c5a/job_events/03000000/dc04639bf6f16bb9821dd5be2de25d1915cdc2698e3a720be2c10c5a-2026-08-06-17-1786038666841296209.jsonl: TASK_LIFECYCLE_EVENT must have at least one state transition"
time="2026-08-06T17:53:22Z" level=error msg="Failed to store events for file session_2026-08-06_10-50-41_862290_1/dc04639bf6f16bb9821dd5be2de25d1915cdc2698e3a720be2c10c5a/job_events/03000000/dc04639bf6f16bb9821dd5be2de25d1915cdc2698e3a720be2c10c5a-2026-08-06-17-1786038666841296209.jsonl: TASK_LIFECYCLE_EVENT must have at least one state transition"
time="2026-08-06T17:53:22Z" level=error msg="Failed to store events for file session_2026-08-06_10-50-41_862290_1/dc04639bf6f16bb9821dd5be2de25d1915cdc2698e3a720be2c10c5a/job_events/03000000/dc04639bf6f16bb9821dd5be2de25d1915cdc2698e3a720be2c10c5a-2026-08-06-17-1786038666841296209.jsonl: TASK_LIFECYCLE_EVENT must have at least one state transition"
time="2026-08-06T17:53:23Z" level=error msg="Failed to store events for file session_2026-08-06_10-50-41_862290_1/dc04639bf6f16bb9821dd5be2de25d1915cdc2698e3a720be2c10c5a/job_events/03000000/dc04639bf6f16bb9821dd5be2de25d1915cdc2698e3a720be2c10c5a-2026-08-06-17-1786038666841296209.jsonl: TASK_LIFECYCLE_EVENT must have at least one state transition"
time="2026-08-06T17:53:23Z" level=error msg="Failed to store events for file session_2026-08-06_10-50-41_862290_1/dc04639bf6f16bb9821dd5be2de25d1915cdc2698e3a720be2c10c5a/job_events/03000000/dc04639bf6f16bb9821dd5be2de25d1915cdc2698e3a720be2c10c5a-2026-08-06-17-1786038666841296209.jsonl: TASK_LIFECYCLE_EVENT must have at least one state transition"
time="2026-08-06T17:53:23Z" level=error msg="Failed to store events for file session_2026-08-06_10-50-41_862290_1/dc04639bf6f16bb9821dd5be2de25d1915cdc2698e3a720be2c10c5a/job_events/03000000/dc04639bf6f16bb9821dd5be2de25d1915cdc2698e3a720be2c10c5a-2026-08-06-17-1786038666841296209.jsonl: TASK_LIFECYCLE_EVENT must have at least one state transition"
time="2026-08-06T17:53:23Z" level=error msg="Failed to store events for file session_2026-08-06_10-50-41_862290_1/dc04639bf6f16bb9821dd5be2de25d1915cdc2698e3a720be2c10c5a/job_events/03000000/dc04639bf6f16bb9821dd5be2de25d1915cdc2698e3a720be2c10c5a-2026-08-06-17-1786038666841296209.jsonl: TASK_LIFECYCLE_EVENT must have at least one state transition"
time="2026-08-06T17:53:24Z" level=error msg="Failed to store events for file session_2026-08-06_10-50-41_862290_1/dc04639bf6f16bb9821dd5be2de25d1915cdc2698e3a720be2c10c5a/job_events/03000000/dc04639bf6f16bb9821dd5be2de25d1915cdc2698e3a720be2c10c5a-2026-08-06-17-1786038666841296209.jsonl: TASK_LIFECYCLE_EVENT must have at least one state transition"
time="2026-08-06T17:53:24Z" level=error msg="Failed to store events for file session_2026-08-06_10-50-41_862290_1/dc04639bf6f16bb9821dd5be2de25d1915cdc2698e3a720be2c10c5a/job_events/03000000/dc04639bf6f16bb9821dd5be2de25d1915cdc2698e3a720be2c10c5a-2026-08-06-17-1786038666841296209.jsonl: TASK_LIFECYCLE_EVENT must have at least one state transition"
time="2026-08-06T17:53:24Z" level=error msg="Failed to store events for file session_2026-08-06_10-50-41_862290_1/dc04639bf6f16bb9821dd5be2de25d1915cdc2698e3a720be2c10c5a/job_events/03000000/dc04639bf6f16bb9821dd5be2de25d1915cdc2698e3a720be2c10c5a-2026-08-06-17-1786038666841296209.jsonl: TASK_LIFECYCLE_EVENT must have at least one state transition"
time="2026-08-06T17:53:24Z" level=error msg="Failed to store events for file session_2026-08-06_10-50-41_862290_1/dc04639bf6f16bb9821dd5be2de25d1915cdc2698e3a720be2c10c5a/job_events/03000000/dc04639bf6f16bb9821dd5be2de25d1915cdc2698e3a720be2c10c5a-2026-08-06-17-1786038666841296209.jsonl: TASK_LIFECYCLE_EVENT must have at least one state transition"
time="2026-08-06T17:53:24Z" level=error msg="Failed to store events for file session_2026-08-06_10-50-41_862290_1/dc04639bf6f16bb9821dd5be2de25d1915cdc2698e3a720be2c10c5a/job_events/03000000/dc04639bf6f16bb9821dd5be2de25d1915cdc2698e3a720be2c10c5a-2026-08-06-17-1786038666841296209.jsonl: TASK_LIFECYCLE_EVENT must have at least one state transition"
time="2026-08-06T17:53:25Z" level=error msg="Failed to store events for file session_2026-08-06_10-50-41_862290_1/dc04639bf6f16bb9821dd5be2de25d1915cdc2698e3a720be2c10c5a/job_events/03000000/dc04639bf6f16bb9821dd5be2de25d1915cdc2698e3a720be2c10c5a-2026-08-06-17-1786038666841296209.jsonl: TASK_LIFECYCLE_EVENT must have at least one state transition"
time="2026-08-06T17:53:25Z" level=error msg="Failed to store events for file session_2026-08-06_10-50-41_862290_1/dc04639bf6f16bb9821dd5be2de25d1915cdc2698e3a720be2c10c5a/job_events/03000000/dc04639bf6f16bb9821dd5be2de25d1915cdc2698e3a720be2c10c5a-2026-08-06-17-1786038666841296209.jsonl: TASK_LIFECYCLE_EVENT must have at least one state transition"
time="2026-08-06T17:53:25Z" level=error msg="Failed to store events for file session_2026-08-06_10-50-41_862290_1/dc04639bf6f16bb9821dd5be2de25d1915cdc2698e3a720be2c10c5a/job_events/03000000/dc04639bf6f16bb9821dd5be2de25d1915cdc2698e3a720be2c10c5a-2026-08-06-17-1786038666841296209.jsonl: TASK_LIFECYCLE_EVENT must have at least one state transition"
time="2026-08-06T17:53:25Z" level=error msg="Failed to store events for file session_2026-08-06_10-50-41_862290_1/dc04639bf6f16bb9821dd5be2de25d1915cdc2698e3a720be2c10c5a/job_events/03000000/dc04639bf6f16bb9821dd5be2de25d1915cdc2698e3a720be2c10c5a-2026-08-06-17-1786038666841296209.jsonl: TASK_LIFECYCLE_EVENT must have at least one state transition"
time="2026-08-06T17:53:25Z" level=error msg="Failed to store events for file session_2026-08-06_10-50-41_862290_1/dc04639bf6f16bb9821dd5be2de25d1915cdc2698e3a720be2c10c5a/job_events/03000000/dc04639bf6f16bb9821dd5be2de25d1915cdc2698e3a720be2c10c5a-2026-08-06-17-1786038666841296209.jsonl: TASK_LIFECYCLE_EVENT must have at least one state transition"
time="2026-08-06T17:53:26Z" level=error msg="Failed to store events for file session_2026-08-06_10-50-41_862290_1/dc04639bf6f16bb9821dd5be2de25d1915cdc2698e3a720be2c10c5a/job_events/03000000/dc04639bf6f16bb9821dd5be2de25d1915cdc2698e3a720be2c10c5a-2026-08-06-17-1786038666841296209.jsonl: TASK_LIFECYCLE_EVENT must have at least one state transition"
time="2026-08-06T17:53:27Z" level=error msg="Failed to store events for file session_2026-08-06_10-50-41_862290_1/dc04639bf6f16bb9821dd5be2de25d1915cdc2698e3a720be2c10c5a/job_events/03000000/dc04639bf6f16bb9821dd5be2de25d1915cdc2698e3a720be2c10c5a-2026-08-06-17-1786038666841296209.jsonl: TASK_LIFECYCLE_EVENT must have at least one state transition"
time="2026-08-06T17:53:27Z" level=error msg="Failed to store events for file session_2026-08-06_10-50-41_862290_1/dc04639bf6f16bb9821dd5be2de25d1915cdc2698e3a720be2c10c5a/job_events/03000000/dc04639bf6f16bb9821dd5be2de25d1915cdc2698e3a720be2c10c5a-2026-08-06-17-1786038666841296209.jsonl: TASK_LIFECYCLE_EVENT must have at least one state transition"
time="2026-08-06T17:53:27Z" level=error msg="Failed to store events for file session_2026-08-06_10-50-41_862290_1/dc04639bf6f16bb9821dd5be2de25d1915cdc2698e3a720be2c10c5a/job_events/03000000/dc04639bf6f16bb9821dd5be2de25d1915cdc2698e3a720be2c10c5a-2026-08-06-17-1786038666841296209.jsonl: TASK_LIFECYCLE_EVENT must have at least one state transition"
time="2026-08-06T17:53:27Z" level=error msg="Failed to store events for file session_2026-08-06_10-50-41_862290_1/dc04639bf6f16bb9821dd5be2de25d1915cdc2698e3a720be2c10c5a/job_events/03000000/dc04639bf6f16bb9821dd5be2de25d1915cdc2698e3a720be2c10c5a-2026-08-06-17-1786038666841296209.jsonl: TASK_LIFECYCLE_EVENT must have at least one state transition"
time="2026-08-06T17:53:28Z" level=error msg="Failed to store events for file session_2026-08-06_10-50-41_862290_1/dc04639bf6f16bb9821dd5be2de25d1915cdc2698e3a720be2c10c5a/job_events/03000000/dc04639bf6f16bb9821dd5be2de25d1915cdc2698e3a720be2c10c5a-2026-08-06-17-1786038666841296209.jsonl: TASK_LIFECYCLE_EVENT must have at least one state transition"
time="2026-08-06T17:53:28Z" level=error msg="Failed to store events for file session_2026-08-06_10-50-41_862290_1/dc04639bf6f16bb9821dd5be2de25d1915cdc2698e3a720be2c10c5a/job_events/03000000/dc04639bf6f16bb9821dd5be2de25d1915cdc2698e3a720be2c10c5a-2026-08-06-17-1786038666841296209.jsonl: TASK_LIFECYCLE_EVENT must have at least one state transition"
time="2026-08-06T17:53:28Z" level=error msg="Failed to store events for file session_2026-08-06_10-50-41_862290_1/dc04639bf6f16bb9821dd5be2de25d1915cdc2698e3a720be2c10c5a/job_events/03000000/dc04639bf6f16bb9821dd5be2de25d1915cdc2698e3a720be2c10c5a-2026-08-06-17-1786038666841296209.jsonl: TASK_LIFECYCLE_EVENT must have at least one state transition"
time="2026-08-06T17:53:28Z" level=error msg="Failed to store events for file session_2026-08-06_10-50-41_862290_1/dc04639bf6f16bb9821dd5be2de25d1915cdc2698e3a720be2c10c5a/job_events/03000000/dc04639bf6f16bb9821dd5be2de25d1915cdc2698e3a720be2c10c5a-2026-08-06-17-1786038666841296209.jsonl: TASK_LIFECYCLE_EVENT must have at least one state transition"
time="2026-08-06T17:53:28Z" level=error msg="Failed to store events for file session_2026-08-06_10-50-41_862290_1/dc04639bf6f16bb9821dd5be2de25d1915cdc2698e3a720be2c10c5a/job_events/03000000/dc04639bf6f16bb9821dd5be2de25d1915cdc2698e3a720be2c10c5a-2026-08-06-17-1786038666841296209.jsonl: TASK_LIFECYCLE_EVENT must have at least one state transition"
time="2026-08-06T17:53:28Z" level=error msg="Failed to store events for file session_2026-08-06_10-50-41_862290_1/dc04639bf6f16bb9821dd5be2de25d1915cdc2698e3a720be2c10c5a/job_events/03000000/dc04639bf6f16bb9821dd5be2de25d1915cdc2698e3a720be2c10c5a-2026-08-06-17-1786038666841296209.jsonl: TASK_LIFECYCLE_EVENT must have at least one state transition"
time="2026-08-06T17:53:28Z" level=error msg="Failed to store events for file session_2026-08-06_10-50-41_862290_1/dc04639bf6f16bb9821dd5be2de25d1915cdc2698e3a720be2c10c5a/job_events/03000000/dc04639bf6f16bb9821dd5be2de25d1915cdc2698e3a720be2c10c5a-2026-08-06-17-1786038666841296209.jsonl: TASK_LIFECYCLE_EVENT must have at least one state transition"
time="2026-08-06T17:53:29Z" level=error msg="Failed to store events for file session_2026-08-06_10-50-41_862290_1/dc04639bf6f16bb9821dd5be2de25d1915cdc2698e3a720be2c10c5a/job_events/03000000/dc04639bf6f16bb9821dd5be2de25d1915cdc2698e3a720be2c10c5a-2026-08-06-17-1786038666841296209.jsonl: TASK_LIFECYCLE_EVENT must have at least one state transition"
time="2026-08-06T17:53:29Z" level=error msg="Failed to store events for file session_2026-08-06_10-50-41_862290_1/dc04639bf6f16bb9821dd5be2de25d1915cdc2698e3a720be2c10c5a/job_events/03000000/dc04639bf6f16bb9821dd5be2de25d1915cdc2698e3a720be2c10c5a-2026-08-06-17-1786038666841296209.jsonl: TASK_LIFECYCLE_EVENT must have at least one state transition"
time="2026-08-06T17:53:29Z" level=error msg="Failed to store events for file session_2026-08-06_10-50-41_862290_1/dc04639bf6f16bb9821dd5be2de25d1915cdc2698e3a720be2c10c5a/job_events/03000000/dc04639bf6f16bb9821dd5be2de25d1915cdc2698e3a720be2c10c5a-2026-08-06-17-1786038666841296209.jsonl: TASK_LIFECYCLE_EVENT must have at least one state transition"
time="2026-08-06T17:53:29Z" level=error msg="Failed to store events for file session_2026-08-06_10-50-41_862290_1/dc04639bf6f16bb9821dd5be2de25d1915cdc2698e3a720be2c10c5a/job_events/03000000/dc04639bf6f16bb9821dd5be2de25d1915cdc2698e3a720be2c10c5a-2026-08-06-17-1786038666841296209.jsonl: TASK_LIFECYCLE_EVENT must have at least one state transition"
time="2026-08-06T17:53:29Z" level=error msg="Failed to store events for file session_2026-08-06_10-50-41_862290_1/dc04639bf6f16bb9821dd5be2de25d1915cdc2698e3a720be2c10c5a/job_events/03000000/dc04639bf6f16bb9821dd5be2de25d1915cdc2698e3a720be2c10c5a-2026-08-06-17-1786038666841296209.jsonl: TASK_LIFECYCLE_EVENT must have at least one state transition"
time="2026-08-06T17:53:29Z" level=error msg="Failed to store events for file session_2026-08-06_10-50-41_862290_1/dc04639bf6f16bb9821dd5be2de25d1915cdc2698e3a720be2c10c5a/job_events/03000000/dc04639bf6f16bb9821dd5be2de25d1915cdc2698e3a720be2c10c5a-2026-08-06-17-1786038666841296209.jsonl: TASK_LIFECYCLE_EVENT must have at least one state transition"
time="2026-08-06T17:53:29Z" level=error msg="Failed to store events for file session_2026-08-06_10-50-41_862290_1/dc04639bf6f16bb9821dd5be2de25d1915cdc2698e3a720be2c10c5a/job_events/03000000/dc04639bf6f16bb9821dd5be2de25d1915cdc2698e3a720be2c10c5a-2026-08-06-17-1786038666841296209.jsonl: TASK_LIFECYCLE_EVENT must have at least one state transition"
time="2026-08-06T17:53:29Z" level=error msg="Failed to store events for file session_2026-08-06_10-50-41_862290_1/dc04639bf6f16bb9821dd5be2de25d1915cdc2698e3a720be2c10c5a/job_events/03000000/dc04639bf6f16bb9821dd5be2de25d1915cdc2698e3a720be2c10c5a-2026-08-06-17-1786038666841296209.jsonl: TASK_LIFECYCLE_EVENT must have at least one state transition"
time="2026-08-06T17:53:30Z" level=error msg="Failed to store events for file session_2026-08-06_10-50-41_862290_1/dc04639bf6f16bb9821dd5be2de25d1915cdc2698e3a720be2c10c5a/job_events/03000000/dc04639bf6f16bb9821dd5be2de25d1915cdc2698e3a720be2c10c5a-2026-08-06-17-1786038666841296209.jsonl: TASK_LIFECYCLE_EVENT must have at least one state transition"
time="2026-08-06T17:53:30Z" level=error msg="Failed to store events for file session_2026-08-06_10-50-41_862290_1/dc04639bf6f16bb9821dd5be2de25d1915cdc2698e3a720be2c10c5a/job_events/03000000/dc04639bf6f16bb9821dd5be2de25d1915cdc2698e3a720be2c10c5a-2026-08-06-17-1786038666841296209.jsonl: TASK_LIFECYCLE_EVENT must have at least one state transition"
time="2026-08-06T17:53:30Z" level=error msg="Failed to store events for file session_2026-08-06_10-50-41_862290_1/dc04639bf6f16bb9821dd5be2de25d1915cdc2698e3a720be2c10c5a/job_events/03000000/dc04639bf6f16bb9821dd5be2de25d1915cdc2698e3a720be2c10c5a-2026-08-06-17-1786038666841296209.jsonl: TASK_LIFECYCLE_EVENT must have at least one state transition"
time="2026-08-06T17:53:30Z" level=error msg="Failed to store events for file session_2026-08-06_10-50-41_862290_1/dc04639bf6f16bb9821dd5be2de25d1915cdc2698e3a720be2c10c5a/job_events/03000000/dc04639bf6f16bb9821dd5be2de25d1915cdc2698e3a720be2c10c5a-2026-08-06-17-1786038666841296209.jsonl: TASK_LIFECYCLE_EVENT must have at least one state transition"
time="2026-08-06T17:53:31Z" level=error msg="Failed to store events for file session_2026-08-06_10-50-41_862290_1/dc04639bf6f16bb9821dd5be2de25d1915cdc2698e3a720be2c10c5a/job_events/03000000/dc04639bf6f16bb9821dd5be2de25d1915cdc2698e3a720be2c10c5a-2026-08-06-17-1786038666841296209.jsonl: TASK_LIFECYCLE_EVENT must have at least one state transition"
time="2026-08-06T17:53:31Z" level=error msg="Failed to store events for file session_2026-08-06_10-50-41_862290_1/dc04639bf6f16bb9821dd5be2de25d1915cdc2698e3a720be2c10c5a/job_events/03000000/dc04639bf6f16bb9821dd5be2de25d1915cdc2698e3a720be2c10c5a-2026-08-06-17-1786038666841296209.jsonl: TASK_LIFECYCLE_EVENT must have at least one state transition"
time="2026-08-06T17:53:32Z" level=error msg="Failed to store events for file session_2026-08-06_10-50-41_862290_1/dc04639bf6f16bb9821dd5be2de25d1915cdc2698e3a720be2c10c5a/job_events/03000000/dc04639bf6f16bb9821dd5be2de25d1915cdc2698e3a720be2c10c5a-2026-08-06-17-1786038666841296209.jsonl: TASK_LIFECYCLE_EVENT must have at least one state transition"
time="2026-08-06T17:53:32Z" level=info msg="Prepare to get object log/cluster-history/raycluster/test-ns-gr9m2/raycluster-historyserver/session_2026-08-06_10-50-41_862290_1/dc04639bf6f16bb9821dd5be2de25d1915cdc2698e3a720be2c10c5a/job_events/03000000/dc04639bf6f16bb9821dd5be2de25d1915cdc2698e3a720be2c10c5a-2026-08-06-17-1786038714981822343.jsonl info ..."
time="2026-08-06T17:53:33Z" level=error msg="Failed to store events for file session_2026-08-06_10-50-41_862290_1/dc04639bf6f16bb9821dd5be2de25d1915cdc2698e3a720be2c10c5a/job_events/03000000/dc04639bf6f16bb9821dd5be2de25d1915cdc2698e3a720be2c10c5a-2026-08-06-17-1786038714981822343.jsonl: TASK_LIFECYCLE_EVENT must have at least one state transition"
time="2026-08-06T17:53:33Z" level=error msg="Failed to store events for file session_2026-08-06_10-50-41_862290_1/dc04639bf6f16bb9821dd5be2de25d1915cdc2698e3a720be2c10c5a/job_events/03000000/dc04639bf6f16bb9821dd5be2de25d1915cdc2698e3a720be2c10c5a-2026-08-06-17-1786038714981822343.jsonl: TASK_LIFECYCLE_EVENT must have at least one state transition"
time="2026-08-06T17:53:33Z" level=error msg="Failed to store events for file session_2026-08-06_10-50-41_862290_1/dc04639bf6f16bb9821dd5be2de25d1915cdc2698e3a720be2c10c5a/job_events/03000000/dc04639bf6f16bb9821dd5be2de25d1915cdc2698e3a720be2c10c5a-2026-08-06-17-1786038714981822343.jsonl: TASK_LIFECYCLE_EVENT must have at least one state transition"
time="2026-08-06T17:53:33Z" level=info msg="Prepare to get object log/cluster-history/raycluster/test-ns-gr9m2/raycluster-historyserver/session_2026-08-06_10-50-41_862290_1/a56f6b35d5d1f86c6832db9a9686e9a4f1d8a2bf69f74140dc1e0fd3/node_events/a56f6b35d5d1f86c6832db9a9686e9a4f1d8a2bf69f74140dc1e0fd3-2026-08-06-17-1786038647081453214.jsonl info ..."
time="2026-08-06T17:53:35Z" level=info msg="Received request: GET /enter_cluster/test-ns-gr9m2/raycluster/raycluster-historyserver/session_2026-08-06_10-50-41_862290_1"
time="2026-08-06T17:53:35Z" level=info msg="[List]Returned objects in log/cluster-metadata/. length of page.Contents: 2, length of page.CommonPrefixes: 0"
time="2026-08-06T17:53:35Z" level=error msg="Failed to parse meta file path: log/cluster-metadata/raycluster/test-ns-gr9m2_raycluster-historyserver/, error: invalid path segment count for cluster metadata structure: log/cluster-metadata/raycluster/test-ns-gr9m2_raycluster-historyserver/"
time="2026-08-06T17:53:35Z" level=info msg="Parsed cluster raycluster-historyserver for session session_2026-08-06_10-50-41_862290_1 to list"
time="2026-08-06T17:53:35Z" level=info msg="Received request: GET /api/v0/tasks?limit=100000"
time="2026-08-06T17:53:35Z" level=info msg="Request URL /api/v0/tasks?limit=100000"
time="2026-08-06T17:53:35Z" level=info msg="Received request: GET /api/v0/tasks?limit=100000"
time="2026-08-06T17:53:35Z" level=info msg="Request URL /api/v0/tasks?limit=100000"
time="2026-08-06T17:53:35Z" level=info msg="Received request: GET /api/v0/tasks?limit=100000"
time="2026-08-06T17:53:35Z" level=info msg="Request URL /api/v0/tasks?limit=100000"
time="2026-08-06T17:53:35Z" level=info msg="Received request: GET /api/v0/tasks?limit=100000"
time="2026-08-06T17:53:35Z" level=info msg="Request URL /api/v0/tasks?limit=100000"
time="2026-08-06T17:53:35Z" level=info msg="Received request: GET /api/v0/tasks?limit=100000"
time="2026-08-06T17:53:35Z" level=info msg="Request URL /api/v0/tasks?limit=100000"
time="2026-08-06T17:53:35Z" level=info msg="Received request: GET /api/v0/tasks?limit=100000"
time="2026-08-06T17:53:35Z" level=info msg="Request URL /api/v0/tasks?limit=100000"
time="2026-08-06T17:53:35Z" level=info msg="Received request: GET /api/v0/tasks?limit=100000"
time="2026-08-06T17:53:35Z" level=info msg="Request URL /api/v0/tasks?limit=100000"
time="2026-08-06T17:53:35Z" level=info msg="Received request: GET /api/v0/tasks?limit=100000"
time="2026-08-06T17:53:35Z" level=info msg="Request URL /api/v0/tasks?limit=100000"
time="2026-08-06T17:53:35Z" level=info msg="Received request: GET /api/v0/tasks?limit=100000"
time="2026-08-06T17:53:35Z" level=info msg="Request URL /api/v0/tasks?limit=100000"
time="2026-08-06T17:53:35Z" level=info msg="Received request: GET /api/v0/tasks?limit=100000"
time="2026-08-06T17:53:35Z" level=info msg="Request URL /api/v0/tasks?limit=100000"
time="2026-08-06T17:53:35Z" level=info msg="Received request: GET /api/v0/tasks/summarize"
time="2026-08-06T17:53:35Z" level=info msg="Request URL /api/v0/tasks/summarize"
time="2026-08-06T17:53:36Z" level=info msg="Received request: GET /api/v0/tasks/summarize"
time="2026-08-06T17:53:36Z" level=info msg="Request URL /api/v0/tasks/summarize"
time="2026-08-06T17:53:37Z" level=info msg="Received request: GET /api/v0/tasks/summarize"
time="2026-08-06T17:53:37Z" level=info msg="Request URL /api/v0/tasks/summarize"
time="2026-08-06T17:53:38Z" level=info msg="Received request: GET /api/v0/tasks/summarize"
time="2026-08-06T17:53:38Z" level=info msg="Request URL /api/v0/tasks/summarize"
time="2026-08-06T17:53:39Z" level=info msg="Received request: GET /api/v0/tasks/summarize"
time="2026-08-06T17:53:39Z" level=info msg="Request URL /api/v0/tasks/summarize"
time="2026-08-06T17:53:40Z" level=info msg="Received request: GET /api/v0/tasks/summarize"
time="2026-08-06T17:53:40Z" level=info msg="Request URL /api/v0/tasks/summarize"
time="2026-08-06T17:53:41Z" level=info msg="Received request: GET /api/v0/tasks/summarize"
time="2026-08-06T17:53:41Z" level=info msg="Request URL /api/v0/tasks/summarize"
time="2026-08-06T17:53:41Z" level=info msg="Received request: GET /api/v0/tasks/summarize"
time="2026-08-06T17:53:41Z" level=info msg="Request URL /api/v0/tasks/summarize"
time="2026-08-06T17:53:42Z" level=info msg="Received request: GET /api/v0/tasks/summarize"
time="2026-08-06T17:53:42Z" level=info msg="Request URL /api/v0/tasks/summarize"
time="2026-08-06T17:53:43Z" level=info msg="Received request: GET /api/v0/tasks/summarize"
time="2026-08-06T17:53:43Z" level=info msg="Request URL /api/v0/tasks/summarize"
time="2026-08-06T17:53:44Z" level=info msg="Received request: GET /api/jobs/"
time="2026-08-06T17:53:44Z" level=info msg="Request URL /api/jobs/"
time="2026-08-06T17:53:44Z" level=info msg="Received request: GET /api/jobs/"
time="2026-08-06T17:53:44Z" level=info msg="Request URL /api/jobs/"
time="2026-08-06T17:53:44Z" level=info msg="Received request: GET /api/jobs/"
time="2026-08-06T17:53:44Z" level=info msg="Request URL /api/jobs/"
time="2026-08-06T17:53:44Z" level=info msg="Received request: GET /api/jobs/"
time="2026-08-06T17:53:44Z" level=info msg="Request URL /api/jobs/"
time="2026-08-06T17:53:44Z" level=info msg="Received request: GET /api/jobs/"
time="2026-08-06T17:53:44Z" level=info msg="Request URL /api/jobs/"
time="2026-08-06T17:53:44Z" level=info msg="Received request: GET /api/jobs/"
time="2026-08-06T17:53:44Z" level=info msg="Request URL /api/jobs/"
time="2026-08-06T17:53:44Z" level=info msg="Received request: GET /api/jobs/"
time="2026-08-06T17:53:44Z" level=info msg="Request URL /api/jobs/"
time="2026-08-06T17:53:44Z" level=info msg="Received request: GET /api/jobs/"
time="2026-08-06T17:53:44Z" level=info msg="Request URL /api/jobs/"
time="2026-08-06T17:53:44Z" level=info msg="Received request: GET /api/jobs/"
time="2026-08-06T17:53:44Z" level=info msg="Request URL /api/jobs/"
time="2026-08-06T17:53:44Z" level=info msg="Received request: GET /api/jobs/"
time="2026-08-06T17:53:44Z" level=info msg="Request URL /api/jobs/"
time="2026-08-06T17:53:44Z" level=info msg="Request URL /nodes?view=summary"
time="2026-08-06T17:53:44Z" level=info msg="Request URL /nodes?view=summary"
time="2026-08-06T17:53:44Z" level=info msg="Request URL /nodes?view=summary"
time="2026-08-06T17:53:44Z" level=info msg="Request URL /nodes?view=summary"
time="2026-08-06T17:53:45Z" level=info msg="Request URL /nodes?view=summary"
time="2026-08-06T17:53:45Z" level=info msg="Request URL /nodes?view=summary"
time="2026-08-06T17:53:45Z" level=info msg="Request URL /nodes?view=summary"
time="2026-08-06T17:53:45Z" level=info msg="Request URL /nodes?view=summary"
time="2026-08-06T17:53:45Z" level=info msg="Request URL /nodes?view=summary"
time="2026-08-06T17:53:45Z" level=info msg="Request URL /nodes?view=summary"
time="2026-08-06T17:53:45Z" level=info msg="Request URL /events"
time="2026-08-06T17:53:45Z" level=info msg="Request URL /events"
time="2026-08-06T17:53:45Z" level=info msg="Request URL /events"
time="2026-08-06T17:53:45Z" level=info msg="Request URL /events"
time="2026-08-06T17:53:45Z" level=info msg="Request URL /events"
time="2026-08-06T17:53:45Z" level=info msg="Request URL /events"
time="2026-08-06T17:53:45Z" level=info msg="Request URL /events"
time="2026-08-06T17:53:46Z" level=info msg="Request URL /events"
time="2026-08-06T17:53:46Z" level=info msg="Request URL /events"
time="2026-08-06T17:53:46Z" level=info msg="Request URL /events"
