time="2026-08-06T20:05:25Z" level=info msg="create client manager successfully, clients: 1"
time="2026-08-06T20:05:25Z" level=info msg="Begin to create s3 client ..."
time="2026-08-06T20:05:25Z" level=info msg="Checking if bucket ray-historyserver exists..."
time="2026-08-06T20:05:25Z" level=info msg="Bucket ray-historyserver already exists"
time="2026-08-06T20:05:25Z" level=info msg="Clean logdir is logs"
time="2026-08-06T20:05:25Z" level=info msg="Starting server on :8080"
time="2026-08-06T20:05:26Z" level=info msg="Received request: GET /readz"
time="2026-08-06T20:05:26Z" level=info msg="live clusters: []"
time="2026-08-06T20:05:26Z" level=info msg="[List]Returned objects in log/cluster-metadata/. length of page.Contents: 2, length of page.CommonPrefixes: 0"
time="2026-08-06T20:05:26Z" level=error msg="Failed to parse meta file path: log/cluster-metadata/raycluster/test-ns-kzqms_raycluster-historyserver/, error: invalid path segment count for cluster metadata structure: log/cluster-metadata/raycluster/test-ns-kzqms_raycluster-historyserver/"
time="2026-08-06T20:05:26Z" level=info msg="Parsed cluster raycluster-historyserver for session session_2026-08-06_13-03-40_447142_1 to list"
time="2026-08-06T20:05:26Z" level=info msg="live clusters: []"
time="2026-08-06T20:05:26Z" level=info msg="[List]Returned objects in log/cluster-metadata/. length of page.Contents: 2, length of page.CommonPrefixes: 0"
time="2026-08-06T20:05:26Z" level=error msg="Failed to parse meta file path: log/cluster-metadata/raycluster/test-ns-kzqms_raycluster-historyserver/, error: invalid path segment count for cluster metadata structure: log/cluster-metadata/raycluster/test-ns-kzqms_raycluster-historyserver/"
time="2026-08-06T20:05:26Z" level=info msg="Parsed cluster raycluster-historyserver for session session_2026-08-06_13-03-40_447142_1 to list"
time="2026-08-06T20:05:26Z" level=info msg="live clusters: []"
time="2026-08-06T20:05:26Z" level=info msg="[List]Returned objects in log/cluster-metadata/. length of page.Contents: 2, length of page.CommonPrefixes: 0"
time="2026-08-06T20:05:26Z" level=error msg="Failed to parse meta file path: log/cluster-metadata/raycluster/test-ns-kzqms_raycluster-historyserver/, error: invalid path segment count for cluster metadata structure: log/cluster-metadata/raycluster/test-ns-kzqms_raycluster-historyserver/"
time="2026-08-06T20:05:26Z" level=info msg="Parsed cluster raycluster-historyserver for session session_2026-08-06_13-03-40_447142_1 to list"
time="2026-08-06T20:05:26Z" level=info msg="live clusters: []"
time="2026-08-06T20:05:26Z" level=info msg="[List]Returned objects in log/cluster-metadata/. length of page.Contents: 2, length of page.CommonPrefixes: 0"
time="2026-08-06T20:05:26Z" level=error msg="Failed to parse meta file path: log/cluster-metadata/raycluster/test-ns-kzqms_raycluster-historyserver/, error: invalid path segment count for cluster metadata structure: log/cluster-metadata/raycluster/test-ns-kzqms_raycluster-historyserver/"
time="2026-08-06T20:05:26Z" level=info msg="Parsed cluster raycluster-historyserver for session session_2026-08-06_13-03-40_447142_1 to list"
time="2026-08-06T20:05:26Z" level=info msg="live clusters: []"
time="2026-08-06T20:05:26Z" level=info msg="[List]Returned objects in log/cluster-metadata/. length of page.Contents: 2, length of page.CommonPrefixes: 0"
time="2026-08-06T20:05:26Z" level=error msg="Failed to parse meta file path: log/cluster-metadata/raycluster/test-ns-kzqms_raycluster-historyserver/, error: invalid path segment count for cluster metadata structure: log/cluster-metadata/raycluster/test-ns-kzqms_raycluster-historyserver/"
time="2026-08-06T20:05:26Z" level=info msg="Parsed cluster raycluster-historyserver for session session_2026-08-06_13-03-40_447142_1 to list"
time="2026-08-06T20:05:26Z" level=info msg="Received request: GET /enter_cluster/test-ns-kzqms/raycluster/raycluster-historyserver/session_2026-08-06_13-03-40_447142_1"
time="2026-08-06T20:05:26Z" level=info msg="[List]Returned objects in log/cluster-metadata/. length of page.Contents: 2, length of page.CommonPrefixes: 0"
time="2026-08-06T20:05:26Z" level=error msg="Failed to parse meta file path: log/cluster-metadata/raycluster/test-ns-kzqms_raycluster-historyserver/, error: invalid path segment count for cluster metadata structure: log/cluster-metadata/raycluster/test-ns-kzqms_raycluster-historyserver/"
time="2026-08-06T20:05:26Z" level=info msg="Parsed cluster raycluster-historyserver for session session_2026-08-06_13-03-40_447142_1 to list"
time="2026-08-06T20:05:26Z" level=info msg="[ListFiles]Returned objects in log/cluster-history/raycluster/test-ns-kzqms/raycluster-historyserver/session_2026-08-06_13-03-40_447142_1/. length of page.Contents: 0, length of page.CommonPrefixes: 3"
time="2026-08-06T20:05:26Z" level=info msg="[ListFiles]Returned objects in log/cluster-history/raycluster/test-ns-kzqms/raycluster-historyserver/session_2026-08-06_13-03-40_447142_1/88969cfa435f760fd2668af2ea20a6595fd813e66e0f8b7b1d681d2e/logs/events/. length of page.Contents: 13, length of page.CommonPrefixes: 0"
time="2026-08-06T20:05:26Z" level=info msg="Prepare to get object log/cluster-history/raycluster/test-ns-kzqms/raycluster-historyserver/session_2026-08-06_13-03-40_447142_1/88969cfa435f760fd2668af2ea20a6595fd813e66e0f8b7b1d681d2e/logs/events/event_CORE_WORKER_228.log info ..."
time="2026-08-06T20:05:26Z" level=info msg="Prepare to get object log/cluster-history/raycluster/test-ns-kzqms/raycluster-historyserver/session_2026-08-06_13-03-40_447142_1/88969cfa435f760fd2668af2ea20a6595fd813e66e0f8b7b1d681d2e/logs/events/event_CORE_WORKER_229.log info ..."
time="2026-08-06T20:05:26Z" level=info msg="Prepare to get object log/cluster-history/raycluster/test-ns-kzqms/raycluster-historyserver/session_2026-08-06_13-03-40_447142_1/88969cfa435f760fd2668af2ea20a6595fd813e66e0f8b7b1d681d2e/logs/events/event_CORE_WORKER_297.log info ..."
time="2026-08-06T20:05:26Z" level=info msg="Prepare to get object log/cluster-history/raycluster/test-ns-kzqms/raycluster-historyserver/session_2026-08-06_13-03-40_447142_1/88969cfa435f760fd2668af2ea20a6595fd813e66e0f8b7b1d681d2e/logs/events/event_CORE_WORKER_317.log info ..."
time="2026-08-06T20:05:26Z" level=info msg="Prepare to get object log/cluster-history/raycluster/test-ns-kzqms/raycluster-historyserver/session_2026-08-06_13-03-40_447142_1/88969cfa435f760fd2668af2ea20a6595fd813e66e0f8b7b1d681d2e/logs/events/event_CORE_WORKER_403.log info ..."
time="2026-08-06T20:05:26Z" level=info msg="Prepare to get object log/cluster-history/raycluster/test-ns-kzqms/raycluster-historyserver/session_2026-08-06_13-03-40_447142_1/88969cfa435f760fd2668af2ea20a6595fd813e66e0f8b7b1d681d2e/logs/events/event_CORE_WORKER_419.log info ..."
time="2026-08-06T20:05:26Z" level=info msg="Prepare to get object log/cluster-history/raycluster/test-ns-kzqms/raycluster-historyserver/session_2026-08-06_13-03-40_447142_1/88969cfa435f760fd2668af2ea20a6595fd813e66e0f8b7b1d681d2e/logs/events/event_CORE_WORKER_493.log info ..."
time="2026-08-06T20:05:26Z" level=info msg="Prepare to get object log/cluster-history/raycluster/test-ns-kzqms/raycluster-historyserver/session_2026-08-06_13-03-40_447142_1/88969cfa435f760fd2668af2ea20a6595fd813e66e0f8b7b1d681d2e/logs/events/event_CORE_WORKER_512.log info ..."
time="2026-08-06T20:05:26Z" level=info msg="Prepare to get object log/cluster-history/raycluster/test-ns-kzqms/raycluster-historyserver/session_2026-08-06_13-03-40_447142_1/88969cfa435f760fd2668af2ea20a6595fd813e66e0f8b7b1d681d2e/logs/events/event_CORE_WORKER_603.log info ..."
time="2026-08-06T20:05:26Z" level=info msg="Prepare to get object log/cluster-history/raycluster/test-ns-kzqms/raycluster-historyserver/session_2026-08-06_13-03-40_447142_1/88969cfa435f760fd2668af2ea20a6595fd813e66e0f8b7b1d681d2e/logs/events/event_CORE_WORKER_608.log info ..."
time="2026-08-06T20:05:26Z" level=info msg="Prepare to get object log/cluster-history/raycluster/test-ns-kzqms/raycluster-historyserver/session_2026-08-06_13-03-40_447142_1/88969cfa435f760fd2668af2ea20a6595fd813e66e0f8b7b1d681d2e/logs/events/event_CORE_WORKER_695.log info ..."
time="2026-08-06T20:05:26Z" level=info msg="Prepare to get object log/cluster-history/raycluster/test-ns-kzqms/raycluster-historyserver/session_2026-08-06_13-03-40_447142_1/88969cfa435f760fd2668af2ea20a6595fd813e66e0f8b7b1d681d2e/logs/events/event_RAYLET.log info ..."
time="2026-08-06T20:05:26Z" level=info msg="[ListFiles]Returned objects in log/cluster-history/raycluster/test-ns-kzqms/raycluster-historyserver/session_2026-08-06_13-03-40_447142_1/e8425e1954a1f21d5fa87a9ce11f4acb5728537b3a42b76a8a91c425/logs/events/. length of page.Contents: 11, length of page.CommonPrefixes: 0"
time="2026-08-06T20:05:26Z" level=info msg="Prepare to get object log/cluster-history/raycluster/test-ns-kzqms/raycluster-historyserver/session_2026-08-06_13-03-40_447142_1/e8425e1954a1f21d5fa87a9ce11f4acb5728537b3a42b76a8a91c425/logs/events/event_AUTOSCALER.log info ..."
time="2026-08-06T20:05:26Z" level=info msg="Prepare to get object log/cluster-history/raycluster/test-ns-kzqms/raycluster-historyserver/session_2026-08-06_13-03-40_447142_1/e8425e1954a1f21d5fa87a9ce11f4acb5728537b3a42b76a8a91c425/logs/events/event_CORE_WORKER_1014.log info ..."
time="2026-08-06T20:05:26Z" level=info msg="Prepare to get object log/cluster-history/raycluster/test-ns-kzqms/raycluster-historyserver/session_2026-08-06_13-03-40_447142_1/e8425e1954a1f21d5fa87a9ce11f4acb5728537b3a42b76a8a91c425/logs/events/event_CORE_WORKER_1170.log info ..."
time="2026-08-06T20:05:26Z" level=info msg="Prepare to get object log/cluster-history/raycluster/test-ns-kzqms/raycluster-historyserver/session_2026-08-06_13-03-40_447142_1/e8425e1954a1f21d5fa87a9ce11f4acb5728537b3a42b76a8a91c425/logs/events/event_CORE_WORKER_200.log info ..."
time="2026-08-06T20:05:26Z" level=info msg="Prepare to get object log/cluster-history/raycluster/test-ns-kzqms/raycluster-historyserver/session_2026-08-06_13-03-40_447142_1/e8425e1954a1f21d5fa87a9ce11f4acb5728537b3a42b76a8a91c425/logs/events/event_CORE_WORKER_205.log info ..."
time="2026-08-06T20:05:26Z" level=info msg="Prepare to get object log/cluster-history/raycluster/test-ns-kzqms/raycluster-historyserver/session_2026-08-06_13-03-40_447142_1/e8425e1954a1f21d5fa87a9ce11f4acb5728537b3a42b76a8a91c425/logs/events/event_CORE_WORKER_673.log info ..."
time="2026-08-06T20:05:26Z" level=info msg="Prepare to get object log/cluster-history/raycluster/test-ns-kzqms/raycluster-historyserver/session_2026-08-06_13-03-40_447142_1/e8425e1954a1f21d5fa87a9ce11f4acb5728537b3a42b76a8a91c425/logs/events/event_CORE_WORKER_957.log info ..."
time="2026-08-06T20:05:26Z" level=info msg="Prepare to get object log/cluster-history/raycluster/test-ns-kzqms/raycluster-historyserver/session_2026-08-06_13-03-40_447142_1/e8425e1954a1f21d5fa87a9ce11f4acb5728537b3a42b76a8a91c425/logs/events/event_GCS.log info ..."
time="2026-08-06T20:05:26Z" level=info msg="Prepare to get object log/cluster-history/raycluster/test-ns-kzqms/raycluster-historyserver/session_2026-08-06_13-03-40_447142_1/e8425e1954a1f21d5fa87a9ce11f4acb5728537b3a42b76a8a91c425/logs/events/event_JOBS.log info ..."
time="2026-08-06T20:05:26Z" level=info msg="Prepare to get object log/cluster-history/raycluster/test-ns-kzqms/raycluster-historyserver/session_2026-08-06_13-03-40_447142_1/e8425e1954a1f21d5fa87a9ce11f4acb5728537b3a42b76a8a91c425/logs/events/event_RAYLET.log info ..."
time="2026-08-06T20:05:26Z" level=info msg="[ListFiles]Returned objects in log/cluster-history/raycluster/test-ns-kzqms/raycluster-historyserver/session_2026-08-06_13-03-40_447142_1/fetched_endpoints/logs/events/. length of page.Contents: 0, length of page.CommonPrefixes: 0"
time="2026-08-06T20:05:26Z" level=info msg="[ListFiles]Returned objects in log/cluster-history/raycluster/test-ns-kzqms/raycluster-historyserver/session_2026-08-06_13-03-40_447142_1/. length of page.Contents: 0, length of page.CommonPrefixes: 3"
time="2026-08-06T20:05:26Z" level=info msg="[ListFiles]Returned objects in log/cluster-history/raycluster/test-ns-kzqms/raycluster-historyserver/session_2026-08-06_13-03-40_447142_1/88969cfa435f760fd2668af2ea20a6595fd813e66e0f8b7b1d681d2e/job_events/. length of page.Contents: 0, length of page.CommonPrefixes: 1"
time="2026-08-06T20:05:26Z" level=info msg="[ListFiles]Returned objects in log/cluster-history/raycluster/test-ns-kzqms/raycluster-historyserver/session_2026-08-06_13-03-40_447142_1/88969cfa435f760fd2668af2ea20a6595fd813e66e0f8b7b1d681d2e/job_events/03000000/. length of page.Contents: 2, length of page.CommonPrefixes: 0"
time="2026-08-06T20:05:26Z" level=info msg="[ListFiles]Returned objects in log/cluster-history/raycluster/test-ns-kzqms/raycluster-historyserver/session_2026-08-06_13-03-40_447142_1/e8425e1954a1f21d5fa87a9ce11f4acb5728537b3a42b76a8a91c425/job_events/. length of page.Contents: 0, length of page.CommonPrefixes: 4"
time="2026-08-06T20:05:26Z" level=info msg="[ListFiles]Returned objects in log/cluster-history/raycluster/test-ns-kzqms/raycluster-historyserver/session_2026-08-06_13-03-40_447142_1/e8425e1954a1f21d5fa87a9ce11f4acb5728537b3a42b76a8a91c425/job_events/01000000/. length of page.Contents: 2, length of page.CommonPrefixes: 0"
time="2026-08-06T20:05:26Z" level=info msg="[ListFiles]Returned objects in log/cluster-history/raycluster/test-ns-kzqms/raycluster-historyserver/session_2026-08-06_13-03-40_447142_1/e8425e1954a1f21d5fa87a9ce11f4acb5728537b3a42b76a8a91c425/job_events/02000000/. length of page.Contents: 2, length of page.CommonPrefixes: 0"
time="2026-08-06T20:05:26Z" level=info msg="[ListFiles]Returned objects in log/cluster-history/raycluster/test-ns-kzqms/raycluster-historyserver/session_2026-08-06_13-03-40_447142_1/e8425e1954a1f21d5fa87a9ce11f4acb5728537b3a42b76a8a91c425/job_events/03000000/. length of page.Contents: 3, length of page.CommonPrefixes: 0"
time="2026-08-06T20:05:26Z" level=info msg="[ListFiles]Returned objects in log/cluster-history/raycluster/test-ns-kzqms/raycluster-historyserver/session_2026-08-06_13-03-40_447142_1/e8425e1954a1f21d5fa87a9ce11f4acb5728537b3a42b76a8a91c425/job_events/04000000/. length of page.Contents: 2, length of page.CommonPrefixes: 0"
time="2026-08-06T20:05:26Z" level=info msg="[ListFiles]Returned objects in log/cluster-history/raycluster/test-ns-kzqms/raycluster-historyserver/session_2026-08-06_13-03-40_447142_1/fetched_endpoints/job_events/. length of page.Contents: 0, length of page.CommonPrefixes: 0"
time="2026-08-06T20:05:26Z" level=info msg="[ListFiles]Returned objects in log/cluster-history/raycluster/test-ns-kzqms/raycluster-historyserver/session_2026-08-06_13-03-40_447142_1/. length of page.Contents: 0, length of page.CommonPrefixes: 3"
time="2026-08-06T20:05:26Z" level=info msg="[ListFiles]Returned objects in log/cluster-history/raycluster/test-ns-kzqms/raycluster-historyserver/session_2026-08-06_13-03-40_447142_1/88969cfa435f760fd2668af2ea20a6595fd813e66e0f8b7b1d681d2e/node_events/. length of page.Contents: 0, length of page.CommonPrefixes: 0"
time="2026-08-06T20:05:26Z" level=info msg="[ListFiles]Returned objects in log/cluster-history/raycluster/test-ns-kzqms/raycluster-historyserver/session_2026-08-06_13-03-40_447142_1/e8425e1954a1f21d5fa87a9ce11f4acb5728537b3a42b76a8a91c425/node_events/. length of page.Contents: 2, length of page.CommonPrefixes: 0"
time="2026-08-06T20:05:26Z" level=info msg="[ListFiles]Returned objects in log/cluster-history/raycluster/test-ns-kzqms/raycluster-historyserver/session_2026-08-06_13-03-40_447142_1/fetched_endpoints/node_events/. length of page.Contents: 0, length of page.CommonPrefixes: 0"
time="2026-08-06T20:05:26Z" level=info msg="Prepare to get object log/cluster-history/raycluster/test-ns-kzqms/raycluster-historyserver/session_2026-08-06_13-03-40_447142_1/88969cfa435f760fd2668af2ea20a6595fd813e66e0f8b7b1d681d2e/job_events/03000000/88969cfa435f760fd2668af2ea20a6595fd813e66e0f8b7b1d681d2e-2026-08-06-20-1786046645548060708.jsonl info ..."
gc 1 @1.731s 0%: 1.7+14+0.95 ms clock, 3.4+6.0/8.5/5.1+1.9 ms cpu, 15->23->15 MB, 16 MB goal, 0 MB stacks, 0 MB globals, 2 P
gc 2 @1.782s 0%: 0.17+15+0.17 ms clock, 0.35+0/8.1/11+0.34 ms cpu, 69->69->69 MB, 77 MB goal, 0 MB stacks, 0 MB globals, 2 P
gc 3 @1.928s 1%: 0.17+19+0.095 ms clock, 0.35+1.8/10/8.6+0.19 ms cpu, 336->336->195 MB, 347 MB goal, 0 MB stacks, 0 MB globals, 2 P
gc 4 @13.036s 1%: 0.14+746+0.10 ms clock, 0.28+0.11/387/549+0.21 ms cpu, 953->971->558 MB, 979 MB goal, 0 MB stacks, 0 MB globals, 2 P
time="2026-08-06T20:05:40Z" level=error msg="Failed to store events for file session_2026-08-06_13-03-40_447142_1/88969cfa435f760fd2668af2ea20a6595fd813e66e0f8b7b1d681d2e/job_events/03000000/88969cfa435f760fd2668af2ea20a6595fd813e66e0f8b7b1d681d2e-2026-08-06-20-1786046645548060708.jsonl: TASK_LIFECYCLE_EVENT must have at least one state transition"
time="2026-08-06T20:05:40Z" level=error msg="Failed to store events for file session_2026-08-06_13-03-40_447142_1/88969cfa435f760fd2668af2ea20a6595fd813e66e0f8b7b1d681d2e/job_events/03000000/88969cfa435f760fd2668af2ea20a6595fd813e66e0f8b7b1d681d2e-2026-08-06-20-1786046645548060708.jsonl: TASK_LIFECYCLE_EVENT must have at least one state transition"
time="2026-08-06T20:05:41Z" level=error msg="Failed to store events for file session_2026-08-06_13-03-40_447142_1/88969cfa435f760fd2668af2ea20a6595fd813e66e0f8b7b1d681d2e/job_events/03000000/88969cfa435f760fd2668af2ea20a6595fd813e66e0f8b7b1d681d2e-2026-08-06-20-1786046645548060708.jsonl: TASK_LIFECYCLE_EVENT must have at least one state transition"
time="2026-08-06T20:05:41Z" level=error msg="Failed to store events for file session_2026-08-06_13-03-40_447142_1/88969cfa435f760fd2668af2ea20a6595fd813e66e0f8b7b1d681d2e/job_events/03000000/88969cfa435f760fd2668af2ea20a6595fd813e66e0f8b7b1d681d2e-2026-08-06-20-1786046645548060708.jsonl: TASK_LIFECYCLE_EVENT must have at least one state transition"
time="2026-08-06T20:05:41Z" level=error msg="Failed to store events for file session_2026-08-06_13-03-40_447142_1/88969cfa435f760fd2668af2ea20a6595fd813e66e0f8b7b1d681d2e/job_events/03000000/88969cfa435f760fd2668af2ea20a6595fd813e66e0f8b7b1d681d2e-2026-08-06-20-1786046645548060708.jsonl: TASK_LIFECYCLE_EVENT must have at least one state transition"
time="2026-08-06T20:05:42Z" level=error msg="Failed to store events for file session_2026-08-06_13-03-40_447142_1/88969cfa435f760fd2668af2ea20a6595fd813e66e0f8b7b1d681d2e/job_events/03000000/88969cfa435f760fd2668af2ea20a6595fd813e66e0f8b7b1d681d2e-2026-08-06-20-1786046645548060708.jsonl: TASK_LIFECYCLE_EVENT must have at least one state transition"
time="2026-08-06T20:05:43Z" level=error msg="Failed to store events for file session_2026-08-06_13-03-40_447142_1/88969cfa435f760fd2668af2ea20a6595fd813e66e0f8b7b1d681d2e/job_events/03000000/88969cfa435f760fd2668af2ea20a6595fd813e66e0f8b7b1d681d2e-2026-08-06-20-1786046645548060708.jsonl: TASK_LIFECYCLE_EVENT must have at least one state transition"
time="2026-08-06T20:05:43Z" level=error msg="Failed to store events for file session_2026-08-06_13-03-40_447142_1/88969cfa435f760fd2668af2ea20a6595fd813e66e0f8b7b1d681d2e/job_events/03000000/88969cfa435f760fd2668af2ea20a6595fd813e66e0f8b7b1d681d2e-2026-08-06-20-1786046645548060708.jsonl: TASK_LIFECYCLE_EVENT must have at least one state transition"
time="2026-08-06T20:05:43Z" level=error msg="Failed to store events for file session_2026-08-06_13-03-40_447142_1/88969cfa435f760fd2668af2ea20a6595fd813e66e0f8b7b1d681d2e/job_events/03000000/88969cfa435f760fd2668af2ea20a6595fd813e66e0f8b7b1d681d2e-2026-08-06-20-1786046645548060708.jsonl: TASK_LIFECYCLE_EVENT must have at least one state transition"
time="2026-08-06T20:05:43Z" level=error msg="Failed to store events for file session_2026-08-06_13-03-40_447142_1/88969cfa435f760fd2668af2ea20a6595fd813e66e0f8b7b1d681d2e/job_events/03000000/88969cfa435f760fd2668af2ea20a6595fd813e66e0f8b7b1d681d2e-2026-08-06-20-1786046645548060708.jsonl: TASK_LIFECYCLE_EVENT must have at least one state transition"
time="2026-08-06T20:05:44Z" level=error msg="Failed to store events for file session_2026-08-06_13-03-40_447142_1/88969cfa435f760fd2668af2ea20a6595fd813e66e0f8b7b1d681d2e/job_events/03000000/88969cfa435f760fd2668af2ea20a6595fd813e66e0f8b7b1d681d2e-2026-08-06-20-1786046645548060708.jsonl: TASK_LIFECYCLE_EVENT must have at least one state transition"
time="2026-08-06T20:05:44Z" level=error msg="Failed to store events for file session_2026-08-06_13-03-40_447142_1/88969cfa435f760fd2668af2ea20a6595fd813e66e0f8b7b1d681d2e/job_events/03000000/88969cfa435f760fd2668af2ea20a6595fd813e66e0f8b7b1d681d2e-2026-08-06-20-1786046645548060708.jsonl: TASK_LIFECYCLE_EVENT must have at least one state transition"
time="2026-08-06T20:05:44Z" level=error msg="Failed to store events for file session_2026-08-06_13-03-40_447142_1/88969cfa435f760fd2668af2ea20a6595fd813e66e0f8b7b1d681d2e/job_events/03000000/88969cfa435f760fd2668af2ea20a6595fd813e66e0f8b7b1d681d2e-2026-08-06-20-1786046645548060708.jsonl: TASK_LIFECYCLE_EVENT must have at least one state transition"
time="2026-08-06T20:05:44Z" level=error msg="Failed to store events for file session_2026-08-06_13-03-40_447142_1/88969cfa435f760fd2668af2ea20a6595fd813e66e0f8b7b1d681d2e/job_events/03000000/88969cfa435f760fd2668af2ea20a6595fd813e66e0f8b7b1d681d2e-2026-08-06-20-1786046645548060708.jsonl: TASK_LIFECYCLE_EVENT must have at least one state transition"
time="2026-08-06T20:05:45Z" level=error msg="Failed to store events for file session_2026-08-06_13-03-40_447142_1/88969cfa435f760fd2668af2ea20a6595fd813e66e0f8b7b1d681d2e/job_events/03000000/88969cfa435f760fd2668af2ea20a6595fd813e66e0f8b7b1d681d2e-2026-08-06-20-1786046645548060708.jsonl: TASK_LIFECYCLE_EVENT must have at least one state transition"
time="2026-08-06T20:05:45Z" level=error msg="Failed to store events for file session_2026-08-06_13-03-40_447142_1/88969cfa435f760fd2668af2ea20a6595fd813e66e0f8b7b1d681d2e/job_events/03000000/88969cfa435f760fd2668af2ea20a6595fd813e66e0f8b7b1d681d2e-2026-08-06-20-1786046645548060708.jsonl: TASK_LIFECYCLE_EVENT must have at least one state transition"
time="2026-08-06T20:05:46Z" level=error msg="Failed to store events for file session_2026-08-06_13-03-40_447142_1/88969cfa435f760fd2668af2ea20a6595fd813e66e0f8b7b1d681d2e/job_events/03000000/88969cfa435f760fd2668af2ea20a6595fd813e66e0f8b7b1d681d2e-2026-08-06-20-1786046645548060708.jsonl: TASK_LIFECYCLE_EVENT must have at least one state transition"
time="2026-08-06T20:05:46Z" level=error msg="Failed to store events for file session_2026-08-06_13-03-40_447142_1/88969cfa435f760fd2668af2ea20a6595fd813e66e0f8b7b1d681d2e/job_events/03000000/88969cfa435f760fd2668af2ea20a6595fd813e66e0f8b7b1d681d2e-2026-08-06-20-1786046645548060708.jsonl: TASK_LIFECYCLE_EVENT must have at least one state transition"
time="2026-08-06T20:05:46Z" level=error msg="Failed to store events for file session_2026-08-06_13-03-40_447142_1/88969cfa435f760fd2668af2ea20a6595fd813e66e0f8b7b1d681d2e/job_events/03000000/88969cfa435f760fd2668af2ea20a6595fd813e66e0f8b7b1d681d2e-2026-08-06-20-1786046645548060708.jsonl: TASK_LIFECYCLE_EVENT must have at least one state transition"
time="2026-08-06T20:05:46Z" level=error msg="Failed to store events for file session_2026-08-06_13-03-40_447142_1/88969cfa435f760fd2668af2ea20a6595fd813e66e0f8b7b1d681d2e/job_events/03000000/88969cfa435f760fd2668af2ea20a6595fd813e66e0f8b7b1d681d2e-2026-08-06-20-1786046645548060708.jsonl: TASK_LIFECYCLE_EVENT must have at least one state transition"
time="2026-08-06T20:05:46Z" level=error msg="Failed to store events for file session_2026-08-06_13-03-40_447142_1/88969cfa435f760fd2668af2ea20a6595fd813e66e0f8b7b1d681d2e/job_events/03000000/88969cfa435f760fd2668af2ea20a6595fd813e66e0f8b7b1d681d2e-2026-08-06-20-1786046645548060708.jsonl: TASK_LIFECYCLE_EVENT must have at least one state transition"
time="2026-08-06T20:05:46Z" level=error msg="Failed to store events for file session_2026-08-06_13-03-40_447142_1/88969cfa435f760fd2668af2ea20a6595fd813e66e0f8b7b1d681d2e/job_events/03000000/88969cfa435f760fd2668af2ea20a6595fd813e66e0f8b7b1d681d2e-2026-08-06-20-1786046645548060708.jsonl: TASK_LIFECYCLE_EVENT must have at least one state transition"
time="2026-08-06T20:05:46Z" level=error msg="Failed to store events for file session_2026-08-06_13-03-40_447142_1/88969cfa435f760fd2668af2ea20a6595fd813e66e0f8b7b1d681d2e/job_events/03000000/88969cfa435f760fd2668af2ea20a6595fd813e66e0f8b7b1d681d2e-2026-08-06-20-1786046645548060708.jsonl: TASK_LIFECYCLE_EVENT must have at least one state transition"
time="2026-08-06T20:05:47Z" level=error msg="Failed to store events for file session_2026-08-06_13-03-40_447142_1/88969cfa435f760fd2668af2ea20a6595fd813e66e0f8b7b1d681d2e/job_events/03000000/88969cfa435f760fd2668af2ea20a6595fd813e66e0f8b7b1d681d2e-2026-08-06-20-1786046645548060708.jsonl: TASK_LIFECYCLE_EVENT must have at least one state transition"
time="2026-08-06T20:05:47Z" level=error msg="Failed to store events for file session_2026-08-06_13-03-40_447142_1/88969cfa435f760fd2668af2ea20a6595fd813e66e0f8b7b1d681d2e/job_events/03000000/88969cfa435f760fd2668af2ea20a6595fd813e66e0f8b7b1d681d2e-2026-08-06-20-1786046645548060708.jsonl: TASK_LIFECYCLE_EVENT must have at least one state transition"
time="2026-08-06T20:05:48Z" level=error msg="Failed to store events for file session_2026-08-06_13-03-40_447142_1/88969cfa435f760fd2668af2ea20a6595fd813e66e0f8b7b1d681d2e/job_events/03000000/88969cfa435f760fd2668af2ea20a6595fd813e66e0f8b7b1d681d2e-2026-08-06-20-1786046645548060708.jsonl: TASK_LIFECYCLE_EVENT must have at least one state transition"
time="2026-08-06T20:05:49Z" level=error msg="Failed to store events for file session_2026-08-06_13-03-40_447142_1/88969cfa435f760fd2668af2ea20a6595fd813e66e0f8b7b1d681d2e/job_events/03000000/88969cfa435f760fd2668af2ea20a6595fd813e66e0f8b7b1d681d2e-2026-08-06-20-1786046645548060708.jsonl: TASK_LIFECYCLE_EVENT must have at least one state transition"
time="2026-08-06T20:05:49Z" level=error msg="Failed to store events for file session_2026-08-06_13-03-40_447142_1/88969cfa435f760fd2668af2ea20a6595fd813e66e0f8b7b1d681d2e/job_events/03000000/88969cfa435f760fd2668af2ea20a6595fd813e66e0f8b7b1d681d2e-2026-08-06-20-1786046645548060708.jsonl: TASK_LIFECYCLE_EVENT must have at least one state transition"
time="2026-08-06T20:05:49Z" level=error msg="Failed to store events for file session_2026-08-06_13-03-40_447142_1/88969cfa435f760fd2668af2ea20a6595fd813e66e0f8b7b1d681d2e/job_events/03000000/88969cfa435f760fd2668af2ea20a6595fd813e66e0f8b7b1d681d2e-2026-08-06-20-1786046645548060708.jsonl: TASK_LIFECYCLE_EVENT must have at least one state transition"
time="2026-08-06T20:05:49Z" level=error msg="Failed to store events for file session_2026-08-06_13-03-40_447142_1/88969cfa435f760fd2668af2ea20a6595fd813e66e0f8b7b1d681d2e/job_events/03000000/88969cfa435f760fd2668af2ea20a6595fd813e66e0f8b7b1d681d2e-2026-08-06-20-1786046645548060708.jsonl: TASK_LIFECYCLE_EVENT must have at least one state transition"
time="2026-08-06T20:05:49Z" level=error msg="Failed to store events for file session_2026-08-06_13-03-40_447142_1/88969cfa435f760fd2668af2ea20a6595fd813e66e0f8b7b1d681d2e/job_events/03000000/88969cfa435f760fd2668af2ea20a6595fd813e66e0f8b7b1d681d2e-2026-08-06-20-1786046645548060708.jsonl: TASK_LIFECYCLE_EVENT must have at least one state transition"
time="2026-08-06T20:05:49Z" level=error msg="Failed to store events for file session_2026-08-06_13-03-40_447142_1/88969cfa435f760fd2668af2ea20a6595fd813e66e0f8b7b1d681d2e/job_events/03000000/88969cfa435f760fd2668af2ea20a6595fd813e66e0f8b7b1d681d2e-2026-08-06-20-1786046645548060708.jsonl: TASK_LIFECYCLE_EVENT must have at least one state transition"
time="2026-08-06T20:05:49Z" level=error msg="Failed to store events for file session_2026-08-06_13-03-40_447142_1/88969cfa435f760fd2668af2ea20a6595fd813e66e0f8b7b1d681d2e/job_events/03000000/88969cfa435f760fd2668af2ea20a6595fd813e66e0f8b7b1d681d2e-2026-08-06-20-1786046645548060708.jsonl: TASK_LIFECYCLE_EVENT must have at least one state transition"
time="2026-08-06T20:05:50Z" level=error msg="Failed to store events for file session_2026-08-06_13-03-40_447142_1/88969cfa435f760fd2668af2ea20a6595fd813e66e0f8b7b1d681d2e/job_events/03000000/88969cfa435f760fd2668af2ea20a6595fd813e66e0f8b7b1d681d2e-2026-08-06-20-1786046645548060708.jsonl: TASK_LIFECYCLE_EVENT must have at least one state transition"
time="2026-08-06T20:05:50Z" level=error msg="Failed to store events for file session_2026-08-06_13-03-40_447142_1/88969cfa435f760fd2668af2ea20a6595fd813e66e0f8b7b1d681d2e/job_events/03000000/88969cfa435f760fd2668af2ea20a6595fd813e66e0f8b7b1d681d2e-2026-08-06-20-1786046645548060708.jsonl: TASK_LIFECYCLE_EVENT must have at least one state transition"
time="2026-08-06T20:05:50Z" level=error msg="Failed to store events for file session_2026-08-06_13-03-40_447142_1/88969cfa435f760fd2668af2ea20a6595fd813e66e0f8b7b1d681d2e/job_events/03000000/88969cfa435f760fd2668af2ea20a6595fd813e66e0f8b7b1d681d2e-2026-08-06-20-1786046645548060708.jsonl: TASK_LIFECYCLE_EVENT must have at least one state transition"
time="2026-08-06T20:05:50Z" level=error msg="Failed to store events for file session_2026-08-06_13-03-40_447142_1/88969cfa435f760fd2668af2ea20a6595fd813e66e0f8b7b1d681d2e/job_events/03000000/88969cfa435f760fd2668af2ea20a6595fd813e66e0f8b7b1d681d2e-2026-08-06-20-1786046645548060708.jsonl: TASK_LIFECYCLE_EVENT must have at least one state transition"
time="2026-08-06T20:05:51Z" level=error msg="Failed to store events for file session_2026-08-06_13-03-40_447142_1/88969cfa435f760fd2668af2ea20a6595fd813e66e0f8b7b1d681d2e/job_events/03000000/88969cfa435f760fd2668af2ea20a6595fd813e66e0f8b7b1d681d2e-2026-08-06-20-1786046645548060708.jsonl: TASK_LIFECYCLE_EVENT must have at least one state transition"
time="2026-08-06T20:05:51Z" level=error msg="Failed to store events for file session_2026-08-06_13-03-40_447142_1/88969cfa435f760fd2668af2ea20a6595fd813e66e0f8b7b1d681d2e/job_events/03000000/88969cfa435f760fd2668af2ea20a6595fd813e66e0f8b7b1d681d2e-2026-08-06-20-1786046645548060708.jsonl: TASK_LIFECYCLE_EVENT must have at least one state transition"
time="2026-08-06T20:05:51Z" level=error msg="Failed to store events for file session_2026-08-06_13-03-40_447142_1/88969cfa435f760fd2668af2ea20a6595fd813e66e0f8b7b1d681d2e/job_events/03000000/88969cfa435f760fd2668af2ea20a6595fd813e66e0f8b7b1d681d2e-2026-08-06-20-1786046645548060708.jsonl: TASK_LIFECYCLE_EVENT must have at least one state transition"
time="2026-08-06T20:05:52Z" level=error msg="Failed to store events for file session_2026-08-06_13-03-40_447142_1/88969cfa435f760fd2668af2ea20a6595fd813e66e0f8b7b1d681d2e/job_events/03000000/88969cfa435f760fd2668af2ea20a6595fd813e66e0f8b7b1d681d2e-2026-08-06-20-1786046645548060708.jsonl: TASK_LIFECYCLE_EVENT must have at least one state transition"
time="2026-08-06T20:05:52Z" level=error msg="Failed to store events for file session_2026-08-06_13-03-40_447142_1/88969cfa435f760fd2668af2ea20a6595fd813e66e0f8b7b1d681d2e/job_events/03000000/88969cfa435f760fd2668af2ea20a6595fd813e66e0f8b7b1d681d2e-2026-08-06-20-1786046645548060708.jsonl: TASK_LIFECYCLE_EVENT must have at least one state transition"
time="2026-08-06T20:05:52Z" level=error msg="Failed to store events for file session_2026-08-06_13-03-40_447142_1/88969cfa435f760fd2668af2ea20a6595fd813e66e0f8b7b1d681d2e/job_events/03000000/88969cfa435f760fd2668af2ea20a6595fd813e66e0f8b7b1d681d2e-2026-08-06-20-1786046645548060708.jsonl: TASK_LIFECYCLE_EVENT must have at least one state transition"
time="2026-08-06T20:05:52Z" level=error msg="Failed to store events for file session_2026-08-06_13-03-40_447142_1/88969cfa435f760fd2668af2ea20a6595fd813e66e0f8b7b1d681d2e/job_events/03000000/88969cfa435f760fd2668af2ea20a6595fd813e66e0f8b7b1d681d2e-2026-08-06-20-1786046645548060708.jsonl: TASK_LIFECYCLE_EVENT must have at least one state transition"
time="2026-08-06T20:05:53Z" level=error msg="Failed to store events for file session_2026-08-06_13-03-40_447142_1/88969cfa435f760fd2668af2ea20a6595fd813e66e0f8b7b1d681d2e/job_events/03000000/88969cfa435f760fd2668af2ea20a6595fd813e66e0f8b7b1d681d2e-2026-08-06-20-1786046645548060708.jsonl: TASK_LIFECYCLE_EVENT must have at least one state transition"
time="2026-08-06T20:05:53Z" level=error msg="Failed to store events for file session_2026-08-06_13-03-40_447142_1/88969cfa435f760fd2668af2ea20a6595fd813e66e0f8b7b1d681d2e/job_events/03000000/88969cfa435f760fd2668af2ea20a6595fd813e66e0f8b7b1d681d2e-2026-08-06-20-1786046645548060708.jsonl: TASK_LIFECYCLE_EVENT must have at least one state transition"
time="2026-08-06T20:05:54Z" level=error msg="Failed to store events for file session_2026-08-06_13-03-40_447142_1/88969cfa435f760fd2668af2ea20a6595fd813e66e0f8b7b1d681d2e/job_events/03000000/88969cfa435f760fd2668af2ea20a6595fd813e66e0f8b7b1d681d2e-2026-08-06-20-1786046645548060708.jsonl: TASK_LIFECYCLE_EVENT must have at least one state transition"
time="2026-08-06T20:05:54Z" level=error msg="Failed to store events for file session_2026-08-06_13-03-40_447142_1/88969cfa435f760fd2668af2ea20a6595fd813e66e0f8b7b1d681d2e/job_events/03000000/88969cfa435f760fd2668af2ea20a6595fd813e66e0f8b7b1d681d2e-2026-08-06-20-1786046645548060708.jsonl: TASK_LIFECYCLE_EVENT must have at least one state transition"
time="2026-08-06T20:05:54Z" level=error msg="Failed to store events for file session_2026-08-06_13-03-40_447142_1/88969cfa435f760fd2668af2ea20a6595fd813e66e0f8b7b1d681d2e/job_events/03000000/88969cfa435f760fd2668af2ea20a6595fd813e66e0f8b7b1d681d2e-2026-08-06-20-1786046645548060708.jsonl: TASK_LIFECYCLE_EVENT must have at least one state transition"
time="2026-08-06T20:05:54Z" level=error msg="Failed to store events for file session_2026-08-06_13-03-40_447142_1/88969cfa435f760fd2668af2ea20a6595fd813e66e0f8b7b1d681d2e/job_events/03000000/88969cfa435f760fd2668af2ea20a6595fd813e66e0f8b7b1d681d2e-2026-08-06-20-1786046645548060708.jsonl: TASK_LIFECYCLE_EVENT must have at least one state transition"
time="2026-08-06T20:05:54Z" level=error msg="Failed to store events for file session_2026-08-06_13-03-40_447142_1/88969cfa435f760fd2668af2ea20a6595fd813e66e0f8b7b1d681d2e/job_events/03000000/88969cfa435f760fd2668af2ea20a6595fd813e66e0f8b7b1d681d2e-2026-08-06-20-1786046645548060708.jsonl: TASK_LIFECYCLE_EVENT must have at least one state transition"
time="2026-08-06T20:05:54Z" level=info msg="Prepare to get object log/cluster-history/raycluster/test-ns-kzqms/raycluster-historyserver/session_2026-08-06_13-03-40_447142_1/e8425e1954a1f21d5fa87a9ce11f4acb5728537b3a42b76a8a91c425/job_events/01000000/e8425e1954a1f21d5fa87a9ce11f4acb5728537b3a42b76a8a91c425-2026-08-06-20-1786046625825561421.jsonl info ..."
time="2026-08-06T20:05:54Z" level=info msg="Prepare to get object log/cluster-history/raycluster/test-ns-kzqms/raycluster-historyserver/session_2026-08-06_13-03-40_447142_1/e8425e1954a1f21d5fa87a9ce11f4acb5728537b3a42b76a8a91c425/job_events/02000000/e8425e1954a1f21d5fa87a9ce11f4acb5728537b3a42b76a8a91c425-2026-08-06-20-1786046643036368846.jsonl info ..."
time="2026-08-06T20:05:54Z" level=info msg="Prepare to get object log/cluster-history/raycluster/test-ns-kzqms/raycluster-historyserver/session_2026-08-06_13-03-40_447142_1/e8425e1954a1f21d5fa87a9ce11f4acb5728537b3a42b76a8a91c425/job_events/03000000/e8425e1954a1f21d5fa87a9ce11f4acb5728537b3a42b76a8a91c425-2026-08-06-20-1786046644036830347.jsonl info ..."
gc 5 @32.613s 1%: 0.15+424+0.12 ms clock, 0.30+0.11/240/301+0.25 ms cpu, 2132->2143->359 MB, 2796 MB goal, 0 MB stacks, 0 MB globals, 2 P
gc 6 @54.856s 1%: 0.16+1612+0.087 ms clock, 0.32+0.26/822/904+0.17 ms cpu, 1371->1407->771 MB, 1798 MB goal, 0 MB stacks, 0 MB globals, 2 P
time="2026-08-06T20:06:27Z" level=info msg="Prepare to get object log/cluster-history/raycluster/test-ns-kzqms/raycluster-historyserver/session_2026-08-06_13-03-40_447142_1/e8425e1954a1f21d5fa87a9ce11f4acb5728537b3a42b76a8a91c425/job_events/03000000/e8425e1954a1f21d5fa87a9ce11f4acb5728537b3a42b76a8a91c425-2026-08-06-20-1786046685521540880.jsonl info ..."
time="2026-08-06T20:06:35Z" level=info msg="Prepare to get object log/cluster-history/raycluster/test-ns-kzqms/raycluster-historyserver/session_2026-08-06_13-03-40_447142_1/e8425e1954a1f21d5fa87a9ce11f4acb5728537b3a42b76a8a91c425/job_events/04000000/e8425e1954a1f21d5fa87a9ce11f4acb5728537b3a42b76a8a91c425-2026-08-06-20-1786046659389770256.jsonl info ..."
time="2026-08-06T20:06:35Z" level=info msg="Prepare to get object log/cluster-history/raycluster/test-ns-kzqms/raycluster-historyserver/session_2026-08-06_13-03-40_447142_1/e8425e1954a1f21d5fa87a9ce11f4acb5728537b3a42b76a8a91c425/node_events/e8425e1954a1f21d5fa87a9ce11f4acb5728537b3a42b76a8a91c425-2026-08-06-20-1786046625542603796.jsonl info ..."
time="2026-08-06T20:06:37Z" level=info msg="Received request: GET /enter_cluster/test-ns-kzqms/raycluster/raycluster-historyserver/session_2026-08-06_13-03-40_447142_1"
time="2026-08-06T20:06:37Z" level=info msg="[List]Returned objects in log/cluster-metadata/. length of page.Contents: 2, length of page.CommonPrefixes: 0"
time="2026-08-06T20:06:37Z" level=error msg="Failed to parse meta file path: log/cluster-metadata/raycluster/test-ns-kzqms_raycluster-historyserver/, error: invalid path segment count for cluster metadata structure: log/cluster-metadata/raycluster/test-ns-kzqms_raycluster-historyserver/"
time="2026-08-06T20:06:37Z" level=info msg="Parsed cluster raycluster-historyserver for session session_2026-08-06_13-03-40_447142_1 to list"
time="2026-08-06T20:06:37Z" level=info msg="Received request: GET /api/v0/tasks?limit=100000"
time="2026-08-06T20:06:37Z" level=info msg="Request URL /api/v0/tasks?limit=100000"
time="2026-08-06T20:06:37Z" level=info msg="Received request: GET /api/v0/tasks?limit=100000"
time="2026-08-06T20:06:37Z" level=info msg="Request URL /api/v0/tasks?limit=100000"
time="2026-08-06T20:06:37Z" level=info msg="Received request: GET /api/v0/tasks?limit=100000"
time="2026-08-06T20:06:37Z" level=info msg="Request URL /api/v0/tasks?limit=100000"
time="2026-08-06T20:06:37Z" level=info msg="Received request: GET /api/v0/tasks?limit=100000"
time="2026-08-06T20:06:37Z" level=info msg="Request URL /api/v0/tasks?limit=100000"
time="2026-08-06T20:06:37Z" level=info msg="Received request: GET /api/v0/tasks?limit=100000"
time="2026-08-06T20:06:37Z" level=info msg="Request URL /api/v0/tasks?limit=100000"
time="2026-08-06T20:06:37Z" level=info msg="Received request: GET /api/v0/tasks?limit=100000"
time="2026-08-06T20:06:37Z" level=info msg="Request URL /api/v0/tasks?limit=100000"
time="2026-08-06T20:06:37Z" level=info msg="Received request: GET /api/v0/tasks?limit=100000"
time="2026-08-06T20:06:37Z" level=info msg="Request URL /api/v0/tasks?limit=100000"
time="2026-08-06T20:06:37Z" level=info msg="Received request: GET /api/v0/tasks?limit=100000"
time="2026-08-06T20:06:37Z" level=info msg="Request URL /api/v0/tasks?limit=100000"
time="2026-08-06T20:06:37Z" level=info msg="Received request: GET /api/v0/tasks?limit=100000"
time="2026-08-06T20:06:37Z" level=info msg="Request URL /api/v0/tasks?limit=100000"
time="2026-08-06T20:06:37Z" level=info msg="Received request: GET /api/v0/tasks?limit=100000"
time="2026-08-06T20:06:37Z" level=info msg="Request URL /api/v0/tasks?limit=100000"
time="2026-08-06T20:06:37Z" level=info msg="Received request: GET /api/v0/tasks/summarize"
time="2026-08-06T20:06:37Z" level=info msg="Request URL /api/v0/tasks/summarize"
time="2026-08-06T20:06:37Z" level=info msg="Received request: GET /api/v0/tasks/summarize"
time="2026-08-06T20:06:37Z" level=info msg="Request URL /api/v0/tasks/summarize"
time="2026-08-06T20:06:38Z" level=info msg="Received request: GET /api/v0/tasks/summarize"
time="2026-08-06T20:06:38Z" level=info msg="Request URL /api/v0/tasks/summarize"
time="2026-08-06T20:06:39Z" level=info msg="Received request: GET /api/v0/tasks/summarize"
time="2026-08-06T20:06:39Z" level=info msg="Request URL /api/v0/tasks/summarize"
time="2026-08-06T20:06:39Z" level=info msg="Received request: GET /api/v0/tasks/summarize"
time="2026-08-06T20:06:39Z" level=info msg="Request URL /api/v0/tasks/summarize"
gc 7 @75.046s 1%: 0.19+620+0.13 ms clock, 0.39+0/278/233+0.27 ms cpu, 2943->3051->345 MB, 3859 MB goal, 0 MB stacks, 0 MB globals, 2 P
time="2026-08-06T20:06:40Z" level=info msg="Received request: GET /api/v0/tasks/summarize"
time="2026-08-06T20:06:40Z" level=info msg="Request URL /api/v0/tasks/summarize"
time="2026-08-06T20:06:41Z" level=info msg="Received request: GET /api/v0/tasks/summarize"
time="2026-08-06T20:06:41Z" level=info msg="Request URL /api/v0/tasks/summarize"
time="2026-08-06T20:06:42Z" level=info msg="Received request: GET /api/v0/tasks/summarize"
time="2026-08-06T20:06:42Z" level=info msg="Request URL /api/v0/tasks/summarize"
time="2026-08-06T20:06:43Z" level=info msg="Received request: GET /api/v0/tasks/summarize"
time="2026-08-06T20:06:43Z" level=info msg="Request URL /api/v0/tasks/summarize"
gc 8 @78.367s 1%: 0.26+495+0.089 ms clock, 0.52+0/249/265+0.17 ms cpu, 1318->1411->333 MB, 1727 MB goal, 0 MB stacks, 0 MB globals, 2 P
time="2026-08-06T20:06:44Z" level=info msg="Received request: GET /api/v0/tasks/summarize"
time="2026-08-06T20:06:44Z" level=info msg="Request URL /api/v0/tasks/summarize"
time="2026-08-06T20:06:44Z" level=info msg="Received request: GET /api/jobs/"
time="2026-08-06T20:06:44Z" level=info msg="Request URL /api/jobs/"
time="2026-08-06T20:06:44Z" level=info msg="Received request: GET /api/jobs/"
time="2026-08-06T20:06:44Z" level=info msg="Request URL /api/jobs/"
time="2026-08-06T20:06:44Z" level=info msg="Received request: GET /api/jobs/"
time="2026-08-06T20:06:44Z" level=info msg="Request URL /api/jobs/"
time="2026-08-06T20:06:44Z" level=info msg="Received request: GET /api/jobs/"
time="2026-08-06T20:06:44Z" level=info msg="Request URL /api/jobs/"
time="2026-08-06T20:06:44Z" level=info msg="Received request: GET /api/jobs/"
time="2026-08-06T20:06:44Z" level=info msg="Request URL /api/jobs/"
time="2026-08-06T20:06:44Z" level=info msg="Received request: GET /api/jobs/"
time="2026-08-06T20:06:44Z" level=info msg="Request URL /api/jobs/"
time="2026-08-06T20:06:44Z" level=info msg="Received request: GET /api/jobs/"
time="2026-08-06T20:06:44Z" level=info msg="Request URL /api/jobs/"
time="2026-08-06T20:06:45Z" level=info msg="Received request: GET /api/jobs/"
time="2026-08-06T20:06:45Z" level=info msg="Request URL /api/jobs/"
time="2026-08-06T20:06:45Z" level=info msg="Received request: GET /api/jobs/"
time="2026-08-06T20:06:45Z" level=info msg="Request URL /api/jobs/"
time="2026-08-06T20:06:45Z" level=info msg="Received request: GET /api/jobs/"
time="2026-08-06T20:06:45Z" level=info msg="Request URL /api/jobs/"
time="2026-08-06T20:06:45Z" level=info msg="Request URL /nodes?view=summary"
time="2026-08-06T20:06:45Z" level=info msg="Request URL /nodes?view=summary"
time="2026-08-06T20:06:45Z" level=info msg="Request URL /nodes?view=summary"
time="2026-08-06T20:06:45Z" level=info msg="Request URL /nodes?view=summary"
time="2026-08-06T20:06:45Z" level=info msg="Request URL /nodes?view=summary"
time="2026-08-06T20:06:45Z" level=info msg="Request URL /nodes?view=summary"
time="2026-08-06T20:06:45Z" level=info msg="Request URL /nodes?view=summary"
time="2026-08-06T20:06:45Z" level=info msg="Request URL /nodes?view=summary"
time="2026-08-06T20:06:45Z" level=info msg="Request URL /nodes?view=summary"
time="2026-08-06T20:06:45Z" level=info msg="Request URL /nodes?view=summary"
time="2026-08-06T20:06:45Z" level=info msg="Request URL /events"
gc 9 @80.568s 1%: 0.94+849+0.091 ms clock, 1.8+0/322/435+0.18 ms cpu, 1482->1563->316 MB, 1668 MB goal, 0 MB stacks, 0 MB globals, 2 P
time="2026-08-06T20:06:46Z" level=info msg="Request URL /events"
time="2026-08-06T20:06:46Z" level=info msg="Request URL /events"
time="2026-08-06T20:06:46Z" level=info msg="Request URL /events"
time="2026-08-06T20:06:46Z" level=info msg="Request URL /events"
time="2026-08-06T20:06:46Z" level=info msg="Request URL /events"
time="2026-08-06T20:06:46Z" level=info msg="Request URL /events"
time="2026-08-06T20:06:46Z" level=info msg="Request URL /events"
time="2026-08-06T20:06:46Z" level=info msg="Request URL /events"
time="2026-08-06T20:06:46Z" level=info msg="Request URL /events"
