gc 1 @0.182s 3%: 1.8+13+1.4 ms clock, 3.6+2.9/7.4/4.0+2.9 ms cpu, 3->3->2 MB, 4 MB goal, 0 MB stacks, 0 MB globals, 2 P
gc 2 @0.272s 3%: 0.74+6.8+0.97 ms clock, 1.4+0.23/1.9/4.4+1.9 ms cpu, 5->5->3 MB, 5 MB goal, 0 MB stacks, 0 MB globals, 2 P
time="2026-08-06T19:41:47Z" level=info msg="create client manager successfully, clients: 1"
time="2026-08-06T19:41:47Z" level=info msg="Begin to create s3 client ..."
time="2026-08-06T19:41:47Z" level=info msg="Checking if bucket ray-historyserver exists..."
gc 3 @0.430s 3%: 0.13+16+0.10 ms clock, 0.27+0.20/8.2/1.2+0.20 ms cpu, 8->8->5 MB, 8 MB goal, 0 MB stacks, 0 MB globals, 2 P
time="2026-08-06T19:41:47Z" level=info msg="Bucket ray-historyserver already exists"
time="2026-08-06T19:41:47Z" level=info msg="Clean logdir is logs"
time="2026-08-06T19:41:47Z" level=info msg="Starting server on :8080"
time="2026-08-06T19:41:49Z" level=info msg="Received request: GET /readz"
time="2026-08-06T19:41:49Z" level=info msg="live clusters: []"
time="2026-08-06T19:41:49Z" level=info msg="[List]Returned objects in log/cluster-metadata/. length of page.Contents: 2, length of page.CommonPrefixes: 0"
time="2026-08-06T19:41:49Z" level=error msg="Failed to parse meta file path: log/cluster-metadata/raycluster/test-ns-89x25_raycluster-historyserver/, error: invalid path segment count for cluster metadata structure: log/cluster-metadata/raycluster/test-ns-89x25_raycluster-historyserver/"
time="2026-08-06T19:41:49Z" level=info msg="Parsed cluster raycluster-historyserver for session session_2026-08-06_12-40-28_100896_1 to list"
time="2026-08-06T19:41:49Z" level=info msg="live clusters: []"
time="2026-08-06T19:41:49Z" level=info msg="[List]Returned objects in log/cluster-metadata/. length of page.Contents: 2, length of page.CommonPrefixes: 0"
time="2026-08-06T19:41:49Z" level=error msg="Failed to parse meta file path: log/cluster-metadata/raycluster/test-ns-89x25_raycluster-historyserver/, error: invalid path segment count for cluster metadata structure: log/cluster-metadata/raycluster/test-ns-89x25_raycluster-historyserver/"
time="2026-08-06T19:41:49Z" level=info msg="Parsed cluster raycluster-historyserver for session session_2026-08-06_12-40-28_100896_1 to list"
time="2026-08-06T19:41:49Z" level=info msg="live clusters: []"
time="2026-08-06T19:41:49Z" level=info msg="[List]Returned objects in log/cluster-metadata/. length of page.Contents: 2, length of page.CommonPrefixes: 0"
time="2026-08-06T19:41:49Z" level=error msg="Failed to parse meta file path: log/cluster-metadata/raycluster/test-ns-89x25_raycluster-historyserver/, error: invalid path segment count for cluster metadata structure: log/cluster-metadata/raycluster/test-ns-89x25_raycluster-historyserver/"
time="2026-08-06T19:41:49Z" level=info msg="Parsed cluster raycluster-historyserver for session session_2026-08-06_12-40-28_100896_1 to list"
time="2026-08-06T19:41:49Z" level=info msg="live clusters: []"
time="2026-08-06T19:41:49Z" level=info msg="[List]Returned objects in log/cluster-metadata/. length of page.Contents: 2, length of page.CommonPrefixes: 0"
time="2026-08-06T19:41:49Z" level=error msg="Failed to parse meta file path: log/cluster-metadata/raycluster/test-ns-89x25_raycluster-historyserver/, error: invalid path segment count for cluster metadata structure: log/cluster-metadata/raycluster/test-ns-89x25_raycluster-historyserver/"
time="2026-08-06T19:41:49Z" level=info msg="Parsed cluster raycluster-historyserver for session session_2026-08-06_12-40-28_100896_1 to list"
time="2026-08-06T19:41:49Z" level=info msg="live clusters: []"
time="2026-08-06T19:41:49Z" level=info msg="[List]Returned objects in log/cluster-metadata/. length of page.Contents: 2, length of page.CommonPrefixes: 0"
time="2026-08-06T19:41:49Z" level=error msg="Failed to parse meta file path: log/cluster-metadata/raycluster/test-ns-89x25_raycluster-historyserver/, error: invalid path segment count for cluster metadata structure: log/cluster-metadata/raycluster/test-ns-89x25_raycluster-historyserver/"
time="2026-08-06T19:41:49Z" level=info msg="Parsed cluster raycluster-historyserver for session session_2026-08-06_12-40-28_100896_1 to list"
time="2026-08-06T19:41:49Z" level=info msg="Received request: GET /enter_cluster/test-ns-89x25/raycluster/raycluster-historyserver/session_2026-08-06_12-40-28_100896_1"
time="2026-08-06T19:41:49Z" level=info msg="[List]Returned objects in log/cluster-metadata/. length of page.Contents: 2, length of page.CommonPrefixes: 0"
time="2026-08-06T19:41:49Z" level=error msg="Failed to parse meta file path: log/cluster-metadata/raycluster/test-ns-89x25_raycluster-historyserver/, error: invalid path segment count for cluster metadata structure: log/cluster-metadata/raycluster/test-ns-89x25_raycluster-historyserver/"
time="2026-08-06T19:41:49Z" level=info msg="Parsed cluster raycluster-historyserver for session session_2026-08-06_12-40-28_100896_1 to list"
time="2026-08-06T19:41:49Z" level=info msg="[ListFiles]Returned objects in log/cluster-history/raycluster/test-ns-89x25/raycluster-historyserver/session_2026-08-06_12-40-28_100896_1/. length of page.Contents: 0, length of page.CommonPrefixes: 3"
time="2026-08-06T19:41:49Z" level=info msg="[ListFiles]Returned objects in log/cluster-history/raycluster/test-ns-89x25/raycluster-historyserver/session_2026-08-06_12-40-28_100896_1/42c1fa033771c33a1dc5f9d760fc972cdd6cf4abe947c746be024c79/logs/events/. length of page.Contents: 11, length of page.CommonPrefixes: 0"
time="2026-08-06T19:41:49Z" level=info msg="Prepare to get object log/cluster-history/raycluster/test-ns-89x25/raycluster-historyserver/session_2026-08-06_12-40-28_100896_1/42c1fa033771c33a1dc5f9d760fc972cdd6cf4abe947c746be024c79/logs/events/event_AUTOSCALER.log info ..."
time="2026-08-06T19:41:49Z" level=info msg="Prepare to get object log/cluster-history/raycluster/test-ns-89x25/raycluster-historyserver/session_2026-08-06_12-40-28_100896_1/42c1fa033771c33a1dc5f9d760fc972cdd6cf4abe947c746be024c79/logs/events/event_CORE_WORKER_1015.log info ..."
time="2026-08-06T19:41:49Z" level=info msg="Prepare to get object log/cluster-history/raycluster/test-ns-89x25/raycluster-historyserver/session_2026-08-06_12-40-28_100896_1/42c1fa033771c33a1dc5f9d760fc972cdd6cf4abe947c746be024c79/logs/events/event_CORE_WORKER_1171.log info ..."
time="2026-08-06T19:41:49Z" level=info msg="Prepare to get object log/cluster-history/raycluster/test-ns-89x25/raycluster-historyserver/session_2026-08-06_12-40-28_100896_1/42c1fa033771c33a1dc5f9d760fc972cdd6cf4abe947c746be024c79/logs/events/event_CORE_WORKER_200.log info ..."
time="2026-08-06T19:41:49Z" level=info msg="Prepare to get object log/cluster-history/raycluster/test-ns-89x25/raycluster-historyserver/session_2026-08-06_12-40-28_100896_1/42c1fa033771c33a1dc5f9d760fc972cdd6cf4abe947c746be024c79/logs/events/event_CORE_WORKER_205.log info ..."
time="2026-08-06T19:41:49Z" level=info msg="Prepare to get object log/cluster-history/raycluster/test-ns-89x25/raycluster-historyserver/session_2026-08-06_12-40-28_100896_1/42c1fa033771c33a1dc5f9d760fc972cdd6cf4abe947c746be024c79/logs/events/event_CORE_WORKER_673.log info ..."
time="2026-08-06T19:41:49Z" level=info msg="Prepare to get object log/cluster-history/raycluster/test-ns-89x25/raycluster-historyserver/session_2026-08-06_12-40-28_100896_1/42c1fa033771c33a1dc5f9d760fc972cdd6cf4abe947c746be024c79/logs/events/event_CORE_WORKER_957.log info ..."
time="2026-08-06T19:41:49Z" level=info msg="Prepare to get object log/cluster-history/raycluster/test-ns-89x25/raycluster-historyserver/session_2026-08-06_12-40-28_100896_1/42c1fa033771c33a1dc5f9d760fc972cdd6cf4abe947c746be024c79/logs/events/event_GCS.log info ..."
time="2026-08-06T19:41:49Z" level=info msg="Prepare to get object log/cluster-history/raycluster/test-ns-89x25/raycluster-historyserver/session_2026-08-06_12-40-28_100896_1/42c1fa033771c33a1dc5f9d760fc972cdd6cf4abe947c746be024c79/logs/events/event_JOBS.log info ..."
time="2026-08-06T19:41:49Z" level=info msg="Prepare to get object log/cluster-history/raycluster/test-ns-89x25/raycluster-historyserver/session_2026-08-06_12-40-28_100896_1/42c1fa033771c33a1dc5f9d760fc972cdd6cf4abe947c746be024c79/logs/events/event_RAYLET.log info ..."
time="2026-08-06T19:41:49Z" level=info msg="[ListFiles]Returned objects in log/cluster-history/raycluster/test-ns-89x25/raycluster-historyserver/session_2026-08-06_12-40-28_100896_1/fd9d5888e3c0389d5d5cb55ca954b79f75ea4e4b335c6d0ddb4a70b7/logs/events/. length of page.Contents: 13, length of page.CommonPrefixes: 0"
time="2026-08-06T19:41:49Z" level=info msg="Prepare to get object log/cluster-history/raycluster/test-ns-89x25/raycluster-historyserver/session_2026-08-06_12-40-28_100896_1/fd9d5888e3c0389d5d5cb55ca954b79f75ea4e4b335c6d0ddb4a70b7/logs/events/event_CORE_WORKER_228.log info ..."
time="2026-08-06T19:41:49Z" level=info msg="Prepare to get object log/cluster-history/raycluster/test-ns-89x25/raycluster-historyserver/session_2026-08-06_12-40-28_100896_1/fd9d5888e3c0389d5d5cb55ca954b79f75ea4e4b335c6d0ddb4a70b7/logs/events/event_CORE_WORKER_229.log info ..."
time="2026-08-06T19:41:49Z" level=info msg="Prepare to get object log/cluster-history/raycluster/test-ns-89x25/raycluster-historyserver/session_2026-08-06_12-40-28_100896_1/fd9d5888e3c0389d5d5cb55ca954b79f75ea4e4b335c6d0ddb4a70b7/logs/events/event_CORE_WORKER_314.log info ..."
time="2026-08-06T19:41:49Z" level=info msg="Prepare to get object log/cluster-history/raycluster/test-ns-89x25/raycluster-historyserver/session_2026-08-06_12-40-28_100896_1/fd9d5888e3c0389d5d5cb55ca954b79f75ea4e4b335c6d0ddb4a70b7/logs/events/event_CORE_WORKER_319.log info ..."
time="2026-08-06T19:41:49Z" level=info msg="Prepare to get object log/cluster-history/raycluster/test-ns-89x25/raycluster-historyserver/session_2026-08-06_12-40-28_100896_1/fd9d5888e3c0389d5d5cb55ca954b79f75ea4e4b335c6d0ddb4a70b7/logs/events/event_CORE_WORKER_399.log info ..."
time="2026-08-06T19:41:49Z" level=info msg="Prepare to get object log/cluster-history/raycluster/test-ns-89x25/raycluster-historyserver/session_2026-08-06_12-40-28_100896_1/fd9d5888e3c0389d5d5cb55ca954b79f75ea4e4b335c6d0ddb4a70b7/logs/events/event_CORE_WORKER_419.log info ..."
time="2026-08-06T19:41:49Z" level=info msg="Prepare to get object log/cluster-history/raycluster/test-ns-89x25/raycluster-historyserver/session_2026-08-06_12-40-28_100896_1/fd9d5888e3c0389d5d5cb55ca954b79f75ea4e4b335c6d0ddb4a70b7/logs/events/event_CORE_WORKER_493.log info ..."
time="2026-08-06T19:41:49Z" level=info msg="Prepare to get object log/cluster-history/raycluster/test-ns-89x25/raycluster-historyserver/session_2026-08-06_12-40-28_100896_1/fd9d5888e3c0389d5d5cb55ca954b79f75ea4e4b335c6d0ddb4a70b7/logs/events/event_CORE_WORKER_513.log info ..."
time="2026-08-06T19:41:49Z" level=info msg="Prepare to get object log/cluster-history/raycluster/test-ns-89x25/raycluster-historyserver/session_2026-08-06_12-40-28_100896_1/fd9d5888e3c0389d5d5cb55ca954b79f75ea4e4b335c6d0ddb4a70b7/logs/events/event_CORE_WORKER_569.log info ..."
time="2026-08-06T19:41:49Z" level=info msg="Prepare to get object log/cluster-history/raycluster/test-ns-89x25/raycluster-historyserver/session_2026-08-06_12-40-28_100896_1/fd9d5888e3c0389d5d5cb55ca954b79f75ea4e4b335c6d0ddb4a70b7/logs/events/event_CORE_WORKER_609.log info ..."
time="2026-08-06T19:41:49Z" level=info msg="Prepare to get object log/cluster-history/raycluster/test-ns-89x25/raycluster-historyserver/session_2026-08-06_12-40-28_100896_1/fd9d5888e3c0389d5d5cb55ca954b79f75ea4e4b335c6d0ddb4a70b7/logs/events/event_CORE_WORKER_683.log info ..."
time="2026-08-06T19:41:49Z" level=info msg="Prepare to get object log/cluster-history/raycluster/test-ns-89x25/raycluster-historyserver/session_2026-08-06_12-40-28_100896_1/fd9d5888e3c0389d5d5cb55ca954b79f75ea4e4b335c6d0ddb4a70b7/logs/events/event_RAYLET.log info ..."
time="2026-08-06T19:41:49Z" level=info msg="[ListFiles]Returned objects in log/cluster-history/raycluster/test-ns-89x25/raycluster-historyserver/session_2026-08-06_12-40-28_100896_1/fetched_endpoints/logs/events/. length of page.Contents: 0, length of page.CommonPrefixes: 0"
time="2026-08-06T19:41:49Z" level=info msg="[ListFiles]Returned objects in log/cluster-history/raycluster/test-ns-89x25/raycluster-historyserver/session_2026-08-06_12-40-28_100896_1/. length of page.Contents: 0, length of page.CommonPrefixes: 3"
time="2026-08-06T19:41:49Z" level=info msg="[ListFiles]Returned objects in log/cluster-history/raycluster/test-ns-89x25/raycluster-historyserver/session_2026-08-06_12-40-28_100896_1/42c1fa033771c33a1dc5f9d760fc972cdd6cf4abe947c746be024c79/job_events/. length of page.Contents: 0, length of page.CommonPrefixes: 4"
time="2026-08-06T19:41:49Z" level=info msg="[ListFiles]Returned objects in log/cluster-history/raycluster/test-ns-89x25/raycluster-historyserver/session_2026-08-06_12-40-28_100896_1/42c1fa033771c33a1dc5f9d760fc972cdd6cf4abe947c746be024c79/job_events/01000000/. length of page.Contents: 2, length of page.CommonPrefixes: 0"
time="2026-08-06T19:41:49Z" level=info msg="[ListFiles]Returned objects in log/cluster-history/raycluster/test-ns-89x25/raycluster-historyserver/session_2026-08-06_12-40-28_100896_1/42c1fa033771c33a1dc5f9d760fc972cdd6cf4abe947c746be024c79/job_events/02000000/. length of page.Contents: 2, length of page.CommonPrefixes: 0"
time="2026-08-06T19:41:49Z" level=info msg="[ListFiles]Returned objects in log/cluster-history/raycluster/test-ns-89x25/raycluster-historyserver/session_2026-08-06_12-40-28_100896_1/42c1fa033771c33a1dc5f9d760fc972cdd6cf4abe947c746be024c79/job_events/03000000/. length of page.Contents: 2, length of page.CommonPrefixes: 0"
time="2026-08-06T19:41:49Z" level=info msg="[ListFiles]Returned objects in log/cluster-history/raycluster/test-ns-89x25/raycluster-historyserver/session_2026-08-06_12-40-28_100896_1/42c1fa033771c33a1dc5f9d760fc972cdd6cf4abe947c746be024c79/job_events/04000000/. length of page.Contents: 2, length of page.CommonPrefixes: 0"
time="2026-08-06T19:41:49Z" level=info msg="[ListFiles]Returned objects in log/cluster-history/raycluster/test-ns-89x25/raycluster-historyserver/session_2026-08-06_12-40-28_100896_1/fd9d5888e3c0389d5d5cb55ca954b79f75ea4e4b335c6d0ddb4a70b7/job_events/. length of page.Contents: 0, length of page.CommonPrefixes: 1"
time="2026-08-06T19:41:49Z" level=info msg="[ListFiles]Returned objects in log/cluster-history/raycluster/test-ns-89x25/raycluster-historyserver/session_2026-08-06_12-40-28_100896_1/fd9d5888e3c0389d5d5cb55ca954b79f75ea4e4b335c6d0ddb4a70b7/job_events/03000000/. length of page.Contents: 2, length of page.CommonPrefixes: 0"
time="2026-08-06T19:41:49Z" level=info msg="[ListFiles]Returned objects in log/cluster-history/raycluster/test-ns-89x25/raycluster-historyserver/session_2026-08-06_12-40-28_100896_1/fetched_endpoints/job_events/. length of page.Contents: 0, length of page.CommonPrefixes: 0"
time="2026-08-06T19:41:49Z" level=info msg="[ListFiles]Returned objects in log/cluster-history/raycluster/test-ns-89x25/raycluster-historyserver/session_2026-08-06_12-40-28_100896_1/. length of page.Contents: 0, length of page.CommonPrefixes: 3"
gc 4 @2.752s 0%: 0.48+15+0.13 ms clock, 0.96+0.16/6.2/14+0.27 ms cpu, 11->11->6 MB, 12 MB goal, 0 MB stacks, 0 MB globals, 2 P
time="2026-08-06T19:41:49Z" level=info msg="[ListFiles]Returned objects in log/cluster-history/raycluster/test-ns-89x25/raycluster-historyserver/session_2026-08-06_12-40-28_100896_1/42c1fa033771c33a1dc5f9d760fc972cdd6cf4abe947c746be024c79/node_events/. length of page.Contents: 2, length of page.CommonPrefixes: 0"
time="2026-08-06T19:41:49Z" level=info msg="[ListFiles]Returned objects in log/cluster-history/raycluster/test-ns-89x25/raycluster-historyserver/session_2026-08-06_12-40-28_100896_1/fd9d5888e3c0389d5d5cb55ca954b79f75ea4e4b335c6d0ddb4a70b7/node_events/. length of page.Contents: 0, length of page.CommonPrefixes: 0"
time="2026-08-06T19:41:49Z" level=info msg="[ListFiles]Returned objects in log/cluster-history/raycluster/test-ns-89x25/raycluster-historyserver/session_2026-08-06_12-40-28_100896_1/fetched_endpoints/node_events/. length of page.Contents: 0, length of page.CommonPrefixes: 0"
time="2026-08-06T19:41:49Z" level=info msg="Prepare to get object log/cluster-history/raycluster/test-ns-89x25/raycluster-historyserver/session_2026-08-06_12-40-28_100896_1/42c1fa033771c33a1dc5f9d760fc972cdd6cf4abe947c746be024c79/job_events/01000000/42c1fa033771c33a1dc5f9d760fc972cdd6cf4abe947c746be024c79-2026-08-06-19-1786045233446603180.jsonl info ..."
time="2026-08-06T19:41:49Z" level=info msg="Prepare to get object log/cluster-history/raycluster/test-ns-89x25/raycluster-historyserver/session_2026-08-06_12-40-28_100896_1/42c1fa033771c33a1dc5f9d760fc972cdd6cf4abe947c746be024c79/job_events/02000000/42c1fa033771c33a1dc5f9d760fc972cdd6cf4abe947c746be024c79-2026-08-06-19-1786045250643466174.jsonl info ..."
time="2026-08-06T19:41:49Z" level=info msg="Prepare to get object log/cluster-history/raycluster/test-ns-89x25/raycluster-historyserver/session_2026-08-06_12-40-28_100896_1/42c1fa033771c33a1dc5f9d760fc972cdd6cf4abe947c746be024c79/job_events/03000000/42c1fa033771c33a1dc5f9d760fc972cdd6cf4abe947c746be024c79-2026-08-06-19-1786045251640061174.jsonl info ..."
gc 5 @2.797s 0%: 0.31+9.3+0.049 ms clock, 0.63+0.30/4.3/9.3+0.099 ms cpu, 16->16->15 MB, 16 MB goal, 0 MB stacks, 0 MB globals, 2 P
gc 6 @2.822s 0%: 0.24+11+0.039 ms clock, 0.48+0/5.5/10+0.078 ms cpu, 34->34->34 MB, 34 MB goal, 0 MB stacks, 0 MB globals, 2 P
gc 7 @2.851s 0%: 0.14+14+0.051 ms clock, 0.29+0/7.6/10+0.10 ms cpu, 69->69->69 MB, 69 MB goal, 0 MB stacks, 0 MB globals, 2 P
gc 8 @2.902s 1%: 0.90+42+1.3 ms clock, 1.8+0/10/30+2.7 ms cpu, 188->207->113 MB, 188 MB goal, 0 MB stacks, 0 MB globals, 2 P
gc 9 @2.989s 1%: 0.13+35+0.091 ms clock, 0.26+0/10/27+0.18 ms cpu, 276->277->183 MB, 276 MB goal, 0 MB stacks, 0 MB globals, 2 P
gc 10 @5.590s 1%: 0.12+229+0.078 ms clock, 0.25+0.093/144/155+0.15 ms cpu, 322->327->207 MB, 367 MB goal, 0 MB stacks, 0 MB globals, 2 P
gc 11 @8.472s 2%: 0.13+574+0.082 ms clock, 0.27+0.095/304/287+0.16 ms cpu, 353->370->334 MB, 415 MB goal, 0 MB stacks, 0 MB globals, 2 P
gc 12 @13.376s 3%: 0.15+1012+0.081 ms clock, 0.30+0.092/499/614+0.16 ms cpu, 569->590->405 MB, 668 MB goal, 0 MB stacks, 0 MB globals, 2 P
gc 13 @19.970s 3%: 0.14+1216+0.081 ms clock, 0.28+0.091/616/655+0.16 ms cpu, 690->717->460 MB, 811 MB goal, 0 MB stacks, 0 MB globals, 2 P
time="2026-08-06T19:42:10Z" level=info msg="Prepare to get object log/cluster-history/raycluster/test-ns-89x25/raycluster-historyserver/session_2026-08-06_12-40-28_100896_1/42c1fa033771c33a1dc5f9d760fc972cdd6cf4abe947c746be024c79/job_events/04000000/42c1fa033771c33a1dc5f9d760fc972cdd6cf4abe947c746be024c79-2026-08-06-19-1786045266783837375.jsonl info ..."
time="2026-08-06T19:42:10Z" level=info msg="Prepare to get object log/cluster-history/raycluster/test-ns-89x25/raycluster-historyserver/session_2026-08-06_12-40-28_100896_1/fd9d5888e3c0389d5d5cb55ca954b79f75ea4e4b335c6d0ddb4a70b7/job_events/03000000/fd9d5888e3c0389d5d5cb55ca954b79f75ea4e4b335c6d0ddb4a70b7-2026-08-06-19-1786045253090721967.jsonl info ..."
gc 14 @23.103s 3%: 0.14+249+0.13 ms clock, 0.29+0/144/155+0.27 ms cpu, 864->869->213 MB, 922 MB goal, 0 MB stacks, 0 MB globals, 2 P
gc 15 @27.428s 3%: 0.14+548+0.078 ms clock, 0.29+0.24/280/398+0.15 ms cpu, 416->427->309 MB, 428 MB goal, 0 MB stacks, 0 MB globals, 2 P
time="2026-08-06T19:42:17Z" level=error msg="Failed to store events for file session_2026-08-06_12-40-28_100896_1/fd9d5888e3c0389d5d5cb55ca954b79f75ea4e4b335c6d0ddb4a70b7/job_events/03000000/fd9d5888e3c0389d5d5cb55ca954b79f75ea4e4b335c6d0ddb4a70b7-2026-08-06-19-1786045253090721967.jsonl: TASK_LIFECYCLE_EVENT must have at least one state transition"
time="2026-08-06T19:42:17Z" level=error msg="Failed to store events for file session_2026-08-06_12-40-28_100896_1/fd9d5888e3c0389d5d5cb55ca954b79f75ea4e4b335c6d0ddb4a70b7/job_events/03000000/fd9d5888e3c0389d5d5cb55ca954b79f75ea4e4b335c6d0ddb4a70b7-2026-08-06-19-1786045253090721967.jsonl: TASK_LIFECYCLE_EVENT must have at least one state transition"
time="2026-08-06T19:42:18Z" level=error msg="Failed to store events for file session_2026-08-06_12-40-28_100896_1/fd9d5888e3c0389d5d5cb55ca954b79f75ea4e4b335c6d0ddb4a70b7/job_events/03000000/fd9d5888e3c0389d5d5cb55ca954b79f75ea4e4b335c6d0ddb4a70b7-2026-08-06-19-1786045253090721967.jsonl: TASK_LIFECYCLE_EVENT must have at least one state transition"
time="2026-08-06T19:42:18Z" level=error msg="Failed to store events for file session_2026-08-06_12-40-28_100896_1/fd9d5888e3c0389d5d5cb55ca954b79f75ea4e4b335c6d0ddb4a70b7/job_events/03000000/fd9d5888e3c0389d5d5cb55ca954b79f75ea4e4b335c6d0ddb4a70b7-2026-08-06-19-1786045253090721967.jsonl: TASK_LIFECYCLE_EVENT must have at least one state transition"
time="2026-08-06T19:42:18Z" level=error msg="Failed to store events for file session_2026-08-06_12-40-28_100896_1/fd9d5888e3c0389d5d5cb55ca954b79f75ea4e4b335c6d0ddb4a70b7/job_events/03000000/fd9d5888e3c0389d5d5cb55ca954b79f75ea4e4b335c6d0ddb4a70b7-2026-08-06-19-1786045253090721967.jsonl: TASK_LIFECYCLE_EVENT must have at least one state transition"
time="2026-08-06T19:42:18Z" level=error msg="Failed to store events for file session_2026-08-06_12-40-28_100896_1/fd9d5888e3c0389d5d5cb55ca954b79f75ea4e4b335c6d0ddb4a70b7/job_events/03000000/fd9d5888e3c0389d5d5cb55ca954b79f75ea4e4b335c6d0ddb4a70b7-2026-08-06-19-1786045253090721967.jsonl: TASK_LIFECYCLE_EVENT must have at least one state transition"
time="2026-08-06T19:42:18Z" level=error msg="Failed to store events for file session_2026-08-06_12-40-28_100896_1/fd9d5888e3c0389d5d5cb55ca954b79f75ea4e4b335c6d0ddb4a70b7/job_events/03000000/fd9d5888e3c0389d5d5cb55ca954b79f75ea4e4b335c6d0ddb4a70b7-2026-08-06-19-1786045253090721967.jsonl: TASK_LIFECYCLE_EVENT must have at least one state transition"
time="2026-08-06T19:42:18Z" level=error msg="Failed to store events for file session_2026-08-06_12-40-28_100896_1/fd9d5888e3c0389d5d5cb55ca954b79f75ea4e4b335c6d0ddb4a70b7/job_events/03000000/fd9d5888e3c0389d5d5cb55ca954b79f75ea4e4b335c6d0ddb4a70b7-2026-08-06-19-1786045253090721967.jsonl: TASK_LIFECYCLE_EVENT must have at least one state transition"
time="2026-08-06T19:42:18Z" level=error msg="Failed to store events for file session_2026-08-06_12-40-28_100896_1/fd9d5888e3c0389d5d5cb55ca954b79f75ea4e4b335c6d0ddb4a70b7/job_events/03000000/fd9d5888e3c0389d5d5cb55ca954b79f75ea4e4b335c6d0ddb4a70b7-2026-08-06-19-1786045253090721967.jsonl: TASK_LIFECYCLE_EVENT must have at least one state transition"
time="2026-08-06T19:42:18Z" level=error msg="Failed to store events for file session_2026-08-06_12-40-28_100896_1/fd9d5888e3c0389d5d5cb55ca954b79f75ea4e4b335c6d0ddb4a70b7/job_events/03000000/fd9d5888e3c0389d5d5cb55ca954b79f75ea4e4b335c6d0ddb4a70b7-2026-08-06-19-1786045253090721967.jsonl: TASK_LIFECYCLE_EVENT must have at least one state transition"
time="2026-08-06T19:42:18Z" level=error msg="Failed to store events for file session_2026-08-06_12-40-28_100896_1/fd9d5888e3c0389d5d5cb55ca954b79f75ea4e4b335c6d0ddb4a70b7/job_events/03000000/fd9d5888e3c0389d5d5cb55ca954b79f75ea4e4b335c6d0ddb4a70b7-2026-08-06-19-1786045253090721967.jsonl: TASK_LIFECYCLE_EVENT must have at least one state transition"
time="2026-08-06T19:42:18Z" level=error msg="Failed to store events for file session_2026-08-06_12-40-28_100896_1/fd9d5888e3c0389d5d5cb55ca954b79f75ea4e4b335c6d0ddb4a70b7/job_events/03000000/fd9d5888e3c0389d5d5cb55ca954b79f75ea4e4b335c6d0ddb4a70b7-2026-08-06-19-1786045253090721967.jsonl: TASK_LIFECYCLE_EVENT must have at least one state transition"
time="2026-08-06T19:42:19Z" level=error msg="Failed to store events for file session_2026-08-06_12-40-28_100896_1/fd9d5888e3c0389d5d5cb55ca954b79f75ea4e4b335c6d0ddb4a70b7/job_events/03000000/fd9d5888e3c0389d5d5cb55ca954b79f75ea4e4b335c6d0ddb4a70b7-2026-08-06-19-1786045253090721967.jsonl: TASK_LIFECYCLE_EVENT must have at least one state transition"
time="2026-08-06T19:42:19Z" level=error msg="Failed to store events for file session_2026-08-06_12-40-28_100896_1/fd9d5888e3c0389d5d5cb55ca954b79f75ea4e4b335c6d0ddb4a70b7/job_events/03000000/fd9d5888e3c0389d5d5cb55ca954b79f75ea4e4b335c6d0ddb4a70b7-2026-08-06-19-1786045253090721967.jsonl: TASK_LIFECYCLE_EVENT must have at least one state transition"
time="2026-08-06T19:42:19Z" level=error msg="Failed to store events for file session_2026-08-06_12-40-28_100896_1/fd9d5888e3c0389d5d5cb55ca954b79f75ea4e4b335c6d0ddb4a70b7/job_events/03000000/fd9d5888e3c0389d5d5cb55ca954b79f75ea4e4b335c6d0ddb4a70b7-2026-08-06-19-1786045253090721967.jsonl: TASK_LIFECYCLE_EVENT must have at least one state transition"
time="2026-08-06T19:42:20Z" level=error msg="Failed to store events for file session_2026-08-06_12-40-28_100896_1/fd9d5888e3c0389d5d5cb55ca954b79f75ea4e4b335c6d0ddb4a70b7/job_events/03000000/fd9d5888e3c0389d5d5cb55ca954b79f75ea4e4b335c6d0ddb4a70b7-2026-08-06-19-1786045253090721967.jsonl: TASK_LIFECYCLE_EVENT must have at least one state transition"
time="2026-08-06T19:42:20Z" level=error msg="Failed to store events for file session_2026-08-06_12-40-28_100896_1/fd9d5888e3c0389d5d5cb55ca954b79f75ea4e4b335c6d0ddb4a70b7/job_events/03000000/fd9d5888e3c0389d5d5cb55ca954b79f75ea4e4b335c6d0ddb4a70b7-2026-08-06-19-1786045253090721967.jsonl: TASK_LIFECYCLE_EVENT must have at least one state transition"
time="2026-08-06T19:42:20Z" level=error msg="Failed to store events for file session_2026-08-06_12-40-28_100896_1/fd9d5888e3c0389d5d5cb55ca954b79f75ea4e4b335c6d0ddb4a70b7/job_events/03000000/fd9d5888e3c0389d5d5cb55ca954b79f75ea4e4b335c6d0ddb4a70b7-2026-08-06-19-1786045253090721967.jsonl: TASK_LIFECYCLE_EVENT must have at least one state transition"
time="2026-08-06T19:42:20Z" level=error msg="Failed to store events for file session_2026-08-06_12-40-28_100896_1/fd9d5888e3c0389d5d5cb55ca954b79f75ea4e4b335c6d0ddb4a70b7/job_events/03000000/fd9d5888e3c0389d5d5cb55ca954b79f75ea4e4b335c6d0ddb4a70b7-2026-08-06-19-1786045253090721967.jsonl: TASK_LIFECYCLE_EVENT must have at least one state transition"
time="2026-08-06T19:42:20Z" level=error msg="Failed to store events for file session_2026-08-06_12-40-28_100896_1/fd9d5888e3c0389d5d5cb55ca954b79f75ea4e4b335c6d0ddb4a70b7/job_events/03000000/fd9d5888e3c0389d5d5cb55ca954b79f75ea4e4b335c6d0ddb4a70b7-2026-08-06-19-1786045253090721967.jsonl: TASK_LIFECYCLE_EVENT must have at least one state transition"
time="2026-08-06T19:42:20Z" level=error msg="Failed to store events for file session_2026-08-06_12-40-28_100896_1/fd9d5888e3c0389d5d5cb55ca954b79f75ea4e4b335c6d0ddb4a70b7/job_events/03000000/fd9d5888e3c0389d5d5cb55ca954b79f75ea4e4b335c6d0ddb4a70b7-2026-08-06-19-1786045253090721967.jsonl: TASK_LIFECYCLE_EVENT must have at least one state transition"
time="2026-08-06T19:42:21Z" level=error msg="Failed to store events for file session_2026-08-06_12-40-28_100896_1/fd9d5888e3c0389d5d5cb55ca954b79f75ea4e4b335c6d0ddb4a70b7/job_events/03000000/fd9d5888e3c0389d5d5cb55ca954b79f75ea4e4b335c6d0ddb4a70b7-2026-08-06-19-1786045253090721967.jsonl: TASK_LIFECYCLE_EVENT must have at least one state transition"
time="2026-08-06T19:42:21Z" level=error msg="Failed to store events for file session_2026-08-06_12-40-28_100896_1/fd9d5888e3c0389d5d5cb55ca954b79f75ea4e4b335c6d0ddb4a70b7/job_events/03000000/fd9d5888e3c0389d5d5cb55ca954b79f75ea4e4b335c6d0ddb4a70b7-2026-08-06-19-1786045253090721967.jsonl: TASK_LIFECYCLE_EVENT must have at least one state transition"
gc 16 @33.796s 3%: 0.21+931+0.085 ms clock, 0.42+0.23/467/533+0.17 ms cpu, 586->605->349 MB, 618 MB goal, 0 MB stacks, 0 MB globals, 2 P
time="2026-08-06T19:42:22Z" level=error msg="Failed to store events for file session_2026-08-06_12-40-28_100896_1/fd9d5888e3c0389d5d5cb55ca954b79f75ea4e4b335c6d0ddb4a70b7/job_events/03000000/fd9d5888e3c0389d5d5cb55ca954b79f75ea4e4b335c6d0ddb4a70b7-2026-08-06-19-1786045253090721967.jsonl: TASK_LIFECYCLE_EVENT must have at least one state transition"
time="2026-08-06T19:42:22Z" level=error msg="Failed to store events for file session_2026-08-06_12-40-28_100896_1/fd9d5888e3c0389d5d5cb55ca954b79f75ea4e4b335c6d0ddb4a70b7/job_events/03000000/fd9d5888e3c0389d5d5cb55ca954b79f75ea4e4b335c6d0ddb4a70b7-2026-08-06-19-1786045253090721967.jsonl: TASK_LIFECYCLE_EVENT must have at least one state transition"
time="2026-08-06T19:42:22Z" level=error msg="Failed to store events for file session_2026-08-06_12-40-28_100896_1/fd9d5888e3c0389d5d5cb55ca954b79f75ea4e4b335c6d0ddb4a70b7/job_events/03000000/fd9d5888e3c0389d5d5cb55ca954b79f75ea4e4b335c6d0ddb4a70b7-2026-08-06-19-1786045253090721967.jsonl: TASK_LIFECYCLE_EVENT must have at least one state transition"
time="2026-08-06T19:42:22Z" level=error msg="Failed to store events for file session_2026-08-06_12-40-28_100896_1/fd9d5888e3c0389d5d5cb55ca954b79f75ea4e4b335c6d0ddb4a70b7/job_events/03000000/fd9d5888e3c0389d5d5cb55ca954b79f75ea4e4b335c6d0ddb4a70b7-2026-08-06-19-1786045253090721967.jsonl: TASK_LIFECYCLE_EVENT must have at least one state transition"
time="2026-08-06T19:42:22Z" level=error msg="Failed to store events for file session_2026-08-06_12-40-28_100896_1/fd9d5888e3c0389d5d5cb55ca954b79f75ea4e4b335c6d0ddb4a70b7/job_events/03000000/fd9d5888e3c0389d5d5cb55ca954b79f75ea4e4b335c6d0ddb4a70b7-2026-08-06-19-1786045253090721967.jsonl: TASK_LIFECYCLE_EVENT must have at least one state transition"
time="2026-08-06T19:42:22Z" level=error msg="Failed to store events for file session_2026-08-06_12-40-28_100896_1/fd9d5888e3c0389d5d5cb55ca954b79f75ea4e4b335c6d0ddb4a70b7/job_events/03000000/fd9d5888e3c0389d5d5cb55ca954b79f75ea4e4b335c6d0ddb4a70b7-2026-08-06-19-1786045253090721967.jsonl: TASK_LIFECYCLE_EVENT must have at least one state transition"
time="2026-08-06T19:42:22Z" level=error msg="Failed to store events for file session_2026-08-06_12-40-28_100896_1/fd9d5888e3c0389d5d5cb55ca954b79f75ea4e4b335c6d0ddb4a70b7/job_events/03000000/fd9d5888e3c0389d5d5cb55ca954b79f75ea4e4b335c6d0ddb4a70b7-2026-08-06-19-1786045253090721967.jsonl: TASK_LIFECYCLE_EVENT must have at least one state transition"
time="2026-08-06T19:42:22Z" level=error msg="Failed to store events for file session_2026-08-06_12-40-28_100896_1/fd9d5888e3c0389d5d5cb55ca954b79f75ea4e4b335c6d0ddb4a70b7/job_events/03000000/fd9d5888e3c0389d5d5cb55ca954b79f75ea4e4b335c6d0ddb4a70b7-2026-08-06-19-1786045253090721967.jsonl: TASK_LIFECYCLE_EVENT must have at least one state transition"
time="2026-08-06T19:42:22Z" level=error msg="Failed to store events for file session_2026-08-06_12-40-28_100896_1/fd9d5888e3c0389d5d5cb55ca954b79f75ea4e4b335c6d0ddb4a70b7/job_events/03000000/fd9d5888e3c0389d5d5cb55ca954b79f75ea4e4b335c6d0ddb4a70b7-2026-08-06-19-1786045253090721967.jsonl: TASK_LIFECYCLE_EVENT must have at least one state transition"
time="2026-08-06T19:42:22Z" level=error msg="Failed to store events for file session_2026-08-06_12-40-28_100896_1/fd9d5888e3c0389d5d5cb55ca954b79f75ea4e4b335c6d0ddb4a70b7/job_events/03000000/fd9d5888e3c0389d5d5cb55ca954b79f75ea4e4b335c6d0ddb4a70b7-2026-08-06-19-1786045253090721967.jsonl: TASK_LIFECYCLE_EVENT must have at least one state transition"
time="2026-08-06T19:42:23Z" level=error msg="Failed to store events for file session_2026-08-06_12-40-28_100896_1/fd9d5888e3c0389d5d5cb55ca954b79f75ea4e4b335c6d0ddb4a70b7/job_events/03000000/fd9d5888e3c0389d5d5cb55ca954b79f75ea4e4b335c6d0ddb4a70b7-2026-08-06-19-1786045253090721967.jsonl: TASK_LIFECYCLE_EVENT must have at least one state transition"
time="2026-08-06T19:42:23Z" level=error msg="Failed to store events for file session_2026-08-06_12-40-28_100896_1/fd9d5888e3c0389d5d5cb55ca954b79f75ea4e4b335c6d0ddb4a70b7/job_events/03000000/fd9d5888e3c0389d5d5cb55ca954b79f75ea4e4b335c6d0ddb4a70b7-2026-08-06-19-1786045253090721967.jsonl: TASK_LIFECYCLE_EVENT must have at least one state transition"
time="2026-08-06T19:42:23Z" level=error msg="Failed to store events for file session_2026-08-06_12-40-28_100896_1/fd9d5888e3c0389d5d5cb55ca954b79f75ea4e4b335c6d0ddb4a70b7/job_events/03000000/fd9d5888e3c0389d5d5cb55ca954b79f75ea4e4b335c6d0ddb4a70b7-2026-08-06-19-1786045253090721967.jsonl: TASK_LIFECYCLE_EVENT must have at least one state transition"
time="2026-08-06T19:42:24Z" level=error msg="Failed to store events for file session_2026-08-06_12-40-28_100896_1/fd9d5888e3c0389d5d5cb55ca954b79f75ea4e4b335c6d0ddb4a70b7/job_events/03000000/fd9d5888e3c0389d5d5cb55ca954b79f75ea4e4b335c6d0ddb4a70b7-2026-08-06-19-1786045253090721967.jsonl: TASK_LIFECYCLE_EVENT must have at least one state transition"
time="2026-08-06T19:42:24Z" level=error msg="Failed to store events for file session_2026-08-06_12-40-28_100896_1/fd9d5888e3c0389d5d5cb55ca954b79f75ea4e4b335c6d0ddb4a70b7/job_events/03000000/fd9d5888e3c0389d5d5cb55ca954b79f75ea4e4b335c6d0ddb4a70b7-2026-08-06-19-1786045253090721967.jsonl: TASK_LIFECYCLE_EVENT must have at least one state transition"
time="2026-08-06T19:42:24Z" level=error msg="Failed to store events for file session_2026-08-06_12-40-28_100896_1/fd9d5888e3c0389d5d5cb55ca954b79f75ea4e4b335c6d0ddb4a70b7/job_events/03000000/fd9d5888e3c0389d5d5cb55ca954b79f75ea4e4b335c6d0ddb4a70b7-2026-08-06-19-1786045253090721967.jsonl: TASK_LIFECYCLE_EVENT must have at least one state transition"
time="2026-08-06T19:42:24Z" level=error msg="Failed to store events for file session_2026-08-06_12-40-28_100896_1/fd9d5888e3c0389d5d5cb55ca954b79f75ea4e4b335c6d0ddb4a70b7/job_events/03000000/fd9d5888e3c0389d5d5cb55ca954b79f75ea4e4b335c6d0ddb4a70b7-2026-08-06-19-1786045253090721967.jsonl: TASK_LIFECYCLE_EVENT must have at least one state transition"
time="2026-08-06T19:42:24Z" level=info msg="Prepare to get object log/cluster-history/raycluster/test-ns-89x25/raycluster-historyserver/session_2026-08-06_12-40-28_100896_1/42c1fa033771c33a1dc5f9d760fc972cdd6cf4abe947c746be024c79/node_events/42c1fa033771c33a1dc5f9d760fc972cdd6cf4abe947c746be024c79-2026-08-06-19-1786045233318250055.jsonl info ..."
time="2026-08-06T19:42:24Z" level=info msg="Received request: GET /api/v0/tasks?limit=50000"
time="2026-08-06T19:42:24Z" level=info msg="Request URL /api/v0/tasks?limit=50000"
time="2026-08-06T19:42:24Z" level=info msg="Received request: GET /api/v0/tasks?limit=50000"
time="2026-08-06T19:42:24Z" level=info msg="Request URL /api/v0/tasks?limit=50000"
time="2026-08-06T19:42:24Z" level=info msg="Received request: GET /api/v0/tasks?limit=50000"
time="2026-08-06T19:42:24Z" level=info msg="Request URL /api/v0/tasks?limit=50000"
time="2026-08-06T19:42:24Z" level=info msg="Received request: GET /api/v0/tasks?limit=50000"
time="2026-08-06T19:42:24Z" level=info msg="Request URL /api/v0/tasks?limit=50000"
time="2026-08-06T19:42:24Z" level=info msg="Received request: GET /api/v0/tasks?limit=50000"
time="2026-08-06T19:42:24Z" level=info msg="Request URL /api/v0/tasks?limit=50000"
time="2026-08-06T19:42:24Z" level=info msg="Received request: GET /api/v0/tasks?limit=50000"
time="2026-08-06T19:42:24Z" level=info msg="Request URL /api/v0/tasks?limit=50000"
time="2026-08-06T19:42:24Z" level=info msg="Received request: GET /api/v0/tasks?limit=50000"
time="2026-08-06T19:42:24Z" level=info msg="Request URL /api/v0/tasks?limit=50000"
time="2026-08-06T19:42:24Z" level=info msg="Received request: GET /api/v0/tasks?limit=50000"
time="2026-08-06T19:42:24Z" level=info msg="Request URL /api/v0/tasks?limit=50000"
time="2026-08-06T19:42:24Z" level=info msg="Received request: GET /api/v0/tasks?limit=50000"
time="2026-08-06T19:42:24Z" level=info msg="Request URL /api/v0/tasks?limit=50000"
time="2026-08-06T19:42:24Z" level=info msg="Received request: GET /api/v0/tasks?limit=50000"
time="2026-08-06T19:42:24Z" level=info msg="Request URL /api/v0/tasks?limit=50000"
time="2026-08-06T19:42:24Z" level=info msg="Received request: GET /api/v0/tasks/summarize"
time="2026-08-06T19:42:24Z" level=info msg="Request URL /api/v0/tasks/summarize"
gc 17 @37.540s 3%: 0.18+274+0.13 ms clock, 0.37+93/129/132+0.27 ms cpu, 657->674->144 MB, 698 MB goal, 0 MB stacks, 0 MB globals, 2 P
time="2026-08-06T19:42:25Z" level=info msg="Received request: GET /api/v0/tasks/summarize"
time="2026-08-06T19:42:25Z" level=info msg="Request URL /api/v0/tasks/summarize"
gc 18 @38.135s 3%: 0.18+293+46 ms clock, 0.36+56/159/158+93 ms cpu, 250->289->165 MB, 290 MB goal, 0 MB stacks, 0 MB globals, 2 P
time="2026-08-06T19:42:25Z" level=info msg="Received request: GET /api/v0/tasks/summarize"
time="2026-08-06T19:42:25Z" level=info msg="Request URL /api/v0/tasks/summarize"
gc 19 @38.770s 4%: 0.18+401+0.10 ms clock, 0.37+63/180/202+0.21 ms cpu, 286->332->177 MB, 331 MB goal, 0 MB stacks, 0 MB globals, 2 P
time="2026-08-06T19:42:26Z" level=info msg="Received request: GET /api/v0/tasks/summarize"
time="2026-08-06T19:42:26Z" level=info msg="Request URL /api/v0/tasks/summarize"
gc 20 @39.470s 4%: 0.16+419+0.076 ms clock, 0.33+26/217/234+0.15 ms cpu, 310->334->179 MB, 355 MB goal, 0 MB stacks, 0 MB globals, 2 P
time="2026-08-06T19:42:27Z" level=info msg="Received request: GET /api/v0/tasks/summarize"
time="2026-08-06T19:42:27Z" level=info msg="Request URL /api/v0/tasks/summarize"
gc 21 @40.149s 4%: 0.15+427+0.093 ms clock, 0.31+0/218/255+0.18 ms cpu, 312->312->164 MB, 359 MB goal, 0 MB stacks, 0 MB globals, 2 P
time="2026-08-06T19:42:27Z" level=info msg="Received request: GET /api/v0/tasks/summarize"
time="2026-08-06T19:42:27Z" level=info msg="Request URL /api/v0/tasks/summarize"
gc 22 @40.846s 4%: 0.17+442+0.087 ms clock, 0.35+0/220/239+0.17 ms cpu, 297->297->164 MB, 329 MB goal, 0 MB stacks, 0 MB globals, 2 P
time="2026-08-06T19:42:28Z" level=info msg="Received request: GET /api/v0/tasks/summarize"
time="2026-08-06T19:42:28Z" level=info msg="Request URL /api/v0/tasks/summarize"
gc 23 @41.562s 4%: 0.15+431+0.062 ms clock, 0.31+0/240/247+0.12 ms cpu, 297->297->164 MB, 329 MB goal, 0 MB stacks, 0 MB globals, 2 P
time="2026-08-06T19:42:29Z" level=info msg="Received request: GET /api/v0/tasks/summarize"
time="2026-08-06T19:42:29Z" level=info msg="Request URL /api/v0/tasks/summarize"
gc 24 @42.243s 5%: 0.18+416+0.093 ms clock, 0.37+0/228/232+0.18 ms cpu, 297->297->164 MB, 329 MB goal, 0 MB stacks, 0 MB globals, 2 P
time="2026-08-06T19:42:30Z" level=info msg="Received request: GET /api/v0/tasks/summarize"
time="2026-08-06T19:42:30Z" level=info msg="Request URL /api/v0/tasks/summarize"
gc 25 @42.937s 5%: 0.15+356+0.091 ms clock, 0.31+0/193/215+0.18 ms cpu, 297->297->164 MB, 329 MB goal, 0 MB stacks, 0 MB globals, 2 P
time="2026-08-06T19:42:30Z" level=info msg="Received request: GET /api/v0/tasks/summarize"
time="2026-08-06T19:42:30Z" level=info msg="Request URL /api/v0/tasks/summarize"
gc 26 @43.574s 5%: 0.15+416+0.073 ms clock, 0.31+0/223/223+0.14 ms cpu, 297->297->164 MB, 329 MB goal, 0 MB stacks, 0 MB globals, 2 P
time="2026-08-06T19:42:31Z" level=info msg="Received request: GET /api/jobs/"
time="2026-08-06T19:42:31Z" level=info msg="Request URL /api/jobs/"
time="2026-08-06T19:42:31Z" level=info msg="Received request: GET /api/jobs/"
time="2026-08-06T19:42:31Z" level=info msg="Request URL /api/jobs/"
time="2026-08-06T19:42:31Z" level=info msg="Received request: GET /api/jobs/"
time="2026-08-06T19:42:31Z" level=info msg="Request URL /api/jobs/"
time="2026-08-06T19:42:31Z" level=info msg="Received request: GET /api/jobs/"
time="2026-08-06T19:42:31Z" level=info msg="Request URL /api/jobs/"
time="2026-08-06T19:42:31Z" level=info msg="Received request: GET /api/jobs/"
time="2026-08-06T19:42:31Z" level=info msg="Request URL /api/jobs/"
time="2026-08-06T19:42:31Z" level=info msg="Received request: GET /api/jobs/"
time="2026-08-06T19:42:31Z" level=info msg="Request URL /api/jobs/"
time="2026-08-06T19:42:31Z" level=info msg="Received request: GET /api/jobs/"
time="2026-08-06T19:42:31Z" level=info msg="Request URL /api/jobs/"
gc 27 @44.217s 5%: 0.34+258+0.088 ms clock, 0.68+0/98/149+0.17 ms cpu, 286->306->142 MB, 329 MB goal, 0 MB stacks, 0 MB globals, 2 P
time="2026-08-06T19:42:31Z" level=info msg="Received request: GET /api/jobs/"
time="2026-08-06T19:42:31Z" level=info msg="Request URL /api/jobs/"
time="2026-08-06T19:42:31Z" level=info msg="Received request: GET /api/jobs/"
time="2026-08-06T19:42:31Z" level=info msg="Request URL /api/jobs/"
time="2026-08-06T19:42:31Z" level=info msg="Received request: GET /api/jobs/"
time="2026-08-06T19:42:31Z" level=info msg="Request URL /api/jobs/"
time="2026-08-06T19:42:31Z" level=info msg="Request URL /nodes?view=summary"
time="2026-08-06T19:42:31Z" level=info msg="Request URL /nodes?view=summary"
time="2026-08-06T19:42:31Z" level=info msg="Request URL /nodes?view=summary"
time="2026-08-06T19:42:32Z" level=info msg="Request URL /nodes?view=summary"
gc 28 @44.547s 5%: 0.21+307+0.11 ms clock, 0.43+0/132/174+0.22 ms cpu, 243->284->162 MB, 284 MB goal, 0 MB stacks, 0 MB globals, 2 P
time="2026-08-06T19:42:32Z" level=info msg="Request URL /nodes?view=summary"
time="2026-08-06T19:42:32Z" level=info msg="Request URL /nodes?view=summary"
time="2026-08-06T19:42:32Z" level=info msg="Request URL /nodes?view=summary"
time="2026-08-06T19:42:32Z" level=info msg="Request URL /nodes?view=summary"
time="2026-08-06T19:42:32Z" level=info msg="Request URL /nodes?view=summary"
time="2026-08-06T19:42:32Z" level=info msg="Request URL /nodes?view=summary"
time="2026-08-06T19:42:32Z" level=info msg="Request URL /events"
gc 29 @44.924s 5%: 0.13+273+0.093 ms clock, 0.26+0/109/125+0.18 ms cpu, 284->304->142 MB, 325 MB goal, 0 MB stacks, 0 MB globals, 2 P
time="2026-08-06T19:42:32Z" level=info msg="Request URL /events"
time="2026-08-06T19:42:32Z" level=info msg="Request URL /events"
time="2026-08-06T19:42:32Z" level=info msg="Request URL /events"
time="2026-08-06T19:42:32Z" level=info msg="Request URL /events"
time="2026-08-06T19:42:32Z" level=info msg="Request URL /events"
time="2026-08-06T19:42:32Z" level=info msg="Request URL /events"
gc 30 @45.243s 5%: 0.73+249+0.037 ms clock, 1.4+0/88/126+0.075 ms cpu, 243->263->142 MB, 284 MB goal, 0 MB stacks, 0 MB globals, 2 P
time="2026-08-06T19:42:32Z" level=info msg="Request URL /events"
time="2026-08-06T19:42:32Z" level=info msg="Request URL /events"
time="2026-08-06T19:42:32Z" level=info msg="Request URL /events"
