gc 1 @0.120s 3%: 1.5+20+0.90 ms clock, 12+0/31/51+7.2 ms cpu, 3->3->2 MB, 4 MB goal, 0 MB stacks, 0 MB globals, 8 P
gc 2 @0.249s 2%: 0.14+2.5+1.3 ms clock, 1.1+0/2.3/5.1+10 ms cpu, 4->5->3 MB, 5 MB goal, 0 MB stacks, 0 MB globals, 8 P
gc 3 @0.355s 2%: 1.0+2.8+0.84 ms clock, 8.0+0.62/4.3/5.7+6.7 ms cpu, 7->7->5 MB, 7 MB goal, 0 MB stacks, 0 MB globals, 8 P
time="2026-08-06T19:58:53Z" level=info msg="create client manager successfully, clients: 1"
time="2026-08-06T19:58:53Z" level=info msg="Begin to create s3 client ..."
time="2026-08-06T19:58:53Z" level=info msg="Checking if bucket ray-historyserver exists..."
time="2026-08-06T19:58:53Z" level=info msg="Bucket ray-historyserver already exists"
time="2026-08-06T19:58:53Z" level=info msg="Clean logdir is logs"
time="2026-08-06T19:58:53Z" level=info msg="Starting server on :8080"
time="2026-08-06T19:58:55Z" level=info msg="Received request: GET /readz"
time="2026-08-06T19:58:55Z" level=info msg="live clusters: []"
time="2026-08-06T19:58:55Z" level=info msg="[List]Returned objects in log/cluster-metadata/. length of page.Contents: 2, length of page.CommonPrefixes: 0"
time="2026-08-06T19:58:55Z" level=error msg="Failed to parse meta file path: log/cluster-metadata/raycluster/test-ns-jzr8n_raycluster-historyserver/, error: invalid path segment count for cluster metadata structure: log/cluster-metadata/raycluster/test-ns-jzr8n_raycluster-historyserver/"
time="2026-08-06T19:58:55Z" level=info msg="Parsed cluster raycluster-historyserver for session session_2026-08-06_12-57-15_081359_1 to list"
time="2026-08-06T19:58:55Z" level=info msg="live clusters: []"
gc 4 @2.643s 0%: 0.14time="2026-08-06T19:58:55Z" level=info msg="[List]Returned objects in log/cluster-metadata/. length of page.Contents: 2, length of page.CommonPrefixes: 0"
+5.0+0.14 ms clock, 1.1+0.10/7.6/6.1+1.1 ms cpu, 10->10->6 MB, 10 MB goal, 0 MB stacks, 0 MB globals, 8 P
time="2026-08-06T19:58:55Z" level=error msg="Failed to parse meta file path: log/cluster-metadata/raycluster/test-ns-jzr8n_raycluster-historyserver/, error: invalid path segment count for cluster metadata structure: log/cluster-metadata/raycluster/test-ns-jzr8n_raycluster-historyserver/"
time="2026-08-06T19:58:55Z" level=info msg="Parsed cluster raycluster-historyserver for session session_2026-08-06_12-57-15_081359_1 to list"
time="2026-08-06T19:58:55Z" level=info msg="live clusters: []"
time="2026-08-06T19:58:55Z" level=info msg="[List]Returned objects in log/cluster-metadata/. length of page.Contents: 2, length of page.CommonPrefixes: 0"
time="2026-08-06T19:58:55Z" level=error msg="Failed to parse meta file path: log/cluster-metadata/raycluster/test-ns-jzr8n_raycluster-historyserver/, error: invalid path segment count for cluster metadata structure: log/cluster-metadata/raycluster/test-ns-jzr8n_raycluster-historyserver/"
time="2026-08-06T19:58:55Z" level=info msg="Parsed cluster raycluster-historyserver for session session_2026-08-06_12-57-15_081359_1 to list"
time="2026-08-06T19:58:55Z" level=info msg="live clusters: []"
time="2026-08-06T19:58:55Z" level=info msg="[List]Returned objects in log/cluster-metadata/. length of page.Contents: 2, length of page.CommonPrefixes: 0"
time="2026-08-06T19:58:55Z" level=error msg="Failed to parse meta file path: log/cluster-metadata/raycluster/test-ns-jzr8n_raycluster-historyserver/, error: invalid path segment count for cluster metadata structure: log/cluster-metadata/raycluster/test-ns-jzr8n_raycluster-historyserver/"
time="2026-08-06T19:58:55Z" level=info msg="Parsed cluster raycluster-historyserver for session session_2026-08-06_12-57-15_081359_1 to list"
time="2026-08-06T19:58:55Z" level=info msg="live clusters: []"
time="2026-08-06T19:58:55Z" level=info msg="[List]Returned objects in log/cluster-metadata/. length of page.Contents: 2, length of page.CommonPrefixes: 0"
time="2026-08-06T19:58:55Z" level=error msg="Failed to parse meta file path: log/cluster-metadata/raycluster/test-ns-jzr8n_raycluster-historyserver/, error: invalid path segment count for cluster metadata structure: log/cluster-metadata/raycluster/test-ns-jzr8n_raycluster-historyserver/"
time="2026-08-06T19:58:55Z" level=info msg="Parsed cluster raycluster-historyserver for session session_2026-08-06_12-57-15_081359_1 to list"
time="2026-08-06T19:58:55Z" level=info msg="Received request: GET /enter_cluster/test-ns-jzr8n/raycluster/raycluster-historyserver/session_2026-08-06_12-57-15_081359_1"
time="2026-08-06T19:58:55Z" level=info msg="[List]Returned objects in log/cluster-metadata/. length of page.Contents: 2, length of page.CommonPrefixes: 0"
time="2026-08-06T19:58:55Z" level=error msg="Failed to parse meta file path: log/cluster-metadata/raycluster/test-ns-jzr8n_raycluster-historyserver/, error: invalid path segment count for cluster metadata structure: log/cluster-metadata/raycluster/test-ns-jzr8n_raycluster-historyserver/"
time="2026-08-06T19:58:55Z" level=info msg="Parsed cluster raycluster-historyserver for session session_2026-08-06_12-57-15_081359_1 to list"
time="2026-08-06T19:58:55Z" level=info msg="[ListFiles]Returned objects in log/cluster-history/raycluster/test-ns-jzr8n/raycluster-historyserver/session_2026-08-06_12-57-15_081359_1/. length of page.Contents: 0, length of page.CommonPrefixes: 3"
time="2026-08-06T19:58:55Z" level=info msg="[ListFiles]Returned objects in log/cluster-history/raycluster/test-ns-jzr8n/raycluster-historyserver/session_2026-08-06_12-57-15_081359_1/35bbac511255ee56b987727659bcc0347578753b2ec6fc531f9d805b/logs/events/. length of page.Contents: 13, length of page.CommonPrefixes: 0"
time="2026-08-06T19:58:55Z" level=info msg="Prepare to get object log/cluster-history/raycluster/test-ns-jzr8n/raycluster-historyserver/session_2026-08-06_12-57-15_081359_1/35bbac511255ee56b987727659bcc0347578753b2ec6fc531f9d805b/logs/events/event_CORE_WORKER_228.log info ..."
time="2026-08-06T19:58:55Z" level=info msg="Prepare to get object log/cluster-history/raycluster/test-ns-jzr8n/raycluster-historyserver/session_2026-08-06_12-57-15_081359_1/35bbac511255ee56b987727659bcc0347578753b2ec6fc531f9d805b/logs/events/event_CORE_WORKER_229.log info ..."
time="2026-08-06T19:58:55Z" level=info msg="Prepare to get object log/cluster-history/raycluster/test-ns-jzr8n/raycluster-historyserver/session_2026-08-06_12-57-15_081359_1/35bbac511255ee56b987727659bcc0347578753b2ec6fc531f9d805b/logs/events/event_CORE_WORKER_313.log info ..."
time="2026-08-06T19:58:55Z" level=info msg="Prepare to get object log/cluster-history/raycluster/test-ns-jzr8n/raycluster-historyserver/session_2026-08-06_12-57-15_081359_1/35bbac511255ee56b987727659bcc0347578753b2ec6fc531f9d805b/logs/events/event_CORE_WORKER_317.log info ..."
time="2026-08-06T19:58:55Z" level=info msg="Prepare to get object log/cluster-history/raycluster/test-ns-jzr8n/raycluster-historyserver/session_2026-08-06_12-57-15_081359_1/35bbac511255ee56b987727659bcc0347578753b2ec6fc531f9d805b/logs/events/event_CORE_WORKER_395.log info ..."
time="2026-08-06T19:58:55Z" level=info msg="Prepare to get object log/cluster-history/raycluster/test-ns-jzr8n/raycluster-historyserver/session_2026-08-06_12-57-15_081359_1/35bbac511255ee56b987727659bcc0347578753b2ec6fc531f9d805b/logs/events/event_CORE_WORKER_413.log info ..."
time="2026-08-06T19:58:55Z" level=info msg="Prepare to get object log/cluster-history/raycluster/test-ns-jzr8n/raycluster-historyserver/session_2026-08-06_12-57-15_081359_1/35bbac511255ee56b987727659bcc0347578753b2ec6fc531f9d805b/logs/events/event_CORE_WORKER_493.log info ..."
time="2026-08-06T19:58:55Z" level=info msg="Prepare to get object log/cluster-history/raycluster/test-ns-jzr8n/raycluster-historyserver/session_2026-08-06_12-57-15_081359_1/35bbac511255ee56b987727659bcc0347578753b2ec6fc531f9d805b/logs/events/event_CORE_WORKER_513.log info ..."
time="2026-08-06T19:58:55Z" level=info msg="Prepare to get object log/cluster-history/raycluster/test-ns-jzr8n/raycluster-historyserver/session_2026-08-06_12-57-15_081359_1/35bbac511255ee56b987727659bcc0347578753b2ec6fc531f9d805b/logs/events/event_CORE_WORKER_587.log info ..."
time="2026-08-06T19:58:55Z" level=info msg="Prepare to get object log/cluster-history/raycluster/test-ns-jzr8n/raycluster-historyserver/session_2026-08-06_12-57-15_081359_1/35bbac511255ee56b987727659bcc0347578753b2ec6fc531f9d805b/logs/events/event_CORE_WORKER_610.log info ..."
time="2026-08-06T19:58:55Z" level=info msg="Prepare to get object log/cluster-history/raycluster/test-ns-jzr8n/raycluster-historyserver/session_2026-08-06_12-57-15_081359_1/35bbac511255ee56b987727659bcc0347578753b2ec6fc531f9d805b/logs/events/event_CORE_WORKER_657.log info ..."
time="2026-08-06T19:58:55Z" level=info msg="Prepare to get object log/cluster-history/raycluster/test-ns-jzr8n/raycluster-historyserver/session_2026-08-06_12-57-15_081359_1/35bbac511255ee56b987727659bcc0347578753b2ec6fc531f9d805b/logs/events/event_RAYLET.log info ..."
time="2026-08-06T19:58:55Z" level=info msg="[ListFiles]Returned objects in log/cluster-history/raycluster/test-ns-jzr8n/raycluster-historyserver/session_2026-08-06_12-57-15_081359_1/c0abe52c3adcb7a22c8400a49f462188f889973a6a5ef952fa1810b5/logs/events/. length of page.Contents: 11, length of page.CommonPrefixes: 0"
time="2026-08-06T19:58:55Z" level=info msg="Prepare to get object log/cluster-history/raycluster/test-ns-jzr8n/raycluster-historyserver/session_2026-08-06_12-57-15_081359_1/c0abe52c3adcb7a22c8400a49f462188f889973a6a5ef952fa1810b5/logs/events/event_AUTOSCALER.log info ..."
time="2026-08-06T19:58:55Z" level=info msg="Prepare to get object log/cluster-history/raycluster/test-ns-jzr8n/raycluster-historyserver/session_2026-08-06_12-57-15_081359_1/c0abe52c3adcb7a22c8400a49f462188f889973a6a5ef952fa1810b5/logs/events/event_CORE_WORKER_1007.log info ..."
time="2026-08-06T19:58:55Z" level=info msg="Prepare to get object log/cluster-history/raycluster/test-ns-jzr8n/raycluster-historyserver/session_2026-08-06_12-57-15_081359_1/c0abe52c3adcb7a22c8400a49f462188f889973a6a5ef952fa1810b5/logs/events/event_CORE_WORKER_1167.log info ..."
time="2026-08-06T19:58:55Z" level=info msg="Prepare to get object log/cluster-history/raycluster/test-ns-jzr8n/raycluster-historyserver/session_2026-08-06_12-57-15_081359_1/c0abe52c3adcb7a22c8400a49f462188f889973a6a5ef952fa1810b5/logs/events/event_CORE_WORKER_199.log info ..."
time="2026-08-06T19:58:55Z" level=info msg="Prepare to get object log/cluster-history/raycluster/test-ns-jzr8n/raycluster-historyserver/session_2026-08-06_12-57-15_081359_1/c0abe52c3adcb7a22c8400a49f462188f889973a6a5ef952fa1810b5/logs/events/event_CORE_WORKER_204.log info ..."
time="2026-08-06T19:58:55Z" level=info msg="Prepare to get object log/cluster-history/raycluster/test-ns-jzr8n/raycluster-historyserver/session_2026-08-06_12-57-15_081359_1/c0abe52c3adcb7a22c8400a49f462188f889973a6a5ef952fa1810b5/logs/events/event_CORE_WORKER_670.log info ..."
time="2026-08-06T19:58:55Z" level=info msg="Prepare to get object log/cluster-history/raycluster/test-ns-jzr8n/raycluster-historyserver/session_2026-08-06_12-57-15_081359_1/c0abe52c3adcb7a22c8400a49f462188f889973a6a5ef952fa1810b5/logs/events/event_CORE_WORKER_951.log info ..."
time="2026-08-06T19:58:55Z" level=info msg="Prepare to get object log/cluster-history/raycluster/test-ns-jzr8n/raycluster-historyserver/session_2026-08-06_12-57-15_081359_1/c0abe52c3adcb7a22c8400a49f462188f889973a6a5ef952fa1810b5/logs/events/event_GCS.log info ..."
time="2026-08-06T19:58:55Z" level=info msg="Prepare to get object log/cluster-history/raycluster/test-ns-jzr8n/raycluster-historyserver/session_2026-08-06_12-57-15_081359_1/c0abe52c3adcb7a22c8400a49f462188f889973a6a5ef952fa1810b5/logs/events/event_JOBS.log info ..."
time="2026-08-06T19:58:55Z" level=info msg="Prepare to get object log/cluster-history/raycluster/test-ns-jzr8n/raycluster-historyserver/session_2026-08-06_12-57-15_081359_1/c0abe52c3adcb7a22c8400a49f462188f889973a6a5ef952fa1810b5/logs/events/event_RAYLET.log info ..."
time="2026-08-06T19:58:55Z" level=info msg="[ListFiles]Returned objects in log/cluster-history/raycluster/test-ns-jzr8n/raycluster-historyserver/session_2026-08-06_12-57-15_081359_1/fetched_endpoints/logs/events/. length of page.Contents: 0, length of page.CommonPrefixes: 0"
time="2026-08-06T19:58:55Z" level=info msg="[ListFiles]Returned objects in log/cluster-history/raycluster/test-ns-jzr8n/raycluster-historyserver/session_2026-08-06_12-57-15_081359_1/. length of page.Contents: 0, length of page.CommonPrefixes: 3"
time="2026-08-06T19:58:55Z" level=info msg="[ListFiles]Returned objects in log/cluster-history/raycluster/test-ns-jzr8n/raycluster-historyserver/session_2026-08-06_12-57-15_081359_1/35bbac511255ee56b987727659bcc0347578753b2ec6fc531f9d805b/job_events/. length of page.Contents: 0, length of page.CommonPrefixes: 1"
time="2026-08-06T19:58:55Z" level=info msg="[ListFiles]Returned objects in log/cluster-history/raycluster/test-ns-jzr8n/raycluster-historyserver/session_2026-08-06_12-57-15_081359_1/35bbac511255ee56b987727659bcc0347578753b2ec6fc531f9d805b/job_events/03000000/. length of page.Contents: 2, length of page.CommonPrefixes: 0"
time="2026-08-06T19:58:55Z" level=info msg="[ListFiles]Returned objects in log/cluster-history/raycluster/test-ns-jzr8n/raycluster-historyserver/session_2026-08-06_12-57-15_081359_1/c0abe52c3adcb7a22c8400a49f462188f889973a6a5ef952fa1810b5/job_events/. length of page.Contents: 0, length of page.CommonPrefixes: 4"
time="2026-08-06T19:58:55Z" level=info msg="[ListFiles]Returned objects in log/cluster-history/raycluster/test-ns-jzr8n/raycluster-historyserver/session_2026-08-06_12-57-15_081359_1/c0abe52c3adcb7a22c8400a49f462188f889973a6a5ef952fa1810b5/job_events/01000000/. length of page.Contents: 2, length of page.CommonPrefixes: 0"
time="2026-08-06T19:58:55Z" level=info msg="[ListFiles]Returned objects in log/cluster-history/raycluster/test-ns-jzr8n/raycluster-historyserver/session_2026-08-06_12-57-15_081359_1/c0abe52c3adcb7a22c8400a49f462188f889973a6a5ef952fa1810b5/job_events/02000000/. length of page.Contents: 2, length of page.CommonPrefixes: 0"
time="2026-08-06T19:58:55Z" level=info msg="[ListFiles]Returned objects in log/cluster-history/raycluster/test-ns-jzr8n/raycluster-historyserver/session_2026-08-06_12-57-15_081359_1/c0abe52c3adcb7a22c8400a49f462188f889973a6a5ef952fa1810b5/job_events/03000000/. length of page.Contents: 3, length of page.CommonPrefixes: 0"
time="2026-08-06T19:58:55Z" level=info msg="[ListFiles]Returned objects in log/cluster-history/raycluster/test-ns-jzr8n/raycluster-historyserver/session_2026-08-06_12-57-15_081359_1/c0abe52c3adcb7a22c8400a49f462188f889973a6a5ef952fa1810b5/job_events/04000000/. length of page.Contents: 2, length of page.CommonPrefixes: 0"
time="2026-08-06T19:58:55Z" level=info msg="[ListFiles]Returned objects in log/cluster-history/raycluster/test-ns-jzr8n/raycluster-historyserver/session_2026-08-06_12-57-15_081359_1/fetched_endpoints/job_events/. length of page.Contents: 0, length of page.CommonPrefixes: 0"
time="2026-08-06T19:58:55Z" level=info msg="[ListFiles]Returned objects in log/cluster-history/raycluster/test-ns-jzr8n/raycluster-historyserver/session_2026-08-06_12-57-15_081359_1/. length of page.Contents: 0, length of page.CommonPrefixes: 3"
time="2026-08-06T19:58:55Z" level=info msg="[ListFiles]Returned objects in log/cluster-history/raycluster/test-ns-jzr8n/raycluster-historyserver/session_2026-08-06_12-57-15_081359_1/35bbac511255ee56b987727659bcc0347578753b2ec6fc531f9d805b/node_events/. length of page.Contents: 0, length of page.CommonPrefixes: 0"
time="2026-08-06T19:58:55Z" level=info msg="[ListFiles]Returned objects in log/cluster-history/raycluster/test-ns-jzr8n/raycluster-historyserver/session_2026-08-06_12-57-15_081359_1/c0abe52c3adcb7a22c8400a49f462188f889973a6a5ef952fa1810b5/node_events/. length of page.Contents: 2, length of page.CommonPrefixes: 0"
time="2026-08-06T19:58:55Z" level=info msg="[ListFiles]Returned objects in log/cluster-history/raycluster/test-ns-jzr8n/raycluster-historyserver/session_2026-08-06_12-57-15_081359_1/fetched_endpoints/node_events/. length of page.Contents: 0, length of page.CommonPrefixes: 0"
time="2026-08-06T19:58:55Z" level=info msg="Prepare to get object log/cluster-history/raycluster/test-ns-jzr8n/raycluster-historyserver/session_2026-08-06_12-57-15_081359_1/35bbac511255ee56b987727659bcc0347578753b2ec6fc531f9d805b/job_events/03000000/35bbac511255ee56b987727659bcc0347578753b2ec6fc531f9d805b-2026-08-06-19-1786046259232213002.jsonl info ..."
gc 5 @2.744s 0%: 0.15+4.7+0.052 ms clock, 1.2+0.38/6.8/7.8+0.42 ms cpu, 13->13->9 MB, 14 MB goal, 0 MB stacks, 0 MB globals, 8 P
gc 6 @2.755s 0%: 0.13+6.8+0.15 ms clock, 1.0+0/11/2.9+1.2 ms cpu, 19->19->19 MB, 19 MB goal, 0 MB stacks, 0 MB globals, 8 P
gc 7 @2.780s 0%: 0.14+7.3+0.042 ms clock, 1.1+0/9.7/9.6+0.33 ms cpu, 48->48->48 MB, 48 MB goal, 0 MB stacks, 0 MB globals, 8 P
gc 8 @2.812s 0%: 0.14+14+0.046 ms clock, 1.1+0/16/9.0+0.37 ms cpu, 100->100->100 MB, 100 MB goal, 0 MB stacks, 0 MB globals, 8 P
gc 9 @2.866s 0%: 0.86+45+0.13 ms clock, 6.8+0/47/9.3+1.0 ms cpu, 273->274->134 MB, 273 MB goal, 0 MB stacks, 0 MB globals, 8 P
gc 10 @2.966s 0%: 0.22+11+0.22 ms clock, 1.8+0.080/6.2/11+1.7 ms cpu, 273->273->273 MB, 273 MB goal, 0 MB stacks, 0 MB globals, 8 P
gc 11 @5.900s 0%: 0.14+81+0.12 ms clock, 1.1+1.5/161/394+1.0 ms cpu, 543->544->240 MB, 547 MB goal, 0 MB stacks, 0 MB globals, 8 P
gc 12 @10.573s 1%: 0.17+304+0.098 ms clock, 1.4+0.095/608/1518+0.78 ms cpu, 464->467->406 MB, 480 MB goal, 0 MB stacks, 0 MB globals, 8 P
time="2026-08-06T19:59:10Z" level=error msg="Failed to store events for file session_2026-08-06_12-57-15_081359_1/35bbac511255ee56b987727659bcc0347578753b2ec6fc531f9d805b/job_events/03000000/35bbac511255ee56b987727659bcc0347578753b2ec6fc531f9d805b-2026-08-06-19-1786046259232213002.jsonl: TASK_LIFECYCLE_EVENT must have at least one state transition"
time="2026-08-06T19:59:10Z" level=error msg="Failed to store events for file session_2026-08-06_12-57-15_081359_1/35bbac511255ee56b987727659bcc0347578753b2ec6fc531f9d805b/job_events/03000000/35bbac511255ee56b987727659bcc0347578753b2ec6fc531f9d805b-2026-08-06-19-1786046259232213002.jsonl: TASK_LIFECYCLE_EVENT must have at least one state transition"
time="2026-08-06T19:59:10Z" level=error msg="Failed to store events for file session_2026-08-06_12-57-15_081359_1/35bbac511255ee56b987727659bcc0347578753b2ec6fc531f9d805b/job_events/03000000/35bbac511255ee56b987727659bcc0347578753b2ec6fc531f9d805b-2026-08-06-19-1786046259232213002.jsonl: TASK_LIFECYCLE_EVENT must have at least one state transition"
time="2026-08-06T19:59:10Z" level=error msg="Failed to store events for file session_2026-08-06_12-57-15_081359_1/35bbac511255ee56b987727659bcc0347578753b2ec6fc531f9d805b/job_events/03000000/35bbac511255ee56b987727659bcc0347578753b2ec6fc531f9d805b-2026-08-06-19-1786046259232213002.jsonl: TASK_LIFECYCLE_EVENT must have at least one state transition"
time="2026-08-06T19:59:10Z" level=error msg="Failed to store events for file session_2026-08-06_12-57-15_081359_1/35bbac511255ee56b987727659bcc0347578753b2ec6fc531f9d805b/job_events/03000000/35bbac511255ee56b987727659bcc0347578753b2ec6fc531f9d805b-2026-08-06-19-1786046259232213002.jsonl: TASK_LIFECYCLE_EVENT must have at least one state transition"
time="2026-08-06T19:59:10Z" level=error msg="Failed to store events for file session_2026-08-06_12-57-15_081359_1/35bbac511255ee56b987727659bcc0347578753b2ec6fc531f9d805b/job_events/03000000/35bbac511255ee56b987727659bcc0347578753b2ec6fc531f9d805b-2026-08-06-19-1786046259232213002.jsonl: TASK_LIFECYCLE_EVENT must have at least one state transition"
time="2026-08-06T19:59:11Z" level=error msg="Failed to store events for file session_2026-08-06_12-57-15_081359_1/35bbac511255ee56b987727659bcc0347578753b2ec6fc531f9d805b/job_events/03000000/35bbac511255ee56b987727659bcc0347578753b2ec6fc531f9d805b-2026-08-06-19-1786046259232213002.jsonl: TASK_LIFECYCLE_EVENT must have at least one state transition"
time="2026-08-06T19:59:11Z" level=error msg="Failed to store events for file session_2026-08-06_12-57-15_081359_1/35bbac511255ee56b987727659bcc0347578753b2ec6fc531f9d805b/job_events/03000000/35bbac511255ee56b987727659bcc0347578753b2ec6fc531f9d805b-2026-08-06-19-1786046259232213002.jsonl: TASK_LIFECYCLE_EVENT must have at least one state transition"
gc 13 @18.351s 1%: 0.16+536+0.16 ms clock, 1.2+0.64/1072/2651+1.3 ms cpu, 774->780->493 MB, 813 MB goal, 0 MB stacks, 0 MB globals, 8 P
time="2026-08-06T19:59:12Z" level=error msg="Failed to store events for file session_2026-08-06_12-57-15_081359_1/35bbac511255ee56b987727659bcc0347578753b2ec6fc531f9d805b/job_events/03000000/35bbac511255ee56b987727659bcc0347578753b2ec6fc531f9d805b-2026-08-06-19-1786046259232213002.jsonl: TASK_LIFECYCLE_EVENT must have at least one state transition"
time="2026-08-06T19:59:12Z" level=error msg="Failed to store events for file session_2026-08-06_12-57-15_081359_1/35bbac511255ee56b987727659bcc0347578753b2ec6fc531f9d805b/job_events/03000000/35bbac511255ee56b987727659bcc0347578753b2ec6fc531f9d805b-2026-08-06-19-1786046259232213002.jsonl: TASK_LIFECYCLE_EVENT must have at least one state transition"
time="2026-08-06T19:59:12Z" level=error msg="Failed to store events for file session_2026-08-06_12-57-15_081359_1/35bbac511255ee56b987727659bcc0347578753b2ec6fc531f9d805b/job_events/03000000/35bbac511255ee56b987727659bcc0347578753b2ec6fc531f9d805b-2026-08-06-19-1786046259232213002.jsonl: TASK_LIFECYCLE_EVENT must have at least one state transition"
time="2026-08-06T19:59:12Z" level=error msg="Failed to store events for file session_2026-08-06_12-57-15_081359_1/35bbac511255ee56b987727659bcc0347578753b2ec6fc531f9d805b/job_events/03000000/35bbac511255ee56b987727659bcc0347578753b2ec6fc531f9d805b-2026-08-06-19-1786046259232213002.jsonl: TASK_LIFECYCLE_EVENT must have at least one state transition"
time="2026-08-06T19:59:13Z" level=error msg="Failed to store events for file session_2026-08-06_12-57-15_081359_1/35bbac511255ee56b987727659bcc0347578753b2ec6fc531f9d805b/job_events/03000000/35bbac511255ee56b987727659bcc0347578753b2ec6fc531f9d805b-2026-08-06-19-1786046259232213002.jsonl: TASK_LIFECYCLE_EVENT must have at least one state transition"
time="2026-08-06T19:59:13Z" level=error msg="Failed to store events for file session_2026-08-06_12-57-15_081359_1/35bbac511255ee56b987727659bcc0347578753b2ec6fc531f9d805b/job_events/03000000/35bbac511255ee56b987727659bcc0347578753b2ec6fc531f9d805b-2026-08-06-19-1786046259232213002.jsonl: TASK_LIFECYCLE_EVENT must have at least one state transition"
time="2026-08-06T19:59:13Z" level=error msg="Failed to store events for file session_2026-08-06_12-57-15_081359_1/35bbac511255ee56b987727659bcc0347578753b2ec6fc531f9d805b/job_events/03000000/35bbac511255ee56b987727659bcc0347578753b2ec6fc531f9d805b-2026-08-06-19-1786046259232213002.jsonl: TASK_LIFECYCLE_EVENT must have at least one state transition"
time="2026-08-06T19:59:14Z" level=error msg="Failed to store events for file session_2026-08-06_12-57-15_081359_1/35bbac511255ee56b987727659bcc0347578753b2ec6fc531f9d805b/job_events/03000000/35bbac511255ee56b987727659bcc0347578753b2ec6fc531f9d805b-2026-08-06-19-1786046259232213002.jsonl: TASK_LIFECYCLE_EVENT must have at least one state transition"
time="2026-08-06T19:59:14Z" level=error msg="Failed to store events for file session_2026-08-06_12-57-15_081359_1/35bbac511255ee56b987727659bcc0347578753b2ec6fc531f9d805b/job_events/03000000/35bbac511255ee56b987727659bcc0347578753b2ec6fc531f9d805b-2026-08-06-19-1786046259232213002.jsonl: TASK_LIFECYCLE_EVENT must have at least one state transition"
time="2026-08-06T19:59:14Z" level=error msg="Failed to store events for file session_2026-08-06_12-57-15_081359_1/35bbac511255ee56b987727659bcc0347578753b2ec6fc531f9d805b/job_events/03000000/35bbac511255ee56b987727659bcc0347578753b2ec6fc531f9d805b-2026-08-06-19-1786046259232213002.jsonl: TASK_LIFECYCLE_EVENT must have at least one state transition"
time="2026-08-06T19:59:14Z" level=error msg="Failed to store events for file session_2026-08-06_12-57-15_081359_1/35bbac511255ee56b987727659bcc0347578753b2ec6fc531f9d805b/job_events/03000000/35bbac511255ee56b987727659bcc0347578753b2ec6fc531f9d805b-2026-08-06-19-1786046259232213002.jsonl: TASK_LIFECYCLE_EVENT must have at least one state transition"
time="2026-08-06T19:59:14Z" level=error msg="Failed to store events for file session_2026-08-06_12-57-15_081359_1/35bbac511255ee56b987727659bcc0347578753b2ec6fc531f9d805b/job_events/03000000/35bbac511255ee56b987727659bcc0347578753b2ec6fc531f9d805b-2026-08-06-19-1786046259232213002.jsonl: TASK_LIFECYCLE_EVENT must have at least one state transition"
time="2026-08-06T19:59:14Z" level=error msg="Failed to store events for file session_2026-08-06_12-57-15_081359_1/35bbac511255ee56b987727659bcc0347578753b2ec6fc531f9d805b/job_events/03000000/35bbac511255ee56b987727659bcc0347578753b2ec6fc531f9d805b-2026-08-06-19-1786046259232213002.jsonl: TASK_LIFECYCLE_EVENT must have at least one state transition"
time="2026-08-06T19:59:15Z" level=error msg="Failed to store events for file session_2026-08-06_12-57-15_081359_1/35bbac511255ee56b987727659bcc0347578753b2ec6fc531f9d805b/job_events/03000000/35bbac511255ee56b987727659bcc0347578753b2ec6fc531f9d805b-2026-08-06-19-1786046259232213002.jsonl: TASK_LIFECYCLE_EVENT must have at least one state transition"
time="2026-08-06T19:59:15Z" level=error msg="Failed to store events for file session_2026-08-06_12-57-15_081359_1/35bbac511255ee56b987727659bcc0347578753b2ec6fc531f9d805b/job_events/03000000/35bbac511255ee56b987727659bcc0347578753b2ec6fc531f9d805b-2026-08-06-19-1786046259232213002.jsonl: TASK_LIFECYCLE_EVENT must have at least one state transition"
time="2026-08-06T19:59:15Z" level=error msg="Failed to store events for file session_2026-08-06_12-57-15_081359_1/35bbac511255ee56b987727659bcc0347578753b2ec6fc531f9d805b/job_events/03000000/35bbac511255ee56b987727659bcc0347578753b2ec6fc531f9d805b-2026-08-06-19-1786046259232213002.jsonl: TASK_LIFECYCLE_EVENT must have at least one state transition"
time="2026-08-06T19:59:15Z" level=error msg="Failed to store events for file session_2026-08-06_12-57-15_081359_1/35bbac511255ee56b987727659bcc0347578753b2ec6fc531f9d805b/job_events/03000000/35bbac511255ee56b987727659bcc0347578753b2ec6fc531f9d805b-2026-08-06-19-1786046259232213002.jsonl: TASK_LIFECYCLE_EVENT must have at least one state transition"
time="2026-08-06T19:59:16Z" level=error msg="Failed to store events for file session_2026-08-06_12-57-15_081359_1/35bbac511255ee56b987727659bcc0347578753b2ec6fc531f9d805b/job_events/03000000/35bbac511255ee56b987727659bcc0347578753b2ec6fc531f9d805b-2026-08-06-19-1786046259232213002.jsonl: TASK_LIFECYCLE_EVENT must have at least one state transition"
time="2026-08-06T19:59:16Z" level=error msg="Failed to store events for file session_2026-08-06_12-57-15_081359_1/35bbac511255ee56b987727659bcc0347578753b2ec6fc531f9d805b/job_events/03000000/35bbac511255ee56b987727659bcc0347578753b2ec6fc531f9d805b-2026-08-06-19-1786046259232213002.jsonl: TASK_LIFECYCLE_EVENT must have at least one state transition"
time="2026-08-06T19:59:16Z" level=error msg="Failed to store events for file session_2026-08-06_12-57-15_081359_1/35bbac511255ee56b987727659bcc0347578753b2ec6fc531f9d805b/job_events/03000000/35bbac511255ee56b987727659bcc0347578753b2ec6fc531f9d805b-2026-08-06-19-1786046259232213002.jsonl: TASK_LIFECYCLE_EVENT must have at least one state transition"
time="2026-08-06T19:59:16Z" level=error msg="Failed to store events for file session_2026-08-06_12-57-15_081359_1/35bbac511255ee56b987727659bcc0347578753b2ec6fc531f9d805b/job_events/03000000/35bbac511255ee56b987727659bcc0347578753b2ec6fc531f9d805b-2026-08-06-19-1786046259232213002.jsonl: TASK_LIFECYCLE_EVENT must have at least one state transition"
time="2026-08-06T19:59:16Z" level=error msg="Failed to store events for file session_2026-08-06_12-57-15_081359_1/35bbac511255ee56b987727659bcc0347578753b2ec6fc531f9d805b/job_events/03000000/35bbac511255ee56b987727659bcc0347578753b2ec6fc531f9d805b-2026-08-06-19-1786046259232213002.jsonl: TASK_LIFECYCLE_EVENT must have at least one state transition"
time="2026-08-06T19:59:17Z" level=error msg="Failed to store events for file session_2026-08-06_12-57-15_081359_1/35bbac511255ee56b987727659bcc0347578753b2ec6fc531f9d805b/job_events/03000000/35bbac511255ee56b987727659bcc0347578753b2ec6fc531f9d805b-2026-08-06-19-1786046259232213002.jsonl: TASK_LIFECYCLE_EVENT must have at least one state transition"
time="2026-08-06T19:59:17Z" level=error msg="Failed to store events for file session_2026-08-06_12-57-15_081359_1/35bbac511255ee56b987727659bcc0347578753b2ec6fc531f9d805b/job_events/03000000/35bbac511255ee56b987727659bcc0347578753b2ec6fc531f9d805b-2026-08-06-19-1786046259232213002.jsonl: TASK_LIFECYCLE_EVENT must have at least one state transition"
time="2026-08-06T19:59:17Z" level=error msg="Failed to store events for file session_2026-08-06_12-57-15_081359_1/35bbac511255ee56b987727659bcc0347578753b2ec6fc531f9d805b/job_events/03000000/35bbac511255ee56b987727659bcc0347578753b2ec6fc531f9d805b-2026-08-06-19-1786046259232213002.jsonl: TASK_LIFECYCLE_EVENT must have at least one state transition"
time="2026-08-06T19:59:17Z" level=error msg="Failed to store events for file session_2026-08-06_12-57-15_081359_1/35bbac511255ee56b987727659bcc0347578753b2ec6fc531f9d805b/job_events/03000000/35bbac511255ee56b987727659bcc0347578753b2ec6fc531f9d805b-2026-08-06-19-1786046259232213002.jsonl: TASK_LIFECYCLE_EVENT must have at least one state transition"
time="2026-08-06T19:59:18Z" level=error msg="Failed to store events for file session_2026-08-06_12-57-15_081359_1/35bbac511255ee56b987727659bcc0347578753b2ec6fc531f9d805b/job_events/03000000/35bbac511255ee56b987727659bcc0347578753b2ec6fc531f9d805b-2026-08-06-19-1786046259232213002.jsonl: TASK_LIFECYCLE_EVENT must have at least one state transition"
time="2026-08-06T19:59:18Z" level=error msg="Failed to store events for file session_2026-08-06_12-57-15_081359_1/35bbac511255ee56b987727659bcc0347578753b2ec6fc531f9d805b/job_events/03000000/35bbac511255ee56b987727659bcc0347578753b2ec6fc531f9d805b-2026-08-06-19-1786046259232213002.jsonl: TASK_LIFECYCLE_EVENT must have at least one state transition"
time="2026-08-06T19:59:19Z" level=error msg="Failed to store events for file session_2026-08-06_12-57-15_081359_1/35bbac511255ee56b987727659bcc0347578753b2ec6fc531f9d805b/job_events/03000000/35bbac511255ee56b987727659bcc0347578753b2ec6fc531f9d805b-2026-08-06-19-1786046259232213002.jsonl: TASK_LIFECYCLE_EVENT must have at least one state transition"
time="2026-08-06T19:59:19Z" level=error msg="Failed to store events for file session_2026-08-06_12-57-15_081359_1/35bbac511255ee56b987727659bcc0347578753b2ec6fc531f9d805b/job_events/03000000/35bbac511255ee56b987727659bcc0347578753b2ec6fc531f9d805b-2026-08-06-19-1786046259232213002.jsonl: TASK_LIFECYCLE_EVENT must have at least one state transition"
time="2026-08-06T19:59:19Z" level=error msg="Failed to store events for file session_2026-08-06_12-57-15_081359_1/35bbac511255ee56b987727659bcc0347578753b2ec6fc531f9d805b/job_events/03000000/35bbac511255ee56b987727659bcc0347578753b2ec6fc531f9d805b-2026-08-06-19-1786046259232213002.jsonl: TASK_LIFECYCLE_EVENT must have at least one state transition"
time="2026-08-06T19:59:19Z" level=error msg="Failed to store events for file session_2026-08-06_12-57-15_081359_1/35bbac511255ee56b987727659bcc0347578753b2ec6fc531f9d805b/job_events/03000000/35bbac511255ee56b987727659bcc0347578753b2ec6fc531f9d805b-2026-08-06-19-1786046259232213002.jsonl: TASK_LIFECYCLE_EVENT must have at least one state transition"
time="2026-08-06T19:59:20Z" level=error msg="Failed to store events for file session_2026-08-06_12-57-15_081359_1/35bbac511255ee56b987727659bcc0347578753b2ec6fc531f9d805b/job_events/03000000/35bbac511255ee56b987727659bcc0347578753b2ec6fc531f9d805b-2026-08-06-19-1786046259232213002.jsonl: TASK_LIFECYCLE_EVENT must have at least one state transition"
time="2026-08-06T19:59:20Z" level=error msg="Failed to store events for file session_2026-08-06_12-57-15_081359_1/35bbac511255ee56b987727659bcc0347578753b2ec6fc531f9d805b/job_events/03000000/35bbac511255ee56b987727659bcc0347578753b2ec6fc531f9d805b-2026-08-06-19-1786046259232213002.jsonl: TASK_LIFECYCLE_EVENT must have at least one state transition"
time="2026-08-06T19:59:20Z" level=error msg="Failed to store events for file session_2026-08-06_12-57-15_081359_1/35bbac511255ee56b987727659bcc0347578753b2ec6fc531f9d805b/job_events/03000000/35bbac511255ee56b987727659bcc0347578753b2ec6fc531f9d805b-2026-08-06-19-1786046259232213002.jsonl: TASK_LIFECYCLE_EVENT must have at least one state transition"
time="2026-08-06T19:59:20Z" level=error msg="Failed to store events for file session_2026-08-06_12-57-15_081359_1/35bbac511255ee56b987727659bcc0347578753b2ec6fc531f9d805b/job_events/03000000/35bbac511255ee56b987727659bcc0347578753b2ec6fc531f9d805b-2026-08-06-19-1786046259232213002.jsonl: TASK_LIFECYCLE_EVENT must have at least one state transition"
time="2026-08-06T19:59:20Z" level=error msg="Failed to store events for file session_2026-08-06_12-57-15_081359_1/35bbac511255ee56b987727659bcc0347578753b2ec6fc531f9d805b/job_events/03000000/35bbac511255ee56b987727659bcc0347578753b2ec6fc531f9d805b-2026-08-06-19-1786046259232213002.jsonl: TASK_LIFECYCLE_EVENT must have at least one state transition"
time="2026-08-06T19:59:21Z" level=error msg="Failed to store events for file session_2026-08-06_12-57-15_081359_1/35bbac511255ee56b987727659bcc0347578753b2ec6fc531f9d805b/job_events/03000000/35bbac511255ee56b987727659bcc0347578753b2ec6fc531f9d805b-2026-08-06-19-1786046259232213002.jsonl: TASK_LIFECYCLE_EVENT must have at least one state transition"
gc 14 @28.044s 1%: 0.15+629+0.11 ms clock, 1.2+0.099/1258/3142+0.92 ms cpu, 919->925->556 MB, 987 MB goal, 0 MB stacks, 0 MB globals, 8 P
time="2026-08-06T19:59:21Z" level=error msg="Failed to store events for file session_2026-08-06_12-57-15_081359_1/35bbac511255ee56b987727659bcc0347578753b2ec6fc531f9d805b/job_events/03000000/35bbac511255ee56b987727659bcc0347578753b2ec6fc531f9d805b-2026-08-06-19-1786046259232213002.jsonl: TASK_LIFECYCLE_EVENT must have at least one state transition"
time="2026-08-06T19:59:21Z" level=error msg="Failed to store events for file session_2026-08-06_12-57-15_081359_1/35bbac511255ee56b987727659bcc0347578753b2ec6fc531f9d805b/job_events/03000000/35bbac511255ee56b987727659bcc0347578753b2ec6fc531f9d805b-2026-08-06-19-1786046259232213002.jsonl: TASK_LIFECYCLE_EVENT must have at least one state transition"
time="2026-08-06T19:59:22Z" level=error msg="Failed to store events for file session_2026-08-06_12-57-15_081359_1/35bbac511255ee56b987727659bcc0347578753b2ec6fc531f9d805b/job_events/03000000/35bbac511255ee56b987727659bcc0347578753b2ec6fc531f9d805b-2026-08-06-19-1786046259232213002.jsonl: TASK_LIFECYCLE_EVENT must have at least one state transition"
time="2026-08-06T19:59:22Z" level=error msg="Failed to store events for file session_2026-08-06_12-57-15_081359_1/35bbac511255ee56b987727659bcc0347578753b2ec6fc531f9d805b/job_events/03000000/35bbac511255ee56b987727659bcc0347578753b2ec6fc531f9d805b-2026-08-06-19-1786046259232213002.jsonl: TASK_LIFECYCLE_EVENT must have at least one state transition"
time="2026-08-06T19:59:22Z" level=error msg="Failed to store events for file session_2026-08-06_12-57-15_081359_1/35bbac511255ee56b987727659bcc0347578753b2ec6fc531f9d805b/job_events/03000000/35bbac511255ee56b987727659bcc0347578753b2ec6fc531f9d805b-2026-08-06-19-1786046259232213002.jsonl: TASK_LIFECYCLE_EVENT must have at least one state transition"
time="2026-08-06T19:59:22Z" level=error msg="Failed to store events for file session_2026-08-06_12-57-15_081359_1/35bbac511255ee56b987727659bcc0347578753b2ec6fc531f9d805b/job_events/03000000/35bbac511255ee56b987727659bcc0347578753b2ec6fc531f9d805b-2026-08-06-19-1786046259232213002.jsonl: TASK_LIFECYCLE_EVENT must have at least one state transition"
time="2026-08-06T19:59:22Z" level=error msg="Failed to store events for file session_2026-08-06_12-57-15_081359_1/35bbac511255ee56b987727659bcc0347578753b2ec6fc531f9d805b/job_events/03000000/35bbac511255ee56b987727659bcc0347578753b2ec6fc531f9d805b-2026-08-06-19-1786046259232213002.jsonl: TASK_LIFECYCLE_EVENT must have at least one state transition"
time="2026-08-06T19:59:23Z" level=error msg="Failed to store events for file session_2026-08-06_12-57-15_081359_1/35bbac511255ee56b987727659bcc0347578753b2ec6fc531f9d805b/job_events/03000000/35bbac511255ee56b987727659bcc0347578753b2ec6fc531f9d805b-2026-08-06-19-1786046259232213002.jsonl: TASK_LIFECYCLE_EVENT must have at least one state transition"
time="2026-08-06T19:59:23Z" level=error msg="Failed to store events for file session_2026-08-06_12-57-15_081359_1/35bbac511255ee56b987727659bcc0347578753b2ec6fc531f9d805b/job_events/03000000/35bbac511255ee56b987727659bcc0347578753b2ec6fc531f9d805b-2026-08-06-19-1786046259232213002.jsonl: TASK_LIFECYCLE_EVENT must have at least one state transition"
time="2026-08-06T19:59:23Z" level=error msg="Failed to store events for file session_2026-08-06_12-57-15_081359_1/35bbac511255ee56b987727659bcc0347578753b2ec6fc531f9d805b/job_events/03000000/35bbac511255ee56b987727659bcc0347578753b2ec6fc531f9d805b-2026-08-06-19-1786046259232213002.jsonl: TASK_LIFECYCLE_EVENT must have at least one state transition"
time="2026-08-06T19:59:24Z" level=error msg="Failed to store events for file session_2026-08-06_12-57-15_081359_1/35bbac511255ee56b987727659bcc0347578753b2ec6fc531f9d805b/job_events/03000000/35bbac511255ee56b987727659bcc0347578753b2ec6fc531f9d805b-2026-08-06-19-1786046259232213002.jsonl: TASK_LIFECYCLE_EVENT must have at least one state transition"
time="2026-08-06T19:59:24Z" level=error msg="Failed to store events for file session_2026-08-06_12-57-15_081359_1/35bbac511255ee56b987727659bcc0347578753b2ec6fc531f9d805b/job_events/03000000/35bbac511255ee56b987727659bcc0347578753b2ec6fc531f9d805b-2026-08-06-19-1786046259232213002.jsonl: TASK_LIFECYCLE_EVENT must have at least one state transition"
time="2026-08-06T19:59:24Z" level=error msg="Failed to store events for file session_2026-08-06_12-57-15_081359_1/35bbac511255ee56b987727659bcc0347578753b2ec6fc531f9d805b/job_events/03000000/35bbac511255ee56b987727659bcc0347578753b2ec6fc531f9d805b-2026-08-06-19-1786046259232213002.jsonl: TASK_LIFECYCLE_EVENT must have at least one state transition"
time="2026-08-06T19:59:24Z" level=info msg="Prepare to get object log/cluster-history/raycluster/test-ns-jzr8n/raycluster-historyserver/session_2026-08-06_12-57-15_081359_1/c0abe52c3adcb7a22c8400a49f462188f889973a6a5ef952fa1810b5/job_events/01000000/c0abe52c3adcb7a22c8400a49f462188f889973a6a5ef952fa1810b5-2026-08-06-19-1786046240489505007.jsonl info ..."
time="2026-08-06T19:59:24Z" level=info msg="Prepare to get object log/cluster-history/raycluster/test-ns-jzr8n/raycluster-historyserver/session_2026-08-06_12-57-15_081359_1/c0abe52c3adcb7a22c8400a49f462188f889973a6a5ef952fa1810b5/job_events/02000000/c0abe52c3adcb7a22c8400a49f462188f889973a6a5ef952fa1810b5-2026-08-06-19-1786046257343403126.jsonl info ..."
time="2026-08-06T19:59:24Z" level=info msg="Prepare to get object log/cluster-history/raycluster/test-ns-jzr8n/raycluster-historyserver/session_2026-08-06_12-57-15_081359_1/c0abe52c3adcb7a22c8400a49f462188f889973a6a5ef952fa1810b5/job_events/03000000/c0abe52c3adcb7a22c8400a49f462188f889973a6a5ef952fa1810b5-2026-08-06-19-1786046257344075917.jsonl info ..."
gc 15 @32.077s 1%: 0.55+113+0.10 ms clock, 4.4+21/132/369+0.80 ms cpu, 1063->1071->255 MB, 1113 MB goal, 0 MB stacks, 0 MB globals, 8 P
gc 16 @32.389s 1%: 0.18+110+0.061 ms clock, 1.4+57/165/295+0.49 ms cpu, 599->599->388 MB, 599 MB goal, 0 MB stacks, 0 MB globals, 8 P
gc 17 @38.501s 1%: 0.17+471+0.11 ms clock, 1.4+0.10/787/1966+0.88 ms cpu, 754->759->534 MB, 777 MB goal, 0 MB stacks, 0 MB globals, 8 P
gc 18 @46.265s 1%: 0.16+825+0.088 ms clock, 1.2+0.096/1648/4113+0.70 ms cpu, 980->985->709 MB, 1069 MB goal, 0 MB stacks, 0 MB globals, 8 P
gc 19 @61.272s 1%: 0.17+1011+1.3 ms clock, 1.4+0.10/2023/5053+10 ms cpu, 1256->1263->779 MB, 1420 MB goal, 0 MB stacks, 0 MB globals, 8 P
time="2026-08-06T19:59:58Z" level=info msg="Prepare to get object log/cluster-history/raycluster/test-ns-jzr8n/raycluster-historyserver/session_2026-08-06_12-57-15_081359_1/c0abe52c3adcb7a22c8400a49f462188f889973a6a5ef952fa1810b5/job_events/03000000/c0abe52c3adcb7a22c8400a49f462188f889973a6a5ef952fa1810b5-2026-08-06-19-1786046300380341715.jsonl info ..."
time="2026-08-06T20:00:05Z" level=info msg="Prepare to get object log/cluster-history/raycluster/test-ns-jzr8n/raycluster-historyserver/session_2026-08-06_12-57-15_081359_1/c0abe52c3adcb7a22c8400a49f462188f889973a6a5ef952fa1810b5/job_events/04000000/c0abe52c3adcb7a22c8400a49f462188f889973a6a5ef952fa1810b5-2026-08-06-19-1786046275606165259.jsonl info ..."
time="2026-08-06T20:00:05Z" level=info msg="Prepare to get object log/cluster-history/raycluster/test-ns-jzr8n/raycluster-historyserver/session_2026-08-06_12-57-15_081359_1/c0abe52c3adcb7a22c8400a49f462188f889973a6a5ef952fa1810b5/node_events/c0abe52c3adcb7a22c8400a49f462188f889973a6a5ef952fa1810b5-2026-08-06-19-1786046239911831840.jsonl info ..."
gc 20 @72.752s 1%: 0.18+432+0.091 ms clock, 1.4+0.13/864/2156+0.73 ms cpu, 1381->1398->363 MB, 1559 MB goal, 0 MB stacks, 0 MB globals, 8 P
time="2026-08-06T20:00:07Z" level=info msg="Received request: GET /enter_cluster/test-ns-jzr8n/raycluster/raycluster-historyserver/session_2026-08-06_12-57-15_081359_1"
time="2026-08-06T20:00:07Z" level=info msg="[List]Returned objects in log/cluster-metadata/. length of page.Contents: 2, length of page.CommonPrefixes: 0"
time="2026-08-06T20:00:07Z" level=error msg="Failed to parse meta file path: log/cluster-metadata/raycluster/test-ns-jzr8n_raycluster-historyserver/, error: invalid path segment count for cluster metadata structure: log/cluster-metadata/raycluster/test-ns-jzr8n_raycluster-historyserver/"
time="2026-08-06T20:00:07Z" level=info msg="Parsed cluster raycluster-historyserver for session session_2026-08-06_12-57-15_081359_1 to list"
time="2026-08-06T20:00:07Z" level=info msg="Received request: GET /api/v0/tasks?limit=100000"
time="2026-08-06T20:00:07Z" level=info msg="Request URL /api/v0/tasks?limit=100000"
time="2026-08-06T20:00:07Z" level=info msg="Received request: GET /api/v0/tasks?limit=100000"
time="2026-08-06T20:00:07Z" level=info msg="Request URL /api/v0/tasks?limit=100000"
time="2026-08-06T20:00:07Z" level=info msg="Received request: GET /api/v0/tasks?limit=100000"
time="2026-08-06T20:00:07Z" level=info msg="Request URL /api/v0/tasks?limit=100000"
time="2026-08-06T20:00:07Z" level=info msg="Received request: GET /api/v0/tasks?limit=100000"
time="2026-08-06T20:00:07Z" level=info msg="Request URL /api/v0/tasks?limit=100000"
time="2026-08-06T20:00:07Z" level=info msg="Received request: GET /api/v0/tasks?limit=100000"
time="2026-08-06T20:00:07Z" level=info msg="Request URL /api/v0/tasks?limit=100000"
time="2026-08-06T20:00:07Z" level=info msg="Received request: GET /api/v0/tasks?limit=100000"
time="2026-08-06T20:00:07Z" level=info msg="Request URL /api/v0/tasks?limit=100000"
time="2026-08-06T20:00:07Z" level=info msg="Received request: GET /api/v0/tasks?limit=100000"
time="2026-08-06T20:00:07Z" level=info msg="Request URL /api/v0/tasks?limit=100000"
time="2026-08-06T20:00:07Z" level=info msg="Received request: GET /api/v0/tasks?limit=100000"
time="2026-08-06T20:00:07Z" level=info msg="Request URL /api/v0/tasks?limit=100000"
time="2026-08-06T20:00:07Z" level=info msg="Received request: GET /api/v0/tasks?limit=100000"
time="2026-08-06T20:00:07Z" level=info msg="Request URL /api/v0/tasks?limit=100000"
time="2026-08-06T20:00:07Z" level=info msg="Received request: GET /api/v0/tasks?limit=100000"
time="2026-08-06T20:00:07Z" level=info msg="Request URL /api/v0/tasks?limit=100000"
time="2026-08-06T20:00:07Z" level=info msg="Received request: GET /api/v0/tasks/summarize"
time="2026-08-06T20:00:07Z" level=info msg="Request URL /api/v0/tasks/summarize"
gc 21 @74.839s 1%: 0.18+367+0.083 ms clock, 1.5+0/320/990+0.66 ms cpu, 683->687->240 MB, 727 MB goal, 0 MB stacks, 0 MB globals, 8 P
gc 22 @75.403s 1%: 0.34+492+0.11 ms clock, 2.7+0/818/1527+0.92 ms cpu, 462->462->282 MB, 481 MB goal, 0 MB stacks, 0 MB globals, 8 P
time="2026-08-06T20:00:09Z" level=info msg="Received request: GET /api/v0/tasks/summarize"
time="2026-08-06T20:00:09Z" level=info msg="Request URL /api/v0/tasks/summarize"
gc 23 @76.630s 1%: 0.19+454+0.16 ms clock, 1.5+0/536/1508+1.2 ms cpu, 549->549->282 MB, 566 MB goal, 0 MB stacks, 0 MB globals, 8 P
time="2026-08-06T20:00:10Z" level=info msg="Received request: GET /api/v0/tasks/summarize"
time="2026-08-06T20:00:10Z" level=info msg="Request URL /api/v0/tasks/summarize"
gc 24 @77.803s 1%: 0.15+470+0.082 ms clock, 1.2+0/581/1440+0.65 ms cpu, 549->549->320 MB, 566 MB goal, 0 MB stacks, 0 MB globals, 8 P
time="2026-08-06T20:00:11Z" level=info msg="Received request: GET /api/v0/tasks/summarize"
time="2026-08-06T20:00:11Z" level=info msg="Request URL /api/v0/tasks/summarize"
gc 25 @78.965s 1%: 0.17+428+0.10 ms clock, 1.3+0/634/1574+0.87 ms cpu, 586->586->320 MB, 640 MB goal, 0 MB stacks, 0 MB globals, 8 P
time="2026-08-06T20:00:12Z" level=info msg="Received request: GET /api/v0/tasks/summarize"
time="2026-08-06T20:00:12Z" level=info msg="Request URL /api/v0/tasks/summarize"
gc 26 @80.084s 1%: 0.21+593+0.093 ms clock, 1.6+0/815/2027+0.74 ms cpu, 586->586->320 MB, 641 MB goal, 0 MB stacks, 0 MB globals, 8 P
time="2026-08-06T20:00:14Z" level=info msg="Received request: GET /api/v0/tasks/summarize"
time="2026-08-06T20:00:14Z" level=info msg="Request URL /api/v0/tasks/summarize"
gc 27 @81.460s 2%: 0.22+468+0.10 ms clock, 1.7+0/657/1633+0.87 ms cpu, 586->586->320 MB, 640 MB goal, 0 MB stacks, 0 MB globals, 8 P
time="2026-08-06T20:00:15Z" level=info msg="Received request: GET /api/v0/tasks/summarize"
time="2026-08-06T20:00:15Z" level=info msg="Request URL /api/v0/tasks/summarize"
gc 28 @82.649s 2%: 0.21+450+0.097 ms clock, 1.7+0/665/1654+0.78 ms cpu, 586->586->320 MB, 640 MB goal, 0 MB stacks, 0 MB globals, 8 P
time="2026-08-06T20:00:16Z" level=info msg="Received request: GET /api/v0/tasks/summarize"
time="2026-08-06T20:00:16Z" level=info msg="Request URL /api/v0/tasks/summarize"
gc 29 @83.825s 2%: 0.23+455+0.10 ms clock, 1.8+0/544/1428+0.83 ms cpu, 586->586->320 MB, 640 MB goal, 0 MB stacks, 0 MB globals, 8 P
time="2026-08-06T20:00:17Z" level=info msg="Received request: GET /api/v0/tasks/summarize"
time="2026-08-06T20:00:17Z" level=info msg="Request URL /api/v0/tasks/summarize"
gc 30 @85.018s 2%: 0.19+454+0.094 ms clock, 1.5+0/555/1369+0.75 ms cpu, 586->586->320 MB, 640 MB goal, 0 MB stacks, 0 MB globals, 8 P
time="2026-08-06T20:00:18Z" level=info msg="Received request: GET /api/v0/tasks/summarize"
time="2026-08-06T20:00:18Z" level=info msg="Request URL /api/v0/tasks/summarize"
gc 31 @86.208s 2%: 0.19+481+0.11 ms clock, 1.5+0/575/1427+0.92 ms cpu, 587->587->320 MB, 641 MB goal, 0 MB stacks, 0 MB globals, 8 P
time="2026-08-06T20:00:20Z" level=info msg="Received request: GET /api/jobs/"
time="2026-08-06T20:00:20Z" level=info msg="Request URL /api/jobs/"
time="2026-08-06T20:00:20Z" level=info msg="Received request: GET /api/jobs/"
time="2026-08-06T20:00:20Z" level=info msg="Request URL /api/jobs/"
time="2026-08-06T20:00:20Z" level=info msg="Received request: GET /api/jobs/"
time="2026-08-06T20:00:20Z" level=info msg="Request URL /api/jobs/"
time="2026-08-06T20:00:20Z" level=info msg="Received request: GET /api/jobs/"
time="2026-08-06T20:00:20Z" level=info msg="Request URL /api/jobs/"
time="2026-08-06T20:00:20Z" level=info msg="Received request: GET /api/jobs/"
time="2026-08-06T20:00:20Z" level=info msg="Request URL /api/jobs/"
time="2026-08-06T20:00:20Z" level=info msg="Received request: GET /api/jobs/"
time="2026-08-06T20:00:20Z" level=info msg="Request URL /api/jobs/"
time="2026-08-06T20:00:20Z" level=info msg="Received request: GET /api/jobs/"
time="2026-08-06T20:00:20Z" level=info msg="Request URL /api/jobs/"
time="2026-08-06T20:00:20Z" level=info msg="Received request: GET /api/jobs/"
time="2026-08-06T20:00:20Z" level=info msg="Request URL /api/jobs/"
gc 32 @87.351s 2%: 0.62+712+0.11 ms clock, 4.9+12/599/1094+0.90 ms cpu, 604->644->276 MB, 640 MB goal, 0 MB stacks, 0 MB globals, 8 P
time="2026-08-06T20:00:20Z" level=info msg="Received request: GET /api/jobs/"
time="2026-08-06T20:00:20Z" level=info msg="Request URL /api/jobs/"
time="2026-08-06T20:00:20Z" level=info msg="Received request: GET /api/jobs/"
time="2026-08-06T20:00:20Z" level=info msg="Request URL /api/jobs/"
time="2026-08-06T20:00:20Z" level=info msg="Request URL /nodes?view=summary"
time="2026-08-06T20:00:21Z" level=info msg="Request URL /nodes?view=summary"
time="2026-08-06T20:00:21Z" level=info msg="Request URL /nodes?view=summary"
time="2026-08-06T20:00:21Z" level=info msg="Request URL /nodes?view=summary"
time="2026-08-06T20:00:21Z" level=info msg="Request URL /nodes?view=summary"
gc 33 @88.187s 2%: 0.23+393+0.14 ms clock, 1.8+0/388/957+1.1 ms cpu, 520->560->276 MB, 554 MB goal, 0 MB stacks, 0 MB globals, 8 P
time="2026-08-06T20:00:21Z" level=info msg="Request URL /nodes?view=summary"
time="2026-08-06T20:00:21Z" level=info msg="Request URL /nodes?view=summary"
time="2026-08-06T20:00:21Z" level=info msg="Request URL /nodes?view=summary"
time="2026-08-06T20:00:21Z" level=info msg="Request URL /nodes?view=summary"
time="2026-08-06T20:00:21Z" level=info msg="Request URL /nodes?view=summary"
time="2026-08-06T20:00:21Z" level=info msg="Request URL /events"
gc 34 @88.706s 2%: 0.70+366+0.10 ms clock, 5.6+0/354/865+0.87 ms cpu, 479->520->276 MB, 554 MB goal, 0 MB stacks, 0 MB globals, 8 P
time="2026-08-06T20:00:21Z" level=info msg="Request URL /events"
time="2026-08-06T20:00:21Z" level=info msg="Request URL /events"
time="2026-08-06T20:00:22Z" level=info msg="Request URL /events"
time="2026-08-06T20:00:22Z" level=info msg="Request URL /events"
time="2026-08-06T20:00:22Z" level=info msg="Request URL /events"
gc 35 @89.197s 2%: 0.48+407+0.10 ms clock, 3.9+0/381/943+0.87 ms cpu, 479->480->236 MB, 554 MB goal, 0 MB stacks, 0 MB globals, 8 P
time="2026-08-06T20:00:22Z" level=info msg="Request URL /events"
time="2026-08-06T20:00:22Z" level=info msg="Request URL /events"
time="2026-08-06T20:00:22Z" level=info msg="Request URL /events"
time="2026-08-06T20:00:22Z" level=info msg="Request URL /events"
