time="2026-08-06T18:24:53Z" level=info msg="create client manager successfully, clients: 1"
time="2026-08-06T18:24:53Z" level=info msg="Begin to create s3 client ..."
time="2026-08-06T18:24:53Z" level=info msg="Checking if bucket ray-historyserver exists..."
time="2026-08-06T18:24:53Z" level=info msg="Bucket ray-historyserver already exists"
time="2026-08-06T18:24:53Z" level=info msg="Clean logdir is logs"
time="2026-08-06T18:24:53Z" level=info msg="Starting server on :8080"
time="2026-08-06T18:24:55Z" level=info msg="Received request: GET /readz"
time="2026-08-06T18:24:55Z" level=info msg="live clusters: []"
time="2026-08-06T18:24:55Z" level=info msg="[List]Returned objects in log/cluster-metadata/. length of page.Contents: 2, length of page.CommonPrefixes: 0"
time="2026-08-06T18:24:55Z" level=error msg="Failed to parse meta file path: log/cluster-metadata/raycluster/test-ns-cb6mq_raycluster-historyserver/, error: invalid path segment count for cluster metadata structure: log/cluster-metadata/raycluster/test-ns-cb6mq_raycluster-historyserver/"
time="2026-08-06T18:24:55Z" level=info msg="Parsed cluster raycluster-historyserver for session session_2026-08-06_11-23-03_353788_1 to list"
time="2026-08-06T18:24:55Z" level=info msg="live clusters: []"
time="2026-08-06T18:24:55Z" level=info msg="[List]Returned objects in log/cluster-metadata/. length of page.Contents: 2, length of page.CommonPrefixes: 0"
time="2026-08-06T18:24:55Z" level=error msg="Failed to parse meta file path: log/cluster-metadata/raycluster/test-ns-cb6mq_raycluster-historyserver/, error: invalid path segment count for cluster metadata structure: log/cluster-metadata/raycluster/test-ns-cb6mq_raycluster-historyserver/"
time="2026-08-06T18:24:55Z" level=info msg="Parsed cluster raycluster-historyserver for session session_2026-08-06_11-23-03_353788_1 to list"
time="2026-08-06T18:24:55Z" level=info msg="live clusters: []"
time="2026-08-06T18:24:55Z" level=info msg="[List]Returned objects in log/cluster-metadata/. length of page.Contents: 2, length of page.CommonPrefixes: 0"
time="2026-08-06T18:24:55Z" level=error msg="Failed to parse meta file path: log/cluster-metadata/raycluster/test-ns-cb6mq_raycluster-historyserver/, error: invalid path segment count for cluster metadata structure: log/cluster-metadata/raycluster/test-ns-cb6mq_raycluster-historyserver/"
time="2026-08-06T18:24:55Z" level=info msg="Parsed cluster raycluster-historyserver for session session_2026-08-06_11-23-03_353788_1 to list"
time="2026-08-06T18:24:55Z" level=info msg="live clusters: []"
time="2026-08-06T18:24:55Z" level=info msg="[List]Returned objects in log/cluster-metadata/. length of page.Contents: 2, length of page.CommonPrefixes: 0"
time="2026-08-06T18:24:55Z" level=error msg="Failed to parse meta file path: log/cluster-metadata/raycluster/test-ns-cb6mq_raycluster-historyserver/, error: invalid path segment count for cluster metadata structure: log/cluster-metadata/raycluster/test-ns-cb6mq_raycluster-historyserver/"
time="2026-08-06T18:24:55Z" level=info msg="Parsed cluster raycluster-historyserver for session session_2026-08-06_11-23-03_353788_1 to list"
time="2026-08-06T18:24:55Z" level=info msg="live clusters: []"
time="2026-08-06T18:24:55Z" level=info msg="[List]Returned objects in log/cluster-metadata/. length of page.Contents: 2, length of page.CommonPrefixes: 0"
time="2026-08-06T18:24:55Z" level=error msg="Failed to parse meta file path: log/cluster-metadata/raycluster/test-ns-cb6mq_raycluster-historyserver/, error: invalid path segment count for cluster metadata structure: log/cluster-metadata/raycluster/test-ns-cb6mq_raycluster-historyserver/"
time="2026-08-06T18:24:55Z" level=info msg="Parsed cluster raycluster-historyserver for session session_2026-08-06_11-23-03_353788_1 to list"
time="2026-08-06T18:24:55Z" level=info msg="Received request: GET /enter_cluster/test-ns-cb6mq/raycluster/raycluster-historyserver/session_2026-08-06_11-23-03_353788_1"
time="2026-08-06T18:24:55Z" level=info msg="[List]Returned objects in log/cluster-metadata/. length of page.Contents: 2, length of page.CommonPrefixes: 0"
time="2026-08-06T18:24:55Z" level=error msg="Failed to parse meta file path: log/cluster-metadata/raycluster/test-ns-cb6mq_raycluster-historyserver/, error: invalid path segment count for cluster metadata structure: log/cluster-metadata/raycluster/test-ns-cb6mq_raycluster-historyserver/"
time="2026-08-06T18:24:55Z" level=info msg="Parsed cluster raycluster-historyserver for session session_2026-08-06_11-23-03_353788_1 to list"
time="2026-08-06T18:24:55Z" level=info msg="[ListFiles]Returned objects in log/cluster-history/raycluster/test-ns-cb6mq/raycluster-historyserver/session_2026-08-06_11-23-03_353788_1/. length of page.Contents: 0, length of page.CommonPrefixes: 3"
time="2026-08-06T18:24:55Z" level=info msg="[ListFiles]Returned objects in log/cluster-history/raycluster/test-ns-cb6mq/raycluster-historyserver/session_2026-08-06_11-23-03_353788_1/2393fca2a778820b3518dabebf3b5990bd9aa51a794a0d7887f31f5b/logs/events/. length of page.Contents: 11, length of page.CommonPrefixes: 0"
time="2026-08-06T18:24:55Z" level=info msg="Prepare to get object log/cluster-history/raycluster/test-ns-cb6mq/raycluster-historyserver/session_2026-08-06_11-23-03_353788_1/2393fca2a778820b3518dabebf3b5990bd9aa51a794a0d7887f31f5b/logs/events/event_AUTOSCALER.log info ..."
time="2026-08-06T18:24:55Z" level=info msg="Prepare to get object log/cluster-history/raycluster/test-ns-cb6mq/raycluster-historyserver/session_2026-08-06_11-23-03_353788_1/2393fca2a778820b3518dabebf3b5990bd9aa51a794a0d7887f31f5b/logs/events/event_CORE_WORKER_1017.log info ..."
time="2026-08-06T18:24:55Z" level=info msg="Prepare to get object log/cluster-history/raycluster/test-ns-cb6mq/raycluster-historyserver/session_2026-08-06_11-23-03_353788_1/2393fca2a778820b3518dabebf3b5990bd9aa51a794a0d7887f31f5b/logs/events/event_CORE_WORKER_1182.log info ..."
time="2026-08-06T18:24:55Z" level=info msg="Prepare to get object log/cluster-history/raycluster/test-ns-cb6mq/raycluster-historyserver/session_2026-08-06_11-23-03_353788_1/2393fca2a778820b3518dabebf3b5990bd9aa51a794a0d7887f31f5b/logs/events/event_CORE_WORKER_200.log info ..."
time="2026-08-06T18:24:55Z" level=info msg="Prepare to get object log/cluster-history/raycluster/test-ns-cb6mq/raycluster-historyserver/session_2026-08-06_11-23-03_353788_1/2393fca2a778820b3518dabebf3b5990bd9aa51a794a0d7887f31f5b/logs/events/event_CORE_WORKER_205.log info ..."
time="2026-08-06T18:24:55Z" level=info msg="Prepare to get object log/cluster-history/raycluster/test-ns-cb6mq/raycluster-historyserver/session_2026-08-06_11-23-03_353788_1/2393fca2a778820b3518dabebf3b5990bd9aa51a794a0d7887f31f5b/logs/events/event_CORE_WORKER_675.log info ..."
time="2026-08-06T18:24:55Z" level=info msg="Prepare to get object log/cluster-history/raycluster/test-ns-cb6mq/raycluster-historyserver/session_2026-08-06_11-23-03_353788_1/2393fca2a778820b3518dabebf3b5990bd9aa51a794a0d7887f31f5b/logs/events/event_CORE_WORKER_959.log info ..."
time="2026-08-06T18:24:55Z" level=info msg="Prepare to get object log/cluster-history/raycluster/test-ns-cb6mq/raycluster-historyserver/session_2026-08-06_11-23-03_353788_1/2393fca2a778820b3518dabebf3b5990bd9aa51a794a0d7887f31f5b/logs/events/event_GCS.log info ..."
time="2026-08-06T18:24:55Z" level=info msg="Prepare to get object log/cluster-history/raycluster/test-ns-cb6mq/raycluster-historyserver/session_2026-08-06_11-23-03_353788_1/2393fca2a778820b3518dabebf3b5990bd9aa51a794a0d7887f31f5b/logs/events/event_JOBS.log info ..."
time="2026-08-06T18:24:55Z" level=info msg="Prepare to get object log/cluster-history/raycluster/test-ns-cb6mq/raycluster-historyserver/session_2026-08-06_11-23-03_353788_1/2393fca2a778820b3518dabebf3b5990bd9aa51a794a0d7887f31f5b/logs/events/event_RAYLET.log info ..."
time="2026-08-06T18:24:55Z" level=info msg="[ListFiles]Returned objects in log/cluster-history/raycluster/test-ns-cb6mq/raycluster-historyserver/session_2026-08-06_11-23-03_353788_1/c42e5b0c6f5ec3528bfebebcc1c25551c76e08e67a60b7a3efb88d3a/logs/events/. length of page.Contents: 13, length of page.CommonPrefixes: 0"
time="2026-08-06T18:24:55Z" level=info msg="Prepare to get object log/cluster-history/raycluster/test-ns-cb6mq/raycluster-historyserver/session_2026-08-06_11-23-03_353788_1/c42e5b0c6f5ec3528bfebebcc1c25551c76e08e67a60b7a3efb88d3a/logs/events/event_CORE_WORKER_228.log info ..."
time="2026-08-06T18:24:55Z" level=info msg="Prepare to get object log/cluster-history/raycluster/test-ns-cb6mq/raycluster-historyserver/session_2026-08-06_11-23-03_353788_1/c42e5b0c6f5ec3528bfebebcc1c25551c76e08e67a60b7a3efb88d3a/logs/events/event_CORE_WORKER_229.log info ..."
time="2026-08-06T18:24:55Z" level=info msg="Prepare to get object log/cluster-history/raycluster/test-ns-cb6mq/raycluster-historyserver/session_2026-08-06_11-23-03_353788_1/c42e5b0c6f5ec3528bfebebcc1c25551c76e08e67a60b7a3efb88d3a/logs/events/event_CORE_WORKER_314.log info ..."
time="2026-08-06T18:24:55Z" level=info msg="Prepare to get object log/cluster-history/raycluster/test-ns-cb6mq/raycluster-historyserver/session_2026-08-06_11-23-03_353788_1/c42e5b0c6f5ec3528bfebebcc1c25551c76e08e67a60b7a3efb88d3a/logs/events/event_CORE_WORKER_319.log info ..."
time="2026-08-06T18:24:55Z" level=info msg="Prepare to get object log/cluster-history/raycluster/test-ns-cb6mq/raycluster-historyserver/session_2026-08-06_11-23-03_353788_1/c42e5b0c6f5ec3528bfebebcc1c25551c76e08e67a60b7a3efb88d3a/logs/events/event_CORE_WORKER_396.log info ..."
time="2026-08-06T18:24:55Z" level=info msg="Prepare to get object log/cluster-history/raycluster/test-ns-cb6mq/raycluster-historyserver/session_2026-08-06_11-23-03_353788_1/c42e5b0c6f5ec3528bfebebcc1c25551c76e08e67a60b7a3efb88d3a/logs/events/event_CORE_WORKER_418.log info ..."
time="2026-08-06T18:24:55Z" level=info msg="Prepare to get object log/cluster-history/raycluster/test-ns-cb6mq/raycluster-historyserver/session_2026-08-06_11-23-03_353788_1/c42e5b0c6f5ec3528bfebebcc1c25551c76e08e67a60b7a3efb88d3a/logs/events/event_CORE_WORKER_472.log info ..."
time="2026-08-06T18:24:55Z" level=info msg="Prepare to get object log/cluster-history/raycluster/test-ns-cb6mq/raycluster-historyserver/session_2026-08-06_11-23-03_353788_1/c42e5b0c6f5ec3528bfebebcc1c25551c76e08e67a60b7a3efb88d3a/logs/events/event_CORE_WORKER_514.log info ..."
time="2026-08-06T18:24:55Z" level=info msg="Prepare to get object log/cluster-history/raycluster/test-ns-cb6mq/raycluster-historyserver/session_2026-08-06_11-23-03_353788_1/c42e5b0c6f5ec3528bfebebcc1c25551c76e08e67a60b7a3efb88d3a/logs/events/event_CORE_WORKER_590.log info ..."
time="2026-08-06T18:24:55Z" level=info msg="Prepare to get object log/cluster-history/raycluster/test-ns-cb6mq/raycluster-historyserver/session_2026-08-06_11-23-03_353788_1/c42e5b0c6f5ec3528bfebebcc1c25551c76e08e67a60b7a3efb88d3a/logs/events/event_CORE_WORKER_610.log info ..."
time="2026-08-06T18:24:55Z" level=info msg="Prepare to get object log/cluster-history/raycluster/test-ns-cb6mq/raycluster-historyserver/session_2026-08-06_11-23-03_353788_1/c42e5b0c6f5ec3528bfebebcc1c25551c76e08e67a60b7a3efb88d3a/logs/events/event_CORE_WORKER_659.log info ..."
time="2026-08-06T18:24:55Z" level=info msg="Prepare to get object log/cluster-history/raycluster/test-ns-cb6mq/raycluster-historyserver/session_2026-08-06_11-23-03_353788_1/c42e5b0c6f5ec3528bfebebcc1c25551c76e08e67a60b7a3efb88d3a/logs/events/event_RAYLET.log info ..."
time="2026-08-06T18:24:55Z" level=info msg="[ListFiles]Returned objects in log/cluster-history/raycluster/test-ns-cb6mq/raycluster-historyserver/session_2026-08-06_11-23-03_353788_1/fetched_endpoints/logs/events/. length of page.Contents: 0, length of page.CommonPrefixes: 0"
time="2026-08-06T18:24:55Z" level=info msg="[ListFiles]Returned objects in log/cluster-history/raycluster/test-ns-cb6mq/raycluster-historyserver/session_2026-08-06_11-23-03_353788_1/. length of page.Contents: 0, length of page.CommonPrefixes: 3"
time="2026-08-06T18:24:55Z" level=info msg="[ListFiles]Returned objects in log/cluster-history/raycluster/test-ns-cb6mq/raycluster-historyserver/session_2026-08-06_11-23-03_353788_1/2393fca2a778820b3518dabebf3b5990bd9aa51a794a0d7887f31f5b/job_events/. length of page.Contents: 0, length of page.CommonPrefixes: 4"
time="2026-08-06T18:24:55Z" level=info msg="[ListFiles]Returned objects in log/cluster-history/raycluster/test-ns-cb6mq/raycluster-historyserver/session_2026-08-06_11-23-03_353788_1/2393fca2a778820b3518dabebf3b5990bd9aa51a794a0d7887f31f5b/job_events/01000000/. length of page.Contents: 2, length of page.CommonPrefixes: 0"
time="2026-08-06T18:24:55Z" level=info msg="[ListFiles]Returned objects in log/cluster-history/raycluster/test-ns-cb6mq/raycluster-historyserver/session_2026-08-06_11-23-03_353788_1/2393fca2a778820b3518dabebf3b5990bd9aa51a794a0d7887f31f5b/job_events/02000000/. length of page.Contents: 2, length of page.CommonPrefixes: 0"
time="2026-08-06T18:24:55Z" level=info msg="[ListFiles]Returned objects in log/cluster-history/raycluster/test-ns-cb6mq/raycluster-historyserver/session_2026-08-06_11-23-03_353788_1/2393fca2a778820b3518dabebf3b5990bd9aa51a794a0d7887f31f5b/job_events/03000000/. length of page.Contents: 3, length of page.CommonPrefixes: 0"
time="2026-08-06T18:24:55Z" level=info msg="[ListFiles]Returned objects in log/cluster-history/raycluster/test-ns-cb6mq/raycluster-historyserver/session_2026-08-06_11-23-03_353788_1/2393fca2a778820b3518dabebf3b5990bd9aa51a794a0d7887f31f5b/job_events/04000000/. length of page.Contents: 2, length of page.CommonPrefixes: 0"
time="2026-08-06T18:24:55Z" level=info msg="[ListFiles]Returned objects in log/cluster-history/raycluster/test-ns-cb6mq/raycluster-historyserver/session_2026-08-06_11-23-03_353788_1/c42e5b0c6f5ec3528bfebebcc1c25551c76e08e67a60b7a3efb88d3a/job_events/. length of page.Contents: 0, length of page.CommonPrefixes: 1"
time="2026-08-06T18:24:55Z" level=info msg="[ListFiles]Returned objects in log/cluster-history/raycluster/test-ns-cb6mq/raycluster-historyserver/session_2026-08-06_11-23-03_353788_1/c42e5b0c6f5ec3528bfebebcc1c25551c76e08e67a60b7a3efb88d3a/job_events/03000000/. length of page.Contents: 3, length of page.CommonPrefixes: 0"
time="2026-08-06T18:24:55Z" level=info msg="[ListFiles]Returned objects in log/cluster-history/raycluster/test-ns-cb6mq/raycluster-historyserver/session_2026-08-06_11-23-03_353788_1/fetched_endpoints/job_events/. length of page.Contents: 0, length of page.CommonPrefixes: 0"
time="2026-08-06T18:24:55Z" level=info msg="[ListFiles]Returned objects in log/cluster-history/raycluster/test-ns-cb6mq/raycluster-historyserver/session_2026-08-06_11-23-03_353788_1/. length of page.Contents: 0, length of page.CommonPrefixes: 3"
time="2026-08-06T18:24:55Z" level=info msg="[ListFiles]Returned objects in log/cluster-history/raycluster/test-ns-cb6mq/raycluster-historyserver/session_2026-08-06_11-23-03_353788_1/2393fca2a778820b3518dabebf3b5990bd9aa51a794a0d7887f31f5b/node_events/. length of page.Contents: 2, length of page.CommonPrefixes: 0"
time="2026-08-06T18:24:55Z" level=info msg="[ListFiles]Returned objects in log/cluster-history/raycluster/test-ns-cb6mq/raycluster-historyserver/session_2026-08-06_11-23-03_353788_1/c42e5b0c6f5ec3528bfebebcc1c25551c76e08e67a60b7a3efb88d3a/node_events/. length of page.Contents: 0, length of page.CommonPrefixes: 0"
time="2026-08-06T18:24:55Z" level=info msg="[ListFiles]Returned objects in log/cluster-history/raycluster/test-ns-cb6mq/raycluster-historyserver/session_2026-08-06_11-23-03_353788_1/fetched_endpoints/node_events/. length of page.Contents: 0, length of page.CommonPrefixes: 0"
time="2026-08-06T18:24:55Z" level=info msg="Prepare to get object log/cluster-history/raycluster/test-ns-cb6mq/raycluster-historyserver/session_2026-08-06_11-23-03_353788_1/2393fca2a778820b3518dabebf3b5990bd9aa51a794a0d7887f31f5b/job_events/01000000/2393fca2a778820b3518dabebf3b5990bd9aa51a794a0d7887f31f5b-2026-08-06-18-1786040588586704668.jsonl info ..."
time="2026-08-06T18:24:55Z" level=info msg="Prepare to get object log/cluster-history/raycluster/test-ns-cb6mq/raycluster-historyserver/session_2026-08-06_11-23-03_353788_1/2393fca2a778820b3518dabebf3b5990bd9aa51a794a0d7887f31f5b/job_events/02000000/2393fca2a778820b3518dabebf3b5990bd9aa51a794a0d7887f31f5b-2026-08-06-18-1786040605855549218.jsonl info ..."
time="2026-08-06T18:24:55Z" level=info msg="Prepare to get object log/cluster-history/raycluster/test-ns-cb6mq/raycluster-historyserver/session_2026-08-06_11-23-03_353788_1/2393fca2a778820b3518dabebf3b5990bd9aa51a794a0d7887f31f5b/job_events/03000000/2393fca2a778820b3518dabebf3b5990bd9aa51a794a0d7887f31f5b-2026-08-06-18-1786040606855382385.jsonl info ..."
time="2026-08-06T18:25:22Z" level=info msg="Prepare to get object log/cluster-history/raycluster/test-ns-cb6mq/raycluster-historyserver/session_2026-08-06_11-23-03_353788_1/2393fca2a778820b3518dabebf3b5990bd9aa51a794a0d7887f31f5b/job_events/03000000/2393fca2a778820b3518dabebf3b5990bd9aa51a794a0d7887f31f5b-2026-08-06-18-1786040648540587085.jsonl info ..."
time="2026-08-06T18:25:38Z" level=info msg="Prepare to get object log/cluster-history/raycluster/test-ns-cb6mq/raycluster-historyserver/session_2026-08-06_11-23-03_353788_1/2393fca2a778820b3518dabebf3b5990bd9aa51a794a0d7887f31f5b/job_events/04000000/2393fca2a778820b3518dabebf3b5990bd9aa51a794a0d7887f31f5b-2026-08-06-18-1786040623440991837.jsonl info ..."
time="2026-08-06T18:25:38Z" level=info msg="Prepare to get object log/cluster-history/raycluster/test-ns-cb6mq/raycluster-historyserver/session_2026-08-06_11-23-03_353788_1/c42e5b0c6f5ec3528bfebebcc1c25551c76e08e67a60b7a3efb88d3a/job_events/03000000/c42e5b0c6f5ec3528bfebebcc1c25551c76e08e67a60b7a3efb88d3a-2026-08-06-18-1786040608669102386.jsonl info ..."
time="2026-08-06T18:25:49Z" level=error msg="Failed to store events for file session_2026-08-06_11-23-03_353788_1/c42e5b0c6f5ec3528bfebebcc1c25551c76e08e67a60b7a3efb88d3a/job_events/03000000/c42e5b0c6f5ec3528bfebebcc1c25551c76e08e67a60b7a3efb88d3a-2026-08-06-18-1786040608669102386.jsonl: TASK_LIFECYCLE_EVENT must have at least one state transition"
time="2026-08-06T18:25:50Z" level=error msg="Failed to store events for file session_2026-08-06_11-23-03_353788_1/c42e5b0c6f5ec3528bfebebcc1c25551c76e08e67a60b7a3efb88d3a/job_events/03000000/c42e5b0c6f5ec3528bfebebcc1c25551c76e08e67a60b7a3efb88d3a-2026-08-06-18-1786040608669102386.jsonl: TASK_LIFECYCLE_EVENT must have at least one state transition"
time="2026-08-06T18:25:50Z" level=error msg="Failed to store events for file session_2026-08-06_11-23-03_353788_1/c42e5b0c6f5ec3528bfebebcc1c25551c76e08e67a60b7a3efb88d3a/job_events/03000000/c42e5b0c6f5ec3528bfebebcc1c25551c76e08e67a60b7a3efb88d3a-2026-08-06-18-1786040608669102386.jsonl: TASK_LIFECYCLE_EVENT must have at least one state transition"
time="2026-08-06T18:25:50Z" level=error msg="Failed to store events for file session_2026-08-06_11-23-03_353788_1/c42e5b0c6f5ec3528bfebebcc1c25551c76e08e67a60b7a3efb88d3a/job_events/03000000/c42e5b0c6f5ec3528bfebebcc1c25551c76e08e67a60b7a3efb88d3a-2026-08-06-18-1786040608669102386.jsonl: TASK_LIFECYCLE_EVENT must have at least one state transition"
time="2026-08-06T18:25:50Z" level=error msg="Failed to store events for file session_2026-08-06_11-23-03_353788_1/c42e5b0c6f5ec3528bfebebcc1c25551c76e08e67a60b7a3efb88d3a/job_events/03000000/c42e5b0c6f5ec3528bfebebcc1c25551c76e08e67a60b7a3efb88d3a-2026-08-06-18-1786040608669102386.jsonl: TASK_LIFECYCLE_EVENT must have at least one state transition"
time="2026-08-06T18:25:50Z" level=error msg="Failed to store events for file session_2026-08-06_11-23-03_353788_1/c42e5b0c6f5ec3528bfebebcc1c25551c76e08e67a60b7a3efb88d3a/job_events/03000000/c42e5b0c6f5ec3528bfebebcc1c25551c76e08e67a60b7a3efb88d3a-2026-08-06-18-1786040608669102386.jsonl: TASK_LIFECYCLE_EVENT must have at least one state transition"
time="2026-08-06T18:25:50Z" level=error msg="Failed to store events for file session_2026-08-06_11-23-03_353788_1/c42e5b0c6f5ec3528bfebebcc1c25551c76e08e67a60b7a3efb88d3a/job_events/03000000/c42e5b0c6f5ec3528bfebebcc1c25551c76e08e67a60b7a3efb88d3a-2026-08-06-18-1786040608669102386.jsonl: TASK_LIFECYCLE_EVENT must have at least one state transition"
time="2026-08-06T18:25:50Z" level=error msg="Failed to store events for file session_2026-08-06_11-23-03_353788_1/c42e5b0c6f5ec3528bfebebcc1c25551c76e08e67a60b7a3efb88d3a/job_events/03000000/c42e5b0c6f5ec3528bfebebcc1c25551c76e08e67a60b7a3efb88d3a-2026-08-06-18-1786040608669102386.jsonl: TASK_LIFECYCLE_EVENT must have at least one state transition"
time="2026-08-06T18:25:51Z" level=error msg="Failed to store events for file session_2026-08-06_11-23-03_353788_1/c42e5b0c6f5ec3528bfebebcc1c25551c76e08e67a60b7a3efb88d3a/job_events/03000000/c42e5b0c6f5ec3528bfebebcc1c25551c76e08e67a60b7a3efb88d3a-2026-08-06-18-1786040608669102386.jsonl: TASK_LIFECYCLE_EVENT must have at least one state transition"
time="2026-08-06T18:25:51Z" level=error msg="Failed to store events for file session_2026-08-06_11-23-03_353788_1/c42e5b0c6f5ec3528bfebebcc1c25551c76e08e67a60b7a3efb88d3a/job_events/03000000/c42e5b0c6f5ec3528bfebebcc1c25551c76e08e67a60b7a3efb88d3a-2026-08-06-18-1786040608669102386.jsonl: TASK_LIFECYCLE_EVENT must have at least one state transition"
time="2026-08-06T18:25:51Z" level=error msg="Failed to store events for file session_2026-08-06_11-23-03_353788_1/c42e5b0c6f5ec3528bfebebcc1c25551c76e08e67a60b7a3efb88d3a/job_events/03000000/c42e5b0c6f5ec3528bfebebcc1c25551c76e08e67a60b7a3efb88d3a-2026-08-06-18-1786040608669102386.jsonl: TASK_LIFECYCLE_EVENT must have at least one state transition"
time="2026-08-06T18:25:51Z" level=error msg="Failed to store events for file session_2026-08-06_11-23-03_353788_1/c42e5b0c6f5ec3528bfebebcc1c25551c76e08e67a60b7a3efb88d3a/job_events/03000000/c42e5b0c6f5ec3528bfebebcc1c25551c76e08e67a60b7a3efb88d3a-2026-08-06-18-1786040608669102386.jsonl: TASK_LIFECYCLE_EVENT must have at least one state transition"
time="2026-08-06T18:25:52Z" level=error msg="Failed to store events for file session_2026-08-06_11-23-03_353788_1/c42e5b0c6f5ec3528bfebebcc1c25551c76e08e67a60b7a3efb88d3a/job_events/03000000/c42e5b0c6f5ec3528bfebebcc1c25551c76e08e67a60b7a3efb88d3a-2026-08-06-18-1786040608669102386.jsonl: TASK_LIFECYCLE_EVENT must have at least one state transition"
time="2026-08-06T18:25:52Z" level=error msg="Failed to store events for file session_2026-08-06_11-23-03_353788_1/c42e5b0c6f5ec3528bfebebcc1c25551c76e08e67a60b7a3efb88d3a/job_events/03000000/c42e5b0c6f5ec3528bfebebcc1c25551c76e08e67a60b7a3efb88d3a-2026-08-06-18-1786040608669102386.jsonl: TASK_LIFECYCLE_EVENT must have at least one state transition"
time="2026-08-06T18:25:52Z" level=error msg="Failed to store events for file session_2026-08-06_11-23-03_353788_1/c42e5b0c6f5ec3528bfebebcc1c25551c76e08e67a60b7a3efb88d3a/job_events/03000000/c42e5b0c6f5ec3528bfebebcc1c25551c76e08e67a60b7a3efb88d3a-2026-08-06-18-1786040608669102386.jsonl: TASK_LIFECYCLE_EVENT must have at least one state transition"
time="2026-08-06T18:25:52Z" level=error msg="Failed to store events for file session_2026-08-06_11-23-03_353788_1/c42e5b0c6f5ec3528bfebebcc1c25551c76e08e67a60b7a3efb88d3a/job_events/03000000/c42e5b0c6f5ec3528bfebebcc1c25551c76e08e67a60b7a3efb88d3a-2026-08-06-18-1786040608669102386.jsonl: TASK_LIFECYCLE_EVENT must have at least one state transition"
time="2026-08-06T18:25:52Z" level=error msg="Failed to store events for file session_2026-08-06_11-23-03_353788_1/c42e5b0c6f5ec3528bfebebcc1c25551c76e08e67a60b7a3efb88d3a/job_events/03000000/c42e5b0c6f5ec3528bfebebcc1c25551c76e08e67a60b7a3efb88d3a-2026-08-06-18-1786040608669102386.jsonl: TASK_LIFECYCLE_EVENT must have at least one state transition"
time="2026-08-06T18:25:52Z" level=error msg="Failed to store events for file session_2026-08-06_11-23-03_353788_1/c42e5b0c6f5ec3528bfebebcc1c25551c76e08e67a60b7a3efb88d3a/job_events/03000000/c42e5b0c6f5ec3528bfebebcc1c25551c76e08e67a60b7a3efb88d3a-2026-08-06-18-1786040608669102386.jsonl: TASK_LIFECYCLE_EVENT must have at least one state transition"
time="2026-08-06T18:25:52Z" level=error msg="Failed to store events for file session_2026-08-06_11-23-03_353788_1/c42e5b0c6f5ec3528bfebebcc1c25551c76e08e67a60b7a3efb88d3a/job_events/03000000/c42e5b0c6f5ec3528bfebebcc1c25551c76e08e67a60b7a3efb88d3a-2026-08-06-18-1786040608669102386.jsonl: TASK_LIFECYCLE_EVENT must have at least one state transition"
time="2026-08-06T18:25:53Z" level=error msg="Failed to store events for file session_2026-08-06_11-23-03_353788_1/c42e5b0c6f5ec3528bfebebcc1c25551c76e08e67a60b7a3efb88d3a/job_events/03000000/c42e5b0c6f5ec3528bfebebcc1c25551c76e08e67a60b7a3efb88d3a-2026-08-06-18-1786040608669102386.jsonl: TASK_LIFECYCLE_EVENT must have at least one state transition"
time="2026-08-06T18:25:53Z" level=error msg="Failed to store events for file session_2026-08-06_11-23-03_353788_1/c42e5b0c6f5ec3528bfebebcc1c25551c76e08e67a60b7a3efb88d3a/job_events/03000000/c42e5b0c6f5ec3528bfebebcc1c25551c76e08e67a60b7a3efb88d3a-2026-08-06-18-1786040608669102386.jsonl: TASK_LIFECYCLE_EVENT must have at least one state transition"
time="2026-08-06T18:25:53Z" level=error msg="Failed to store events for file session_2026-08-06_11-23-03_353788_1/c42e5b0c6f5ec3528bfebebcc1c25551c76e08e67a60b7a3efb88d3a/job_events/03000000/c42e5b0c6f5ec3528bfebebcc1c25551c76e08e67a60b7a3efb88d3a-2026-08-06-18-1786040608669102386.jsonl: TASK_LIFECYCLE_EVENT must have at least one state transition"
time="2026-08-06T18:25:53Z" level=error msg="Failed to store events for file session_2026-08-06_11-23-03_353788_1/c42e5b0c6f5ec3528bfebebcc1c25551c76e08e67a60b7a3efb88d3a/job_events/03000000/c42e5b0c6f5ec3528bfebebcc1c25551c76e08e67a60b7a3efb88d3a-2026-08-06-18-1786040608669102386.jsonl: TASK_LIFECYCLE_EVENT must have at least one state transition"
time="2026-08-06T18:25:53Z" level=error msg="Failed to store events for file session_2026-08-06_11-23-03_353788_1/c42e5b0c6f5ec3528bfebebcc1c25551c76e08e67a60b7a3efb88d3a/job_events/03000000/c42e5b0c6f5ec3528bfebebcc1c25551c76e08e67a60b7a3efb88d3a-2026-08-06-18-1786040608669102386.jsonl: TASK_LIFECYCLE_EVENT must have at least one state transition"
time="2026-08-06T18:25:54Z" level=error msg="Failed to store events for file session_2026-08-06_11-23-03_353788_1/c42e5b0c6f5ec3528bfebebcc1c25551c76e08e67a60b7a3efb88d3a/job_events/03000000/c42e5b0c6f5ec3528bfebebcc1c25551c76e08e67a60b7a3efb88d3a-2026-08-06-18-1786040608669102386.jsonl: TASK_LIFECYCLE_EVENT must have at least one state transition"
time="2026-08-06T18:25:54Z" level=error msg="Failed to store events for file session_2026-08-06_11-23-03_353788_1/c42e5b0c6f5ec3528bfebebcc1c25551c76e08e67a60b7a3efb88d3a/job_events/03000000/c42e5b0c6f5ec3528bfebebcc1c25551c76e08e67a60b7a3efb88d3a-2026-08-06-18-1786040608669102386.jsonl: TASK_LIFECYCLE_EVENT must have at least one state transition"
time="2026-08-06T18:25:54Z" level=error msg="Failed to store events for file session_2026-08-06_11-23-03_353788_1/c42e5b0c6f5ec3528bfebebcc1c25551c76e08e67a60b7a3efb88d3a/job_events/03000000/c42e5b0c6f5ec3528bfebebcc1c25551c76e08e67a60b7a3efb88d3a-2026-08-06-18-1786040608669102386.jsonl: TASK_LIFECYCLE_EVENT must have at least one state transition"
time="2026-08-06T18:25:54Z" level=error msg="Failed to store events for file session_2026-08-06_11-23-03_353788_1/c42e5b0c6f5ec3528bfebebcc1c25551c76e08e67a60b7a3efb88d3a/job_events/03000000/c42e5b0c6f5ec3528bfebebcc1c25551c76e08e67a60b7a3efb88d3a-2026-08-06-18-1786040608669102386.jsonl: TASK_LIFECYCLE_EVENT must have at least one state transition"
time="2026-08-06T18:25:55Z" level=error msg="Failed to store events for file session_2026-08-06_11-23-03_353788_1/c42e5b0c6f5ec3528bfebebcc1c25551c76e08e67a60b7a3efb88d3a/job_events/03000000/c42e5b0c6f5ec3528bfebebcc1c25551c76e08e67a60b7a3efb88d3a-2026-08-06-18-1786040608669102386.jsonl: TASK_LIFECYCLE_EVENT must have at least one state transition"
time="2026-08-06T18:25:55Z" level=error msg="Failed to store events for file session_2026-08-06_11-23-03_353788_1/c42e5b0c6f5ec3528bfebebcc1c25551c76e08e67a60b7a3efb88d3a/job_events/03000000/c42e5b0c6f5ec3528bfebebcc1c25551c76e08e67a60b7a3efb88d3a-2026-08-06-18-1786040608669102386.jsonl: TASK_LIFECYCLE_EVENT must have at least one state transition"
time="2026-08-06T18:25:55Z" level=error msg="Failed to store events for file session_2026-08-06_11-23-03_353788_1/c42e5b0c6f5ec3528bfebebcc1c25551c76e08e67a60b7a3efb88d3a/job_events/03000000/c42e5b0c6f5ec3528bfebebcc1c25551c76e08e67a60b7a3efb88d3a-2026-08-06-18-1786040608669102386.jsonl: TASK_LIFECYCLE_EVENT must have at least one state transition"
time="2026-08-06T18:25:55Z" level=error msg="Failed to store events for file session_2026-08-06_11-23-03_353788_1/c42e5b0c6f5ec3528bfebebcc1c25551c76e08e67a60b7a3efb88d3a/job_events/03000000/c42e5b0c6f5ec3528bfebebcc1c25551c76e08e67a60b7a3efb88d3a-2026-08-06-18-1786040608669102386.jsonl: TASK_LIFECYCLE_EVENT must have at least one state transition"
time="2026-08-06T18:25:55Z" level=error msg="Failed to store events for file session_2026-08-06_11-23-03_353788_1/c42e5b0c6f5ec3528bfebebcc1c25551c76e08e67a60b7a3efb88d3a/job_events/03000000/c42e5b0c6f5ec3528bfebebcc1c25551c76e08e67a60b7a3efb88d3a-2026-08-06-18-1786040608669102386.jsonl: TASK_LIFECYCLE_EVENT must have at least one state transition"
time="2026-08-06T18:25:56Z" level=error msg="Failed to store events for file session_2026-08-06_11-23-03_353788_1/c42e5b0c6f5ec3528bfebebcc1c25551c76e08e67a60b7a3efb88d3a/job_events/03000000/c42e5b0c6f5ec3528bfebebcc1c25551c76e08e67a60b7a3efb88d3a-2026-08-06-18-1786040608669102386.jsonl: TASK_LIFECYCLE_EVENT must have at least one state transition"
time="2026-08-06T18:25:56Z" level=error msg="Failed to store events for file session_2026-08-06_11-23-03_353788_1/c42e5b0c6f5ec3528bfebebcc1c25551c76e08e67a60b7a3efb88d3a/job_events/03000000/c42e5b0c6f5ec3528bfebebcc1c25551c76e08e67a60b7a3efb88d3a-2026-08-06-18-1786040608669102386.jsonl: TASK_LIFECYCLE_EVENT must have at least one state transition"
time="2026-08-06T18:25:56Z" level=error msg="Failed to store events for file session_2026-08-06_11-23-03_353788_1/c42e5b0c6f5ec3528bfebebcc1c25551c76e08e67a60b7a3efb88d3a/job_events/03000000/c42e5b0c6f5ec3528bfebebcc1c25551c76e08e67a60b7a3efb88d3a-2026-08-06-18-1786040608669102386.jsonl: TASK_LIFECYCLE_EVENT must have at least one state transition"
time="2026-08-06T18:25:56Z" level=error msg="Failed to store events for file session_2026-08-06_11-23-03_353788_1/c42e5b0c6f5ec3528bfebebcc1c25551c76e08e67a60b7a3efb88d3a/job_events/03000000/c42e5b0c6f5ec3528bfebebcc1c25551c76e08e67a60b7a3efb88d3a-2026-08-06-18-1786040608669102386.jsonl: TASK_LIFECYCLE_EVENT must have at least one state transition"
time="2026-08-06T18:25:56Z" level=error msg="Failed to store events for file session_2026-08-06_11-23-03_353788_1/c42e5b0c6f5ec3528bfebebcc1c25551c76e08e67a60b7a3efb88d3a/job_events/03000000/c42e5b0c6f5ec3528bfebebcc1c25551c76e08e67a60b7a3efb88d3a-2026-08-06-18-1786040608669102386.jsonl: TASK_LIFECYCLE_EVENT must have at least one state transition"
time="2026-08-06T18:25:56Z" level=error msg="Failed to store events for file session_2026-08-06_11-23-03_353788_1/c42e5b0c6f5ec3528bfebebcc1c25551c76e08e67a60b7a3efb88d3a/job_events/03000000/c42e5b0c6f5ec3528bfebebcc1c25551c76e08e67a60b7a3efb88d3a-2026-08-06-18-1786040608669102386.jsonl: TASK_LIFECYCLE_EVENT must have at least one state transition"
time="2026-08-06T18:25:56Z" level=error msg="Failed to store events for file session_2026-08-06_11-23-03_353788_1/c42e5b0c6f5ec3528bfebebcc1c25551c76e08e67a60b7a3efb88d3a/job_events/03000000/c42e5b0c6f5ec3528bfebebcc1c25551c76e08e67a60b7a3efb88d3a-2026-08-06-18-1786040608669102386.jsonl: TASK_LIFECYCLE_EVENT must have at least one state transition"
time="2026-08-06T18:25:56Z" level=error msg="Failed to store events for file session_2026-08-06_11-23-03_353788_1/c42e5b0c6f5ec3528bfebebcc1c25551c76e08e67a60b7a3efb88d3a/job_events/03000000/c42e5b0c6f5ec3528bfebebcc1c25551c76e08e67a60b7a3efb88d3a-2026-08-06-18-1786040608669102386.jsonl: TASK_LIFECYCLE_EVENT must have at least one state transition"
time="2026-08-06T18:25:56Z" level=error msg="Failed to store events for file session_2026-08-06_11-23-03_353788_1/c42e5b0c6f5ec3528bfebebcc1c25551c76e08e67a60b7a3efb88d3a/job_events/03000000/c42e5b0c6f5ec3528bfebebcc1c25551c76e08e67a60b7a3efb88d3a-2026-08-06-18-1786040608669102386.jsonl: TASK_LIFECYCLE_EVENT must have at least one state transition"
time="2026-08-06T18:25:56Z" level=error msg="Failed to store events for file session_2026-08-06_11-23-03_353788_1/c42e5b0c6f5ec3528bfebebcc1c25551c76e08e67a60b7a3efb88d3a/job_events/03000000/c42e5b0c6f5ec3528bfebebcc1c25551c76e08e67a60b7a3efb88d3a-2026-08-06-18-1786040608669102386.jsonl: TASK_LIFECYCLE_EVENT must have at least one state transition"
time="2026-08-06T18:25:57Z" level=error msg="Failed to store events for file session_2026-08-06_11-23-03_353788_1/c42e5b0c6f5ec3528bfebebcc1c25551c76e08e67a60b7a3efb88d3a/job_events/03000000/c42e5b0c6f5ec3528bfebebcc1c25551c76e08e67a60b7a3efb88d3a-2026-08-06-18-1786040608669102386.jsonl: TASK_LIFECYCLE_EVENT must have at least one state transition"
time="2026-08-06T18:25:57Z" level=error msg="Failed to store events for file session_2026-08-06_11-23-03_353788_1/c42e5b0c6f5ec3528bfebebcc1c25551c76e08e67a60b7a3efb88d3a/job_events/03000000/c42e5b0c6f5ec3528bfebebcc1c25551c76e08e67a60b7a3efb88d3a-2026-08-06-18-1786040608669102386.jsonl: TASK_LIFECYCLE_EVENT must have at least one state transition"
time="2026-08-06T18:25:57Z" level=error msg="Failed to store events for file session_2026-08-06_11-23-03_353788_1/c42e5b0c6f5ec3528bfebebcc1c25551c76e08e67a60b7a3efb88d3a/job_events/03000000/c42e5b0c6f5ec3528bfebebcc1c25551c76e08e67a60b7a3efb88d3a-2026-08-06-18-1786040608669102386.jsonl: TASK_LIFECYCLE_EVENT must have at least one state transition"
time="2026-08-06T18:25:57Z" level=error msg="Failed to store events for file session_2026-08-06_11-23-03_353788_1/c42e5b0c6f5ec3528bfebebcc1c25551c76e08e67a60b7a3efb88d3a/job_events/03000000/c42e5b0c6f5ec3528bfebebcc1c25551c76e08e67a60b7a3efb88d3a-2026-08-06-18-1786040608669102386.jsonl: TASK_LIFECYCLE_EVENT must have at least one state transition"
time="2026-08-06T18:25:58Z" level=error msg="Failed to store events for file session_2026-08-06_11-23-03_353788_1/c42e5b0c6f5ec3528bfebebcc1c25551c76e08e67a60b7a3efb88d3a/job_events/03000000/c42e5b0c6f5ec3528bfebebcc1c25551c76e08e67a60b7a3efb88d3a-2026-08-06-18-1786040608669102386.jsonl: TASK_LIFECYCLE_EVENT must have at least one state transition"
time="2026-08-06T18:25:58Z" level=error msg="Failed to store events for file session_2026-08-06_11-23-03_353788_1/c42e5b0c6f5ec3528bfebebcc1c25551c76e08e67a60b7a3efb88d3a/job_events/03000000/c42e5b0c6f5ec3528bfebebcc1c25551c76e08e67a60b7a3efb88d3a-2026-08-06-18-1786040608669102386.jsonl: TASK_LIFECYCLE_EVENT must have at least one state transition"
time="2026-08-06T18:25:58Z" level=error msg="Failed to store events for file session_2026-08-06_11-23-03_353788_1/c42e5b0c6f5ec3528bfebebcc1c25551c76e08e67a60b7a3efb88d3a/job_events/03000000/c42e5b0c6f5ec3528bfebebcc1c25551c76e08e67a60b7a3efb88d3a-2026-08-06-18-1786040608669102386.jsonl: TASK_LIFECYCLE_EVENT must have at least one state transition"
time="2026-08-06T18:25:58Z" level=error msg="Failed to store events for file session_2026-08-06_11-23-03_353788_1/c42e5b0c6f5ec3528bfebebcc1c25551c76e08e67a60b7a3efb88d3a/job_events/03000000/c42e5b0c6f5ec3528bfebebcc1c25551c76e08e67a60b7a3efb88d3a-2026-08-06-18-1786040608669102386.jsonl: TASK_LIFECYCLE_EVENT must have at least one state transition"
time="2026-08-06T18:25:59Z" level=error msg="Failed to store events for file session_2026-08-06_11-23-03_353788_1/c42e5b0c6f5ec3528bfebebcc1c25551c76e08e67a60b7a3efb88d3a/job_events/03000000/c42e5b0c6f5ec3528bfebebcc1c25551c76e08e67a60b7a3efb88d3a-2026-08-06-18-1786040608669102386.jsonl: TASK_LIFECYCLE_EVENT must have at least one state transition"
time="2026-08-06T18:25:59Z" level=error msg="Failed to store events for file session_2026-08-06_11-23-03_353788_1/c42e5b0c6f5ec3528bfebebcc1c25551c76e08e67a60b7a3efb88d3a/job_events/03000000/c42e5b0c6f5ec3528bfebebcc1c25551c76e08e67a60b7a3efb88d3a-2026-08-06-18-1786040608669102386.jsonl: TASK_LIFECYCLE_EVENT must have at least one state transition"
time="2026-08-06T18:25:59Z" level=error msg="Failed to store events for file session_2026-08-06_11-23-03_353788_1/c42e5b0c6f5ec3528bfebebcc1c25551c76e08e67a60b7a3efb88d3a/job_events/03000000/c42e5b0c6f5ec3528bfebebcc1c25551c76e08e67a60b7a3efb88d3a-2026-08-06-18-1786040608669102386.jsonl: TASK_LIFECYCLE_EVENT must have at least one state transition"
time="2026-08-06T18:25:59Z" level=error msg="Failed to store events for file session_2026-08-06_11-23-03_353788_1/c42e5b0c6f5ec3528bfebebcc1c25551c76e08e67a60b7a3efb88d3a/job_events/03000000/c42e5b0c6f5ec3528bfebebcc1c25551c76e08e67a60b7a3efb88d3a-2026-08-06-18-1786040608669102386.jsonl: TASK_LIFECYCLE_EVENT must have at least one state transition"
time="2026-08-06T18:25:59Z" level=error msg="Failed to store events for file session_2026-08-06_11-23-03_353788_1/c42e5b0c6f5ec3528bfebebcc1c25551c76e08e67a60b7a3efb88d3a/job_events/03000000/c42e5b0c6f5ec3528bfebebcc1c25551c76e08e67a60b7a3efb88d3a-2026-08-06-18-1786040608669102386.jsonl: TASK_LIFECYCLE_EVENT must have at least one state transition"
time="2026-08-06T18:25:59Z" level=error msg="Failed to store events for file session_2026-08-06_11-23-03_353788_1/c42e5b0c6f5ec3528bfebebcc1c25551c76e08e67a60b7a3efb88d3a/job_events/03000000/c42e5b0c6f5ec3528bfebebcc1c25551c76e08e67a60b7a3efb88d3a-2026-08-06-18-1786040608669102386.jsonl: TASK_LIFECYCLE_EVENT must have at least one state transition"
time="2026-08-06T18:26:00Z" level=error msg="Failed to store events for file session_2026-08-06_11-23-03_353788_1/c42e5b0c6f5ec3528bfebebcc1c25551c76e08e67a60b7a3efb88d3a/job_events/03000000/c42e5b0c6f5ec3528bfebebcc1c25551c76e08e67a60b7a3efb88d3a-2026-08-06-18-1786040608669102386.jsonl: TASK_LIFECYCLE_EVENT must have at least one state transition"
time="2026-08-06T18:26:00Z" level=error msg="Failed to store events for file session_2026-08-06_11-23-03_353788_1/c42e5b0c6f5ec3528bfebebcc1c25551c76e08e67a60b7a3efb88d3a/job_events/03000000/c42e5b0c6f5ec3528bfebebcc1c25551c76e08e67a60b7a3efb88d3a-2026-08-06-18-1786040608669102386.jsonl: TASK_LIFECYCLE_EVENT must have at least one state transition"
time="2026-08-06T18:26:00Z" level=error msg="Failed to store events for file session_2026-08-06_11-23-03_353788_1/c42e5b0c6f5ec3528bfebebcc1c25551c76e08e67a60b7a3efb88d3a/job_events/03000000/c42e5b0c6f5ec3528bfebebcc1c25551c76e08e67a60b7a3efb88d3a-2026-08-06-18-1786040608669102386.jsonl: TASK_LIFECYCLE_EVENT must have at least one state transition"
time="2026-08-06T18:26:01Z" level=error msg="Failed to store events for file session_2026-08-06_11-23-03_353788_1/c42e5b0c6f5ec3528bfebebcc1c25551c76e08e67a60b7a3efb88d3a/job_events/03000000/c42e5b0c6f5ec3528bfebebcc1c25551c76e08e67a60b7a3efb88d3a-2026-08-06-18-1786040608669102386.jsonl: TASK_LIFECYCLE_EVENT must have at least one state transition"
time="2026-08-06T18:26:01Z" level=error msg="Failed to store events for file session_2026-08-06_11-23-03_353788_1/c42e5b0c6f5ec3528bfebebcc1c25551c76e08e67a60b7a3efb88d3a/job_events/03000000/c42e5b0c6f5ec3528bfebebcc1c25551c76e08e67a60b7a3efb88d3a-2026-08-06-18-1786040608669102386.jsonl: TASK_LIFECYCLE_EVENT must have at least one state transition"
time="2026-08-06T18:26:01Z" level=info msg="Prepare to get object log/cluster-history/raycluster/test-ns-cb6mq/raycluster-historyserver/session_2026-08-06_11-23-03_353788_1/c42e5b0c6f5ec3528bfebebcc1c25551c76e08e67a60b7a3efb88d3a/job_events/03000000/c42e5b0c6f5ec3528bfebebcc1c25551c76e08e67a60b7a3efb88d3a-2026-08-06-18-1786040657331469797.jsonl info ..."
time="2026-08-06T18:26:03Z" level=error msg="Failed to store events for file session_2026-08-06_11-23-03_353788_1/c42e5b0c6f5ec3528bfebebcc1c25551c76e08e67a60b7a3efb88d3a/job_events/03000000/c42e5b0c6f5ec3528bfebebcc1c25551c76e08e67a60b7a3efb88d3a-2026-08-06-18-1786040657331469797.jsonl: TASK_LIFECYCLE_EVENT must have at least one state transition"
time="2026-08-06T18:26:03Z" level=error msg="Failed to store events for file session_2026-08-06_11-23-03_353788_1/c42e5b0c6f5ec3528bfebebcc1c25551c76e08e67a60b7a3efb88d3a/job_events/03000000/c42e5b0c6f5ec3528bfebebcc1c25551c76e08e67a60b7a3efb88d3a-2026-08-06-18-1786040657331469797.jsonl: TASK_LIFECYCLE_EVENT must have at least one state transition"
time="2026-08-06T18:26:04Z" level=error msg="Failed to store events for file session_2026-08-06_11-23-03_353788_1/c42e5b0c6f5ec3528bfebebcc1c25551c76e08e67a60b7a3efb88d3a/job_events/03000000/c42e5b0c6f5ec3528bfebebcc1c25551c76e08e67a60b7a3efb88d3a-2026-08-06-18-1786040657331469797.jsonl: TASK_LIFECYCLE_EVENT must have at least one state transition"
time="2026-08-06T18:26:04Z" level=error msg="Failed to store events for file session_2026-08-06_11-23-03_353788_1/c42e5b0c6f5ec3528bfebebcc1c25551c76e08e67a60b7a3efb88d3a/job_events/03000000/c42e5b0c6f5ec3528bfebebcc1c25551c76e08e67a60b7a3efb88d3a-2026-08-06-18-1786040657331469797.jsonl: TASK_LIFECYCLE_EVENT must have at least one state transition"
time="2026-08-06T18:26:04Z" level=error msg="Failed to store events for file session_2026-08-06_11-23-03_353788_1/c42e5b0c6f5ec3528bfebebcc1c25551c76e08e67a60b7a3efb88d3a/job_events/03000000/c42e5b0c6f5ec3528bfebebcc1c25551c76e08e67a60b7a3efb88d3a-2026-08-06-18-1786040657331469797.jsonl: TASK_LIFECYCLE_EVENT must have at least one state transition"
time="2026-08-06T18:26:04Z" level=error msg="Failed to store events for file session_2026-08-06_11-23-03_353788_1/c42e5b0c6f5ec3528bfebebcc1c25551c76e08e67a60b7a3efb88d3a/job_events/03000000/c42e5b0c6f5ec3528bfebebcc1c25551c76e08e67a60b7a3efb88d3a-2026-08-06-18-1786040657331469797.jsonl: TASK_LIFECYCLE_EVENT must have at least one state transition"
time="2026-08-06T18:26:04Z" level=error msg="Failed to store events for file session_2026-08-06_11-23-03_353788_1/c42e5b0c6f5ec3528bfebebcc1c25551c76e08e67a60b7a3efb88d3a/job_events/03000000/c42e5b0c6f5ec3528bfebebcc1c25551c76e08e67a60b7a3efb88d3a-2026-08-06-18-1786040657331469797.jsonl: TASK_LIFECYCLE_EVENT must have at least one state transition"
time="2026-08-06T18:26:04Z" level=error msg="Failed to store events for file session_2026-08-06_11-23-03_353788_1/c42e5b0c6f5ec3528bfebebcc1c25551c76e08e67a60b7a3efb88d3a/job_events/03000000/c42e5b0c6f5ec3528bfebebcc1c25551c76e08e67a60b7a3efb88d3a-2026-08-06-18-1786040657331469797.jsonl: TASK_LIFECYCLE_EVENT must have at least one state transition"
time="2026-08-06T18:26:05Z" level=error msg="Failed to store events for file session_2026-08-06_11-23-03_353788_1/c42e5b0c6f5ec3528bfebebcc1c25551c76e08e67a60b7a3efb88d3a/job_events/03000000/c42e5b0c6f5ec3528bfebebcc1c25551c76e08e67a60b7a3efb88d3a-2026-08-06-18-1786040657331469797.jsonl: TASK_LIFECYCLE_EVENT must have at least one state transition"
time="2026-08-06T18:26:05Z" level=error msg="Failed to store events for file session_2026-08-06_11-23-03_353788_1/c42e5b0c6f5ec3528bfebebcc1c25551c76e08e67a60b7a3efb88d3a/job_events/03000000/c42e5b0c6f5ec3528bfebebcc1c25551c76e08e67a60b7a3efb88d3a-2026-08-06-18-1786040657331469797.jsonl: TASK_LIFECYCLE_EVENT must have at least one state transition"
time="2026-08-06T18:26:05Z" level=info msg="Prepare to get object log/cluster-history/raycluster/test-ns-cb6mq/raycluster-historyserver/session_2026-08-06_11-23-03_353788_1/2393fca2a778820b3518dabebf3b5990bd9aa51a794a0d7887f31f5b/node_events/2393fca2a778820b3518dabebf3b5990bd9aa51a794a0d7887f31f5b-2026-08-06-18-1786040588364870835.jsonl info ..."
time="2026-08-06T18:26:07Z" level=info msg="Received request: GET /enter_cluster/test-ns-cb6mq/raycluster/raycluster-historyserver/session_2026-08-06_11-23-03_353788_1"
time="2026-08-06T18:26:07Z" level=info msg="[List]Returned objects in log/cluster-metadata/. length of page.Contents: 2, length of page.CommonPrefixes: 0"
time="2026-08-06T18:26:07Z" level=error msg="Failed to parse meta file path: log/cluster-metadata/raycluster/test-ns-cb6mq_raycluster-historyserver/, error: invalid path segment count for cluster metadata structure: log/cluster-metadata/raycluster/test-ns-cb6mq_raycluster-historyserver/"
time="2026-08-06T18:26:07Z" level=info msg="Parsed cluster raycluster-historyserver for session session_2026-08-06_11-23-03_353788_1 to list"
time="2026-08-06T18:26:07Z" level=info msg="Received request: GET /api/v0/tasks?limit=100000"
time="2026-08-06T18:26:07Z" level=info msg="Request URL /api/v0/tasks?limit=100000"
time="2026-08-06T18:26:07Z" level=info msg="Received request: GET /api/v0/tasks?limit=100000"
time="2026-08-06T18:26:07Z" level=info msg="Request URL /api/v0/tasks?limit=100000"
time="2026-08-06T18:26:07Z" level=info msg="Received request: GET /api/v0/tasks?limit=100000"
time="2026-08-06T18:26:07Z" level=info msg="Request URL /api/v0/tasks?limit=100000"
time="2026-08-06T18:26:07Z" level=info msg="Received request: GET /api/v0/tasks?limit=100000"
time="2026-08-06T18:26:07Z" level=info msg="Request URL /api/v0/tasks?limit=100000"
time="2026-08-06T18:26:07Z" level=info msg="Received request: GET /api/v0/tasks?limit=100000"
time="2026-08-06T18:26:07Z" level=info msg="Request URL /api/v0/tasks?limit=100000"
time="2026-08-06T18:26:07Z" level=info msg="Received request: GET /api/v0/tasks?limit=100000"
time="2026-08-06T18:26:07Z" level=info msg="Request URL /api/v0/tasks?limit=100000"
time="2026-08-06T18:26:07Z" level=info msg="Received request: GET /api/v0/tasks?limit=100000"
time="2026-08-06T18:26:07Z" level=info msg="Request URL /api/v0/tasks?limit=100000"
time="2026-08-06T18:26:07Z" level=info msg="Received request: GET /api/v0/tasks?limit=100000"
time="2026-08-06T18:26:07Z" level=info msg="Request URL /api/v0/tasks?limit=100000"
time="2026-08-06T18:26:07Z" level=info msg="Received request: GET /api/v0/tasks?limit=100000"
time="2026-08-06T18:26:07Z" level=info msg="Request URL /api/v0/tasks?limit=100000"
time="2026-08-06T18:26:07Z" level=info msg="Received request: GET /api/v0/tasks?limit=100000"
time="2026-08-06T18:26:07Z" level=info msg="Request URL /api/v0/tasks?limit=100000"
time="2026-08-06T18:26:07Z" level=info msg="Received request: GET /api/v0/tasks/summarize"
time="2026-08-06T18:26:07Z" level=info msg="Request URL /api/v0/tasks/summarize"
time="2026-08-06T18:26:08Z" level=info msg="Received request: GET /api/v0/tasks/summarize"
time="2026-08-06T18:26:08Z" level=info msg="Request URL /api/v0/tasks/summarize"
time="2026-08-06T18:26:09Z" level=info msg="Received request: GET /api/v0/tasks/summarize"
time="2026-08-06T18:26:09Z" level=info msg="Request URL /api/v0/tasks/summarize"
time="2026-08-06T18:26:10Z" level=info msg="Received request: GET /api/v0/tasks/summarize"
time="2026-08-06T18:26:10Z" level=info msg="Request URL /api/v0/tasks/summarize"
time="2026-08-06T18:26:11Z" level=info msg="Received request: GET /api/v0/tasks/summarize"
time="2026-08-06T18:26:11Z" level=info msg="Request URL /api/v0/tasks/summarize"
time="2026-08-06T18:26:12Z" level=info msg="Received request: GET /api/v0/tasks/summarize"
time="2026-08-06T18:26:12Z" level=info msg="Request URL /api/v0/tasks/summarize"
time="2026-08-06T18:26:12Z" level=info msg="Received request: GET /api/v0/tasks/summarize"
time="2026-08-06T18:26:12Z" level=info msg="Request URL /api/v0/tasks/summarize"
time="2026-08-06T18:26:13Z" level=info msg="Received request: GET /api/v0/tasks/summarize"
time="2026-08-06T18:26:13Z" level=info msg="Request URL /api/v0/tasks/summarize"
time="2026-08-06T18:26:14Z" level=info msg="Received request: GET /api/v0/tasks/summarize"
time="2026-08-06T18:26:14Z" level=info msg="Request URL /api/v0/tasks/summarize"
time="2026-08-06T18:26:15Z" level=info msg="Received request: GET /api/v0/tasks/summarize"
time="2026-08-06T18:26:15Z" level=info msg="Request URL /api/v0/tasks/summarize"
time="2026-08-06T18:26:16Z" level=info msg="Received request: GET /api/jobs/"
time="2026-08-06T18:26:16Z" level=info msg="Request URL /api/jobs/"
time="2026-08-06T18:26:16Z" level=info msg="Received request: GET /api/jobs/"
time="2026-08-06T18:26:16Z" level=info msg="Request URL /api/jobs/"
time="2026-08-06T18:26:16Z" level=info msg="Received request: GET /api/jobs/"
time="2026-08-06T18:26:16Z" level=info msg="Request URL /api/jobs/"
time="2026-08-06T18:26:16Z" level=info msg="Received request: GET /api/jobs/"
time="2026-08-06T18:26:16Z" level=info msg="Request URL /api/jobs/"
time="2026-08-06T18:26:16Z" level=info msg="Received request: GET /api/jobs/"
time="2026-08-06T18:26:16Z" level=info msg="Request URL /api/jobs/"
time="2026-08-06T18:26:16Z" level=info msg="Received request: GET /api/jobs/"
time="2026-08-06T18:26:16Z" level=info msg="Request URL /api/jobs/"
time="2026-08-06T18:26:16Z" level=info msg="Received request: GET /api/jobs/"
time="2026-08-06T18:26:16Z" level=info msg="Request URL /api/jobs/"
time="2026-08-06T18:26:16Z" level=info msg="Received request: GET /api/jobs/"
time="2026-08-06T18:26:16Z" level=info msg="Request URL /api/jobs/"
time="2026-08-06T18:26:16Z" level=info msg="Received request: GET /api/jobs/"
time="2026-08-06T18:26:16Z" level=info msg="Request URL /api/jobs/"
time="2026-08-06T18:26:16Z" level=info msg="Received request: GET /api/jobs/"
time="2026-08-06T18:26:16Z" level=info msg="Request URL /api/jobs/"
time="2026-08-06T18:26:16Z" level=info msg="Request URL /nodes?view=summary"
time="2026-08-06T18:26:17Z" level=info msg="Request URL /nodes?view=summary"
time="2026-08-06T18:26:17Z" level=info msg="Request URL /nodes?view=summary"
time="2026-08-06T18:26:17Z" level=info msg="Request URL /nodes?view=summary"
time="2026-08-06T18:26:17Z" level=info msg="Request URL /nodes?view=summary"
time="2026-08-06T18:26:17Z" level=info msg="Request URL /nodes?view=summary"
time="2026-08-06T18:26:18Z" level=info msg="Request URL /nodes?view=summary"
time="2026-08-06T18:26:18Z" level=info msg="Request URL /nodes?view=summary"
time="2026-08-06T18:26:18Z" level=info msg="Request URL /nodes?view=summary"
time="2026-08-06T18:26:18Z" level=info msg="Request URL /nodes?view=summary"
time="2026-08-06T18:26:18Z" level=info msg="Request URL /events"
time="2026-08-06T18:26:18Z" level=info msg="Request URL /events"
time="2026-08-06T18:26:18Z" level=info msg="Request URL /events"
time="2026-08-06T18:26:18Z" level=info msg="Request URL /events"
time="2026-08-06T18:26:18Z" level=info msg="Request URL /events"
time="2026-08-06T18:26:18Z" level=info msg="Request URL /events"
time="2026-08-06T18:26:18Z" level=info msg="Request URL /events"
time="2026-08-06T18:26:18Z" level=info msg="Request URL /events"
time="2026-08-06T18:26:18Z" level=info msg="Request URL /events"
time="2026-08-06T18:26:18Z" level=info msg="Request URL /events"
