gc 1 @0.128s 4%: 2.2+15+0.91 ms clock, 9.0+5.9/10/21+3.6 ms cpu, 3->3->2 MB, 4 MB goal, 0 MB stacks, 0 MB globals, 4 P
gc 2 @0.258s 2%: 0.10+2.9+0.80 ms clock, 0.41+0.42/2.3/4.5+3.2 ms cpu, 4->4->3 MB, 4 MB goal, 0 MB stacks, 0 MB globals, 4 P
gc 3 @0.374s 2%: 0.16+4.3+0.14 ms clock, 0.66+0.35/2.6/6.4+0.58 ms cpu, 6->6->4 MB, 7 MB goal, 0 MB stacks, 0 MB globals, 4 P
time="2026-08-06T20:21:41Z" level=info msg="create client manager successfully, clients: 1"
time="2026-08-06T20:21:41Z" level=info msg="Begin to create s3 client ..."
time="2026-08-06T20:21:41Z" level=info msg="Checking if bucket ray-historyserver exists..."
time="2026-08-06T20:21:41Z" level=info msg="Bucket ray-historyserver already exists"
time="2026-08-06T20:21:41Z" level=info msg="Clean logdir is logs"
time="2026-08-06T20:21:41Z" level=info msg="Starting server on :8080"
time="2026-08-06T20:21:43Z" level=info msg="Received request: GET /readz"
gc 4 @2.581s 0%: 0.14+5.9+0.089 ms clock, 0.58+0.10/4.3/9.8+0.35 ms cpu, 9->10->6 MB, 10 MB goal, 0 MB stacks, 0 MB globals, 4 P
time="2026-08-06T20:21:43Z" level=info msg="live clusters: []"
time="2026-08-06T20:21:43Z" level=info msg="[List]Returned objects in log/cluster-metadata/. length of page.Contents: 2, length of page.CommonPrefixes: 0"
time="2026-08-06T20:21:43Z" level=error msg="Failed to parse meta file path: log/cluster-metadata/raycluster/test-ns-w74ps_raycluster-historyserver/, error: invalid path segment count for cluster metadata structure: log/cluster-metadata/raycluster/test-ns-w74ps_raycluster-historyserver/"
time="2026-08-06T20:21:43Z" level=info msg="Parsed cluster raycluster-historyserver for session session_2026-08-06_13-19-04_047897_1 to list"
time="2026-08-06T20:21:43Z" level=info msg="live clusters: []"
time="2026-08-06T20:21:43Z" level=info msg="[List]Returned objects in log/cluster-metadata/. length of page.Contents: 2, length of page.CommonPrefixes: 0"
time="2026-08-06T20:21:43Z" level=error msg="Failed to parse meta file path: log/cluster-metadata/raycluster/test-ns-w74ps_raycluster-historyserver/, error: invalid path segment count for cluster metadata structure: log/cluster-metadata/raycluster/test-ns-w74ps_raycluster-historyserver/"
time="2026-08-06T20:21:43Z" level=info msg="Parsed cluster raycluster-historyserver for session session_2026-08-06_13-19-04_047897_1 to list"
time="2026-08-06T20:21:43Z" level=info msg="live clusters: []"
time="2026-08-06T20:21:43Z" level=info msg="[List]Returned objects in log/cluster-metadata/. length of page.Contents: 2, length of page.CommonPrefixes: 0"
time="2026-08-06T20:21:43Z" level=error msg="Failed to parse meta file path: log/cluster-metadata/raycluster/test-ns-w74ps_raycluster-historyserver/, error: invalid path segment count for cluster metadata structure: log/cluster-metadata/raycluster/test-ns-w74ps_raycluster-historyserver/"
time="2026-08-06T20:21:43Z" level=info msg="Parsed cluster raycluster-historyserver for session session_2026-08-06_13-19-04_047897_1 to list"
time="2026-08-06T20:21:43Z" level=info msg="live clusters: []"
time="2026-08-06T20:21:43Z" level=info msg="[List]Returned objects in log/cluster-metadata/. length of page.Contents: 2, length of page.CommonPrefixes: 0"
time="2026-08-06T20:21:43Z" level=error msg="Failed to parse meta file path: log/cluster-metadata/raycluster/test-ns-w74ps_raycluster-historyserver/, error: invalid path segment count for cluster metadata structure: log/cluster-metadata/raycluster/test-ns-w74ps_raycluster-historyserver/"
time="2026-08-06T20:21:43Z" level=info msg="Parsed cluster raycluster-historyserver for session session_2026-08-06_13-19-04_047897_1 to list"
time="2026-08-06T20:21:43Z" level=info msg="live clusters: []"
time="2026-08-06T20:21:43Z" level=info msg="[List]Returned objects in log/cluster-metadata/. length of page.Contents: 2, length of page.CommonPrefixes: 0"
time="2026-08-06T20:21:43Z" level=error msg="Failed to parse meta file path: log/cluster-metadata/raycluster/test-ns-w74ps_raycluster-historyserver/, error: invalid path segment count for cluster metadata structure: log/cluster-metadata/raycluster/test-ns-w74ps_raycluster-historyserver/"
time="2026-08-06T20:21:43Z" level=info msg="Parsed cluster raycluster-historyserver for session session_2026-08-06_13-19-04_047897_1 to list"
time="2026-08-06T20:21:43Z" level=info msg="Received request: GET /enter_cluster/test-ns-w74ps/raycluster/raycluster-historyserver/session_2026-08-06_13-19-04_047897_1"
time="2026-08-06T20:21:43Z" level=info msg="[List]Returned objects in log/cluster-metadata/. length of page.Contents: 2, length of page.CommonPrefixes: 0"
time="2026-08-06T20:21:43Z" level=error msg="Failed to parse meta file path: log/cluster-metadata/raycluster/test-ns-w74ps_raycluster-historyserver/, error: invalid path segment count for cluster metadata structure: log/cluster-metadata/raycluster/test-ns-w74ps_raycluster-historyserver/"
time="2026-08-06T20:21:43Z" level=info msg="Parsed cluster raycluster-historyserver for session session_2026-08-06_13-19-04_047897_1 to list"
time="2026-08-06T20:21:43Z" level=info msg="[ListFiles]Returned objects in log/cluster-history/raycluster/test-ns-w74ps/raycluster-historyserver/session_2026-08-06_13-19-04_047897_1/. length of page.Contents: 0, length of page.CommonPrefixes: 3"
time="2026-08-06T20:21:43Z" level=info msg="[ListFiles]Returned objects in log/cluster-history/raycluster/test-ns-w74ps/raycluster-historyserver/session_2026-08-06_13-19-04_047897_1/2bf4004122f20bbc03e6144646ddd30a691f34aea59711837646a092/logs/events/. length of page.Contents: 13, length of page.CommonPrefixes: 0"
time="2026-08-06T20:21:43Z" level=info msg="Prepare to get object log/cluster-history/raycluster/test-ns-w74ps/raycluster-historyserver/session_2026-08-06_13-19-04_047897_1/2bf4004122f20bbc03e6144646ddd30a691f34aea59711837646a092/logs/events/event_CORE_WORKER_228.log info ..."
time="2026-08-06T20:21:43Z" level=info msg="Prepare to get object log/cluster-history/raycluster/test-ns-w74ps/raycluster-historyserver/session_2026-08-06_13-19-04_047897_1/2bf4004122f20bbc03e6144646ddd30a691f34aea59711837646a092/logs/events/event_CORE_WORKER_229.log info ..."
time="2026-08-06T20:21:43Z" level=info msg="Prepare to get object log/cluster-history/raycluster/test-ns-w74ps/raycluster-historyserver/session_2026-08-06_13-19-04_047897_1/2bf4004122f20bbc03e6144646ddd30a691f34aea59711837646a092/logs/events/event_CORE_WORKER_323.log info ..."
time="2026-08-06T20:21:43Z" level=info msg="Prepare to get object log/cluster-history/raycluster/test-ns-w74ps/raycluster-historyserver/session_2026-08-06_13-19-04_047897_1/2bf4004122f20bbc03e6144646ddd30a691f34aea59711837646a092/logs/events/event_CORE_WORKER_325.log info ..."
time="2026-08-06T20:21:43Z" level=info msg="Prepare to get object log/cluster-history/raycluster/test-ns-w74ps/raycluster-historyserver/session_2026-08-06_13-19-04_047897_1/2bf4004122f20bbc03e6144646ddd30a691f34aea59711837646a092/logs/events/event_CORE_WORKER_411.log info ..."
time="2026-08-06T20:21:43Z" level=info msg="Prepare to get object log/cluster-history/raycluster/test-ns-w74ps/raycluster-historyserver/session_2026-08-06_13-19-04_047897_1/2bf4004122f20bbc03e6144646ddd30a691f34aea59711837646a092/logs/events/event_CORE_WORKER_419.log info ..."
time="2026-08-06T20:21:43Z" level=info msg="Prepare to get object log/cluster-history/raycluster/test-ns-w74ps/raycluster-historyserver/session_2026-08-06_13-19-04_047897_1/2bf4004122f20bbc03e6144646ddd30a691f34aea59711837646a092/logs/events/event_CORE_WORKER_505.log info ..."
time="2026-08-06T20:21:43Z" level=info msg="Prepare to get object log/cluster-history/raycluster/test-ns-w74ps/raycluster-historyserver/session_2026-08-06_13-19-04_047897_1/2bf4004122f20bbc03e6144646ddd30a691f34aea59711837646a092/logs/events/event_CORE_WORKER_513.log info ..."
time="2026-08-06T20:21:43Z" level=info msg="Prepare to get object log/cluster-history/raycluster/test-ns-w74ps/raycluster-historyserver/session_2026-08-06_13-19-04_047897_1/2bf4004122f20bbc03e6144646ddd30a691f34aea59711837646a092/logs/events/event_CORE_WORKER_601.log info ..."
time="2026-08-06T20:21:43Z" level=info msg="Prepare to get object log/cluster-history/raycluster/test-ns-w74ps/raycluster-historyserver/session_2026-08-06_13-19-04_047897_1/2bf4004122f20bbc03e6144646ddd30a691f34aea59711837646a092/logs/events/event_CORE_WORKER_609.log info ..."
time="2026-08-06T20:21:43Z" level=info msg="Prepare to get object log/cluster-history/raycluster/test-ns-w74ps/raycluster-historyserver/session_2026-08-06_13-19-04_047897_1/2bf4004122f20bbc03e6144646ddd30a691f34aea59711837646a092/logs/events/event_CORE_WORKER_701.log info ..."
time="2026-08-06T20:21:43Z" level=info msg="Prepare to get object log/cluster-history/raycluster/test-ns-w74ps/raycluster-historyserver/session_2026-08-06_13-19-04_047897_1/2bf4004122f20bbc03e6144646ddd30a691f34aea59711837646a092/logs/events/event_RAYLET.log info ..."
time="2026-08-06T20:21:43Z" level=info msg="[ListFiles]Returned objects in log/cluster-history/raycluster/test-ns-w74ps/raycluster-historyserver/session_2026-08-06_13-19-04_047897_1/d92c755dcc4e124835f9ede3793154a7d2a55e851ee628e9ce765e09/logs/events/. length of page.Contents: 11, length of page.CommonPrefixes: 0"
time="2026-08-06T20:21:43Z" level=info msg="Prepare to get object log/cluster-history/raycluster/test-ns-w74ps/raycluster-historyserver/session_2026-08-06_13-19-04_047897_1/d92c755dcc4e124835f9ede3793154a7d2a55e851ee628e9ce765e09/logs/events/event_AUTOSCALER.log info ..."
time="2026-08-06T20:21:43Z" level=info msg="Prepare to get object log/cluster-history/raycluster/test-ns-w74ps/raycluster-historyserver/session_2026-08-06_13-19-04_047897_1/d92c755dcc4e124835f9ede3793154a7d2a55e851ee628e9ce765e09/logs/events/event_CORE_WORKER_1015.log info ..."
time="2026-08-06T20:21:43Z" level=info msg="Prepare to get object log/cluster-history/raycluster/test-ns-w74ps/raycluster-historyserver/session_2026-08-06_13-19-04_047897_1/d92c755dcc4e124835f9ede3793154a7d2a55e851ee628e9ce765e09/logs/events/event_CORE_WORKER_1169.log info ..."
time="2026-08-06T20:21:43Z" level=info msg="Prepare to get object log/cluster-history/raycluster/test-ns-w74ps/raycluster-historyserver/session_2026-08-06_13-19-04_047897_1/d92c755dcc4e124835f9ede3793154a7d2a55e851ee628e9ce765e09/logs/events/event_CORE_WORKER_199.log info ..."
time="2026-08-06T20:21:43Z" level=info msg="Prepare to get object log/cluster-history/raycluster/test-ns-w74ps/raycluster-historyserver/session_2026-08-06_13-19-04_047897_1/d92c755dcc4e124835f9ede3793154a7d2a55e851ee628e9ce765e09/logs/events/event_CORE_WORKER_204.log info ..."
time="2026-08-06T20:21:43Z" level=info msg="Prepare to get object log/cluster-history/raycluster/test-ns-w74ps/raycluster-historyserver/session_2026-08-06_13-19-04_047897_1/d92c755dcc4e124835f9ede3793154a7d2a55e851ee628e9ce765e09/logs/events/event_CORE_WORKER_673.log info ..."
time="2026-08-06T20:21:43Z" level=info msg="Prepare to get object log/cluster-history/raycluster/test-ns-w74ps/raycluster-historyserver/session_2026-08-06_13-19-04_047897_1/d92c755dcc4e124835f9ede3793154a7d2a55e851ee628e9ce765e09/logs/events/event_CORE_WORKER_959.log info ..."
time="2026-08-06T20:21:43Z" level=info msg="Prepare to get object log/cluster-history/raycluster/test-ns-w74ps/raycluster-historyserver/session_2026-08-06_13-19-04_047897_1/d92c755dcc4e124835f9ede3793154a7d2a55e851ee628e9ce765e09/logs/events/event_GCS.log info ..."
time="2026-08-06T20:21:43Z" level=info msg="Prepare to get object log/cluster-history/raycluster/test-ns-w74ps/raycluster-historyserver/session_2026-08-06_13-19-04_047897_1/d92c755dcc4e124835f9ede3793154a7d2a55e851ee628e9ce765e09/logs/events/event_JOBS.log info ..."
time="2026-08-06T20:21:43Z" level=info msg="Prepare to get object log/cluster-history/raycluster/test-ns-w74ps/raycluster-historyserver/session_2026-08-06_13-19-04_047897_1/d92c755dcc4e124835f9ede3793154a7d2a55e851ee628e9ce765e09/logs/events/event_RAYLET.log info ..."
time="2026-08-06T20:21:43Z" level=info msg="[ListFiles]Returned objects in log/cluster-history/raycluster/test-ns-w74ps/raycluster-historyserver/session_2026-08-06_13-19-04_047897_1/fetched_endpoints/logs/events/. length of page.Contents: 0, length of page.CommonPrefixes: 0"
time="2026-08-06T20:21:43Z" level=info msg="[ListFiles]Returned objects in log/cluster-history/raycluster/test-ns-w74ps/raycluster-historyserver/session_2026-08-06_13-19-04_047897_1/. length of page.Contents: 0, length of page.CommonPrefixes: 3"
time="2026-08-06T20:21:43Z" level=info msg="[ListFiles]Returned objects in log/cluster-history/raycluster/test-ns-w74ps/raycluster-historyserver/session_2026-08-06_13-19-04_047897_1/2bf4004122f20bbc03e6144646ddd30a691f34aea59711837646a092/job_events/. length of page.Contents: 0, length of page.CommonPrefixes: 1"
time="2026-08-06T20:21:43Z" level=info msg="[ListFiles]Returned objects in log/cluster-history/raycluster/test-ns-w74ps/raycluster-historyserver/session_2026-08-06_13-19-04_047897_1/2bf4004122f20bbc03e6144646ddd30a691f34aea59711837646a092/job_events/03000000/. length of page.Contents: 3, length of page.CommonPrefixes: 0"
time="2026-08-06T20:21:43Z" level=info msg="[ListFiles]Returned objects in log/cluster-history/raycluster/test-ns-w74ps/raycluster-historyserver/session_2026-08-06_13-19-04_047897_1/d92c755dcc4e124835f9ede3793154a7d2a55e851ee628e9ce765e09/job_events/. length of page.Contents: 0, length of page.CommonPrefixes: 4"
time="2026-08-06T20:21:43Z" level=info msg="[ListFiles]Returned objects in log/cluster-history/raycluster/test-ns-w74ps/raycluster-historyserver/session_2026-08-06_13-19-04_047897_1/d92c755dcc4e124835f9ede3793154a7d2a55e851ee628e9ce765e09/job_events/01000000/. length of page.Contents: 2, length of page.CommonPrefixes: 0"
time="2026-08-06T20:21:43Z" level=info msg="[ListFiles]Returned objects in log/cluster-history/raycluster/test-ns-w74ps/raycluster-historyserver/session_2026-08-06_13-19-04_047897_1/d92c755dcc4e124835f9ede3793154a7d2a55e851ee628e9ce765e09/job_events/02000000/. length of page.Contents: 2, length of page.CommonPrefixes: 0"
time="2026-08-06T20:21:43Z" level=info msg="[ListFiles]Returned objects in log/cluster-history/raycluster/test-ns-w74ps/raycluster-historyserver/session_2026-08-06_13-19-04_047897_1/d92c755dcc4e124835f9ede3793154a7d2a55e851ee628e9ce765e09/job_events/03000000/. length of page.Contents: 4, length of page.CommonPrefixes: 0"
time="2026-08-06T20:21:43Z" level=info msg="[ListFiles]Returned objects in log/cluster-history/raycluster/test-ns-w74ps/raycluster-historyserver/session_2026-08-06_13-19-04_047897_1/d92c755dcc4e124835f9ede3793154a7d2a55e851ee628e9ce765e09/job_events/04000000/. length of page.Contents: 2, length of page.CommonPrefixes: 0"
time="2026-08-06T20:21:43Z" level=info msg="[ListFiles]Returned objects in log/cluster-history/raycluster/test-ns-w74ps/raycluster-historyserver/session_2026-08-06_13-19-04_047897_1/fetched_endpoints/job_events/. length of page.Contents: 0, length of page.CommonPrefixes: 0"
time="2026-08-06T20:21:43Z" level=info msg="[ListFiles]Returned objects in log/cluster-history/raycluster/test-ns-w74ps/raycluster-historyserver/session_2026-08-06_13-19-04_047897_1/. length of page.Contents: 0, length of page.CommonPrefixes: 3"
time="2026-08-06T20:21:43Z" level=info msg="[ListFiles]Returned objects in log/cluster-history/raycluster/test-ns-w74ps/raycluster-historyserver/session_2026-08-06_13-19-04_047897_1/2bf4004122f20bbc03e6144646ddd30a691f34aea59711837646a092/node_events/. length of page.Contents: 0, length of page.CommonPrefixes: 0"
time="2026-08-06T20:21:43Z" level=info msg="[ListFiles]Returned objects in log/cluster-history/raycluster/test-ns-w74ps/raycluster-historyserver/session_2026-08-06_13-19-04_047897_1/d92c755dcc4e124835f9ede3793154a7d2a55e851ee628e9ce765e09/node_events/. length of page.Contents: 2, length of page.CommonPrefixes: 0"
time="2026-08-06T20:21:43Z" level=info msg="[ListFiles]Returned objects in log/cluster-history/raycluster/test-ns-w74ps/raycluster-historyserver/session_2026-08-06_13-19-04_047897_1/fetched_endpoints/node_events/. length of page.Contents: 0, length of page.CommonPrefixes: 0"
time="2026-08-06T20:21:43Z" level=info msg="Prepare to get object log/cluster-history/raycluster/test-ns-w74ps/raycluster-historyserver/session_2026-08-06_13-19-04_047897_1/2bf4004122f20bbc03e6144646ddd30a691f34aea59711837646a092/job_events/03000000/2bf4004122f20bbc03e6144646ddd30a691f34aea59711837646a092-2026-08-06-20-1786047570442566262.jsonl info ..."
gc 5 @2.704s 0%: 0.15+5.1+0.047 ms clock, 0.63+1.5/4.8/7.6+0.19 ms cpu, 13->13->8 MB, 13 MB goal, 0 MB stacks, 0 MB globals, 4 P
gc 6 @2.716s 0%: 0.15+6.6+0.040 ms clock, 0.61+0.008/4.1/11+0.16 ms cpu, 19->19->19 MB, 19 MB goal, 0 MB stacks, 0 MB globals, 4 P
gc 7 @2.738s 0%: 0.12+7.6+0.070 ms clock, 0.49+0/5.6/12+0.28 ms cpu, 48->48->48 MB, 48 MB goal, 0 MB stacks, 0 MB globals, 4 P
gc 8 @2.767s 0%: 0.15+20+0.068 ms clock, 0.61+0/5.6/26+0.27 ms cpu, 100->100->100 MB, 100 MB goal, 0 MB stacks, 0 MB globals, 4 P
gc 9 @2.816s 0%: 1.1+37+0.12 ms clock, 4.5+0/6.2/42+0.51 ms cpu, 255->256->115 MB, 255 MB goal, 0 MB stacks, 0 MB globals, 4 P
gc 10 @2.905s 0%: 0.10+8.2+0.022 ms clock, 0.42+0.23/5.2/9.9+0.091 ms cpu, 255->255->255 MB, 255 MB goal, 0 MB stacks, 0 MB globals, 4 P
gc 11 @5.528s 0%: 0.17+93+0.087 ms clock, 0.71+0.16/91/181+0.34 ms cpu, 507->510->223 MB, 511 MB goal, 0 MB stacks, 0 MB globals, 4 P
gc 12 @9.189s 0%: 0.14+181+0.061 ms clock, 0.59+0.10/181/362+0.24 ms cpu, 426->432->376 MB, 447 MB goal, 0 MB stacks, 0 MB globals, 4 P
time="2026-08-06T20:21:54Z" level=error msg="Failed to store events for file session_2026-08-06_13-19-04_047897_1/2bf4004122f20bbc03e6144646ddd30a691f34aea59711837646a092/job_events/03000000/2bf4004122f20bbc03e6144646ddd30a691f34aea59711837646a092-2026-08-06-20-1786047570442566262.jsonl: TASK_LIFECYCLE_EVENT must have at least one state transition"
time="2026-08-06T20:21:54Z" level=error msg="Failed to store events for file session_2026-08-06_13-19-04_047897_1/2bf4004122f20bbc03e6144646ddd30a691f34aea59711837646a092/job_events/03000000/2bf4004122f20bbc03e6144646ddd30a691f34aea59711837646a092-2026-08-06-20-1786047570442566262.jsonl: TASK_LIFECYCLE_EVENT must have at least one state transition"
time="2026-08-06T20:21:54Z" level=error msg="Failed to store events for file session_2026-08-06_13-19-04_047897_1/2bf4004122f20bbc03e6144646ddd30a691f34aea59711837646a092/job_events/03000000/2bf4004122f20bbc03e6144646ddd30a691f34aea59711837646a092-2026-08-06-20-1786047570442566262.jsonl: TASK_LIFECYCLE_EVENT must have at least one state transition"
time="2026-08-06T20:21:54Z" level=error msg="Failed to store events for file session_2026-08-06_13-19-04_047897_1/2bf4004122f20bbc03e6144646ddd30a691f34aea59711837646a092/job_events/03000000/2bf4004122f20bbc03e6144646ddd30a691f34aea59711837646a092-2026-08-06-20-1786047570442566262.jsonl: TASK_LIFECYCLE_EVENT must have at least one state transition"
time="2026-08-06T20:21:54Z" level=error msg="Failed to store events for file session_2026-08-06_13-19-04_047897_1/2bf4004122f20bbc03e6144646ddd30a691f34aea59711837646a092/job_events/03000000/2bf4004122f20bbc03e6144646ddd30a691f34aea59711837646a092-2026-08-06-20-1786047570442566262.jsonl: TASK_LIFECYCLE_EVENT must have at least one state transition"
time="2026-08-06T20:21:55Z" level=error msg="Failed to store events for file session_2026-08-06_13-19-04_047897_1/2bf4004122f20bbc03e6144646ddd30a691f34aea59711837646a092/job_events/03000000/2bf4004122f20bbc03e6144646ddd30a691f34aea59711837646a092-2026-08-06-20-1786047570442566262.jsonl: TASK_LIFECYCLE_EVENT must have at least one state transition"
time="2026-08-06T20:21:55Z" level=error msg="Failed to store events for file session_2026-08-06_13-19-04_047897_1/2bf4004122f20bbc03e6144646ddd30a691f34aea59711837646a092/job_events/03000000/2bf4004122f20bbc03e6144646ddd30a691f34aea59711837646a092-2026-08-06-20-1786047570442566262.jsonl: TASK_LIFECYCLE_EVENT must have at least one state transition"
time="2026-08-06T20:21:55Z" level=error msg="Failed to store events for file session_2026-08-06_13-19-04_047897_1/2bf4004122f20bbc03e6144646ddd30a691f34aea59711837646a092/job_events/03000000/2bf4004122f20bbc03e6144646ddd30a691f34aea59711837646a092-2026-08-06-20-1786047570442566262.jsonl: TASK_LIFECYCLE_EVENT must have at least one state transition"
time="2026-08-06T20:21:55Z" level=error msg="Failed to store events for file session_2026-08-06_13-19-04_047897_1/2bf4004122f20bbc03e6144646ddd30a691f34aea59711837646a092/job_events/03000000/2bf4004122f20bbc03e6144646ddd30a691f34aea59711837646a092-2026-08-06-20-1786047570442566262.jsonl: TASK_LIFECYCLE_EVENT must have at least one state transition"
time="2026-08-06T20:21:55Z" level=error msg="Failed to store events for file session_2026-08-06_13-19-04_047897_1/2bf4004122f20bbc03e6144646ddd30a691f34aea59711837646a092/job_events/03000000/2bf4004122f20bbc03e6144646ddd30a691f34aea59711837646a092-2026-08-06-20-1786047570442566262.jsonl: TASK_LIFECYCLE_EVENT must have at least one state transition"
time="2026-08-06T20:21:55Z" level=error msg="Failed to store events for file session_2026-08-06_13-19-04_047897_1/2bf4004122f20bbc03e6144646ddd30a691f34aea59711837646a092/job_events/03000000/2bf4004122f20bbc03e6144646ddd30a691f34aea59711837646a092-2026-08-06-20-1786047570442566262.jsonl: TASK_LIFECYCLE_EVENT must have at least one state transition"
time="2026-08-06T20:21:56Z" level=error msg="Failed to store events for file session_2026-08-06_13-19-04_047897_1/2bf4004122f20bbc03e6144646ddd30a691f34aea59711837646a092/job_events/03000000/2bf4004122f20bbc03e6144646ddd30a691f34aea59711837646a092-2026-08-06-20-1786047570442566262.jsonl: TASK_LIFECYCLE_EVENT must have at least one state transition"
time="2026-08-06T20:21:56Z" level=error msg="Failed to store events for file session_2026-08-06_13-19-04_047897_1/2bf4004122f20bbc03e6144646ddd30a691f34aea59711837646a092/job_events/03000000/2bf4004122f20bbc03e6144646ddd30a691f34aea59711837646a092-2026-08-06-20-1786047570442566262.jsonl: TASK_LIFECYCLE_EVENT must have at least one state transition"
gc 13 @15.330s 1%: 0.18+303+0.10 ms clock, 0.75+0.77/303/603+0.43 ms cpu, 704->714->436 MB, 754 MB goal, 0 MB stacks, 0 MB globals, 4 P
time="2026-08-06T20:21:56Z" level=error msg="Failed to store events for file session_2026-08-06_13-19-04_047897_1/2bf4004122f20bbc03e6144646ddd30a691f34aea59711837646a092/job_events/03000000/2bf4004122f20bbc03e6144646ddd30a691f34aea59711837646a092-2026-08-06-20-1786047570442566262.jsonl: TASK_LIFECYCLE_EVENT must have at least one state transition"
time="2026-08-06T20:21:56Z" level=error msg="Failed to store events for file session_2026-08-06_13-19-04_047897_1/2bf4004122f20bbc03e6144646ddd30a691f34aea59711837646a092/job_events/03000000/2bf4004122f20bbc03e6144646ddd30a691f34aea59711837646a092-2026-08-06-20-1786047570442566262.jsonl: TASK_LIFECYCLE_EVENT must have at least one state transition"
time="2026-08-06T20:21:57Z" level=error msg="Failed to store events for file session_2026-08-06_13-19-04_047897_1/2bf4004122f20bbc03e6144646ddd30a691f34aea59711837646a092/job_events/03000000/2bf4004122f20bbc03e6144646ddd30a691f34aea59711837646a092-2026-08-06-20-1786047570442566262.jsonl: TASK_LIFECYCLE_EVENT must have at least one state transition"
time="2026-08-06T20:21:57Z" level=error msg="Failed to store events for file session_2026-08-06_13-19-04_047897_1/2bf4004122f20bbc03e6144646ddd30a691f34aea59711837646a092/job_events/03000000/2bf4004122f20bbc03e6144646ddd30a691f34aea59711837646a092-2026-08-06-20-1786047570442566262.jsonl: TASK_LIFECYCLE_EVENT must have at least one state transition"
time="2026-08-06T20:21:57Z" level=error msg="Failed to store events for file session_2026-08-06_13-19-04_047897_1/2bf4004122f20bbc03e6144646ddd30a691f34aea59711837646a092/job_events/03000000/2bf4004122f20bbc03e6144646ddd30a691f34aea59711837646a092-2026-08-06-20-1786047570442566262.jsonl: TASK_LIFECYCLE_EVENT must have at least one state transition"
time="2026-08-06T20:21:57Z" level=error msg="Failed to store events for file session_2026-08-06_13-19-04_047897_1/2bf4004122f20bbc03e6144646ddd30a691f34aea59711837646a092/job_events/03000000/2bf4004122f20bbc03e6144646ddd30a691f34aea59711837646a092-2026-08-06-20-1786047570442566262.jsonl: TASK_LIFECYCLE_EVENT must have at least one state transition"
time="2026-08-06T20:21:58Z" level=error msg="Failed to store events for file session_2026-08-06_13-19-04_047897_1/2bf4004122f20bbc03e6144646ddd30a691f34aea59711837646a092/job_events/03000000/2bf4004122f20bbc03e6144646ddd30a691f34aea59711837646a092-2026-08-06-20-1786047570442566262.jsonl: TASK_LIFECYCLE_EVENT must have at least one state transition"
time="2026-08-06T20:21:58Z" level=error msg="Failed to store events for file session_2026-08-06_13-19-04_047897_1/2bf4004122f20bbc03e6144646ddd30a691f34aea59711837646a092/job_events/03000000/2bf4004122f20bbc03e6144646ddd30a691f34aea59711837646a092-2026-08-06-20-1786047570442566262.jsonl: TASK_LIFECYCLE_EVENT must have at least one state transition"
time="2026-08-06T20:21:58Z" level=error msg="Failed to store events for file session_2026-08-06_13-19-04_047897_1/2bf4004122f20bbc03e6144646ddd30a691f34aea59711837646a092/job_events/03000000/2bf4004122f20bbc03e6144646ddd30a691f34aea59711837646a092-2026-08-06-20-1786047570442566262.jsonl: TASK_LIFECYCLE_EVENT must have at least one state transition"
time="2026-08-06T20:21:59Z" level=error msg="Failed to store events for file session_2026-08-06_13-19-04_047897_1/2bf4004122f20bbc03e6144646ddd30a691f34aea59711837646a092/job_events/03000000/2bf4004122f20bbc03e6144646ddd30a691f34aea59711837646a092-2026-08-06-20-1786047570442566262.jsonl: TASK_LIFECYCLE_EVENT must have at least one state transition"
time="2026-08-06T20:21:59Z" level=error msg="Failed to store events for file session_2026-08-06_13-19-04_047897_1/2bf4004122f20bbc03e6144646ddd30a691f34aea59711837646a092/job_events/03000000/2bf4004122f20bbc03e6144646ddd30a691f34aea59711837646a092-2026-08-06-20-1786047570442566262.jsonl: TASK_LIFECYCLE_EVENT must have at least one state transition"
time="2026-08-06T20:21:59Z" level=error msg="Failed to store events for file session_2026-08-06_13-19-04_047897_1/2bf4004122f20bbc03e6144646ddd30a691f34aea59711837646a092/job_events/03000000/2bf4004122f20bbc03e6144646ddd30a691f34aea59711837646a092-2026-08-06-20-1786047570442566262.jsonl: TASK_LIFECYCLE_EVENT must have at least one state transition"
time="2026-08-06T20:21:59Z" level=error msg="Failed to store events for file session_2026-08-06_13-19-04_047897_1/2bf4004122f20bbc03e6144646ddd30a691f34aea59711837646a092/job_events/03000000/2bf4004122f20bbc03e6144646ddd30a691f34aea59711837646a092-2026-08-06-20-1786047570442566262.jsonl: TASK_LIFECYCLE_EVENT must have at least one state transition"
time="2026-08-06T20:21:59Z" level=error msg="Failed to store events for file session_2026-08-06_13-19-04_047897_1/2bf4004122f20bbc03e6144646ddd30a691f34aea59711837646a092/job_events/03000000/2bf4004122f20bbc03e6144646ddd30a691f34aea59711837646a092-2026-08-06-20-1786047570442566262.jsonl: TASK_LIFECYCLE_EVENT must have at least one state transition"
time="2026-08-06T20:21:59Z" level=error msg="Failed to store events for file session_2026-08-06_13-19-04_047897_1/2bf4004122f20bbc03e6144646ddd30a691f34aea59711837646a092/job_events/03000000/2bf4004122f20bbc03e6144646ddd30a691f34aea59711837646a092-2026-08-06-20-1786047570442566262.jsonl: TASK_LIFECYCLE_EVENT must have at least one state transition"
time="2026-08-06T20:22:00Z" level=error msg="Failed to store events for file session_2026-08-06_13-19-04_047897_1/2bf4004122f20bbc03e6144646ddd30a691f34aea59711837646a092/job_events/03000000/2bf4004122f20bbc03e6144646ddd30a691f34aea59711837646a092-2026-08-06-20-1786047570442566262.jsonl: TASK_LIFECYCLE_EVENT must have at least one state transition"
time="2026-08-06T20:22:00Z" level=error msg="Failed to store events for file session_2026-08-06_13-19-04_047897_1/2bf4004122f20bbc03e6144646ddd30a691f34aea59711837646a092/job_events/03000000/2bf4004122f20bbc03e6144646ddd30a691f34aea59711837646a092-2026-08-06-20-1786047570442566262.jsonl: TASK_LIFECYCLE_EVENT must have at least one state transition"
time="2026-08-06T20:22:00Z" level=error msg="Failed to store events for file session_2026-08-06_13-19-04_047897_1/2bf4004122f20bbc03e6144646ddd30a691f34aea59711837646a092/job_events/03000000/2bf4004122f20bbc03e6144646ddd30a691f34aea59711837646a092-2026-08-06-20-1786047570442566262.jsonl: TASK_LIFECYCLE_EVENT must have at least one state transition"
time="2026-08-06T20:22:01Z" level=error msg="Failed to store events for file session_2026-08-06_13-19-04_047897_1/2bf4004122f20bbc03e6144646ddd30a691f34aea59711837646a092/job_events/03000000/2bf4004122f20bbc03e6144646ddd30a691f34aea59711837646a092-2026-08-06-20-1786047570442566262.jsonl: TASK_LIFECYCLE_EVENT must have at least one state transition"
time="2026-08-06T20:22:01Z" level=error msg="Failed to store events for file session_2026-08-06_13-19-04_047897_1/2bf4004122f20bbc03e6144646ddd30a691f34aea59711837646a092/job_events/03000000/2bf4004122f20bbc03e6144646ddd30a691f34aea59711837646a092-2026-08-06-20-1786047570442566262.jsonl: TASK_LIFECYCLE_EVENT must have at least one state transition"
time="2026-08-06T20:22:02Z" level=error msg="Failed to store events for file session_2026-08-06_13-19-04_047897_1/2bf4004122f20bbc03e6144646ddd30a691f34aea59711837646a092/job_events/03000000/2bf4004122f20bbc03e6144646ddd30a691f34aea59711837646a092-2026-08-06-20-1786047570442566262.jsonl: TASK_LIFECYCLE_EVENT must have at least one state transition"
time="2026-08-06T20:22:02Z" level=error msg="Failed to store events for file session_2026-08-06_13-19-04_047897_1/2bf4004122f20bbc03e6144646ddd30a691f34aea59711837646a092/job_events/03000000/2bf4004122f20bbc03e6144646ddd30a691f34aea59711837646a092-2026-08-06-20-1786047570442566262.jsonl: TASK_LIFECYCLE_EVENT must have at least one state transition"
time="2026-08-06T20:22:02Z" level=error msg="Failed to store events for file session_2026-08-06_13-19-04_047897_1/2bf4004122f20bbc03e6144646ddd30a691f34aea59711837646a092/job_events/03000000/2bf4004122f20bbc03e6144646ddd30a691f34aea59711837646a092-2026-08-06-20-1786047570442566262.jsonl: TASK_LIFECYCLE_EVENT must have at least one state transition"
time="2026-08-06T20:22:02Z" level=error msg="Failed to store events for file session_2026-08-06_13-19-04_047897_1/2bf4004122f20bbc03e6144646ddd30a691f34aea59711837646a092/job_events/03000000/2bf4004122f20bbc03e6144646ddd30a691f34aea59711837646a092-2026-08-06-20-1786047570442566262.jsonl: TASK_LIFECYCLE_EVENT must have at least one state transition"
time="2026-08-06T20:22:03Z" level=error msg="Failed to store events for file session_2026-08-06_13-19-04_047897_1/2bf4004122f20bbc03e6144646ddd30a691f34aea59711837646a092/job_events/03000000/2bf4004122f20bbc03e6144646ddd30a691f34aea59711837646a092-2026-08-06-20-1786047570442566262.jsonl: TASK_LIFECYCLE_EVENT must have at least one state transition"
time="2026-08-06T20:22:03Z" level=error msg="Failed to store events for file session_2026-08-06_13-19-04_047897_1/2bf4004122f20bbc03e6144646ddd30a691f34aea59711837646a092/job_events/03000000/2bf4004122f20bbc03e6144646ddd30a691f34aea59711837646a092-2026-08-06-20-1786047570442566262.jsonl: TASK_LIFECYCLE_EVENT must have at least one state transition"
gc 14 @22.416s 1%: 0.21+366+0.082 ms clock, 0.87+0.10/366/729+0.33 ms cpu, 792->805->493 MB, 873 MB goal, 0 MB stacks, 0 MB globals, 4 P
time="2026-08-06T20:22:04Z" level=error msg="Failed to store events for file session_2026-08-06_13-19-04_047897_1/2bf4004122f20bbc03e6144646ddd30a691f34aea59711837646a092/job_events/03000000/2bf4004122f20bbc03e6144646ddd30a691f34aea59711837646a092-2026-08-06-20-1786047570442566262.jsonl: TASK_LIFECYCLE_EVENT must have at least one state transition"
time="2026-08-06T20:22:04Z" level=error msg="Failed to store events for file session_2026-08-06_13-19-04_047897_1/2bf4004122f20bbc03e6144646ddd30a691f34aea59711837646a092/job_events/03000000/2bf4004122f20bbc03e6144646ddd30a691f34aea59711837646a092-2026-08-06-20-1786047570442566262.jsonl: TASK_LIFECYCLE_EVENT must have at least one state transition"
time="2026-08-06T20:22:04Z" level=error msg="Failed to store events for file session_2026-08-06_13-19-04_047897_1/2bf4004122f20bbc03e6144646ddd30a691f34aea59711837646a092/job_events/03000000/2bf4004122f20bbc03e6144646ddd30a691f34aea59711837646a092-2026-08-06-20-1786047570442566262.jsonl: TASK_LIFECYCLE_EVENT must have at least one state transition"
time="2026-08-06T20:22:04Z" level=error msg="Failed to store events for file session_2026-08-06_13-19-04_047897_1/2bf4004122f20bbc03e6144646ddd30a691f34aea59711837646a092/job_events/03000000/2bf4004122f20bbc03e6144646ddd30a691f34aea59711837646a092-2026-08-06-20-1786047570442566262.jsonl: TASK_LIFECYCLE_EVENT must have at least one state transition"
time="2026-08-06T20:22:04Z" level=error msg="Failed to store events for file session_2026-08-06_13-19-04_047897_1/2bf4004122f20bbc03e6144646ddd30a691f34aea59711837646a092/job_events/03000000/2bf4004122f20bbc03e6144646ddd30a691f34aea59711837646a092-2026-08-06-20-1786047570442566262.jsonl: TASK_LIFECYCLE_EVENT must have at least one state transition"
time="2026-08-06T20:22:04Z" level=error msg="Failed to store events for file session_2026-08-06_13-19-04_047897_1/2bf4004122f20bbc03e6144646ddd30a691f34aea59711837646a092/job_events/03000000/2bf4004122f20bbc03e6144646ddd30a691f34aea59711837646a092-2026-08-06-20-1786047570442566262.jsonl: TASK_LIFECYCLE_EVENT must have at least one state transition"
time="2026-08-06T20:22:04Z" level=error msg="Failed to store events for file session_2026-08-06_13-19-04_047897_1/2bf4004122f20bbc03e6144646ddd30a691f34aea59711837646a092/job_events/03000000/2bf4004122f20bbc03e6144646ddd30a691f34aea59711837646a092-2026-08-06-20-1786047570442566262.jsonl: TASK_LIFECYCLE_EVENT must have at least one state transition"
time="2026-08-06T20:22:04Z" level=error msg="Failed to store events for file session_2026-08-06_13-19-04_047897_1/2bf4004122f20bbc03e6144646ddd30a691f34aea59711837646a092/job_events/03000000/2bf4004122f20bbc03e6144646ddd30a691f34aea59711837646a092-2026-08-06-20-1786047570442566262.jsonl: TASK_LIFECYCLE_EVENT must have at least one state transition"
time="2026-08-06T20:22:04Z" level=error msg="Failed to store events for file session_2026-08-06_13-19-04_047897_1/2bf4004122f20bbc03e6144646ddd30a691f34aea59711837646a092/job_events/03000000/2bf4004122f20bbc03e6144646ddd30a691f34aea59711837646a092-2026-08-06-20-1786047570442566262.jsonl: TASK_LIFECYCLE_EVENT must have at least one state transition"
time="2026-08-06T20:22:05Z" level=error msg="Failed to store events for file session_2026-08-06_13-19-04_047897_1/2bf4004122f20bbc03e6144646ddd30a691f34aea59711837646a092/job_events/03000000/2bf4004122f20bbc03e6144646ddd30a691f34aea59711837646a092-2026-08-06-20-1786047570442566262.jsonl: TASK_LIFECYCLE_EVENT must have at least one state transition"
time="2026-08-06T20:22:05Z" level=error msg="Failed to store events for file session_2026-08-06_13-19-04_047897_1/2bf4004122f20bbc03e6144646ddd30a691f34aea59711837646a092/job_events/03000000/2bf4004122f20bbc03e6144646ddd30a691f34aea59711837646a092-2026-08-06-20-1786047570442566262.jsonl: TASK_LIFECYCLE_EVENT must have at least one state transition"
time="2026-08-06T20:22:05Z" level=info msg="Prepare to get object log/cluster-history/raycluster/test-ns-w74ps/raycluster-historyserver/session_2026-08-06_13-19-04_047897_1/2bf4004122f20bbc03e6144646ddd30a691f34aea59711837646a092/job_events/03000000/2bf4004122f20bbc03e6144646ddd30a691f34aea59711837646a092-2026-08-06-20-1786047619605378340.jsonl info ..."
gc 15 @24.429s 1%: 0.25+105+0.10 ms clock, 1.0+46/57/162+0.42 ms cpu, 930->938->245 MB, 986 MB goal, 0 MB stacks, 0 MB globals, 4 P
gc 16 @24.639s 1%: 0.12+103+0.10 ms clock, 0.49+52/102/112+0.43 ms cpu, 591->591->381 MB, 591 MB goal, 0 MB stacks, 0 MB globals, 4 P
gc 17 @31.013s 1%: 0.20+263+0.073 ms clock, 0.82+0.10/262/523+0.29 ms cpu, 733->743->506 MB, 763 MB goal, 0 MB stacks, 0 MB globals, 4 P
time="2026-08-06T20:22:18Z" level=error msg="Failed to store events for file session_2026-08-06_13-19-04_047897_1/2bf4004122f20bbc03e6144646ddd30a691f34aea59711837646a092/job_events/03000000/2bf4004122f20bbc03e6144646ddd30a691f34aea59711837646a092-2026-08-06-20-1786047619605378340.jsonl: TASK_LIFECYCLE_EVENT must have at least one state transition"
time="2026-08-06T20:22:19Z" level=error msg="Failed to store events for file session_2026-08-06_13-19-04_047897_1/2bf4004122f20bbc03e6144646ddd30a691f34aea59711837646a092/job_events/03000000/2bf4004122f20bbc03e6144646ddd30a691f34aea59711837646a092-2026-08-06-20-1786047619605378340.jsonl: TASK_LIFECYCLE_EVENT must have at least one state transition"
time="2026-08-06T20:22:19Z" level=error msg="Failed to store events for file session_2026-08-06_13-19-04_047897_1/2bf4004122f20bbc03e6144646ddd30a691f34aea59711837646a092/job_events/03000000/2bf4004122f20bbc03e6144646ddd30a691f34aea59711837646a092-2026-08-06-20-1786047619605378340.jsonl: TASK_LIFECYCLE_EVENT must have at least one state transition"
gc 18 @38.143s 1%: 0.17+494+0.079 ms clock, 0.71+0.094/493/985+0.31 ms cpu, 903->920->645 MB, 1013 MB goal, 0 MB stacks, 0 MB globals, 4 P
time="2026-08-06T20:22:20Z" level=error msg="Failed to store events for file session_2026-08-06_13-19-04_047897_1/2bf4004122f20bbc03e6144646ddd30a691f34aea59711837646a092/job_events/03000000/2bf4004122f20bbc03e6144646ddd30a691f34aea59711837646a092-2026-08-06-20-1786047619605378340.jsonl: TASK_LIFECYCLE_EVENT must have at least one state transition"
time="2026-08-06T20:22:20Z" level=error msg="Failed to store events for file session_2026-08-06_13-19-04_047897_1/2bf4004122f20bbc03e6144646ddd30a691f34aea59711837646a092/job_events/03000000/2bf4004122f20bbc03e6144646ddd30a691f34aea59711837646a092-2026-08-06-20-1786047619605378340.jsonl: TASK_LIFECYCLE_EVENT must have at least one state transition"
time="2026-08-06T20:22:20Z" level=error msg="Failed to store events for file session_2026-08-06_13-19-04_047897_1/2bf4004122f20bbc03e6144646ddd30a691f34aea59711837646a092/job_events/03000000/2bf4004122f20bbc03e6144646ddd30a691f34aea59711837646a092-2026-08-06-20-1786047619605378340.jsonl: TASK_LIFECYCLE_EVENT must have at least one state transition"
time="2026-08-06T20:22:20Z" level=error msg="Failed to store events for file session_2026-08-06_13-19-04_047897_1/2bf4004122f20bbc03e6144646ddd30a691f34aea59711837646a092/job_events/03000000/2bf4004122f20bbc03e6144646ddd30a691f34aea59711837646a092-2026-08-06-20-1786047619605378340.jsonl: TASK_LIFECYCLE_EVENT must have at least one state transition"
time="2026-08-06T20:22:20Z" level=error msg="Failed to store events for file session_2026-08-06_13-19-04_047897_1/2bf4004122f20bbc03e6144646ddd30a691f34aea59711837646a092/job_events/03000000/2bf4004122f20bbc03e6144646ddd30a691f34aea59711837646a092-2026-08-06-20-1786047619605378340.jsonl: TASK_LIFECYCLE_EVENT must have at least one state transition"
time="2026-08-06T20:22:21Z" level=error msg="Failed to store events for file session_2026-08-06_13-19-04_047897_1/2bf4004122f20bbc03e6144646ddd30a691f34aea59711837646a092/job_events/03000000/2bf4004122f20bbc03e6144646ddd30a691f34aea59711837646a092-2026-08-06-20-1786047619605378340.jsonl: TASK_LIFECYCLE_EVENT must have at least one state transition"
time="2026-08-06T20:22:21Z" level=error msg="Failed to store events for file session_2026-08-06_13-19-04_047897_1/2bf4004122f20bbc03e6144646ddd30a691f34aea59711837646a092/job_events/03000000/2bf4004122f20bbc03e6144646ddd30a691f34aea59711837646a092-2026-08-06-20-1786047619605378340.jsonl: TASK_LIFECYCLE_EVENT must have at least one state transition"
time="2026-08-06T20:22:22Z" level=error msg="Failed to store events for file session_2026-08-06_13-19-04_047897_1/2bf4004122f20bbc03e6144646ddd30a691f34aea59711837646a092/job_events/03000000/2bf4004122f20bbc03e6144646ddd30a691f34aea59711837646a092-2026-08-06-20-1786047619605378340.jsonl: TASK_LIFECYCLE_EVENT must have at least one state transition"
time="2026-08-06T20:22:22Z" level=error msg="Failed to store events for file session_2026-08-06_13-19-04_047897_1/2bf4004122f20bbc03e6144646ddd30a691f34aea59711837646a092/job_events/03000000/2bf4004122f20bbc03e6144646ddd30a691f34aea59711837646a092-2026-08-06-20-1786047619605378340.jsonl: TASK_LIFECYCLE_EVENT must have at least one state transition"
time="2026-08-06T20:22:22Z" level=error msg="Failed to store events for file session_2026-08-06_13-19-04_047897_1/2bf4004122f20bbc03e6144646ddd30a691f34aea59711837646a092/job_events/03000000/2bf4004122f20bbc03e6144646ddd30a691f34aea59711837646a092-2026-08-06-20-1786047619605378340.jsonl: TASK_LIFECYCLE_EVENT must have at least one state transition"
time="2026-08-06T20:22:23Z" level=error msg="Failed to store events for file session_2026-08-06_13-19-04_047897_1/2bf4004122f20bbc03e6144646ddd30a691f34aea59711837646a092/job_events/03000000/2bf4004122f20bbc03e6144646ddd30a691f34aea59711837646a092-2026-08-06-20-1786047619605378340.jsonl: TASK_LIFECYCLE_EVENT must have at least one state transition"
time="2026-08-06T20:22:23Z" level=error msg="Failed to store events for file session_2026-08-06_13-19-04_047897_1/2bf4004122f20bbc03e6144646ddd30a691f34aea59711837646a092/job_events/03000000/2bf4004122f20bbc03e6144646ddd30a691f34aea59711837646a092-2026-08-06-20-1786047619605378340.jsonl: TASK_LIFECYCLE_EVENT must have at least one state transition"
time="2026-08-06T20:22:23Z" level=error msg="Failed to store events for file session_2026-08-06_13-19-04_047897_1/2bf4004122f20bbc03e6144646ddd30a691f34aea59711837646a092/job_events/03000000/2bf4004122f20bbc03e6144646ddd30a691f34aea59711837646a092-2026-08-06-20-1786047619605378340.jsonl: TASK_LIFECYCLE_EVENT must have at least one state transition"
time="2026-08-06T20:22:23Z" level=error msg="Failed to store events for file session_2026-08-06_13-19-04_047897_1/2bf4004122f20bbc03e6144646ddd30a691f34aea59711837646a092/job_events/03000000/2bf4004122f20bbc03e6144646ddd30a691f34aea59711837646a092-2026-08-06-20-1786047619605378340.jsonl: TASK_LIFECYCLE_EVENT must have at least one state transition"
time="2026-08-06T20:22:23Z" level=error msg="Failed to store events for file session_2026-08-06_13-19-04_047897_1/2bf4004122f20bbc03e6144646ddd30a691f34aea59711837646a092/job_events/03000000/2bf4004122f20bbc03e6144646ddd30a691f34aea59711837646a092-2026-08-06-20-1786047619605378340.jsonl: TASK_LIFECYCLE_EVENT must have at least one state transition"
time="2026-08-06T20:22:23Z" level=error msg="Failed to store events for file session_2026-08-06_13-19-04_047897_1/2bf4004122f20bbc03e6144646ddd30a691f34aea59711837646a092/job_events/03000000/2bf4004122f20bbc03e6144646ddd30a691f34aea59711837646a092-2026-08-06-20-1786047619605378340.jsonl: TASK_LIFECYCLE_EVENT must have at least one state transition"
time="2026-08-06T20:22:23Z" level=error msg="Failed to store events for file session_2026-08-06_13-19-04_047897_1/2bf4004122f20bbc03e6144646ddd30a691f34aea59711837646a092/job_events/03000000/2bf4004122f20bbc03e6144646ddd30a691f34aea59711837646a092-2026-08-06-20-1786047619605378340.jsonl: TASK_LIFECYCLE_EVENT must have at least one state transition"
time="2026-08-06T20:22:24Z" level=error msg="Failed to store events for file session_2026-08-06_13-19-04_047897_1/2bf4004122f20bbc03e6144646ddd30a691f34aea59711837646a092/job_events/03000000/2bf4004122f20bbc03e6144646ddd30a691f34aea59711837646a092-2026-08-06-20-1786047619605378340.jsonl: TASK_LIFECYCLE_EVENT must have at least one state transition"
time="2026-08-06T20:22:24Z" level=error msg="Failed to store events for file session_2026-08-06_13-19-04_047897_1/2bf4004122f20bbc03e6144646ddd30a691f34aea59711837646a092/job_events/03000000/2bf4004122f20bbc03e6144646ddd30a691f34aea59711837646a092-2026-08-06-20-1786047619605378340.jsonl: TASK_LIFECYCLE_EVENT must have at least one state transition"
time="2026-08-06T20:22:24Z" level=error msg="Failed to store events for file session_2026-08-06_13-19-04_047897_1/2bf4004122f20bbc03e6144646ddd30a691f34aea59711837646a092/job_events/03000000/2bf4004122f20bbc03e6144646ddd30a691f34aea59711837646a092-2026-08-06-20-1786047619605378340.jsonl: TASK_LIFECYCLE_EVENT must have at least one state transition"
time="2026-08-06T20:22:24Z" level=error msg="Failed to store events for file session_2026-08-06_13-19-04_047897_1/2bf4004122f20bbc03e6144646ddd30a691f34aea59711837646a092/job_events/03000000/2bf4004122f20bbc03e6144646ddd30a691f34aea59711837646a092-2026-08-06-20-1786047619605378340.jsonl: TASK_LIFECYCLE_EVENT must have at least one state transition"
time="2026-08-06T20:22:24Z" level=error msg="Failed to store events for file session_2026-08-06_13-19-04_047897_1/2bf4004122f20bbc03e6144646ddd30a691f34aea59711837646a092/job_events/03000000/2bf4004122f20bbc03e6144646ddd30a691f34aea59711837646a092-2026-08-06-20-1786047619605378340.jsonl: TASK_LIFECYCLE_EVENT must have at least one state transition"
time="2026-08-06T20:22:25Z" level=error msg="Failed to store events for file session_2026-08-06_13-19-04_047897_1/2bf4004122f20bbc03e6144646ddd30a691f34aea59711837646a092/job_events/03000000/2bf4004122f20bbc03e6144646ddd30a691f34aea59711837646a092-2026-08-06-20-1786047619605378340.jsonl: TASK_LIFECYCLE_EVENT must have at least one state transition"
time="2026-08-06T20:22:25Z" level=error msg="Failed to store events for file session_2026-08-06_13-19-04_047897_1/2bf4004122f20bbc03e6144646ddd30a691f34aea59711837646a092/job_events/03000000/2bf4004122f20bbc03e6144646ddd30a691f34aea59711837646a092-2026-08-06-20-1786047619605378340.jsonl: TASK_LIFECYCLE_EVENT must have at least one state transition"
time="2026-08-06T20:22:25Z" level=error msg="Failed to store events for file session_2026-08-06_13-19-04_047897_1/2bf4004122f20bbc03e6144646ddd30a691f34aea59711837646a092/job_events/03000000/2bf4004122f20bbc03e6144646ddd30a691f34aea59711837646a092-2026-08-06-20-1786047619605378340.jsonl: TASK_LIFECYCLE_EVENT must have at least one state transition"
time="2026-08-06T20:22:25Z" level=error msg="Failed to store events for file session_2026-08-06_13-19-04_047897_1/2bf4004122f20bbc03e6144646ddd30a691f34aea59711837646a092/job_events/03000000/2bf4004122f20bbc03e6144646ddd30a691f34aea59711837646a092-2026-08-06-20-1786047619605378340.jsonl: TASK_LIFECYCLE_EVENT must have at least one state transition"
time="2026-08-06T20:22:26Z" level=error msg="Failed to store events for file session_2026-08-06_13-19-04_047897_1/2bf4004122f20bbc03e6144646ddd30a691f34aea59711837646a092/job_events/03000000/2bf4004122f20bbc03e6144646ddd30a691f34aea59711837646a092-2026-08-06-20-1786047619605378340.jsonl: TASK_LIFECYCLE_EVENT must have at least one state transition"
time="2026-08-06T20:22:26Z" level=error msg="Failed to store events for file session_2026-08-06_13-19-04_047897_1/2bf4004122f20bbc03e6144646ddd30a691f34aea59711837646a092/job_events/03000000/2bf4004122f20bbc03e6144646ddd30a691f34aea59711837646a092-2026-08-06-20-1786047619605378340.jsonl: TASK_LIFECYCLE_EVENT must have at least one state transition"
time="2026-08-06T20:22:26Z" level=error msg="Failed to store events for file session_2026-08-06_13-19-04_047897_1/2bf4004122f20bbc03e6144646ddd30a691f34aea59711837646a092/job_events/03000000/2bf4004122f20bbc03e6144646ddd30a691f34aea59711837646a092-2026-08-06-20-1786047619605378340.jsonl: TASK_LIFECYCLE_EVENT must have at least one state transition"
time="2026-08-06T20:22:27Z" level=error msg="Failed to store events for file session_2026-08-06_13-19-04_047897_1/2bf4004122f20bbc03e6144646ddd30a691f34aea59711837646a092/job_events/03000000/2bf4004122f20bbc03e6144646ddd30a691f34aea59711837646a092-2026-08-06-20-1786047619605378340.jsonl: TASK_LIFECYCLE_EVENT must have at least one state transition"
time="2026-08-06T20:22:27Z" level=error msg="Failed to store events for file session_2026-08-06_13-19-04_047897_1/2bf4004122f20bbc03e6144646ddd30a691f34aea59711837646a092/job_events/03000000/2bf4004122f20bbc03e6144646ddd30a691f34aea59711837646a092-2026-08-06-20-1786047619605378340.jsonl: TASK_LIFECYCLE_EVENT must have at least one state transition"
time="2026-08-06T20:22:27Z" level=error msg="Failed to store events for file session_2026-08-06_13-19-04_047897_1/2bf4004122f20bbc03e6144646ddd30a691f34aea59711837646a092/job_events/03000000/2bf4004122f20bbc03e6144646ddd30a691f34aea59711837646a092-2026-08-06-20-1786047619605378340.jsonl: TASK_LIFECYCLE_EVENT must have at least one state transition"
time="2026-08-06T20:22:28Z" level=error msg="Failed to store events for file session_2026-08-06_13-19-04_047897_1/2bf4004122f20bbc03e6144646ddd30a691f34aea59711837646a092/job_events/03000000/2bf4004122f20bbc03e6144646ddd30a691f34aea59711837646a092-2026-08-06-20-1786047619605378340.jsonl: TASK_LIFECYCLE_EVENT must have at least one state transition"
time="2026-08-06T20:22:28Z" level=error msg="Failed to store events for file session_2026-08-06_13-19-04_047897_1/2bf4004122f20bbc03e6144646ddd30a691f34aea59711837646a092/job_events/03000000/2bf4004122f20bbc03e6144646ddd30a691f34aea59711837646a092-2026-08-06-20-1786047619605378340.jsonl: TASK_LIFECYCLE_EVENT must have at least one state transition"
gc 19 @47.219s 1%: 0.18+554+0.080 ms clock, 0.75+0.096/554/1122+0.32 ms cpu, 1099->1117->716 MB, 1291 MB goal, 0 MB stacks, 0 MB globals, 4 P
time="2026-08-06T20:22:29Z" level=error msg="Failed to store events for file session_2026-08-06_13-19-04_047897_1/2bf4004122f20bbc03e6144646ddd30a691f34aea59711837646a092/job_events/03000000/2bf4004122f20bbc03e6144646ddd30a691f34aea59711837646a092-2026-08-06-20-1786047619605378340.jsonl: TASK_LIFECYCLE_EVENT must have at least one state transition"
time="2026-08-06T20:22:29Z" level=error msg="Failed to store events for file session_2026-08-06_13-19-04_047897_1/2bf4004122f20bbc03e6144646ddd30a691f34aea59711837646a092/job_events/03000000/2bf4004122f20bbc03e6144646ddd30a691f34aea59711837646a092-2026-08-06-20-1786047619605378340.jsonl: TASK_LIFECYCLE_EVENT must have at least one state transition"
time="2026-08-06T20:22:29Z" level=error msg="Failed to store events for file session_2026-08-06_13-19-04_047897_1/2bf4004122f20bbc03e6144646ddd30a691f34aea59711837646a092/job_events/03000000/2bf4004122f20bbc03e6144646ddd30a691f34aea59711837646a092-2026-08-06-20-1786047619605378340.jsonl: TASK_LIFECYCLE_EVENT must have at least one state transition"
time="2026-08-06T20:22:30Z" level=error msg="Failed to store events for file session_2026-08-06_13-19-04_047897_1/2bf4004122f20bbc03e6144646ddd30a691f34aea59711837646a092/job_events/03000000/2bf4004122f20bbc03e6144646ddd30a691f34aea59711837646a092-2026-08-06-20-1786047619605378340.jsonl: TASK_LIFECYCLE_EVENT must have at least one state transition"
time="2026-08-06T20:22:30Z" level=error msg="Failed to store events for file session_2026-08-06_13-19-04_047897_1/2bf4004122f20bbc03e6144646ddd30a691f34aea59711837646a092/job_events/03000000/2bf4004122f20bbc03e6144646ddd30a691f34aea59711837646a092-2026-08-06-20-1786047619605378340.jsonl: TASK_LIFECYCLE_EVENT must have at least one state transition"
time="2026-08-06T20:22:31Z" level=error msg="Failed to store events for file session_2026-08-06_13-19-04_047897_1/2bf4004122f20bbc03e6144646ddd30a691f34aea59711837646a092/job_events/03000000/2bf4004122f20bbc03e6144646ddd30a691f34aea59711837646a092-2026-08-06-20-1786047619605378340.jsonl: TASK_LIFECYCLE_EVENT must have at least one state transition"
time="2026-08-06T20:22:31Z" level=error msg="Failed to store events for file session_2026-08-06_13-19-04_047897_1/2bf4004122f20bbc03e6144646ddd30a691f34aea59711837646a092/job_events/03000000/2bf4004122f20bbc03e6144646ddd30a691f34aea59711837646a092-2026-08-06-20-1786047619605378340.jsonl: TASK_LIFECYCLE_EVENT must have at least one state transition"
time="2026-08-06T20:22:31Z" level=error msg="Failed to store events for file session_2026-08-06_13-19-04_047897_1/2bf4004122f20bbc03e6144646ddd30a691f34aea59711837646a092/job_events/03000000/2bf4004122f20bbc03e6144646ddd30a691f34aea59711837646a092-2026-08-06-20-1786047619605378340.jsonl: TASK_LIFECYCLE_EVENT must have at least one state transition"
time="2026-08-06T20:22:31Z" level=error msg="Failed to store events for file session_2026-08-06_13-19-04_047897_1/2bf4004122f20bbc03e6144646ddd30a691f34aea59711837646a092/job_events/03000000/2bf4004122f20bbc03e6144646ddd30a691f34aea59711837646a092-2026-08-06-20-1786047619605378340.jsonl: TASK_LIFECYCLE_EVENT must have at least one state transition"
time="2026-08-06T20:22:31Z" level=error msg="Failed to store events for file session_2026-08-06_13-19-04_047897_1/2bf4004122f20bbc03e6144646ddd30a691f34aea59711837646a092/job_events/03000000/2bf4004122f20bbc03e6144646ddd30a691f34aea59711837646a092-2026-08-06-20-1786047619605378340.jsonl: TASK_LIFECYCLE_EVENT must have at least one state transition"
time="2026-08-06T20:22:32Z" level=error msg="Failed to store events for file session_2026-08-06_13-19-04_047897_1/2bf4004122f20bbc03e6144646ddd30a691f34aea59711837646a092/job_events/03000000/2bf4004122f20bbc03e6144646ddd30a691f34aea59711837646a092-2026-08-06-20-1786047619605378340.jsonl: TASK_LIFECYCLE_EVENT must have at least one state transition"
time="2026-08-06T20:22:32Z" level=error msg="Failed to store events for file session_2026-08-06_13-19-04_047897_1/2bf4004122f20bbc03e6144646ddd30a691f34aea59711837646a092/job_events/03000000/2bf4004122f20bbc03e6144646ddd30a691f34aea59711837646a092-2026-08-06-20-1786047619605378340.jsonl: TASK_LIFECYCLE_EVENT must have at least one state transition"
time="2026-08-06T20:22:32Z" level=error msg="Failed to store events for file session_2026-08-06_13-19-04_047897_1/2bf4004122f20bbc03e6144646ddd30a691f34aea59711837646a092/job_events/03000000/2bf4004122f20bbc03e6144646ddd30a691f34aea59711837646a092-2026-08-06-20-1786047619605378340.jsonl: TASK_LIFECYCLE_EVENT must have at least one state transition"
time="2026-08-06T20:22:32Z" level=error msg="Failed to store events for file session_2026-08-06_13-19-04_047897_1/2bf4004122f20bbc03e6144646ddd30a691f34aea59711837646a092/job_events/03000000/2bf4004122f20bbc03e6144646ddd30a691f34aea59711837646a092-2026-08-06-20-1786047619605378340.jsonl: TASK_LIFECYCLE_EVENT must have at least one state transition"
time="2026-08-06T20:22:32Z" level=error msg="Failed to store events for file session_2026-08-06_13-19-04_047897_1/2bf4004122f20bbc03e6144646ddd30a691f34aea59711837646a092/job_events/03000000/2bf4004122f20bbc03e6144646ddd30a691f34aea59711837646a092-2026-08-06-20-1786047619605378340.jsonl: TASK_LIFECYCLE_EVENT must have at least one state transition"
time="2026-08-06T20:22:33Z" level=error msg="Failed to store events for file session_2026-08-06_13-19-04_047897_1/2bf4004122f20bbc03e6144646ddd30a691f34aea59711837646a092/job_events/03000000/2bf4004122f20bbc03e6144646ddd30a691f34aea59711837646a092-2026-08-06-20-1786047619605378340.jsonl: TASK_LIFECYCLE_EVENT must have at least one state transition"
time="2026-08-06T20:22:33Z" level=error msg="Failed to store events for file session_2026-08-06_13-19-04_047897_1/2bf4004122f20bbc03e6144646ddd30a691f34aea59711837646a092/job_events/03000000/2bf4004122f20bbc03e6144646ddd30a691f34aea59711837646a092-2026-08-06-20-1786047619605378340.jsonl: TASK_LIFECYCLE_EVENT must have at least one state transition"
time="2026-08-06T20:22:33Z" level=error msg="Failed to store events for file session_2026-08-06_13-19-04_047897_1/2bf4004122f20bbc03e6144646ddd30a691f34aea59711837646a092/job_events/03000000/2bf4004122f20bbc03e6144646ddd30a691f34aea59711837646a092-2026-08-06-20-1786047619605378340.jsonl: TASK_LIFECYCLE_EVENT must have at least one state transition"
time="2026-08-06T20:22:33Z" level=error msg="Failed to store events for file session_2026-08-06_13-19-04_047897_1/2bf4004122f20bbc03e6144646ddd30a691f34aea59711837646a092/job_events/03000000/2bf4004122f20bbc03e6144646ddd30a691f34aea59711837646a092-2026-08-06-20-1786047619605378340.jsonl: TASK_LIFECYCLE_EVENT must have at least one state transition"
time="2026-08-06T20:22:33Z" level=error msg="Failed to store events for file session_2026-08-06_13-19-04_047897_1/2bf4004122f20bbc03e6144646ddd30a691f34aea59711837646a092/job_events/03000000/2bf4004122f20bbc03e6144646ddd30a691f34aea59711837646a092-2026-08-06-20-1786047619605378340.jsonl: TASK_LIFECYCLE_EVENT must have at least one state transition"
time="2026-08-06T20:22:34Z" level=error msg="Failed to store events for file session_2026-08-06_13-19-04_047897_1/2bf4004122f20bbc03e6144646ddd30a691f34aea59711837646a092/job_events/03000000/2bf4004122f20bbc03e6144646ddd30a691f34aea59711837646a092-2026-08-06-20-1786047619605378340.jsonl: TASK_LIFECYCLE_EVENT must have at least one state transition"
time="2026-08-06T20:22:34Z" level=info msg="Prepare to get object log/cluster-history/raycluster/test-ns-w74ps/raycluster-historyserver/session_2026-08-06_13-19-04_047897_1/d92c755dcc4e124835f9ede3793154a7d2a55e851ee628e9ce765e09/job_events/01000000/d92c755dcc4e124835f9ede3793154a7d2a55e851ee628e9ce765e09-2026-08-06-20-1786047549557119752.jsonl info ..."
time="2026-08-06T20:22:34Z" level=info msg="Prepare to get object log/cluster-history/raycluster/test-ns-w74ps/raycluster-historyserver/session_2026-08-06_13-19-04_047897_1/d92c755dcc4e124835f9ede3793154a7d2a55e851ee628e9ce765e09/job_events/02000000/d92c755dcc4e124835f9ede3793154a7d2a55e851ee628e9ce765e09-2026-08-06-20-1786047567742767510.jsonl info ..."
time="2026-08-06T20:22:34Z" level=info msg="Prepare to get object log/cluster-history/raycluster/test-ns-w74ps/raycluster-historyserver/session_2026-08-06_13-19-04_047897_1/d92c755dcc4e124835f9ede3793154a7d2a55e851ee628e9ce765e09/job_events/03000000/d92c755dcc4e124835f9ede3793154a7d2a55e851ee628e9ce765e09-2026-08-06-20-1786047568743874886.jsonl info ..."
gc 20 @53.017s 1%: 0.16+188+0.048 ms clock, 0.64+114/170/354+0.19 ms cpu, 1264->1306->519 MB, 1433 MB goal, 0 MB stacks, 0 MB globals, 4 P
gc 21 @55.490s 1%: 0.15+259+0.071 ms clock, 0.63+0.094/259/537+0.28 ms cpu, 885->895->450 MB, 1039 MB goal, 0 MB stacks, 0 MB globals, 4 P
gc 22 @60.835s 1%: 0.17+446+0.078 ms clock, 0.68+0.090/445/890+0.31 ms cpu, 767->786->710 MB, 901 MB goal, 0 MB stacks, 0 MB globals, 4 P
gc 23 @70.806s 1%: 0.23+685+0.088 ms clock, 0.92+0.81/684/1365+0.35 ms cpu, 1209->1228->809 MB, 1420 MB goal, 0 MB stacks, 0 MB globals, 4 P
time="2026-08-06T20:23:01Z" level=info msg="Prepare to get object log/cluster-history/raycluster/test-ns-w74ps/raycluster-historyserver/session_2026-08-06_13-19-04_047897_1/d92c755dcc4e124835f9ede3793154a7d2a55e851ee628e9ce765e09/job_events/03000000/d92c755dcc4e124835f9ede3793154a7d2a55e851ee628e9ce765e09-2026-08-06-20-1786047610452499294.jsonl info ..."
gc 24 @80.576s 1%: 0.20+256+0.048 ms clock, 0.81+221/256/517+0.19 ms cpu, 1424->1424->497 MB, 1620 MB goal, 0 MB stacks, 0 MB globals, 4 P
gc 25 @81.001s 1%: 0.14+253+0.040 ms clock, 0.57+238/248/500+0.16 ms cpu, 871->871->661 MB, 995 MB goal, 0 MB stacks, 0 MB globals, 4 P
gc 26 @86.265s 1%: 0.18+510+0.11 ms clock, 0.74+0.094/509/1016+0.46 ms cpu, 1126->1147->703 MB, 1322 MB goal, 0 MB stacks, 0 MB globals, 4 P
gc 27 @94.746s 1%: 0.30+803+0.093 ms clock, 1.2+0.13/803/1604+0.37 ms cpu, 1198->1228->1105 MB, 1407 MB goal, 0 MB stacks, 0 MB globals, 4 P
time="2026-08-06T20:23:36Z" level=info msg="Prepare to get object log/cluster-history/raycluster/test-ns-w74ps/raycluster-historyserver/session_2026-08-06_13-19-04_047897_1/d92c755dcc4e124835f9ede3793154a7d2a55e851ee628e9ce765e09/job_events/03000000/d92c755dcc4e124835f9ede3793154a7d2a55e851ee628e9ce765e09-2026-08-06-20-1786047674047233879.jsonl info ..."
gc 28 @115.294s 1%: 0.15+489+0.080 ms clock, 0.63+0.11/489/994+0.32 ms cpu, 2096->2115->447 MB, 2210 MB goal, 0 MB stacks, 0 MB globals, 4 P
time="2026-08-06T20:23:40Z" level=info msg="Prepare to get object log/cluster-history/raycluster/test-ns-w74ps/raycluster-historyserver/session_2026-08-06_13-19-04_047897_1/d92c755dcc4e124835f9ede3793154a7d2a55e851ee628e9ce765e09/job_events/04000000/d92c755dcc4e124835f9ede3793154a7d2a55e851ee628e9ce765e09-2026-08-06-20-1786047582922812962.jsonl info ..."
time="2026-08-06T20:23:40Z" level=info msg="Prepare to get object log/cluster-history/raycluster/test-ns-w74ps/raycluster-historyserver/session_2026-08-06_13-19-04_047897_1/d92c755dcc4e124835f9ede3793154a7d2a55e851ee628e9ce765e09/node_events/d92c755dcc4e124835f9ede3793154a7d2a55e851ee628e9ce765e09-2026-08-06-20-1786047549450336627.jsonl info ..."
gc 29 @120.116s 1%: 0.19+768+0.16 ms clock, 0.79+159/537/1073+0.66 ms cpu, 870->928->572 MB, 895 MB goal, 0 MB stacks, 0 MB globals, 4 P
time="2026-08-06T20:23:43Z" level=info msg="Received request: GET /enter_cluster/test-ns-w74ps/raycluster/raycluster-historyserver/session_2026-08-06_13-19-04_047897_1"
time="2026-08-06T20:23:43Z" level=info msg="[List]Returned objects in log/cluster-metadata/. length of page.Contents: 2, length of page.CommonPrefixes: 0"
time="2026-08-06T20:23:43Z" level=error msg="Failed to parse meta file path: log/cluster-metadata/raycluster/test-ns-w74ps_raycluster-historyserver/, error: invalid path segment count for cluster metadata structure: log/cluster-metadata/raycluster/test-ns-w74ps_raycluster-historyserver/"
time="2026-08-06T20:23:43Z" level=info msg="Parsed cluster raycluster-historyserver for session session_2026-08-06_13-19-04_047897_1 to list"
time="2026-08-06T20:23:43Z" level=info msg="Received request: GET /api/v0/tasks?limit=200000"
time="2026-08-06T20:23:43Z" level=info msg="Request URL /api/v0/tasks?limit=200000"
time="2026-08-06T20:23:43Z" level=info msg="Received request: GET /api/v0/tasks?limit=200000"
time="2026-08-06T20:23:43Z" level=info msg="Request URL /api/v0/tasks?limit=200000"
time="2026-08-06T20:23:43Z" level=info msg="Received request: GET /api/v0/tasks?limit=200000"
time="2026-08-06T20:23:43Z" level=info msg="Request URL /api/v0/tasks?limit=200000"
time="2026-08-06T20:23:43Z" level=info msg="Received request: GET /api/v0/tasks?limit=200000"
time="2026-08-06T20:23:43Z" level=info msg="Request URL /api/v0/tasks?limit=200000"
time="2026-08-06T20:23:43Z" level=info msg="Received request: GET /api/v0/tasks?limit=200000"
time="2026-08-06T20:23:43Z" level=info msg="Request URL /api/v0/tasks?limit=200000"
time="2026-08-06T20:23:43Z" level=info msg="Received request: GET /api/v0/tasks?limit=200000"
time="2026-08-06T20:23:43Z" level=info msg="Request URL /api/v0/tasks?limit=200000"
time="2026-08-06T20:23:43Z" level=info msg="Received request: GET /api/v0/tasks?limit=200000"
time="2026-08-06T20:23:43Z" level=info msg="Request URL /api/v0/tasks?limit=200000"
time="2026-08-06T20:23:43Z" level=info msg="Received request: GET /api/v0/tasks?limit=200000"
time="2026-08-06T20:23:43Z" level=info msg="Request URL /api/v0/tasks?limit=200000"
time="2026-08-06T20:23:43Z" level=info msg="Received request: GET /api/v0/tasks?limit=200000"
time="2026-08-06T20:23:43Z" level=info msg="Request URL /api/v0/tasks?limit=200000"
time="2026-08-06T20:23:43Z" level=info msg="Received request: GET /api/v0/tasks?limit=200000"
time="2026-08-06T20:23:43Z" level=info msg="Request URL /api/v0/tasks?limit=200000"
time="2026-08-06T20:23:43Z" level=info msg="Received request: GET /api/v0/tasks/summarize"
time="2026-08-06T20:23:43Z" level=info msg="Request URL /api/v0/tasks/summarize"
gc 30 @122.657s 1%: 0.20+443+0.10 ms clock, 0.83+0/402/784+0.43 ms cpu, 988->1058->536 MB, 1144 MB goal, 0 MB stacks, 0 MB globals, 4 P
time="2026-08-06T20:23:45Z" level=info msg="Received request: GET /api/v0/tasks/summarize"
time="2026-08-06T20:23:45Z" level=info msg="Request URL /api/v0/tasks/summarize"
gc 31 @124.537s 1%: 0.17+1000+0.096 ms clock, 0.69+0/937/733+0.38 ms cpu, 953->1023->519 MB, 1073 MB goal, 0 MB stacks, 0 MB globals, 4 P
gc 32 @125.777s 1%: 0.16+453+0.14 ms clock, 0.65+0/452/902+0.57 ms cpu, 898->898->613 MB, 1039 MB goal, 0 MB stacks, 0 MB globals, 4 P
time="2026-08-06T20:23:48Z" level=info msg="Received request: GET /api/v0/tasks/summarize"
time="2026-08-06T20:23:48Z" level=info msg="Request URL /api/v0/tasks/summarize"
gc 33 @127.620s 1%: 0.18+787+0.093 ms clock, 0.75+0/525/1051+0.37 ms cpu, 1052->1143->613 MB, 1228 MB goal, 0 MB stacks, 0 MB globals, 4 P
time="2026-08-06T20:23:50Z" level=info msg="Received request: GET /api/v0/tasks/summarize"
time="2026-08-06T20:23:50Z" level=info msg="Request URL /api/v0/tasks/summarize"
gc 34 @129.794s 2%: 0.19+418+0.18 ms clock, 0.78+0/418/833+0.73 ms cpu, 1052->1143->672 MB, 1228 MB goal, 0 MB stacks, 0 MB globals, 4 P
time="2026-08-06T20:23:52Z" level=info msg="Received request: GET /api/v0/tasks/summarize"
time="2026-08-06T20:23:52Z" level=info msg="Request URL /api/v0/tasks/summarize"
gc 35 @131.670s 2%: 0.19+441+0.11 ms clock, 0.79+0/440/878+0.44 ms cpu, 1202->1202->613 MB, 1345 MB goal, 0 MB stacks, 0 MB globals, 4 P
time="2026-08-06T20:23:54Z" level=info msg="Received request: GET /api/v0/tasks/summarize"
time="2026-08-06T20:23:54Z" level=info msg="Request URL /api/v0/tasks/summarize"
gc 36 @133.531s 2%: 0.18+405+0.15 ms clock, 0.72+0/405/807+0.60 ms cpu, 1052->1143->672 MB, 1228 MB goal, 0 MB stacks, 0 MB globals, 4 P
time="2026-08-06T20:23:56Z" level=info msg="Received request: GET /api/v0/tasks/summarize"
time="2026-08-06T20:23:56Z" level=info msg="Request URL /api/v0/tasks/summarize"
gc 37 @135.390s 2%: 0.17+425+0.094 ms clock, 0.70+0/425/847+0.37 ms cpu, 1202->1202->613 MB, 1345 MB goal, 0 MB stacks, 0 MB globals, 4 P
time="2026-08-06T20:23:58Z" level=info msg="Received request: GET /api/v0/tasks/summarize"
time="2026-08-06T20:23:58Z" level=info msg="Request URL /api/v0/tasks/summarize"
gc 38 @137.192s 2%: 0.21+802+0.091 ms clock, 0.85+0/432/863+0.36 ms cpu, 1052->1143->672 MB, 1228 MB goal, 0 MB stacks, 0 MB globals, 4 P
time="2026-08-06T20:24:00Z" level=info msg="Received request: GET /api/v0/tasks/summarize"
time="2026-08-06T20:24:00Z" level=info msg="Request URL /api/v0/tasks/summarize"
gc 39 @139.391s 2%: 0.17+430+0.069 ms clock, 0.69+0/429/856+0.27 ms cpu, 1202->1202->613 MB, 1345 MB goal, 0 MB stacks, 0 MB globals, 4 P
time="2026-08-06T20:24:02Z" level=info msg="Received request: GET /api/v0/tasks/summarize"
time="2026-08-06T20:24:02Z" level=info msg="Request URL /api/v0/tasks/summarize"
gc 40 @141.154s 2%: 0.15+847+0.090 ms clock, 0.60+0/447/893+0.36 ms cpu, 1052->1143->672 MB, 1228 MB goal, 0 MB stacks, 0 MB globals, 4 P
time="2026-08-06T20:24:04Z" level=info msg="Received request: GET /api/jobs/"
time="2026-08-06T20:24:04Z" level=info msg="Request URL /api/jobs/"
time="2026-08-06T20:24:04Z" level=info msg="Received request: GET /api/jobs/"
time="2026-08-06T20:24:04Z" level=info msg="Request URL /api/jobs/"
time="2026-08-06T20:24:04Z" level=info msg="Received request: GET /api/jobs/"
time="2026-08-06T20:24:04Z" level=info msg="Request URL /api/jobs/"
time="2026-08-06T20:24:04Z" level=info msg="Received request: GET /api/jobs/"
time="2026-08-06T20:24:04Z" level=info msg="Request URL /api/jobs/"
time="2026-08-06T20:24:04Z" level=info msg="Received request: GET /api/jobs/"
time="2026-08-06T20:24:04Z" level=info msg="Request URL /api/jobs/"
time="2026-08-06T20:24:04Z" level=info msg="Received request: GET /api/jobs/"
time="2026-08-06T20:24:04Z" level=info msg="Request URL /api/jobs/"
time="2026-08-06T20:24:05Z" level=info msg="Received request: GET /api/jobs/"
time="2026-08-06T20:24:05Z" level=info msg="Request URL /api/jobs/"
gc 41 @143.338s 2%: 0.34+961+0.064 ms clock, 1.3+0/499/1055+0.25 ms cpu, 1158->1239->530 MB, 1345 MB goal, 0 MB stacks, 0 MB globals, 4 P
time="2026-08-06T20:24:05Z" level=info msg="Received request: GET /api/jobs/"
time="2026-08-06T20:24:05Z" level=info msg="Request URL /api/jobs/"
time="2026-08-06T20:24:05Z" level=info msg="Received request: GET /api/jobs/"
time="2026-08-06T20:24:05Z" level=info msg="Request URL /api/jobs/"
time="2026-08-06T20:24:05Z" level=info msg="Received request: GET /api/jobs/"
time="2026-08-06T20:24:05Z" level=info msg="Request URL /api/jobs/"
time="2026-08-06T20:24:05Z" level=info msg="Request URL /nodes?view=summary"
time="2026-08-06T20:24:05Z" level=info msg="Request URL /nodes?view=summary"
gc 42 @144.478s 2%: 0.22+448+0.045 ms clock, 0.90+0/280/551+0.18 ms cpu, 935->935->449 MB, 1061 MB goal, 0 MB stacks, 0 MB globals, 4 P
time="2026-08-06T20:24:06Z" level=info msg="Request URL /nodes?view=summary"
time="2026-08-06T20:24:06Z" level=info msg="Request URL /nodes?view=summary"
time="2026-08-06T20:24:06Z" level=info msg="Request URL /nodes?view=summary"
time="2026-08-06T20:24:06Z" level=info msg="Request URL /nodes?view=summary"
time="2026-08-06T20:24:06Z" level=info msg="Request URL /nodes?view=summary"
gc 43 @145.054s 2%: 0.32+987+0.13 ms clock, 1.2+0/274/534+0.53 ms cpu, 773->854->530 MB, 899 MB goal, 0 MB stacks, 0 MB globals, 4 P
time="2026-08-06T20:24:07Z" level=info msg="Request URL /nodes?view=summary"
time="2026-08-06T20:24:07Z" level=info msg="Request URL /nodes?view=summary"
time="2026-08-06T20:24:07Z" level=info msg="Request URL /nodes?view=summary"
time="2026-08-06T20:24:07Z" level=info msg="Request URL /events"
time="2026-08-06T20:24:07Z" level=info msg="Request URL /events"
time="2026-08-06T20:24:07Z" level=info msg="Request URL /events"
time="2026-08-06T20:24:08Z" level=info msg="Request URL /events"
time="2026-08-06T20:24:08Z" level=info msg="Request URL /events"
gc 44 @146.221s 2%: 0.36+1520+0.048 ms clock, 1.4+2.3/491/1058+0.19 ms cpu, 935->1097->611 MB, 1061 MB goal, 0 MB stacks, 0 MB globals, 4 P
time="2026-08-06T20:24:08Z" level=info msg="Request URL /events"
time="2026-08-06T20:24:09Z" level=info msg="Request URL /events"
time="2026-08-06T20:24:09Z" level=info msg="Request URL /events"
time="2026-08-06T20:24:09Z" level=info msg="Request URL /events"
time="2026-08-06T20:24:09Z" level=info msg="Request URL /events"
