gc 1 @0.138s 4%: 2.5+15+0.95 ms clock, 10+5.7/10/21+3.8 ms cpu, 3->3->2 MB, 4 MB goal, 0 MB stacks, 0 MB globals, 4 P
gc 2 @0.267s 2%: 0.13+2.5+0.099 ms clock, 0.55+0.24/2.1/4.1+0.39 ms cpu, 4->4->3 MB, 4 MB goal, 0 MB stacks, 0 MB globals, 4 P
gc 3 @0.373s 2%: 0.14+4.5+1.1 ms clock, 0.57+0.21/3.0/5.8+4.6 ms cpu, 7->7->5 MB, 7 MB goal, 0 MB stacks, 0 MB globals, 4 P
time="2026-08-06T20:14:34Z" level=info msg="create client manager successfully, clients: 1"
time="2026-08-06T20:14:34Z" level=info msg="Begin to create s3 client ..."
time="2026-08-06T20:14:34Z" level=info msg="Checking if bucket ray-historyserver exists..."
time="2026-08-06T20:14:34Z" level=info msg="Bucket ray-historyserver already exists"
time="2026-08-06T20:14:34Z" level=info msg="Clean logdir is logs"
time="2026-08-06T20:14:34Z" level=info msg="Starting server on :8080"
time="2026-08-06T20:14:35Z" level=info msg="Received request: GET /readz"
time="2026-08-06T20:14:35Z" level=info msg="live clusters: []"
time="2026-08-06T20:14:35Z" level=info msg="[List]Returned objects in log/cluster-metadata/. length of page.Contents: 2, length of page.CommonPrefixes: 0"
time="2026-08-06T20:14:35Z" level=error msg="Failed to parse meta file path: log/cluster-metadata/raycluster/test-ns-s69r6_raycluster-historyserver/, error: invalid path segment count for cluster metadata structure: log/cluster-metadata/raycluster/test-ns-s69r6_raycluster-historyserver/"
time="2026-08-06T20:14:35Z" level=info msg="Parsed cluster raycluster-historyserver for session session_2026-08-06_13-12-48_505869_1 to list"
time="2026-08-06T20:14:35Z" level=info msg="live clusters: []"
time="2026-08-06T20:14:35Z" level=info msg="[List]Returned objects in log/cluster-metadata/. length of page.Contents: 2, length of page.CommonPrefixes: 0"
time="2026-08-06T20:14:35Z" level=error msg="Failed to parse meta file path: log/cluster-metadata/raycluster/test-ns-s69r6_raycluster-historyserver/, error: invalid path segment count for cluster metadata structure: log/cluster-metadata/raycluster/test-ns-s69r6_raycluster-historyserver/"
time="2026-08-06T20:14:35Z" level=info msg="Parsed cluster raycluster-historyserver for session session_2026-08-06_13-12-48_505869_1 to list"
gc 4 @1.632s 0%: 0.14+8.9+0.50 ms clock, 0.56+0.69/6.4/8.1+2.0 ms cpu, 10->10->6 MB, 10 MB goal, 0 MB stacks, 0 MB globals, 4 P
time="2026-08-06T20:14:35Z" level=info msg="live clusters: []"
time="2026-08-06T20:14:35Z" level=info msg="[List]Returned objects in log/cluster-metadata/. length of page.Contents: 2, length of page.CommonPrefixes: 0"
time="2026-08-06T20:14:35Z" level=error msg="Failed to parse meta file path: log/cluster-metadata/raycluster/test-ns-s69r6_raycluster-historyserver/, error: invalid path segment count for cluster metadata structure: log/cluster-metadata/raycluster/test-ns-s69r6_raycluster-historyserver/"
time="2026-08-06T20:14:35Z" level=info msg="Parsed cluster raycluster-historyserver for session session_2026-08-06_13-12-48_505869_1 to list"
time="2026-08-06T20:14:35Z" level=info msg="live clusters: []"
time="2026-08-06T20:14:35Z" level=info msg="[List]Returned objects in log/cluster-metadata/. length of page.Contents: 2, length of page.CommonPrefixes: 0"
time="2026-08-06T20:14:35Z" level=error msg="Failed to parse meta file path: log/cluster-metadata/raycluster/test-ns-s69r6_raycluster-historyserver/, error: invalid path segment count for cluster metadata structure: log/cluster-metadata/raycluster/test-ns-s69r6_raycluster-historyserver/"
time="2026-08-06T20:14:35Z" level=info msg="Parsed cluster raycluster-historyserver for session session_2026-08-06_13-12-48_505869_1 to list"
time="2026-08-06T20:14:35Z" level=info msg="live clusters: []"
time="2026-08-06T20:14:35Z" level=info msg="[List]Returned objects in log/cluster-metadata/. length of page.Contents: 2, length of page.CommonPrefixes: 0"
time="2026-08-06T20:14:35Z" level=error msg="Failed to parse meta file path: log/cluster-metadata/raycluster/test-ns-s69r6_raycluster-historyserver/, error: invalid path segment count for cluster metadata structure: log/cluster-metadata/raycluster/test-ns-s69r6_raycluster-historyserver/"
time="2026-08-06T20:14:35Z" level=info msg="Parsed cluster raycluster-historyserver for session session_2026-08-06_13-12-48_505869_1 to list"
time="2026-08-06T20:14:35Z" level=info msg="Received request: GET /enter_cluster/test-ns-s69r6/raycluster/raycluster-historyserver/session_2026-08-06_13-12-48_505869_1"
time="2026-08-06T20:14:35Z" level=info msg="[List]Returned objects in log/cluster-metadata/. length of page.Contents: 2, length of page.CommonPrefixes: 0"
time="2026-08-06T20:14:35Z" level=error msg="Failed to parse meta file path: log/cluster-metadata/raycluster/test-ns-s69r6_raycluster-historyserver/, error: invalid path segment count for cluster metadata structure: log/cluster-metadata/raycluster/test-ns-s69r6_raycluster-historyserver/"
time="2026-08-06T20:14:35Z" level=info msg="Parsed cluster raycluster-historyserver for session session_2026-08-06_13-12-48_505869_1 to list"
time="2026-08-06T20:14:35Z" level=info msg="[ListFiles]Returned objects in log/cluster-history/raycluster/test-ns-s69r6/raycluster-historyserver/session_2026-08-06_13-12-48_505869_1/. length of page.Contents: 0, length of page.CommonPrefixes: 3"
time="2026-08-06T20:14:35Z" level=info msg="[ListFiles]Returned objects in log/cluster-history/raycluster/test-ns-s69r6/raycluster-historyserver/session_2026-08-06_13-12-48_505869_1/3a1c52f3447c4278359b2116f4362812488ffece4d112ace427caf0e/logs/events/. length of page.Contents: 11, length of page.CommonPrefixes: 0"
time="2026-08-06T20:14:35Z" level=info msg="Prepare to get object log/cluster-history/raycluster/test-ns-s69r6/raycluster-historyserver/session_2026-08-06_13-12-48_505869_1/3a1c52f3447c4278359b2116f4362812488ffece4d112ace427caf0e/logs/events/event_AUTOSCALER.log info ..."
time="2026-08-06T20:14:35Z" level=info msg="Prepare to get object log/cluster-history/raycluster/test-ns-s69r6/raycluster-historyserver/session_2026-08-06_13-12-48_505869_1/3a1c52f3447c4278359b2116f4362812488ffece4d112ace427caf0e/logs/events/event_CORE_WORKER_1015.log info ..."
time="2026-08-06T20:14:35Z" level=info msg="Prepare to get object log/cluster-history/raycluster/test-ns-s69r6/raycluster-historyserver/session_2026-08-06_13-12-48_505869_1/3a1c52f3447c4278359b2116f4362812488ffece4d112ace427caf0e/logs/events/event_CORE_WORKER_1173.log info ..."
time="2026-08-06T20:14:35Z" level=info msg="Prepare to get object log/cluster-history/raycluster/test-ns-s69r6/raycluster-historyserver/session_2026-08-06_13-12-48_505869_1/3a1c52f3447c4278359b2116f4362812488ffece4d112ace427caf0e/logs/events/event_CORE_WORKER_199.log info ..."
time="2026-08-06T20:14:35Z" level=info msg="Prepare to get object log/cluster-history/raycluster/test-ns-s69r6/raycluster-historyserver/session_2026-08-06_13-12-48_505869_1/3a1c52f3447c4278359b2116f4362812488ffece4d112ace427caf0e/logs/events/event_CORE_WORKER_204.log info ..."
time="2026-08-06T20:14:35Z" level=info msg="Prepare to get object log/cluster-history/raycluster/test-ns-s69r6/raycluster-historyserver/session_2026-08-06_13-12-48_505869_1/3a1c52f3447c4278359b2116f4362812488ffece4d112ace427caf0e/logs/events/event_CORE_WORKER_704.log info ..."
time="2026-08-06T20:14:35Z" level=info msg="Prepare to get object log/cluster-history/raycluster/test-ns-s69r6/raycluster-historyserver/session_2026-08-06_13-12-48_505869_1/3a1c52f3447c4278359b2116f4362812488ffece4d112ace427caf0e/logs/events/event_CORE_WORKER_959.log info ..."
time="2026-08-06T20:14:35Z" level=info msg="Prepare to get object log/cluster-history/raycluster/test-ns-s69r6/raycluster-historyserver/session_2026-08-06_13-12-48_505869_1/3a1c52f3447c4278359b2116f4362812488ffece4d112ace427caf0e/logs/events/event_GCS.log info ..."
time="2026-08-06T20:14:35Z" level=info msg="Prepare to get object log/cluster-history/raycluster/test-ns-s69r6/raycluster-historyserver/session_2026-08-06_13-12-48_505869_1/3a1c52f3447c4278359b2116f4362812488ffece4d112ace427caf0e/logs/events/event_JOBS.log info ..."
time="2026-08-06T20:14:35Z" level=info msg="Prepare to get object log/cluster-history/raycluster/test-ns-s69r6/raycluster-historyserver/session_2026-08-06_13-12-48_505869_1/3a1c52f3447c4278359b2116f4362812488ffece4d112ace427caf0e/logs/events/event_RAYLET.log info ..."
time="2026-08-06T20:14:35Z" level=info msg="[ListFiles]Returned objects in log/cluster-history/raycluster/test-ns-s69r6/raycluster-historyserver/session_2026-08-06_13-12-48_505869_1/3b6f3a666cd1b53e2efa8b0360f50ac88746cf15750b8ababa44b21e/logs/events/. length of page.Contents: 13, length of page.CommonPrefixes: 0"
time="2026-08-06T20:14:35Z" level=info msg="Prepare to get object log/cluster-history/raycluster/test-ns-s69r6/raycluster-historyserver/session_2026-08-06_13-12-48_505869_1/3b6f3a666cd1b53e2efa8b0360f50ac88746cf15750b8ababa44b21e/logs/events/event_CORE_WORKER_236.log info ..."
time="2026-08-06T20:14:35Z" level=info msg="Prepare to get object log/cluster-history/raycluster/test-ns-s69r6/raycluster-historyserver/session_2026-08-06_13-12-48_505869_1/3b6f3a666cd1b53e2efa8b0360f50ac88746cf15750b8ababa44b21e/logs/events/event_CORE_WORKER_237.log info ..."
time="2026-08-06T20:14:35Z" level=info msg="Prepare to get object log/cluster-history/raycluster/test-ns-s69r6/raycluster-historyserver/session_2026-08-06_13-12-48_505869_1/3b6f3a666cd1b53e2efa8b0360f50ac88746cf15750b8ababa44b21e/logs/events/event_CORE_WORKER_322.log info ..."
time="2026-08-06T20:14:35Z" level=info msg="Prepare to get object log/cluster-history/raycluster/test-ns-s69r6/raycluster-historyserver/session_2026-08-06_13-12-48_505869_1/3b6f3a666cd1b53e2efa8b0360f50ac88746cf15750b8ababa44b21e/logs/events/event_CORE_WORKER_327.log info ..."
time="2026-08-06T20:14:35Z" level=info msg="Prepare to get object log/cluster-history/raycluster/test-ns-s69r6/raycluster-historyserver/session_2026-08-06_13-12-48_505869_1/3b6f3a666cd1b53e2efa8b0360f50ac88746cf15750b8ababa44b21e/logs/events/event_CORE_WORKER_404.log info ..."
time="2026-08-06T20:14:35Z" level=info msg="Prepare to get object log/cluster-history/raycluster/test-ns-s69r6/raycluster-historyserver/session_2026-08-06_13-12-48_505869_1/3b6f3a666cd1b53e2efa8b0360f50ac88746cf15750b8ababa44b21e/logs/events/event_CORE_WORKER_419.log info ..."
time="2026-08-06T20:14:35Z" level=info msg="Prepare to get object log/cluster-history/raycluster/test-ns-s69r6/raycluster-historyserver/session_2026-08-06_13-12-48_505869_1/3b6f3a666cd1b53e2efa8b0360f50ac88746cf15750b8ababa44b21e/logs/events/event_CORE_WORKER_493.log info ..."
time="2026-08-06T20:14:35Z" level=info msg="Prepare to get object log/cluster-history/raycluster/test-ns-s69r6/raycluster-historyserver/session_2026-08-06_13-12-48_505869_1/3b6f3a666cd1b53e2efa8b0360f50ac88746cf15750b8ababa44b21e/logs/events/event_CORE_WORKER_513.log info ..."
time="2026-08-06T20:14:35Z" level=info msg="Prepare to get object log/cluster-history/raycluster/test-ns-s69r6/raycluster-historyserver/session_2026-08-06_13-12-48_505869_1/3b6f3a666cd1b53e2efa8b0360f50ac88746cf15750b8ababa44b21e/logs/events/event_CORE_WORKER_591.log info ..."
time="2026-08-06T20:14:35Z" level=info msg="Prepare to get object log/cluster-history/raycluster/test-ns-s69r6/raycluster-historyserver/session_2026-08-06_13-12-48_505869_1/3b6f3a666cd1b53e2efa8b0360f50ac88746cf15750b8ababa44b21e/logs/events/event_CORE_WORKER_609.log info ..."
time="2026-08-06T20:14:35Z" level=info msg="Prepare to get object log/cluster-history/raycluster/test-ns-s69r6/raycluster-historyserver/session_2026-08-06_13-12-48_505869_1/3b6f3a666cd1b53e2efa8b0360f50ac88746cf15750b8ababa44b21e/logs/events/event_CORE_WORKER_658.log info ..."
time="2026-08-06T20:14:35Z" level=info msg="Prepare to get object log/cluster-history/raycluster/test-ns-s69r6/raycluster-historyserver/session_2026-08-06_13-12-48_505869_1/3b6f3a666cd1b53e2efa8b0360f50ac88746cf15750b8ababa44b21e/logs/events/event_RAYLET.log info ..."
time="2026-08-06T20:14:35Z" level=info msg="[ListFiles]Returned objects in log/cluster-history/raycluster/test-ns-s69r6/raycluster-historyserver/session_2026-08-06_13-12-48_505869_1/fetched_endpoints/logs/events/. length of page.Contents: 0, length of page.CommonPrefixes: 0"
time="2026-08-06T20:14:35Z" level=info msg="[ListFiles]Returned objects in log/cluster-history/raycluster/test-ns-s69r6/raycluster-historyserver/session_2026-08-06_13-12-48_505869_1/. length of page.Contents: 0, length of page.CommonPrefixes: 3"
time="2026-08-06T20:14:35Z" level=info msg="[ListFiles]Returned objects in log/cluster-history/raycluster/test-ns-s69r6/raycluster-historyserver/session_2026-08-06_13-12-48_505869_1/3a1c52f3447c4278359b2116f4362812488ffece4d112ace427caf0e/job_events/. length of page.Contents: 0, length of page.CommonPrefixes: 4"
time="2026-08-06T20:14:35Z" level=info msg="[ListFiles]Returned objects in log/cluster-history/raycluster/test-ns-s69r6/raycluster-historyserver/session_2026-08-06_13-12-48_505869_1/3a1c52f3447c4278359b2116f4362812488ffece4d112ace427caf0e/job_events/01000000/. length of page.Contents: 2, length of page.CommonPrefixes: 0"
time="2026-08-06T20:14:35Z" level=info msg="[ListFiles]Returned objects in log/cluster-history/raycluster/test-ns-s69r6/raycluster-historyserver/session_2026-08-06_13-12-48_505869_1/3a1c52f3447c4278359b2116f4362812488ffece4d112ace427caf0e/job_events/02000000/. length of page.Contents: 2, length of page.CommonPrefixes: 0"
time="2026-08-06T20:14:35Z" level=info msg="[ListFiles]Returned objects in log/cluster-history/raycluster/test-ns-s69r6/raycluster-historyserver/session_2026-08-06_13-12-48_505869_1/3a1c52f3447c4278359b2116f4362812488ffece4d112ace427caf0e/job_events/03000000/. length of page.Contents: 3, length of page.CommonPrefixes: 0"
time="2026-08-06T20:14:35Z" level=info msg="[ListFiles]Returned objects in log/cluster-history/raycluster/test-ns-s69r6/raycluster-historyserver/session_2026-08-06_13-12-48_505869_1/3a1c52f3447c4278359b2116f4362812488ffece4d112ace427caf0e/job_events/04000000/. length of page.Contents: 2, length of page.CommonPrefixes: 0"
time="2026-08-06T20:14:35Z" level=info msg="[ListFiles]Returned objects in log/cluster-history/raycluster/test-ns-s69r6/raycluster-historyserver/session_2026-08-06_13-12-48_505869_1/3b6f3a666cd1b53e2efa8b0360f50ac88746cf15750b8ababa44b21e/job_events/. length of page.Contents: 0, length of page.CommonPrefixes: 1"
time="2026-08-06T20:14:35Z" level=info msg="[ListFiles]Returned objects in log/cluster-history/raycluster/test-ns-s69r6/raycluster-historyserver/session_2026-08-06_13-12-48_505869_1/3b6f3a666cd1b53e2efa8b0360f50ac88746cf15750b8ababa44b21e/job_events/03000000/. length of page.Contents: 3, length of page.CommonPrefixes: 0"
time="2026-08-06T20:14:35Z" level=info msg="[ListFiles]Returned objects in log/cluster-history/raycluster/test-ns-s69r6/raycluster-historyserver/session_2026-08-06_13-12-48_505869_1/fetched_endpoints/job_events/. length of page.Contents: 0, length of page.CommonPrefixes: 0"
time="2026-08-06T20:14:35Z" level=info msg="[ListFiles]Returned objects in log/cluster-history/raycluster/test-ns-s69r6/raycluster-historyserver/session_2026-08-06_13-12-48_505869_1/. length of page.Contents: 0, length of page.CommonPrefixes: 3"
time="2026-08-06T20:14:35Z" level=info msg="[ListFiles]Returned objects in log/cluster-history/raycluster/test-ns-s69r6/raycluster-historyserver/session_2026-08-06_13-12-48_505869_1/3a1c52f3447c4278359b2116f4362812488ffece4d112ace427caf0e/node_events/. length of page.Contents: 2, length of page.CommonPrefixes: 0"
time="2026-08-06T20:14:35Z" level=info msg="[ListFiles]Returned objects in log/cluster-history/raycluster/test-ns-s69r6/raycluster-historyserver/session_2026-08-06_13-12-48_505869_1/3b6f3a666cd1b53e2efa8b0360f50ac88746cf15750b8ababa44b21e/node_events/. length of page.Contents: 0, length of page.CommonPrefixes: 0"
time="2026-08-06T20:14:35Z" level=info msg="[ListFiles]Returned objects in log/cluster-history/raycluster/test-ns-s69r6/raycluster-historyserver/session_2026-08-06_13-12-48_505869_1/fetched_endpoints/node_events/. length of page.Contents: 0, length of page.CommonPrefixes: 0"
time="2026-08-06T20:14:35Z" level=info msg="Prepare to get object log/cluster-history/raycluster/test-ns-s69r6/raycluster-historyserver/session_2026-08-06_13-12-48_505869_1/3a1c52f3447c4278359b2116f4362812488ffece4d112ace427caf0e/job_events/01000000/3a1c52f3447c4278359b2116f4362812488ffece4d112ace427caf0e-2026-08-06-20-1786047173835111092.jsonl info ..."
time="2026-08-06T20:14:35Z" level=info msg="Prepare to get object log/cluster-history/raycluster/test-ns-s69r6/raycluster-historyserver/session_2026-08-06_13-12-48_505869_1/3a1c52f3447c4278359b2116f4362812488ffece4d112ace427caf0e/job_events/02000000/3a1c52f3447c4278359b2116f4362812488ffece4d112ace427caf0e-2026-08-06-20-1786047191983807211.jsonl info ..."
time="2026-08-06T20:14:35Z" level=info msg="Prepare to get object log/cluster-history/raycluster/test-ns-s69r6/raycluster-historyserver/session_2026-08-06_13-12-48_505869_1/3a1c52f3447c4278359b2116f4362812488ffece4d112ace427caf0e/job_events/03000000/3a1c52f3447c4278359b2116f4362812488ffece4d112ace427caf0e-2026-08-06-20-1786047191984556628.jsonl info ..."
gc 5 @1.751s 0%: 0.15+4.6+0.037 ms clock, 0.63+0.98/4.4/8.1+0.15 ms cpu, 13->13->8 MB, 14 MB goal, 0 MB stacks, 0 MB globals, 4 P
gc 6 @1.762s 0%: 0.13+5.7+0.054 ms clock, 0.55+1.1/4.5/9.6+0.21 ms cpu, 19->19->19 MB, 19 MB goal, 0 MB stacks, 0 MB globals, 4 P
gc 7 @1.782s 0%: 0.16+10+0.032 ms clock, 0.64+0/5.3/13+0.13 ms cpu, 48->48->48 MB, 48 MB goal, 0 MB stacks, 0 MB globals, 4 P
gc 8 @1.815s 0%: 0.14+15+0.060 ms clock, 0.57+0/6.4/19+0.24 ms cpu, 100->100->100 MB, 100 MB goal, 0 MB stacks, 0 MB globals, 4 P
gc 9 @1.871s 1%: 0.54+52+0.85 ms clock, 2.1+0.67/5.2/55+3.4 ms cpu, 276->282->141 MB, 276 MB goal, 0 MB stacks, 0 MB globals, 4 P
gc 10 @1.976s 1%: 0.15+15+0.043 ms clock, 0.60+0.014/6.5/15+0.17 ms cpu, 276->276->276 MB, 283 MB goal, 0 MB stacks, 0 MB globals, 4 P
gc 11 @4.204s 1%: 0.13+86+0.10 ms clock, 0.53+0.082/85/170+0.43 ms cpu, 541->545->244 MB, 553 MB goal, 0 MB stacks, 0 MB globals, 4 P
gc 12 @7.048s 1%: 0.15+199+0.35 ms clock, 0.62+0.094/197/393+1.4 ms cpu, 416->423->381 MB, 488 MB goal, 0 MB stacks, 0 MB globals, 4 P
gc 13 @11.565s 1%: 0.16+333+0.089 ms clock, 0.64+0.099/333/662+0.35 ms cpu, 650->664->597 MB, 764 MB goal, 0 MB stacks, 0 MB globals, 4 P
gc 14 @20.756s 1%: 0.15+457+0.068 ms clock, 0.63+0.093/457/926+0.27 ms cpu, 1018->1029->611 MB, 1195 MB goal, 0 MB stacks, 0 MB globals, 4 P
time="2026-08-06T20:15:03Z" level=info msg="Prepare to get object log/cluster-history/raycluster/test-ns-s69r6/raycluster-historyserver/session_2026-08-06_13-12-48_505869_1/3a1c52f3447c4278359b2116f4362812488ffece4d112ace427caf0e/job_events/03000000/3a1c52f3447c4278359b2116f4362812488ffece4d112ace427caf0e-2026-08-06-20-1786047234323222759.jsonl info ..."
gc 15 @30.260s 1%: 0.16+108+0.048 ms clock, 0.65+96/99/206+0.19 ms cpu, 1061->1061->184 MB, 1223 MB goal, 0 MB stacks, 0 MB globals, 4 P
gc 16 @30.518s 1%: 0.12+131+0.082 ms clock, 0.48+0/117/243+0.32 ms cpu, 336->341->215 MB, 369 MB goal, 0 MB stacks, 0 MB globals, 4 P
gc 17 @33.935s 1%: 0.24+234+0.084 ms clock, 0.96+0.10/234/485+0.33 ms cpu, 418->427->334 MB, 432 MB goal, 0 MB stacks, 0 MB globals, 4 P
time="2026-08-06T20:15:13Z" level=info msg="Prepare to get object log/cluster-history/raycluster/test-ns-s69r6/raycluster-historyserver/session_2026-08-06_13-12-48_505869_1/3a1c52f3447c4278359b2116f4362812488ffece4d112ace427caf0e/job_events/04000000/3a1c52f3447c4278359b2116f4362812488ffece4d112ace427caf0e-2026-08-06-20-1786047207925788635.jsonl info ..."
time="2026-08-06T20:15:13Z" level=info msg="Prepare to get object log/cluster-history/raycluster/test-ns-s69r6/raycluster-historyserver/session_2026-08-06_13-12-48_505869_1/3b6f3a666cd1b53e2efa8b0360f50ac88746cf15750b8ababa44b21e/job_events/03000000/3b6f3a666cd1b53e2efa8b0360f50ac88746cf15750b8ababa44b21e-2026-08-06-20-1786047193937541545.jsonl info ..."
gc 18 @40.279s 1%: 0.18+137+0.050 ms clock, 0.73+121/136/278+0.20 ms cpu, 644->644->201 MB, 670 MB goal, 0 MB stacks, 0 MB globals, 4 P
gc 19 @40.493s 1%: 0.12+155+0.048 ms clock, 0.49+91/144/300+0.19 ms cpu, 423->465->465 MB, 423 MB goal, 0 MB stacks, 0 MB globals, 4 P
gc 20 @42.621s 1%: 0.16+239+0.084 ms clock, 0.65+0.078/239/477+0.33 ms cpu, 793->802->369 MB, 931 MB goal, 0 MB stacks, 0 MB globals, 4 P
gc 21 @47.388s 1%: 0.16+374+0.084 ms clock, 0.66+1.9/374/747+0.33 ms cpu, 628->643->571 MB, 738 MB goal, 0 MB stacks, 0 MB globals, 4 P
time="2026-08-06T20:15:26Z" level=error msg="Failed to store events for file session_2026-08-06_13-12-48_505869_1/3b6f3a666cd1b53e2efa8b0360f50ac88746cf15750b8ababa44b21e/job_events/03000000/3b6f3a666cd1b53e2efa8b0360f50ac88746cf15750b8ababa44b21e-2026-08-06-20-1786047193937541545.jsonl: TASK_LIFECYCLE_EVENT must have at least one state transition"
time="2026-08-06T20:15:26Z" level=error msg="Failed to store events for file session_2026-08-06_13-12-48_505869_1/3b6f3a666cd1b53e2efa8b0360f50ac88746cf15750b8ababa44b21e/job_events/03000000/3b6f3a666cd1b53e2efa8b0360f50ac88746cf15750b8ababa44b21e-2026-08-06-20-1786047193937541545.jsonl: TASK_LIFECYCLE_EVENT must have at least one state transition"
time="2026-08-06T20:15:26Z" level=error msg="Failed to store events for file session_2026-08-06_13-12-48_505869_1/3b6f3a666cd1b53e2efa8b0360f50ac88746cf15750b8ababa44b21e/job_events/03000000/3b6f3a666cd1b53e2efa8b0360f50ac88746cf15750b8ababa44b21e-2026-08-06-20-1786047193937541545.jsonl: TASK_LIFECYCLE_EVENT must have at least one state transition"
time="2026-08-06T20:15:27Z" level=error msg="Failed to store events for file session_2026-08-06_13-12-48_505869_1/3b6f3a666cd1b53e2efa8b0360f50ac88746cf15750b8ababa44b21e/job_events/03000000/3b6f3a666cd1b53e2efa8b0360f50ac88746cf15750b8ababa44b21e-2026-08-06-20-1786047193937541545.jsonl: TASK_LIFECYCLE_EVENT must have at least one state transition"
time="2026-08-06T20:15:27Z" level=error msg="Failed to store events for file session_2026-08-06_13-12-48_505869_1/3b6f3a666cd1b53e2efa8b0360f50ac88746cf15750b8ababa44b21e/job_events/03000000/3b6f3a666cd1b53e2efa8b0360f50ac88746cf15750b8ababa44b21e-2026-08-06-20-1786047193937541545.jsonl: TASK_LIFECYCLE_EVENT must have at least one state transition"
time="2026-08-06T20:15:27Z" level=error msg="Failed to store events for file session_2026-08-06_13-12-48_505869_1/3b6f3a666cd1b53e2efa8b0360f50ac88746cf15750b8ababa44b21e/job_events/03000000/3b6f3a666cd1b53e2efa8b0360f50ac88746cf15750b8ababa44b21e-2026-08-06-20-1786047193937541545.jsonl: TASK_LIFECYCLE_EVENT must have at least one state transition"
time="2026-08-06T20:15:27Z" level=error msg="Failed to store events for file session_2026-08-06_13-12-48_505869_1/3b6f3a666cd1b53e2efa8b0360f50ac88746cf15750b8ababa44b21e/job_events/03000000/3b6f3a666cd1b53e2efa8b0360f50ac88746cf15750b8ababa44b21e-2026-08-06-20-1786047193937541545.jsonl: TASK_LIFECYCLE_EVENT must have at least one state transition"
time="2026-08-06T20:15:28Z" level=error msg="Failed to store events for file session_2026-08-06_13-12-48_505869_1/3b6f3a666cd1b53e2efa8b0360f50ac88746cf15750b8ababa44b21e/job_events/03000000/3b6f3a666cd1b53e2efa8b0360f50ac88746cf15750b8ababa44b21e-2026-08-06-20-1786047193937541545.jsonl: TASK_LIFECYCLE_EVENT must have at least one state transition"
time="2026-08-06T20:15:28Z" level=error msg="Failed to store events for file session_2026-08-06_13-12-48_505869_1/3b6f3a666cd1b53e2efa8b0360f50ac88746cf15750b8ababa44b21e/job_events/03000000/3b6f3a666cd1b53e2efa8b0360f50ac88746cf15750b8ababa44b21e-2026-08-06-20-1786047193937541545.jsonl: TASK_LIFECYCLE_EVENT must have at least one state transition"
time="2026-08-06T20:15:28Z" level=error msg="Failed to store events for file session_2026-08-06_13-12-48_505869_1/3b6f3a666cd1b53e2efa8b0360f50ac88746cf15750b8ababa44b21e/job_events/03000000/3b6f3a666cd1b53e2efa8b0360f50ac88746cf15750b8ababa44b21e-2026-08-06-20-1786047193937541545.jsonl: TASK_LIFECYCLE_EVENT must have at least one state transition"
time="2026-08-06T20:15:28Z" level=error msg="Failed to store events for file session_2026-08-06_13-12-48_505869_1/3b6f3a666cd1b53e2efa8b0360f50ac88746cf15750b8ababa44b21e/job_events/03000000/3b6f3a666cd1b53e2efa8b0360f50ac88746cf15750b8ababa44b21e-2026-08-06-20-1786047193937541545.jsonl: TASK_LIFECYCLE_EVENT must have at least one state transition"
time="2026-08-06T20:15:28Z" level=error msg="Failed to store events for file session_2026-08-06_13-12-48_505869_1/3b6f3a666cd1b53e2efa8b0360f50ac88746cf15750b8ababa44b21e/job_events/03000000/3b6f3a666cd1b53e2efa8b0360f50ac88746cf15750b8ababa44b21e-2026-08-06-20-1786047193937541545.jsonl: TASK_LIFECYCLE_EVENT must have at least one state transition"
time="2026-08-06T20:15:29Z" level=error msg="Failed to store events for file session_2026-08-06_13-12-48_505869_1/3b6f3a666cd1b53e2efa8b0360f50ac88746cf15750b8ababa44b21e/job_events/03000000/3b6f3a666cd1b53e2efa8b0360f50ac88746cf15750b8ababa44b21e-2026-08-06-20-1786047193937541545.jsonl: TASK_LIFECYCLE_EVENT must have at least one state transition"
time="2026-08-06T20:15:29Z" level=error msg="Failed to store events for file session_2026-08-06_13-12-48_505869_1/3b6f3a666cd1b53e2efa8b0360f50ac88746cf15750b8ababa44b21e/job_events/03000000/3b6f3a666cd1b53e2efa8b0360f50ac88746cf15750b8ababa44b21e-2026-08-06-20-1786047193937541545.jsonl: TASK_LIFECYCLE_EVENT must have at least one state transition"
time="2026-08-06T20:15:29Z" level=error msg="Failed to store events for file session_2026-08-06_13-12-48_505869_1/3b6f3a666cd1b53e2efa8b0360f50ac88746cf15750b8ababa44b21e/job_events/03000000/3b6f3a666cd1b53e2efa8b0360f50ac88746cf15750b8ababa44b21e-2026-08-06-20-1786047193937541545.jsonl: TASK_LIFECYCLE_EVENT must have at least one state transition"
time="2026-08-06T20:15:29Z" level=error msg="Failed to store events for file session_2026-08-06_13-12-48_505869_1/3b6f3a666cd1b53e2efa8b0360f50ac88746cf15750b8ababa44b21e/job_events/03000000/3b6f3a666cd1b53e2efa8b0360f50ac88746cf15750b8ababa44b21e-2026-08-06-20-1786047193937541545.jsonl: TASK_LIFECYCLE_EVENT must have at least one state transition"
gc 22 @56.006s 1%: 0.18+536+0.079 ms clock, 0.72+0.76/536/1069+0.31 ms cpu, 973->987->643 MB, 1143 MB goal, 0 MB stacks, 0 MB globals, 4 P
time="2026-08-06T20:15:30Z" level=error msg="Failed to store events for file session_2026-08-06_13-12-48_505869_1/3b6f3a666cd1b53e2efa8b0360f50ac88746cf15750b8ababa44b21e/job_events/03000000/3b6f3a666cd1b53e2efa8b0360f50ac88746cf15750b8ababa44b21e-2026-08-06-20-1786047193937541545.jsonl: TASK_LIFECYCLE_EVENT must have at least one state transition"
time="2026-08-06T20:15:30Z" level=error msg="Failed to store events for file session_2026-08-06_13-12-48_505869_1/3b6f3a666cd1b53e2efa8b0360f50ac88746cf15750b8ababa44b21e/job_events/03000000/3b6f3a666cd1b53e2efa8b0360f50ac88746cf15750b8ababa44b21e-2026-08-06-20-1786047193937541545.jsonl: TASK_LIFECYCLE_EVENT must have at least one state transition"
time="2026-08-06T20:15:30Z" level=error msg="Failed to store events for file session_2026-08-06_13-12-48_505869_1/3b6f3a666cd1b53e2efa8b0360f50ac88746cf15750b8ababa44b21e/job_events/03000000/3b6f3a666cd1b53e2efa8b0360f50ac88746cf15750b8ababa44b21e-2026-08-06-20-1786047193937541545.jsonl: TASK_LIFECYCLE_EVENT must have at least one state transition"
time="2026-08-06T20:15:31Z" level=error msg="Failed to store events for file session_2026-08-06_13-12-48_505869_1/3b6f3a666cd1b53e2efa8b0360f50ac88746cf15750b8ababa44b21e/job_events/03000000/3b6f3a666cd1b53e2efa8b0360f50ac88746cf15750b8ababa44b21e-2026-08-06-20-1786047193937541545.jsonl: TASK_LIFECYCLE_EVENT must have at least one state transition"
time="2026-08-06T20:15:31Z" level=error msg="Failed to store events for file session_2026-08-06_13-12-48_505869_1/3b6f3a666cd1b53e2efa8b0360f50ac88746cf15750b8ababa44b21e/job_events/03000000/3b6f3a666cd1b53e2efa8b0360f50ac88746cf15750b8ababa44b21e-2026-08-06-20-1786047193937541545.jsonl: TASK_LIFECYCLE_EVENT must have at least one state transition"
time="2026-08-06T20:15:31Z" level=error msg="Failed to store events for file session_2026-08-06_13-12-48_505869_1/3b6f3a666cd1b53e2efa8b0360f50ac88746cf15750b8ababa44b21e/job_events/03000000/3b6f3a666cd1b53e2efa8b0360f50ac88746cf15750b8ababa44b21e-2026-08-06-20-1786047193937541545.jsonl: TASK_LIFECYCLE_EVENT must have at least one state transition"
time="2026-08-06T20:15:31Z" level=error msg="Failed to store events for file session_2026-08-06_13-12-48_505869_1/3b6f3a666cd1b53e2efa8b0360f50ac88746cf15750b8ababa44b21e/job_events/03000000/3b6f3a666cd1b53e2efa8b0360f50ac88746cf15750b8ababa44b21e-2026-08-06-20-1786047193937541545.jsonl: TASK_LIFECYCLE_EVENT must have at least one state transition"
time="2026-08-06T20:15:32Z" level=error msg="Failed to store events for file session_2026-08-06_13-12-48_505869_1/3b6f3a666cd1b53e2efa8b0360f50ac88746cf15750b8ababa44b21e/job_events/03000000/3b6f3a666cd1b53e2efa8b0360f50ac88746cf15750b8ababa44b21e-2026-08-06-20-1786047193937541545.jsonl: TASK_LIFECYCLE_EVENT must have at least one state transition"
time="2026-08-06T20:15:32Z" level=error msg="Failed to store events for file session_2026-08-06_13-12-48_505869_1/3b6f3a666cd1b53e2efa8b0360f50ac88746cf15750b8ababa44b21e/job_events/03000000/3b6f3a666cd1b53e2efa8b0360f50ac88746cf15750b8ababa44b21e-2026-08-06-20-1786047193937541545.jsonl: TASK_LIFECYCLE_EVENT must have at least one state transition"
time="2026-08-06T20:15:32Z" level=error msg="Failed to store events for file session_2026-08-06_13-12-48_505869_1/3b6f3a666cd1b53e2efa8b0360f50ac88746cf15750b8ababa44b21e/job_events/03000000/3b6f3a666cd1b53e2efa8b0360f50ac88746cf15750b8ababa44b21e-2026-08-06-20-1786047193937541545.jsonl: TASK_LIFECYCLE_EVENT must have at least one state transition"
time="2026-08-06T20:15:33Z" level=error msg="Failed to store events for file session_2026-08-06_13-12-48_505869_1/3b6f3a666cd1b53e2efa8b0360f50ac88746cf15750b8ababa44b21e/job_events/03000000/3b6f3a666cd1b53e2efa8b0360f50ac88746cf15750b8ababa44b21e-2026-08-06-20-1786047193937541545.jsonl: TASK_LIFECYCLE_EVENT must have at least one state transition"
time="2026-08-06T20:15:33Z" level=error msg="Failed to store events for file session_2026-08-06_13-12-48_505869_1/3b6f3a666cd1b53e2efa8b0360f50ac88746cf15750b8ababa44b21e/job_events/03000000/3b6f3a666cd1b53e2efa8b0360f50ac88746cf15750b8ababa44b21e-2026-08-06-20-1786047193937541545.jsonl: TASK_LIFECYCLE_EVENT must have at least one state transition"
time="2026-08-06T20:15:33Z" level=error msg="Failed to store events for file session_2026-08-06_13-12-48_505869_1/3b6f3a666cd1b53e2efa8b0360f50ac88746cf15750b8ababa44b21e/job_events/03000000/3b6f3a666cd1b53e2efa8b0360f50ac88746cf15750b8ababa44b21e-2026-08-06-20-1786047193937541545.jsonl: TASK_LIFECYCLE_EVENT must have at least one state transition"
time="2026-08-06T20:15:33Z" level=error msg="Failed to store events for file session_2026-08-06_13-12-48_505869_1/3b6f3a666cd1b53e2efa8b0360f50ac88746cf15750b8ababa44b21e/job_events/03000000/3b6f3a666cd1b53e2efa8b0360f50ac88746cf15750b8ababa44b21e-2026-08-06-20-1786047193937541545.jsonl: TASK_LIFECYCLE_EVENT must have at least one state transition"
time="2026-08-06T20:15:33Z" level=error msg="Failed to store events for file session_2026-08-06_13-12-48_505869_1/3b6f3a666cd1b53e2efa8b0360f50ac88746cf15750b8ababa44b21e/job_events/03000000/3b6f3a666cd1b53e2efa8b0360f50ac88746cf15750b8ababa44b21e-2026-08-06-20-1786047193937541545.jsonl: TASK_LIFECYCLE_EVENT must have at least one state transition"
time="2026-08-06T20:15:34Z" level=error msg="Failed to store events for file session_2026-08-06_13-12-48_505869_1/3b6f3a666cd1b53e2efa8b0360f50ac88746cf15750b8ababa44b21e/job_events/03000000/3b6f3a666cd1b53e2efa8b0360f50ac88746cf15750b8ababa44b21e-2026-08-06-20-1786047193937541545.jsonl: TASK_LIFECYCLE_EVENT must have at least one state transition"
time="2026-08-06T20:15:34Z" level=error msg="Failed to store events for file session_2026-08-06_13-12-48_505869_1/3b6f3a666cd1b53e2efa8b0360f50ac88746cf15750b8ababa44b21e/job_events/03000000/3b6f3a666cd1b53e2efa8b0360f50ac88746cf15750b8ababa44b21e-2026-08-06-20-1786047193937541545.jsonl: TASK_LIFECYCLE_EVENT must have at least one state transition"
time="2026-08-06T20:15:34Z" level=error msg="Failed to store events for file session_2026-08-06_13-12-48_505869_1/3b6f3a666cd1b53e2efa8b0360f50ac88746cf15750b8ababa44b21e/job_events/03000000/3b6f3a666cd1b53e2efa8b0360f50ac88746cf15750b8ababa44b21e-2026-08-06-20-1786047193937541545.jsonl: TASK_LIFECYCLE_EVENT must have at least one state transition"
time="2026-08-06T20:15:34Z" level=error msg="Failed to store events for file session_2026-08-06_13-12-48_505869_1/3b6f3a666cd1b53e2efa8b0360f50ac88746cf15750b8ababa44b21e/job_events/03000000/3b6f3a666cd1b53e2efa8b0360f50ac88746cf15750b8ababa44b21e-2026-08-06-20-1786047193937541545.jsonl: TASK_LIFECYCLE_EVENT must have at least one state transition"
time="2026-08-06T20:15:35Z" level=error msg="Failed to store events for file session_2026-08-06_13-12-48_505869_1/3b6f3a666cd1b53e2efa8b0360f50ac88746cf15750b8ababa44b21e/job_events/03000000/3b6f3a666cd1b53e2efa8b0360f50ac88746cf15750b8ababa44b21e-2026-08-06-20-1786047193937541545.jsonl: TASK_LIFECYCLE_EVENT must have at least one state transition"
time="2026-08-06T20:15:35Z" level=error msg="Failed to store events for file session_2026-08-06_13-12-48_505869_1/3b6f3a666cd1b53e2efa8b0360f50ac88746cf15750b8ababa44b21e/job_events/03000000/3b6f3a666cd1b53e2efa8b0360f50ac88746cf15750b8ababa44b21e-2026-08-06-20-1786047193937541545.jsonl: TASK_LIFECYCLE_EVENT must have at least one state transition"
time="2026-08-06T20:15:35Z" level=error msg="Failed to store events for file session_2026-08-06_13-12-48_505869_1/3b6f3a666cd1b53e2efa8b0360f50ac88746cf15750b8ababa44b21e/job_events/03000000/3b6f3a666cd1b53e2efa8b0360f50ac88746cf15750b8ababa44b21e-2026-08-06-20-1786047193937541545.jsonl: TASK_LIFECYCLE_EVENT must have at least one state transition"
time="2026-08-06T20:15:35Z" level=error msg="Failed to store events for file session_2026-08-06_13-12-48_505869_1/3b6f3a666cd1b53e2efa8b0360f50ac88746cf15750b8ababa44b21e/job_events/03000000/3b6f3a666cd1b53e2efa8b0360f50ac88746cf15750b8ababa44b21e-2026-08-06-20-1786047193937541545.jsonl: TASK_LIFECYCLE_EVENT must have at least one state transition"
time="2026-08-06T20:15:35Z" level=error msg="Failed to store events for file session_2026-08-06_13-12-48_505869_1/3b6f3a666cd1b53e2efa8b0360f50ac88746cf15750b8ababa44b21e/job_events/03000000/3b6f3a666cd1b53e2efa8b0360f50ac88746cf15750b8ababa44b21e-2026-08-06-20-1786047193937541545.jsonl: TASK_LIFECYCLE_EVENT must have at least one state transition"
time="2026-08-06T20:15:35Z" level=error msg="Failed to store events for file session_2026-08-06_13-12-48_505869_1/3b6f3a666cd1b53e2efa8b0360f50ac88746cf15750b8ababa44b21e/job_events/03000000/3b6f3a666cd1b53e2efa8b0360f50ac88746cf15750b8ababa44b21e-2026-08-06-20-1786047193937541545.jsonl: TASK_LIFECYCLE_EVENT must have at least one state transition"
time="2026-08-06T20:15:36Z" level=error msg="Failed to store events for file session_2026-08-06_13-12-48_505869_1/3b6f3a666cd1b53e2efa8b0360f50ac88746cf15750b8ababa44b21e/job_events/03000000/3b6f3a666cd1b53e2efa8b0360f50ac88746cf15750b8ababa44b21e-2026-08-06-20-1786047193937541545.jsonl: TASK_LIFECYCLE_EVENT must have at least one state transition"
time="2026-08-06T20:15:36Z" level=error msg="Failed to store events for file session_2026-08-06_13-12-48_505869_1/3b6f3a666cd1b53e2efa8b0360f50ac88746cf15750b8ababa44b21e/job_events/03000000/3b6f3a666cd1b53e2efa8b0360f50ac88746cf15750b8ababa44b21e-2026-08-06-20-1786047193937541545.jsonl: TASK_LIFECYCLE_EVENT must have at least one state transition"
time="2026-08-06T20:15:36Z" level=error msg="Failed to store events for file session_2026-08-06_13-12-48_505869_1/3b6f3a666cd1b53e2efa8b0360f50ac88746cf15750b8ababa44b21e/job_events/03000000/3b6f3a666cd1b53e2efa8b0360f50ac88746cf15750b8ababa44b21e-2026-08-06-20-1786047193937541545.jsonl: TASK_LIFECYCLE_EVENT must have at least one state transition"
time="2026-08-06T20:15:36Z" level=error msg="Failed to store events for file session_2026-08-06_13-12-48_505869_1/3b6f3a666cd1b53e2efa8b0360f50ac88746cf15750b8ababa44b21e/job_events/03000000/3b6f3a666cd1b53e2efa8b0360f50ac88746cf15750b8ababa44b21e-2026-08-06-20-1786047193937541545.jsonl: TASK_LIFECYCLE_EVENT must have at least one state transition"
time="2026-08-06T20:15:36Z" level=error msg="Failed to store events for file session_2026-08-06_13-12-48_505869_1/3b6f3a666cd1b53e2efa8b0360f50ac88746cf15750b8ababa44b21e/job_events/03000000/3b6f3a666cd1b53e2efa8b0360f50ac88746cf15750b8ababa44b21e-2026-08-06-20-1786047193937541545.jsonl: TASK_LIFECYCLE_EVENT must have at least one state transition"
time="2026-08-06T20:15:37Z" level=error msg="Failed to store events for file session_2026-08-06_13-12-48_505869_1/3b6f3a666cd1b53e2efa8b0360f50ac88746cf15750b8ababa44b21e/job_events/03000000/3b6f3a666cd1b53e2efa8b0360f50ac88746cf15750b8ababa44b21e-2026-08-06-20-1786047193937541545.jsonl: TASK_LIFECYCLE_EVENT must have at least one state transition"
time="2026-08-06T20:15:37Z" level=error msg="Failed to store events for file session_2026-08-06_13-12-48_505869_1/3b6f3a666cd1b53e2efa8b0360f50ac88746cf15750b8ababa44b21e/job_events/03000000/3b6f3a666cd1b53e2efa8b0360f50ac88746cf15750b8ababa44b21e-2026-08-06-20-1786047193937541545.jsonl: TASK_LIFECYCLE_EVENT must have at least one state transition"
time="2026-08-06T20:15:37Z" level=error msg="Failed to store events for file session_2026-08-06_13-12-48_505869_1/3b6f3a666cd1b53e2efa8b0360f50ac88746cf15750b8ababa44b21e/job_events/03000000/3b6f3a666cd1b53e2efa8b0360f50ac88746cf15750b8ababa44b21e-2026-08-06-20-1786047193937541545.jsonl: TASK_LIFECYCLE_EVENT must have at least one state transition"
time="2026-08-06T20:15:37Z" level=error msg="Failed to store events for file session_2026-08-06_13-12-48_505869_1/3b6f3a666cd1b53e2efa8b0360f50ac88746cf15750b8ababa44b21e/job_events/03000000/3b6f3a666cd1b53e2efa8b0360f50ac88746cf15750b8ababa44b21e-2026-08-06-20-1786047193937541545.jsonl: TASK_LIFECYCLE_EVENT must have at least one state transition"
time="2026-08-06T20:15:38Z" level=error msg="Failed to store events for file session_2026-08-06_13-12-48_505869_1/3b6f3a666cd1b53e2efa8b0360f50ac88746cf15750b8ababa44b21e/job_events/03000000/3b6f3a666cd1b53e2efa8b0360f50ac88746cf15750b8ababa44b21e-2026-08-06-20-1786047193937541545.jsonl: TASK_LIFECYCLE_EVENT must have at least one state transition"
time="2026-08-06T20:15:38Z" level=error msg="Failed to store events for file session_2026-08-06_13-12-48_505869_1/3b6f3a666cd1b53e2efa8b0360f50ac88746cf15750b8ababa44b21e/job_events/03000000/3b6f3a666cd1b53e2efa8b0360f50ac88746cf15750b8ababa44b21e-2026-08-06-20-1786047193937541545.jsonl: TASK_LIFECYCLE_EVENT must have at least one state transition"
time="2026-08-06T20:15:38Z" level=error msg="Failed to store events for file session_2026-08-06_13-12-48_505869_1/3b6f3a666cd1b53e2efa8b0360f50ac88746cf15750b8ababa44b21e/job_events/03000000/3b6f3a666cd1b53e2efa8b0360f50ac88746cf15750b8ababa44b21e-2026-08-06-20-1786047193937541545.jsonl: TASK_LIFECYCLE_EVENT must have at least one state transition"
time="2026-08-06T20:15:38Z" level=error msg="Failed to store events for file session_2026-08-06_13-12-48_505869_1/3b6f3a666cd1b53e2efa8b0360f50ac88746cf15750b8ababa44b21e/job_events/03000000/3b6f3a666cd1b53e2efa8b0360f50ac88746cf15750b8ababa44b21e-2026-08-06-20-1786047193937541545.jsonl: TASK_LIFECYCLE_EVENT must have at least one state transition"
time="2026-08-06T20:15:38Z" level=error msg="Failed to store events for file session_2026-08-06_13-12-48_505869_1/3b6f3a666cd1b53e2efa8b0360f50ac88746cf15750b8ababa44b21e/job_events/03000000/3b6f3a666cd1b53e2efa8b0360f50ac88746cf15750b8ababa44b21e-2026-08-06-20-1786047193937541545.jsonl: TASK_LIFECYCLE_EVENT must have at least one state transition"
time="2026-08-06T20:15:38Z" level=error msg="Failed to store events for file session_2026-08-06_13-12-48_505869_1/3b6f3a666cd1b53e2efa8b0360f50ac88746cf15750b8ababa44b21e/job_events/03000000/3b6f3a666cd1b53e2efa8b0360f50ac88746cf15750b8ababa44b21e-2026-08-06-20-1786047193937541545.jsonl: TASK_LIFECYCLE_EVENT must have at least one state transition"
time="2026-08-06T20:15:38Z" level=error msg="Failed to store events for file session_2026-08-06_13-12-48_505869_1/3b6f3a666cd1b53e2efa8b0360f50ac88746cf15750b8ababa44b21e/job_events/03000000/3b6f3a666cd1b53e2efa8b0360f50ac88746cf15750b8ababa44b21e-2026-08-06-20-1786047193937541545.jsonl: TASK_LIFECYCLE_EVENT must have at least one state transition"
time="2026-08-06T20:15:39Z" level=error msg="Failed to store events for file session_2026-08-06_13-12-48_505869_1/3b6f3a666cd1b53e2efa8b0360f50ac88746cf15750b8ababa44b21e/job_events/03000000/3b6f3a666cd1b53e2efa8b0360f50ac88746cf15750b8ababa44b21e-2026-08-06-20-1786047193937541545.jsonl: TASK_LIFECYCLE_EVENT must have at least one state transition"
time="2026-08-06T20:15:39Z" level=error msg="Failed to store events for file session_2026-08-06_13-12-48_505869_1/3b6f3a666cd1b53e2efa8b0360f50ac88746cf15750b8ababa44b21e/job_events/03000000/3b6f3a666cd1b53e2efa8b0360f50ac88746cf15750b8ababa44b21e-2026-08-06-20-1786047193937541545.jsonl: TASK_LIFECYCLE_EVENT must have at least one state transition"
time="2026-08-06T20:15:39Z" level=error msg="Failed to store events for file session_2026-08-06_13-12-48_505869_1/3b6f3a666cd1b53e2efa8b0360f50ac88746cf15750b8ababa44b21e/job_events/03000000/3b6f3a666cd1b53e2efa8b0360f50ac88746cf15750b8ababa44b21e-2026-08-06-20-1786047193937541545.jsonl: TASK_LIFECYCLE_EVENT must have at least one state transition"
time="2026-08-06T20:15:40Z" level=error msg="Failed to store events for file session_2026-08-06_13-12-48_505869_1/3b6f3a666cd1b53e2efa8b0360f50ac88746cf15750b8ababa44b21e/job_events/03000000/3b6f3a666cd1b53e2efa8b0360f50ac88746cf15750b8ababa44b21e-2026-08-06-20-1786047193937541545.jsonl: TASK_LIFECYCLE_EVENT must have at least one state transition"
time="2026-08-06T20:15:40Z" level=error msg="Failed to store events for file session_2026-08-06_13-12-48_505869_1/3b6f3a666cd1b53e2efa8b0360f50ac88746cf15750b8ababa44b21e/job_events/03000000/3b6f3a666cd1b53e2efa8b0360f50ac88746cf15750b8ababa44b21e-2026-08-06-20-1786047193937541545.jsonl: TASK_LIFECYCLE_EVENT must have at least one state transition"
time="2026-08-06T20:15:40Z" level=error msg="Failed to store events for file session_2026-08-06_13-12-48_505869_1/3b6f3a666cd1b53e2efa8b0360f50ac88746cf15750b8ababa44b21e/job_events/03000000/3b6f3a666cd1b53e2efa8b0360f50ac88746cf15750b8ababa44b21e-2026-08-06-20-1786047193937541545.jsonl: TASK_LIFECYCLE_EVENT must have at least one state transition"
time="2026-08-06T20:15:40Z" level=info msg="Prepare to get object log/cluster-history/raycluster/test-ns-s69r6/raycluster-historyserver/session_2026-08-06_13-12-48_505869_1/3b6f3a666cd1b53e2efa8b0360f50ac88746cf15750b8ababa44b21e/job_events/03000000/3b6f3a666cd1b53e2efa8b0360f50ac88746cf15750b8ababa44b21e-2026-08-06-20-1786047241372302220.jsonl info ..."
gc 23 @67.204s 1%: 0.19+270+0.16 ms clock, 0.76+0.085/270/538+0.66 ms cpu, 1096->1103->226 MB, 1287 MB goal, 0 MB stacks, 0 MB globals, 4 P
time="2026-08-06T20:15:41Z" level=info msg="Prepare to get object log/cluster-history/raycluster/test-ns-s69r6/raycluster-historyserver/session_2026-08-06_13-12-48_505869_1/3a1c52f3447c4278359b2116f4362812488ffece4d112ace427caf0e/node_events/3a1c52f3447c4278359b2116f4362812488ffece4d112ace427caf0e-2026-08-06-20-1786047173332194008.jsonl info ..."
gc 24 @68.041s 1%: 0.17+284+0.071 ms clock, 0.71+51/284/568+0.28 ms cpu, 385->422->305 MB, 452 MB goal, 0 MB stacks, 0 MB globals, 4 P
time="2026-08-06T20:15:43Z" level=info msg="Received request: GET /enter_cluster/test-ns-s69r6/raycluster/raycluster-historyserver/session_2026-08-06_13-12-48_505869_1"
time="2026-08-06T20:15:43Z" level=info msg="[List]Returned objects in log/cluster-metadata/. length of page.Contents: 2, length of page.CommonPrefixes: 0"
time="2026-08-06T20:15:43Z" level=error msg="Failed to parse meta file path: log/cluster-metadata/raycluster/test-ns-s69r6_raycluster-historyserver/, error: invalid path segment count for cluster metadata structure: log/cluster-metadata/raycluster/test-ns-s69r6_raycluster-historyserver/"
time="2026-08-06T20:15:43Z" level=info msg="Parsed cluster raycluster-historyserver for session session_2026-08-06_13-12-48_505869_1 to list"
time="2026-08-06T20:15:43Z" level=info msg="Received request: GET /api/v0/tasks?limit=100000"
time="2026-08-06T20:15:43Z" level=info msg="Request URL /api/v0/tasks?limit=100000"
time="2026-08-06T20:15:43Z" level=info msg="Received request: GET /api/v0/tasks?limit=100000"
time="2026-08-06T20:15:43Z" level=info msg="Request URL /api/v0/tasks?limit=100000"
time="2026-08-06T20:15:43Z" level=info msg="Received request: GET /api/v0/tasks?limit=100000"
time="2026-08-06T20:15:43Z" level=info msg="Request URL /api/v0/tasks?limit=100000"
time="2026-08-06T20:15:43Z" level=info msg="Received request: GET /api/v0/tasks?limit=100000"
time="2026-08-06T20:15:43Z" level=info msg="Request URL /api/v0/tasks?limit=100000"
time="2026-08-06T20:15:43Z" level=info msg="Received request: GET /api/v0/tasks?limit=100000"
time="2026-08-06T20:15:43Z" level=info msg="Request URL /api/v0/tasks?limit=100000"
time="2026-08-06T20:15:43Z" level=info msg="Received request: GET /api/v0/tasks?limit=100000"
time="2026-08-06T20:15:43Z" level=info msg="Request URL /api/v0/tasks?limit=100000"
time="2026-08-06T20:15:43Z" level=info msg="Received request: GET /api/v0/tasks?limit=100000"
time="2026-08-06T20:15:43Z" level=info msg="Request URL /api/v0/tasks?limit=100000"
time="2026-08-06T20:15:43Z" level=info msg="Received request: GET /api/v0/tasks?limit=100000"
time="2026-08-06T20:15:43Z" level=info msg="Request URL /api/v0/tasks?limit=100000"
time="2026-08-06T20:15:43Z" level=info msg="Received request: GET /api/v0/tasks?limit=100000"
time="2026-08-06T20:15:43Z" level=info msg="Request URL /api/v0/tasks?limit=100000"
time="2026-08-06T20:15:43Z" level=info msg="Received request: GET /api/v0/tasks?limit=100000"
time="2026-08-06T20:15:43Z" level=info msg="Request URL /api/v0/tasks?limit=100000"
time="2026-08-06T20:15:43Z" level=info msg="Received request: GET /api/v0/tasks/summarize"
time="2026-08-06T20:15:43Z" level=info msg="Request URL /api/v0/tasks/summarize"
gc 25 @69.638s 1%: 0.20+320+0.089 ms clock, 0.80+0/224/438+0.35 ms cpu, 522->565->293 MB, 611 MB goal, 0 MB stacks, 0 MB globals, 4 P
time="2026-08-06T20:15:44Z" level=info msg="Received request: GET /api/v0/tasks/summarize"
time="2026-08-06T20:15:44Z" level=info msg="Request URL /api/v0/tasks/summarize"
gc 26 @70.581s 1%: 0.18+243+0.089 ms clock, 0.74+0/211/416+0.35 ms cpu, 503->537->282 MB, 588 MB goal, 0 MB stacks, 0 MB globals, 4 P
time="2026-08-06T20:15:45Z" level=info msg="Received request: GET /api/v0/tasks/summarize"
time="2026-08-06T20:15:45Z" level=info msg="Request URL /api/v0/tasks/summarize"
gc 27 @71.420s 1%: 0.16+200+0.10 ms clock, 0.66+0/199/388+0.41 ms cpu, 485->514->275 MB, 564 MB goal, 0 MB stacks, 0 MB globals, 4 P
time="2026-08-06T20:15:45Z" level=info msg="Received request: GET /api/v0/tasks/summarize"
time="2026-08-06T20:15:45Z" level=info msg="Request URL /api/v0/tasks/summarize"
gc 28 @72.231s 1%: 0.14+228+0.081 ms clock, 0.57+0/132/258+0.32 ms cpu, 487->488->236 MB, 552 MB goal, 0 MB stacks, 0 MB globals, 4 P
gc 29 @72.559s 1%: 0.18+418+0.087 ms clock, 0.73+0/235/467+0.35 ms cpu, 415->462->349 MB, 473 MB goal, 0 MB stacks, 0 MB globals, 4 P
time="2026-08-06T20:15:47Z" level=info msg="Received request: GET /api/v0/tasks/summarize"
time="2026-08-06T20:15:47Z" level=info msg="Request URL /api/v0/tasks/summarize"
gc 30 @73.562s 1%: 0.17+294+0.089 ms clock, 0.71+0/294/587+0.35 ms cpu, 616->616->282 MB, 700 MB goal, 0 MB stacks, 0 MB globals, 4 P
time="2026-08-06T20:15:47Z" level=info msg="Received request: GET /api/v0/tasks/summarize"
time="2026-08-06T20:15:47Z" level=info msg="Request URL /api/v0/tasks/summarize"
gc 31 @74.416s 1%: 0.15+408+0.069 ms clock, 0.61+0/196/391+0.27 ms cpu, 502->549->349 MB, 566 MB goal, 0 MB stacks, 0 MB globals, 4 P
time="2026-08-06T20:15:48Z" level=info msg="Received request: GET /api/v0/tasks/summarize"
time="2026-08-06T20:15:48Z" level=info msg="Request URL /api/v0/tasks/summarize"
gc 32 @75.423s 1%: 0.17+209+0.098 ms clock, 0.69+0/209/417+0.39 ms cpu, 616->616->320 MB, 700 MB goal, 0 MB stacks, 0 MB globals, 4 P
time="2026-08-06T20:15:49Z" level=info msg="Received request: GET /api/v0/tasks/summarize"
time="2026-08-06T20:15:49Z" level=info msg="Request URL /api/v0/tasks/summarize"
gc 33 @76.261s 1%: 0.15+214+0.083 ms clock, 0.63+0/214/426+0.33 ms cpu, 586->586->320 MB, 640 MB goal, 0 MB stacks, 0 MB globals, 4 P
time="2026-08-06T20:15:50Z" level=info msg="Received request: GET /api/v0/tasks/summarize"
time="2026-08-06T20:15:50Z" level=info msg="Request URL /api/v0/tasks/summarize"
gc 34 @77.067s 1%: 0.17+233+0.094 ms clock, 0.70+0/232/463+0.37 ms cpu, 586->586->320 MB, 640 MB goal, 0 MB stacks, 0 MB globals, 4 P
time="2026-08-06T20:15:51Z" level=info msg="Received request: GET /api/v0/tasks/summarize"
time="2026-08-06T20:15:51Z" level=info msg="Request URL /api/v0/tasks/summarize"
gc 35 @77.893s 2%: 0.20+220+0.097 ms clock, 0.82+0/220/439+0.39 ms cpu, 586->586->320 MB, 640 MB goal, 0 MB stacks, 0 MB globals, 4 P
time="2026-08-06T20:15:52Z" level=info msg="Received request: GET /api/jobs/"
time="2026-08-06T20:15:52Z" level=info msg="Request URL /api/jobs/"
time="2026-08-06T20:15:52Z" level=info msg="Received request: GET /api/jobs/"
time="2026-08-06T20:15:52Z" level=info msg="Request URL /api/jobs/"
time="2026-08-06T20:15:52Z" level=info msg="Received request: GET /api/jobs/"
time="2026-08-06T20:15:52Z" level=info msg="Request URL /api/jobs/"
time="2026-08-06T20:15:52Z" level=info msg="Received request: GET /api/jobs/"
time="2026-08-06T20:15:52Z" level=info msg="Request URL /api/jobs/"
time="2026-08-06T20:15:52Z" level=info msg="Received request: GET /api/jobs/"
time="2026-08-06T20:15:52Z" level=info msg="Request URL /api/jobs/"
time="2026-08-06T20:15:52Z" level=info msg="Received request: GET /api/jobs/"
time="2026-08-06T20:15:52Z" level=info msg="Request URL /api/jobs/"
time="2026-08-06T20:15:52Z" level=info msg="Received request: GET /api/jobs/"
time="2026-08-06T20:15:52Z" level=info msg="Request URL /api/jobs/"
gc 36 @78.657s 2%: 1.2+249+239 ms clock, 4.8+0/139/275+959 ms cpu, 564->604->276 MB, 642 MB goal, 0 MB stacks, 0 MB globals, 4 P
time="2026-08-06T20:15:52Z" level=info msg="Received request: GET /api/jobs/"
time="2026-08-06T20:15:52Z" level=info msg="Request URL /api/jobs/"
time="2026-08-06T20:15:52Z" level=info msg="Received request: GET /api/jobs/"
time="2026-08-06T20:15:52Z" level=info msg="Request URL /api/jobs/"
time="2026-08-06T20:15:52Z" level=info msg="Received request: GET /api/jobs/"
time="2026-08-06T20:15:52Z" level=info msg="Request URL /api/jobs/"
time="2026-08-06T20:15:52Z" level=info msg="Request URL /nodes?view=summary"
time="2026-08-06T20:15:52Z" level=info msg="Request URL /nodes?view=summary"
gc 37 @79.219s 2%: 0.15+222+0.10 ms clock, 0.63+0/134/262+0.42 ms cpu, 479->479->236 MB, 553 MB goal, 0 MB stacks, 0 MB globals, 4 P
time="2026-08-06T20:15:53Z" level=info msg="Request URL /nodes?view=summary"
time="2026-08-06T20:15:53Z" level=info msg="Request URL /nodes?view=summary"
time="2026-08-06T20:15:53Z" level=info msg="Request URL /nodes?view=summary"
time="2026-08-06T20:15:53Z" level=info msg="Request URL /nodes?view=summary"
time="2026-08-06T20:15:53Z" level=info msg="Request URL /nodes?view=summary"
time="2026-08-06T20:15:53Z" level=info msg="Request URL /nodes?view=summary"
gc 38 @79.508s 2%: 0.89+490+0.077 ms clock, 3.5+0/132/256+0.30 ms cpu, 438->479->276 MB, 473 MB goal, 0 MB stacks, 0 MB globals, 4 P
time="2026-08-06T20:15:53Z" level=info msg="Request URL /nodes?view=summary"
time="2026-08-06T20:15:53Z" level=info msg="Request URL /nodes?view=summary"
time="2026-08-06T20:15:53Z" level=info msg="Request URL /events"
time="2026-08-06T20:15:53Z" level=info msg="Request URL /events"
time="2026-08-06T20:15:53Z" level=info msg="Request URL /events"
gc 39 @80.066s 2%: 0.16+233+0.038 ms clock, 0.67+0/136/270+0.15 ms cpu, 479->479->236 MB, 553 MB goal, 0 MB stacks, 0 MB globals, 4 P
time="2026-08-06T20:15:53Z" level=info msg="Request URL /events"
time="2026-08-06T20:15:53Z" level=info msg="Request URL /events"
time="2026-08-06T20:15:54Z" level=info msg="Request URL /events"
time="2026-08-06T20:15:54Z" level=info msg="Request URL /events"
time="2026-08-06T20:15:54Z" level=info msg="Request URL /events"
time="2026-08-06T20:15:54Z" level=info msg="Request URL /events"
gc 40 @80.366s 2%: 0.24+216+0.093 ms clock, 0.97+0/136/265+0.37 ms cpu, 439->479->276 MB, 473 MB goal, 0 MB stacks, 0 MB globals, 4 P
time="2026-08-06T20:15:54Z" level=info msg="Request URL /events"
