time="2026-08-06T18:28:12Z" level=info msg="create client manager successfully, clients: 1"
time="2026-08-06T18:28:12Z" level=info msg="Begin to create s3 client ..."
time="2026-08-06T18:28:12Z" level=info msg="Checking if bucket ray-historyserver exists..."
time="2026-08-06T18:28:12Z" level=info msg="Bucket ray-historyserver already exists"
time="2026-08-06T18:28:12Z" level=info msg="Clean logdir is logs"
time="2026-08-06T18:28:12Z" level=info msg="Starting server on :8080"
time="2026-08-06T18:28:15Z" level=info msg="Received request: GET /readz"
time="2026-08-06T18:28:15Z" level=info msg="live clusters: []"
time="2026-08-06T18:28:15Z" level=info msg="[List]Returned objects in log/cluster-metadata/. length of page.Contents: 2, length of page.CommonPrefixes: 0"
time="2026-08-06T18:28:15Z" level=error msg="Failed to parse meta file path: log/cluster-metadata/raycluster/test-ns-w9xgr_raycluster-historyserver/, error: invalid path segment count for cluster metadata structure: log/cluster-metadata/raycluster/test-ns-w9xgr_raycluster-historyserver/"
time="2026-08-06T18:28:15Z" level=info msg="Parsed cluster raycluster-historyserver for session session_2026-08-06_11-26-27_122540_1 to list"
time="2026-08-06T18:28:15Z" level=info msg="live clusters: []"
time="2026-08-06T18:28:15Z" level=info msg="[List]Returned objects in log/cluster-metadata/. length of page.Contents: 2, length of page.CommonPrefixes: 0"
time="2026-08-06T18:28:15Z" level=error msg="Failed to parse meta file path: log/cluster-metadata/raycluster/test-ns-w9xgr_raycluster-historyserver/, error: invalid path segment count for cluster metadata structure: log/cluster-metadata/raycluster/test-ns-w9xgr_raycluster-historyserver/"
time="2026-08-06T18:28:15Z" level=info msg="Parsed cluster raycluster-historyserver for session session_2026-08-06_11-26-27_122540_1 to list"
time="2026-08-06T18:28:15Z" level=info msg="live clusters: []"
time="2026-08-06T18:28:15Z" level=info msg="[List]Returned objects in log/cluster-metadata/. length of page.Contents: 2, length of page.CommonPrefixes: 0"
time="2026-08-06T18:28:15Z" level=error msg="Failed to parse meta file path: log/cluster-metadata/raycluster/test-ns-w9xgr_raycluster-historyserver/, error: invalid path segment count for cluster metadata structure: log/cluster-metadata/raycluster/test-ns-w9xgr_raycluster-historyserver/"
time="2026-08-06T18:28:15Z" level=info msg="Parsed cluster raycluster-historyserver for session session_2026-08-06_11-26-27_122540_1 to list"
time="2026-08-06T18:28:15Z" level=info msg="live clusters: []"
time="2026-08-06T18:28:15Z" level=info msg="[List]Returned objects in log/cluster-metadata/. length of page.Contents: 2, length of page.CommonPrefixes: 0"
time="2026-08-06T18:28:15Z" level=error msg="Failed to parse meta file path: log/cluster-metadata/raycluster/test-ns-w9xgr_raycluster-historyserver/, error: invalid path segment count for cluster metadata structure: log/cluster-metadata/raycluster/test-ns-w9xgr_raycluster-historyserver/"
time="2026-08-06T18:28:15Z" level=info msg="Parsed cluster raycluster-historyserver for session session_2026-08-06_11-26-27_122540_1 to list"
time="2026-08-06T18:28:15Z" level=info msg="live clusters: []"
time="2026-08-06T18:28:15Z" level=info msg="[List]Returned objects in log/cluster-metadata/. length of page.Contents: 2, length of page.CommonPrefixes: 0"
time="2026-08-06T18:28:15Z" level=error msg="Failed to parse meta file path: log/cluster-metadata/raycluster/test-ns-w9xgr_raycluster-historyserver/, error: invalid path segment count for cluster metadata structure: log/cluster-metadata/raycluster/test-ns-w9xgr_raycluster-historyserver/"
time="2026-08-06T18:28:15Z" level=info msg="Parsed cluster raycluster-historyserver for session session_2026-08-06_11-26-27_122540_1 to list"
time="2026-08-06T18:28:15Z" level=info msg="Received request: GET /enter_cluster/test-ns-w9xgr/raycluster/raycluster-historyserver/session_2026-08-06_11-26-27_122540_1"
time="2026-08-06T18:28:15Z" level=info msg="[List]Returned objects in log/cluster-metadata/. length of page.Contents: 2, length of page.CommonPrefixes: 0"
time="2026-08-06T18:28:15Z" level=error msg="Failed to parse meta file path: log/cluster-metadata/raycluster/test-ns-w9xgr_raycluster-historyserver/, error: invalid path segment count for cluster metadata structure: log/cluster-metadata/raycluster/test-ns-w9xgr_raycluster-historyserver/"
time="2026-08-06T18:28:15Z" level=info msg="Parsed cluster raycluster-historyserver for session session_2026-08-06_11-26-27_122540_1 to list"
time="2026-08-06T18:28:15Z" level=info msg="[ListFiles]Returned objects in log/cluster-history/raycluster/test-ns-w9xgr/raycluster-historyserver/session_2026-08-06_11-26-27_122540_1/. length of page.Contents: 0, length of page.CommonPrefixes: 3"
time="2026-08-06T18:28:15Z" level=info msg="[ListFiles]Returned objects in log/cluster-history/raycluster/test-ns-w9xgr/raycluster-historyserver/session_2026-08-06_11-26-27_122540_1/1d915fed9afd7921aa72e06cbfa85c37895b0ea143985d9991a69853/logs/events/. length of page.Contents: 11, length of page.CommonPrefixes: 0"
time="2026-08-06T18:28:15Z" level=info msg="Prepare to get object log/cluster-history/raycluster/test-ns-w9xgr/raycluster-historyserver/session_2026-08-06_11-26-27_122540_1/1d915fed9afd7921aa72e06cbfa85c37895b0ea143985d9991a69853/logs/events/event_AUTOSCALER.log info ..."
time="2026-08-06T18:28:15Z" level=info msg="Prepare to get object log/cluster-history/raycluster/test-ns-w9xgr/raycluster-historyserver/session_2026-08-06_11-26-27_122540_1/1d915fed9afd7921aa72e06cbfa85c37895b0ea143985d9991a69853/logs/events/event_CORE_WORKER_1022.log info ..."
time="2026-08-06T18:28:15Z" level=info msg="Prepare to get object log/cluster-history/raycluster/test-ns-w9xgr/raycluster-historyserver/session_2026-08-06_11-26-27_122540_1/1d915fed9afd7921aa72e06cbfa85c37895b0ea143985d9991a69853/logs/events/event_CORE_WORKER_1175.log info ..."
time="2026-08-06T18:28:15Z" level=info msg="Prepare to get object log/cluster-history/raycluster/test-ns-w9xgr/raycluster-historyserver/session_2026-08-06_11-26-27_122540_1/1d915fed9afd7921aa72e06cbfa85c37895b0ea143985d9991a69853/logs/events/event_CORE_WORKER_201.log info ..."
time="2026-08-06T18:28:15Z" level=info msg="Prepare to get object log/cluster-history/raycluster/test-ns-w9xgr/raycluster-historyserver/session_2026-08-06_11-26-27_122540_1/1d915fed9afd7921aa72e06cbfa85c37895b0ea143985d9991a69853/logs/events/event_CORE_WORKER_206.log info ..."
time="2026-08-06T18:28:15Z" level=info msg="Prepare to get object log/cluster-history/raycluster/test-ns-w9xgr/raycluster-historyserver/session_2026-08-06_11-26-27_122540_1/1d915fed9afd7921aa72e06cbfa85c37895b0ea143985d9991a69853/logs/events/event_CORE_WORKER_679.log info ..."
time="2026-08-06T18:28:15Z" level=info msg="Prepare to get object log/cluster-history/raycluster/test-ns-w9xgr/raycluster-historyserver/session_2026-08-06_11-26-27_122540_1/1d915fed9afd7921aa72e06cbfa85c37895b0ea143985d9991a69853/logs/events/event_CORE_WORKER_966.log info ..."
time="2026-08-06T18:28:15Z" level=info msg="Prepare to get object log/cluster-history/raycluster/test-ns-w9xgr/raycluster-historyserver/session_2026-08-06_11-26-27_122540_1/1d915fed9afd7921aa72e06cbfa85c37895b0ea143985d9991a69853/logs/events/event_GCS.log info ..."
time="2026-08-06T18:28:15Z" level=info msg="Prepare to get object log/cluster-history/raycluster/test-ns-w9xgr/raycluster-historyserver/session_2026-08-06_11-26-27_122540_1/1d915fed9afd7921aa72e06cbfa85c37895b0ea143985d9991a69853/logs/events/event_JOBS.log info ..."
time="2026-08-06T18:28:15Z" level=info msg="Prepare to get object log/cluster-history/raycluster/test-ns-w9xgr/raycluster-historyserver/session_2026-08-06_11-26-27_122540_1/1d915fed9afd7921aa72e06cbfa85c37895b0ea143985d9991a69853/logs/events/event_RAYLET.log info ..."
time="2026-08-06T18:28:15Z" level=info msg="[ListFiles]Returned objects in log/cluster-history/raycluster/test-ns-w9xgr/raycluster-historyserver/session_2026-08-06_11-26-27_122540_1/e2fc589c7984503f1766ea2ab957ac53dd6da0a21efea1139903b383/logs/events/. length of page.Contents: 13, length of page.CommonPrefixes: 0"
time="2026-08-06T18:28:15Z" level=info msg="Prepare to get object log/cluster-history/raycluster/test-ns-w9xgr/raycluster-historyserver/session_2026-08-06_11-26-27_122540_1/e2fc589c7984503f1766ea2ab957ac53dd6da0a21efea1139903b383/logs/events/event_CORE_WORKER_228.log info ..."
time="2026-08-06T18:28:15Z" level=info msg="Prepare to get object log/cluster-history/raycluster/test-ns-w9xgr/raycluster-historyserver/session_2026-08-06_11-26-27_122540_1/e2fc589c7984503f1766ea2ab957ac53dd6da0a21efea1139903b383/logs/events/event_CORE_WORKER_229.log info ..."
time="2026-08-06T18:28:15Z" level=info msg="Prepare to get object log/cluster-history/raycluster/test-ns-w9xgr/raycluster-historyserver/session_2026-08-06_11-26-27_122540_1/e2fc589c7984503f1766ea2ab957ac53dd6da0a21efea1139903b383/logs/events/event_CORE_WORKER_297.log info ..."
time="2026-08-06T18:28:15Z" level=info msg="Prepare to get object log/cluster-history/raycluster/test-ns-w9xgr/raycluster-historyserver/session_2026-08-06_11-26-27_122540_1/e2fc589c7984503f1766ea2ab957ac53dd6da0a21efea1139903b383/logs/events/event_CORE_WORKER_319.log info ..."
time="2026-08-06T18:28:15Z" level=info msg="Prepare to get object log/cluster-history/raycluster/test-ns-w9xgr/raycluster-historyserver/session_2026-08-06_11-26-27_122540_1/e2fc589c7984503f1766ea2ab957ac53dd6da0a21efea1139903b383/logs/events/event_CORE_WORKER_399.log info ..."
time="2026-08-06T18:28:15Z" level=info msg="Prepare to get object log/cluster-history/raycluster/test-ns-w9xgr/raycluster-historyserver/session_2026-08-06_11-26-27_122540_1/e2fc589c7984503f1766ea2ab957ac53dd6da0a21efea1139903b383/logs/events/event_CORE_WORKER_419.log info ..."
time="2026-08-06T18:28:15Z" level=info msg="Prepare to get object log/cluster-history/raycluster/test-ns-w9xgr/raycluster-historyserver/session_2026-08-06_11-26-27_122540_1/e2fc589c7984503f1766ea2ab957ac53dd6da0a21efea1139903b383/logs/events/event_CORE_WORKER_493.log info ..."
time="2026-08-06T18:28:15Z" level=info msg="Prepare to get object log/cluster-history/raycluster/test-ns-w9xgr/raycluster-historyserver/session_2026-08-06_11-26-27_122540_1/e2fc589c7984503f1766ea2ab957ac53dd6da0a21efea1139903b383/logs/events/event_CORE_WORKER_513.log info ..."
time="2026-08-06T18:28:15Z" level=info msg="Prepare to get object log/cluster-history/raycluster/test-ns-w9xgr/raycluster-historyserver/session_2026-08-06_11-26-27_122540_1/e2fc589c7984503f1766ea2ab957ac53dd6da0a21efea1139903b383/logs/events/event_CORE_WORKER_589.log info ..."
time="2026-08-06T18:28:15Z" level=info msg="Prepare to get object log/cluster-history/raycluster/test-ns-w9xgr/raycluster-historyserver/session_2026-08-06_11-26-27_122540_1/e2fc589c7984503f1766ea2ab957ac53dd6da0a21efea1139903b383/logs/events/event_CORE_WORKER_609.log info ..."
time="2026-08-06T18:28:15Z" level=info msg="Prepare to get object log/cluster-history/raycluster/test-ns-w9xgr/raycluster-historyserver/session_2026-08-06_11-26-27_122540_1/e2fc589c7984503f1766ea2ab957ac53dd6da0a21efea1139903b383/logs/events/event_CORE_WORKER_686.log info ..."
time="2026-08-06T18:28:15Z" level=info msg="Prepare to get object log/cluster-history/raycluster/test-ns-w9xgr/raycluster-historyserver/session_2026-08-06_11-26-27_122540_1/e2fc589c7984503f1766ea2ab957ac53dd6da0a21efea1139903b383/logs/events/event_RAYLET.log info ..."
time="2026-08-06T18:28:15Z" level=info msg="[ListFiles]Returned objects in log/cluster-history/raycluster/test-ns-w9xgr/raycluster-historyserver/session_2026-08-06_11-26-27_122540_1/fetched_endpoints/logs/events/. length of page.Contents: 0, length of page.CommonPrefixes: 0"
time="2026-08-06T18:28:15Z" level=info msg="[ListFiles]Returned objects in log/cluster-history/raycluster/test-ns-w9xgr/raycluster-historyserver/session_2026-08-06_11-26-27_122540_1/. length of page.Contents: 0, length of page.CommonPrefixes: 3"
time="2026-08-06T18:28:15Z" level=info msg="[ListFiles]Returned objects in log/cluster-history/raycluster/test-ns-w9xgr/raycluster-historyserver/session_2026-08-06_11-26-27_122540_1/1d915fed9afd7921aa72e06cbfa85c37895b0ea143985d9991a69853/job_events/. length of page.Contents: 0, length of page.CommonPrefixes: 4"
time="2026-08-06T18:28:15Z" level=info msg="[ListFiles]Returned objects in log/cluster-history/raycluster/test-ns-w9xgr/raycluster-historyserver/session_2026-08-06_11-26-27_122540_1/1d915fed9afd7921aa72e06cbfa85c37895b0ea143985d9991a69853/job_events/01000000/. length of page.Contents: 2, length of page.CommonPrefixes: 0"
time="2026-08-06T18:28:15Z" level=info msg="[ListFiles]Returned objects in log/cluster-history/raycluster/test-ns-w9xgr/raycluster-historyserver/session_2026-08-06_11-26-27_122540_1/1d915fed9afd7921aa72e06cbfa85c37895b0ea143985d9991a69853/job_events/02000000/. length of page.Contents: 2, length of page.CommonPrefixes: 0"
time="2026-08-06T18:28:15Z" level=info msg="[ListFiles]Returned objects in log/cluster-history/raycluster/test-ns-w9xgr/raycluster-historyserver/session_2026-08-06_11-26-27_122540_1/1d915fed9afd7921aa72e06cbfa85c37895b0ea143985d9991a69853/job_events/03000000/. length of page.Contents: 3, length of page.CommonPrefixes: 0"
time="2026-08-06T18:28:15Z" level=info msg="[ListFiles]Returned objects in log/cluster-history/raycluster/test-ns-w9xgr/raycluster-historyserver/session_2026-08-06_11-26-27_122540_1/1d915fed9afd7921aa72e06cbfa85c37895b0ea143985d9991a69853/job_events/04000000/. length of page.Contents: 2, length of page.CommonPrefixes: 0"
time="2026-08-06T18:28:15Z" level=info msg="[ListFiles]Returned objects in log/cluster-history/raycluster/test-ns-w9xgr/raycluster-historyserver/session_2026-08-06_11-26-27_122540_1/e2fc589c7984503f1766ea2ab957ac53dd6da0a21efea1139903b383/job_events/. length of page.Contents: 0, length of page.CommonPrefixes: 1"
time="2026-08-06T18:28:15Z" level=info msg="[ListFiles]Returned objects in log/cluster-history/raycluster/test-ns-w9xgr/raycluster-historyserver/session_2026-08-06_11-26-27_122540_1/e2fc589c7984503f1766ea2ab957ac53dd6da0a21efea1139903b383/job_events/03000000/. length of page.Contents: 3, length of page.CommonPrefixes: 0"
time="2026-08-06T18:28:15Z" level=info msg="[ListFiles]Returned objects in log/cluster-history/raycluster/test-ns-w9xgr/raycluster-historyserver/session_2026-08-06_11-26-27_122540_1/fetched_endpoints/job_events/. length of page.Contents: 0, length of page.CommonPrefixes: 0"
time="2026-08-06T18:28:15Z" level=info msg="[ListFiles]Returned objects in log/cluster-history/raycluster/test-ns-w9xgr/raycluster-historyserver/session_2026-08-06_11-26-27_122540_1/. length of page.Contents: 0, length of page.CommonPrefixes: 3"
time="2026-08-06T18:28:15Z" level=info msg="[ListFiles]Returned objects in log/cluster-history/raycluster/test-ns-w9xgr/raycluster-historyserver/session_2026-08-06_11-26-27_122540_1/1d915fed9afd7921aa72e06cbfa85c37895b0ea143985d9991a69853/node_events/. length of page.Contents: 2, length of page.CommonPrefixes: 0"
time="2026-08-06T18:28:15Z" level=info msg="[ListFiles]Returned objects in log/cluster-history/raycluster/test-ns-w9xgr/raycluster-historyserver/session_2026-08-06_11-26-27_122540_1/e2fc589c7984503f1766ea2ab957ac53dd6da0a21efea1139903b383/node_events/. length of page.Contents: 0, length of page.CommonPrefixes: 0"
time="2026-08-06T18:28:15Z" level=info msg="[ListFiles]Returned objects in log/cluster-history/raycluster/test-ns-w9xgr/raycluster-historyserver/session_2026-08-06_11-26-27_122540_1/fetched_endpoints/node_events/. length of page.Contents: 0, length of page.CommonPrefixes: 0"
time="2026-08-06T18:28:15Z" level=info msg="Prepare to get object log/cluster-history/raycluster/test-ns-w9xgr/raycluster-historyserver/session_2026-08-06_11-26-27_122540_1/1d915fed9afd7921aa72e06cbfa85c37895b0ea143985d9991a69853/job_events/01000000/1d915fed9afd7921aa72e06cbfa85c37895b0ea143985d9991a69853-2026-08-06-18-1786040792448342430.jsonl info ..."
time="2026-08-06T18:28:15Z" level=info msg="Prepare to get object log/cluster-history/raycluster/test-ns-w9xgr/raycluster-historyserver/session_2026-08-06_11-26-27_122540_1/1d915fed9afd7921aa72e06cbfa85c37895b0ea143985d9991a69853/job_events/02000000/1d915fed9afd7921aa72e06cbfa85c37895b0ea143985d9991a69853-2026-08-06-18-1786040811039632382.jsonl info ..."
time="2026-08-06T18:28:15Z" level=info msg="Prepare to get object log/cluster-history/raycluster/test-ns-w9xgr/raycluster-historyserver/session_2026-08-06_11-26-27_122540_1/1d915fed9afd7921aa72e06cbfa85c37895b0ea143985d9991a69853/job_events/03000000/1d915fed9afd7921aa72e06cbfa85c37895b0ea143985d9991a69853-2026-08-06-18-1786040812042105758.jsonl info ..."
time="2026-08-06T18:28:45Z" level=info msg="Prepare to get object log/cluster-history/raycluster/test-ns-w9xgr/raycluster-historyserver/session_2026-08-06_11-26-27_122540_1/1d915fed9afd7921aa72e06cbfa85c37895b0ea143985d9991a69853/job_events/03000000/1d915fed9afd7921aa72e06cbfa85c37895b0ea143985d9991a69853-2026-08-06-18-1786040851353564887.jsonl info ..."
time="2026-08-06T18:29:01Z" level=info msg="Prepare to get object log/cluster-history/raycluster/test-ns-w9xgr/raycluster-historyserver/session_2026-08-06_11-26-27_122540_1/1d915fed9afd7921aa72e06cbfa85c37895b0ea143985d9991a69853/job_events/04000000/1d915fed9afd7921aa72e06cbfa85c37895b0ea143985d9991a69853-2026-08-06-18-1786040828077946293.jsonl info ..."
time="2026-08-06T18:29:01Z" level=info msg="Prepare to get object log/cluster-history/raycluster/test-ns-w9xgr/raycluster-historyserver/session_2026-08-06_11-26-27_122540_1/e2fc589c7984503f1766ea2ab957ac53dd6da0a21efea1139903b383/job_events/03000000/e2fc589c7984503f1766ea2ab957ac53dd6da0a21efea1139903b383-2026-08-06-18-1786040813373076300.jsonl info ..."
time="2026-08-06T18:29:14Z" level=error msg="Failed to store events for file session_2026-08-06_11-26-27_122540_1/e2fc589c7984503f1766ea2ab957ac53dd6da0a21efea1139903b383/job_events/03000000/e2fc589c7984503f1766ea2ab957ac53dd6da0a21efea1139903b383-2026-08-06-18-1786040813373076300.jsonl: TASK_LIFECYCLE_EVENT must have at least one state transition"
time="2026-08-06T18:29:14Z" level=error msg="Failed to store events for file session_2026-08-06_11-26-27_122540_1/e2fc589c7984503f1766ea2ab957ac53dd6da0a21efea1139903b383/job_events/03000000/e2fc589c7984503f1766ea2ab957ac53dd6da0a21efea1139903b383-2026-08-06-18-1786040813373076300.jsonl: TASK_LIFECYCLE_EVENT must have at least one state transition"
time="2026-08-06T18:29:15Z" level=error msg="Failed to store events for file session_2026-08-06_11-26-27_122540_1/e2fc589c7984503f1766ea2ab957ac53dd6da0a21efea1139903b383/job_events/03000000/e2fc589c7984503f1766ea2ab957ac53dd6da0a21efea1139903b383-2026-08-06-18-1786040813373076300.jsonl: TASK_LIFECYCLE_EVENT must have at least one state transition"
time="2026-08-06T18:29:15Z" level=error msg="Failed to store events for file session_2026-08-06_11-26-27_122540_1/e2fc589c7984503f1766ea2ab957ac53dd6da0a21efea1139903b383/job_events/03000000/e2fc589c7984503f1766ea2ab957ac53dd6da0a21efea1139903b383-2026-08-06-18-1786040813373076300.jsonl: TASK_LIFECYCLE_EVENT must have at least one state transition"
time="2026-08-06T18:29:15Z" level=error msg="Failed to store events for file session_2026-08-06_11-26-27_122540_1/e2fc589c7984503f1766ea2ab957ac53dd6da0a21efea1139903b383/job_events/03000000/e2fc589c7984503f1766ea2ab957ac53dd6da0a21efea1139903b383-2026-08-06-18-1786040813373076300.jsonl: TASK_LIFECYCLE_EVENT must have at least one state transition"
time="2026-08-06T18:29:15Z" level=error msg="Failed to store events for file session_2026-08-06_11-26-27_122540_1/e2fc589c7984503f1766ea2ab957ac53dd6da0a21efea1139903b383/job_events/03000000/e2fc589c7984503f1766ea2ab957ac53dd6da0a21efea1139903b383-2026-08-06-18-1786040813373076300.jsonl: TASK_LIFECYCLE_EVENT must have at least one state transition"
time="2026-08-06T18:29:15Z" level=error msg="Failed to store events for file session_2026-08-06_11-26-27_122540_1/e2fc589c7984503f1766ea2ab957ac53dd6da0a21efea1139903b383/job_events/03000000/e2fc589c7984503f1766ea2ab957ac53dd6da0a21efea1139903b383-2026-08-06-18-1786040813373076300.jsonl: TASK_LIFECYCLE_EVENT must have at least one state transition"
time="2026-08-06T18:29:15Z" level=error msg="Failed to store events for file session_2026-08-06_11-26-27_122540_1/e2fc589c7984503f1766ea2ab957ac53dd6da0a21efea1139903b383/job_events/03000000/e2fc589c7984503f1766ea2ab957ac53dd6da0a21efea1139903b383-2026-08-06-18-1786040813373076300.jsonl: TASK_LIFECYCLE_EVENT must have at least one state transition"
time="2026-08-06T18:29:16Z" level=error msg="Failed to store events for file session_2026-08-06_11-26-27_122540_1/e2fc589c7984503f1766ea2ab957ac53dd6da0a21efea1139903b383/job_events/03000000/e2fc589c7984503f1766ea2ab957ac53dd6da0a21efea1139903b383-2026-08-06-18-1786040813373076300.jsonl: TASK_LIFECYCLE_EVENT must have at least one state transition"
time="2026-08-06T18:29:16Z" level=error msg="Failed to store events for file session_2026-08-06_11-26-27_122540_1/e2fc589c7984503f1766ea2ab957ac53dd6da0a21efea1139903b383/job_events/03000000/e2fc589c7984503f1766ea2ab957ac53dd6da0a21efea1139903b383-2026-08-06-18-1786040813373076300.jsonl: TASK_LIFECYCLE_EVENT must have at least one state transition"
time="2026-08-06T18:29:16Z" level=error msg="Failed to store events for file session_2026-08-06_11-26-27_122540_1/e2fc589c7984503f1766ea2ab957ac53dd6da0a21efea1139903b383/job_events/03000000/e2fc589c7984503f1766ea2ab957ac53dd6da0a21efea1139903b383-2026-08-06-18-1786040813373076300.jsonl: TASK_LIFECYCLE_EVENT must have at least one state transition"
time="2026-08-06T18:29:16Z" level=error msg="Failed to store events for file session_2026-08-06_11-26-27_122540_1/e2fc589c7984503f1766ea2ab957ac53dd6da0a21efea1139903b383/job_events/03000000/e2fc589c7984503f1766ea2ab957ac53dd6da0a21efea1139903b383-2026-08-06-18-1786040813373076300.jsonl: TASK_LIFECYCLE_EVENT must have at least one state transition"
time="2026-08-06T18:29:16Z" level=error msg="Failed to store events for file session_2026-08-06_11-26-27_122540_1/e2fc589c7984503f1766ea2ab957ac53dd6da0a21efea1139903b383/job_events/03000000/e2fc589c7984503f1766ea2ab957ac53dd6da0a21efea1139903b383-2026-08-06-18-1786040813373076300.jsonl: TASK_LIFECYCLE_EVENT must have at least one state transition"
time="2026-08-06T18:29:16Z" level=error msg="Failed to store events for file session_2026-08-06_11-26-27_122540_1/e2fc589c7984503f1766ea2ab957ac53dd6da0a21efea1139903b383/job_events/03000000/e2fc589c7984503f1766ea2ab957ac53dd6da0a21efea1139903b383-2026-08-06-18-1786040813373076300.jsonl: TASK_LIFECYCLE_EVENT must have at least one state transition"
time="2026-08-06T18:29:17Z" level=error msg="Failed to store events for file session_2026-08-06_11-26-27_122540_1/e2fc589c7984503f1766ea2ab957ac53dd6da0a21efea1139903b383/job_events/03000000/e2fc589c7984503f1766ea2ab957ac53dd6da0a21efea1139903b383-2026-08-06-18-1786040813373076300.jsonl: TASK_LIFECYCLE_EVENT must have at least one state transition"
time="2026-08-06T18:29:17Z" level=error msg="Failed to store events for file session_2026-08-06_11-26-27_122540_1/e2fc589c7984503f1766ea2ab957ac53dd6da0a21efea1139903b383/job_events/03000000/e2fc589c7984503f1766ea2ab957ac53dd6da0a21efea1139903b383-2026-08-06-18-1786040813373076300.jsonl: TASK_LIFECYCLE_EVENT must have at least one state transition"
time="2026-08-06T18:29:17Z" level=error msg="Failed to store events for file session_2026-08-06_11-26-27_122540_1/e2fc589c7984503f1766ea2ab957ac53dd6da0a21efea1139903b383/job_events/03000000/e2fc589c7984503f1766ea2ab957ac53dd6da0a21efea1139903b383-2026-08-06-18-1786040813373076300.jsonl: TASK_LIFECYCLE_EVENT must have at least one state transition"
time="2026-08-06T18:29:17Z" level=error msg="Failed to store events for file session_2026-08-06_11-26-27_122540_1/e2fc589c7984503f1766ea2ab957ac53dd6da0a21efea1139903b383/job_events/03000000/e2fc589c7984503f1766ea2ab957ac53dd6da0a21efea1139903b383-2026-08-06-18-1786040813373076300.jsonl: TASK_LIFECYCLE_EVENT must have at least one state transition"
time="2026-08-06T18:29:17Z" level=error msg="Failed to store events for file session_2026-08-06_11-26-27_122540_1/e2fc589c7984503f1766ea2ab957ac53dd6da0a21efea1139903b383/job_events/03000000/e2fc589c7984503f1766ea2ab957ac53dd6da0a21efea1139903b383-2026-08-06-18-1786040813373076300.jsonl: TASK_LIFECYCLE_EVENT must have at least one state transition"
time="2026-08-06T18:29:18Z" level=error msg="Failed to store events for file session_2026-08-06_11-26-27_122540_1/e2fc589c7984503f1766ea2ab957ac53dd6da0a21efea1139903b383/job_events/03000000/e2fc589c7984503f1766ea2ab957ac53dd6da0a21efea1139903b383-2026-08-06-18-1786040813373076300.jsonl: TASK_LIFECYCLE_EVENT must have at least one state transition"
time="2026-08-06T18:29:18Z" level=error msg="Failed to store events for file session_2026-08-06_11-26-27_122540_1/e2fc589c7984503f1766ea2ab957ac53dd6da0a21efea1139903b383/job_events/03000000/e2fc589c7984503f1766ea2ab957ac53dd6da0a21efea1139903b383-2026-08-06-18-1786040813373076300.jsonl: TASK_LIFECYCLE_EVENT must have at least one state transition"
time="2026-08-06T18:29:18Z" level=error msg="Failed to store events for file session_2026-08-06_11-26-27_122540_1/e2fc589c7984503f1766ea2ab957ac53dd6da0a21efea1139903b383/job_events/03000000/e2fc589c7984503f1766ea2ab957ac53dd6da0a21efea1139903b383-2026-08-06-18-1786040813373076300.jsonl: TASK_LIFECYCLE_EVENT must have at least one state transition"
time="2026-08-06T18:29:18Z" level=error msg="Failed to store events for file session_2026-08-06_11-26-27_122540_1/e2fc589c7984503f1766ea2ab957ac53dd6da0a21efea1139903b383/job_events/03000000/e2fc589c7984503f1766ea2ab957ac53dd6da0a21efea1139903b383-2026-08-06-18-1786040813373076300.jsonl: TASK_LIFECYCLE_EVENT must have at least one state transition"
time="2026-08-06T18:29:18Z" level=error msg="Failed to store events for file session_2026-08-06_11-26-27_122540_1/e2fc589c7984503f1766ea2ab957ac53dd6da0a21efea1139903b383/job_events/03000000/e2fc589c7984503f1766ea2ab957ac53dd6da0a21efea1139903b383-2026-08-06-18-1786040813373076300.jsonl: TASK_LIFECYCLE_EVENT must have at least one state transition"
time="2026-08-06T18:29:19Z" level=error msg="Failed to store events for file session_2026-08-06_11-26-27_122540_1/e2fc589c7984503f1766ea2ab957ac53dd6da0a21efea1139903b383/job_events/03000000/e2fc589c7984503f1766ea2ab957ac53dd6da0a21efea1139903b383-2026-08-06-18-1786040813373076300.jsonl: TASK_LIFECYCLE_EVENT must have at least one state transition"
time="2026-08-06T18:29:19Z" level=error msg="Failed to store events for file session_2026-08-06_11-26-27_122540_1/e2fc589c7984503f1766ea2ab957ac53dd6da0a21efea1139903b383/job_events/03000000/e2fc589c7984503f1766ea2ab957ac53dd6da0a21efea1139903b383-2026-08-06-18-1786040813373076300.jsonl: TASK_LIFECYCLE_EVENT must have at least one state transition"
time="2026-08-06T18:29:19Z" level=error msg="Failed to store events for file session_2026-08-06_11-26-27_122540_1/e2fc589c7984503f1766ea2ab957ac53dd6da0a21efea1139903b383/job_events/03000000/e2fc589c7984503f1766ea2ab957ac53dd6da0a21efea1139903b383-2026-08-06-18-1786040813373076300.jsonl: TASK_LIFECYCLE_EVENT must have at least one state transition"
time="2026-08-06T18:29:19Z" level=error msg="Failed to store events for file session_2026-08-06_11-26-27_122540_1/e2fc589c7984503f1766ea2ab957ac53dd6da0a21efea1139903b383/job_events/03000000/e2fc589c7984503f1766ea2ab957ac53dd6da0a21efea1139903b383-2026-08-06-18-1786040813373076300.jsonl: TASK_LIFECYCLE_EVENT must have at least one state transition"
time="2026-08-06T18:29:19Z" level=error msg="Failed to store events for file session_2026-08-06_11-26-27_122540_1/e2fc589c7984503f1766ea2ab957ac53dd6da0a21efea1139903b383/job_events/03000000/e2fc589c7984503f1766ea2ab957ac53dd6da0a21efea1139903b383-2026-08-06-18-1786040813373076300.jsonl: TASK_LIFECYCLE_EVENT must have at least one state transition"
time="2026-08-06T18:29:20Z" level=error msg="Failed to store events for file session_2026-08-06_11-26-27_122540_1/e2fc589c7984503f1766ea2ab957ac53dd6da0a21efea1139903b383/job_events/03000000/e2fc589c7984503f1766ea2ab957ac53dd6da0a21efea1139903b383-2026-08-06-18-1786040813373076300.jsonl: TASK_LIFECYCLE_EVENT must have at least one state transition"
time="2026-08-06T18:29:20Z" level=error msg="Failed to store events for file session_2026-08-06_11-26-27_122540_1/e2fc589c7984503f1766ea2ab957ac53dd6da0a21efea1139903b383/job_events/03000000/e2fc589c7984503f1766ea2ab957ac53dd6da0a21efea1139903b383-2026-08-06-18-1786040813373076300.jsonl: TASK_LIFECYCLE_EVENT must have at least one state transition"
time="2026-08-06T18:29:20Z" level=error msg="Failed to store events for file session_2026-08-06_11-26-27_122540_1/e2fc589c7984503f1766ea2ab957ac53dd6da0a21efea1139903b383/job_events/03000000/e2fc589c7984503f1766ea2ab957ac53dd6da0a21efea1139903b383-2026-08-06-18-1786040813373076300.jsonl: TASK_LIFECYCLE_EVENT must have at least one state transition"
time="2026-08-06T18:29:20Z" level=error msg="Failed to store events for file session_2026-08-06_11-26-27_122540_1/e2fc589c7984503f1766ea2ab957ac53dd6da0a21efea1139903b383/job_events/03000000/e2fc589c7984503f1766ea2ab957ac53dd6da0a21efea1139903b383-2026-08-06-18-1786040813373076300.jsonl: TASK_LIFECYCLE_EVENT must have at least one state transition"
time="2026-08-06T18:29:20Z" level=error msg="Failed to store events for file session_2026-08-06_11-26-27_122540_1/e2fc589c7984503f1766ea2ab957ac53dd6da0a21efea1139903b383/job_events/03000000/e2fc589c7984503f1766ea2ab957ac53dd6da0a21efea1139903b383-2026-08-06-18-1786040813373076300.jsonl: TASK_LIFECYCLE_EVENT must have at least one state transition"
time="2026-08-06T18:29:20Z" level=error msg="Failed to store events for file session_2026-08-06_11-26-27_122540_1/e2fc589c7984503f1766ea2ab957ac53dd6da0a21efea1139903b383/job_events/03000000/e2fc589c7984503f1766ea2ab957ac53dd6da0a21efea1139903b383-2026-08-06-18-1786040813373076300.jsonl: TASK_LIFECYCLE_EVENT must have at least one state transition"
time="2026-08-06T18:29:21Z" level=error msg="Failed to store events for file session_2026-08-06_11-26-27_122540_1/e2fc589c7984503f1766ea2ab957ac53dd6da0a21efea1139903b383/job_events/03000000/e2fc589c7984503f1766ea2ab957ac53dd6da0a21efea1139903b383-2026-08-06-18-1786040813373076300.jsonl: TASK_LIFECYCLE_EVENT must have at least one state transition"
time="2026-08-06T18:29:21Z" level=error msg="Failed to store events for file session_2026-08-06_11-26-27_122540_1/e2fc589c7984503f1766ea2ab957ac53dd6da0a21efea1139903b383/job_events/03000000/e2fc589c7984503f1766ea2ab957ac53dd6da0a21efea1139903b383-2026-08-06-18-1786040813373076300.jsonl: TASK_LIFECYCLE_EVENT must have at least one state transition"
time="2026-08-06T18:29:21Z" level=error msg="Failed to store events for file session_2026-08-06_11-26-27_122540_1/e2fc589c7984503f1766ea2ab957ac53dd6da0a21efea1139903b383/job_events/03000000/e2fc589c7984503f1766ea2ab957ac53dd6da0a21efea1139903b383-2026-08-06-18-1786040813373076300.jsonl: TASK_LIFECYCLE_EVENT must have at least one state transition"
time="2026-08-06T18:29:21Z" level=error msg="Failed to store events for file session_2026-08-06_11-26-27_122540_1/e2fc589c7984503f1766ea2ab957ac53dd6da0a21efea1139903b383/job_events/03000000/e2fc589c7984503f1766ea2ab957ac53dd6da0a21efea1139903b383-2026-08-06-18-1786040813373076300.jsonl: TASK_LIFECYCLE_EVENT must have at least one state transition"
time="2026-08-06T18:29:21Z" level=error msg="Failed to store events for file session_2026-08-06_11-26-27_122540_1/e2fc589c7984503f1766ea2ab957ac53dd6da0a21efea1139903b383/job_events/03000000/e2fc589c7984503f1766ea2ab957ac53dd6da0a21efea1139903b383-2026-08-06-18-1786040813373076300.jsonl: TASK_LIFECYCLE_EVENT must have at least one state transition"
time="2026-08-06T18:29:21Z" level=error msg="Failed to store events for file session_2026-08-06_11-26-27_122540_1/e2fc589c7984503f1766ea2ab957ac53dd6da0a21efea1139903b383/job_events/03000000/e2fc589c7984503f1766ea2ab957ac53dd6da0a21efea1139903b383-2026-08-06-18-1786040813373076300.jsonl: TASK_LIFECYCLE_EVENT must have at least one state transition"
time="2026-08-06T18:29:21Z" level=error msg="Failed to store events for file session_2026-08-06_11-26-27_122540_1/e2fc589c7984503f1766ea2ab957ac53dd6da0a21efea1139903b383/job_events/03000000/e2fc589c7984503f1766ea2ab957ac53dd6da0a21efea1139903b383-2026-08-06-18-1786040813373076300.jsonl: TASK_LIFECYCLE_EVENT must have at least one state transition"
time="2026-08-06T18:29:22Z" level=error msg="Failed to store events for file session_2026-08-06_11-26-27_122540_1/e2fc589c7984503f1766ea2ab957ac53dd6da0a21efea1139903b383/job_events/03000000/e2fc589c7984503f1766ea2ab957ac53dd6da0a21efea1139903b383-2026-08-06-18-1786040813373076300.jsonl: TASK_LIFECYCLE_EVENT must have at least one state transition"
time="2026-08-06T18:29:22Z" level=error msg="Failed to store events for file session_2026-08-06_11-26-27_122540_1/e2fc589c7984503f1766ea2ab957ac53dd6da0a21efea1139903b383/job_events/03000000/e2fc589c7984503f1766ea2ab957ac53dd6da0a21efea1139903b383-2026-08-06-18-1786040813373076300.jsonl: TASK_LIFECYCLE_EVENT must have at least one state transition"
time="2026-08-06T18:29:22Z" level=error msg="Failed to store events for file session_2026-08-06_11-26-27_122540_1/e2fc589c7984503f1766ea2ab957ac53dd6da0a21efea1139903b383/job_events/03000000/e2fc589c7984503f1766ea2ab957ac53dd6da0a21efea1139903b383-2026-08-06-18-1786040813373076300.jsonl: TASK_LIFECYCLE_EVENT must have at least one state transition"
time="2026-08-06T18:29:22Z" level=error msg="Failed to store events for file session_2026-08-06_11-26-27_122540_1/e2fc589c7984503f1766ea2ab957ac53dd6da0a21efea1139903b383/job_events/03000000/e2fc589c7984503f1766ea2ab957ac53dd6da0a21efea1139903b383-2026-08-06-18-1786040813373076300.jsonl: TASK_LIFECYCLE_EVENT must have at least one state transition"
time="2026-08-06T18:29:23Z" level=error msg="Failed to store events for file session_2026-08-06_11-26-27_122540_1/e2fc589c7984503f1766ea2ab957ac53dd6da0a21efea1139903b383/job_events/03000000/e2fc589c7984503f1766ea2ab957ac53dd6da0a21efea1139903b383-2026-08-06-18-1786040813373076300.jsonl: TASK_LIFECYCLE_EVENT must have at least one state transition"
time="2026-08-06T18:29:23Z" level=error msg="Failed to store events for file session_2026-08-06_11-26-27_122540_1/e2fc589c7984503f1766ea2ab957ac53dd6da0a21efea1139903b383/job_events/03000000/e2fc589c7984503f1766ea2ab957ac53dd6da0a21efea1139903b383-2026-08-06-18-1786040813373076300.jsonl: TASK_LIFECYCLE_EVENT must have at least one state transition"
time="2026-08-06T18:29:23Z" level=error msg="Failed to store events for file session_2026-08-06_11-26-27_122540_1/e2fc589c7984503f1766ea2ab957ac53dd6da0a21efea1139903b383/job_events/03000000/e2fc589c7984503f1766ea2ab957ac53dd6da0a21efea1139903b383-2026-08-06-18-1786040813373076300.jsonl: TASK_LIFECYCLE_EVENT must have at least one state transition"
time="2026-08-06T18:29:23Z" level=error msg="Failed to store events for file session_2026-08-06_11-26-27_122540_1/e2fc589c7984503f1766ea2ab957ac53dd6da0a21efea1139903b383/job_events/03000000/e2fc589c7984503f1766ea2ab957ac53dd6da0a21efea1139903b383-2026-08-06-18-1786040813373076300.jsonl: TASK_LIFECYCLE_EVENT must have at least one state transition"
time="2026-08-06T18:29:23Z" level=error msg="Failed to store events for file session_2026-08-06_11-26-27_122540_1/e2fc589c7984503f1766ea2ab957ac53dd6da0a21efea1139903b383/job_events/03000000/e2fc589c7984503f1766ea2ab957ac53dd6da0a21efea1139903b383-2026-08-06-18-1786040813373076300.jsonl: TASK_LIFECYCLE_EVENT must have at least one state transition"
time="2026-08-06T18:29:24Z" level=error msg="Failed to store events for file session_2026-08-06_11-26-27_122540_1/e2fc589c7984503f1766ea2ab957ac53dd6da0a21efea1139903b383/job_events/03000000/e2fc589c7984503f1766ea2ab957ac53dd6da0a21efea1139903b383-2026-08-06-18-1786040813373076300.jsonl: TASK_LIFECYCLE_EVENT must have at least one state transition"
time="2026-08-06T18:29:24Z" level=error msg="Failed to store events for file session_2026-08-06_11-26-27_122540_1/e2fc589c7984503f1766ea2ab957ac53dd6da0a21efea1139903b383/job_events/03000000/e2fc589c7984503f1766ea2ab957ac53dd6da0a21efea1139903b383-2026-08-06-18-1786040813373076300.jsonl: TASK_LIFECYCLE_EVENT must have at least one state transition"
time="2026-08-06T18:29:25Z" level=error msg="Failed to store events for file session_2026-08-06_11-26-27_122540_1/e2fc589c7984503f1766ea2ab957ac53dd6da0a21efea1139903b383/job_events/03000000/e2fc589c7984503f1766ea2ab957ac53dd6da0a21efea1139903b383-2026-08-06-18-1786040813373076300.jsonl: TASK_LIFECYCLE_EVENT must have at least one state transition"
time="2026-08-06T18:29:25Z" level=error msg="Failed to store events for file session_2026-08-06_11-26-27_122540_1/e2fc589c7984503f1766ea2ab957ac53dd6da0a21efea1139903b383/job_events/03000000/e2fc589c7984503f1766ea2ab957ac53dd6da0a21efea1139903b383-2026-08-06-18-1786040813373076300.jsonl: TASK_LIFECYCLE_EVENT must have at least one state transition"
time="2026-08-06T18:29:25Z" level=error msg="Failed to store events for file session_2026-08-06_11-26-27_122540_1/e2fc589c7984503f1766ea2ab957ac53dd6da0a21efea1139903b383/job_events/03000000/e2fc589c7984503f1766ea2ab957ac53dd6da0a21efea1139903b383-2026-08-06-18-1786040813373076300.jsonl: TASK_LIFECYCLE_EVENT must have at least one state transition"
time="2026-08-06T18:29:26Z" level=error msg="Failed to store events for file session_2026-08-06_11-26-27_122540_1/e2fc589c7984503f1766ea2ab957ac53dd6da0a21efea1139903b383/job_events/03000000/e2fc589c7984503f1766ea2ab957ac53dd6da0a21efea1139903b383-2026-08-06-18-1786040813373076300.jsonl: TASK_LIFECYCLE_EVENT must have at least one state transition"
time="2026-08-06T18:29:26Z" level=error msg="Failed to store events for file session_2026-08-06_11-26-27_122540_1/e2fc589c7984503f1766ea2ab957ac53dd6da0a21efea1139903b383/job_events/03000000/e2fc589c7984503f1766ea2ab957ac53dd6da0a21efea1139903b383-2026-08-06-18-1786040813373076300.jsonl: TASK_LIFECYCLE_EVENT must have at least one state transition"
time="2026-08-06T18:29:27Z" level=error msg="Failed to store events for file session_2026-08-06_11-26-27_122540_1/e2fc589c7984503f1766ea2ab957ac53dd6da0a21efea1139903b383/job_events/03000000/e2fc589c7984503f1766ea2ab957ac53dd6da0a21efea1139903b383-2026-08-06-18-1786040813373076300.jsonl: TASK_LIFECYCLE_EVENT must have at least one state transition"
time="2026-08-06T18:29:27Z" level=info msg="Prepare to get object log/cluster-history/raycluster/test-ns-w9xgr/raycluster-historyserver/session_2026-08-06_11-26-27_122540_1/e2fc589c7984503f1766ea2ab957ac53dd6da0a21efea1139903b383/job_events/03000000/e2fc589c7984503f1766ea2ab957ac53dd6da0a21efea1139903b383-2026-08-06-18-1786040861721969836.jsonl info ..."
time="2026-08-06T18:29:28Z" level=error msg="Failed to store events for file session_2026-08-06_11-26-27_122540_1/e2fc589c7984503f1766ea2ab957ac53dd6da0a21efea1139903b383/job_events/03000000/e2fc589c7984503f1766ea2ab957ac53dd6da0a21efea1139903b383-2026-08-06-18-1786040861721969836.jsonl: TASK_LIFECYCLE_EVENT must have at least one state transition"
time="2026-08-06T18:29:28Z" level=error msg="Failed to store events for file session_2026-08-06_11-26-27_122540_1/e2fc589c7984503f1766ea2ab957ac53dd6da0a21efea1139903b383/job_events/03000000/e2fc589c7984503f1766ea2ab957ac53dd6da0a21efea1139903b383-2026-08-06-18-1786040861721969836.jsonl: TASK_LIFECYCLE_EVENT must have at least one state transition"
time="2026-08-06T18:29:28Z" level=error msg="Failed to store events for file session_2026-08-06_11-26-27_122540_1/e2fc589c7984503f1766ea2ab957ac53dd6da0a21efea1139903b383/job_events/03000000/e2fc589c7984503f1766ea2ab957ac53dd6da0a21efea1139903b383-2026-08-06-18-1786040861721969836.jsonl: TASK_LIFECYCLE_EVENT must have at least one state transition"
time="2026-08-06T18:29:28Z" level=error msg="Failed to store events for file session_2026-08-06_11-26-27_122540_1/e2fc589c7984503f1766ea2ab957ac53dd6da0a21efea1139903b383/job_events/03000000/e2fc589c7984503f1766ea2ab957ac53dd6da0a21efea1139903b383-2026-08-06-18-1786040861721969836.jsonl: TASK_LIFECYCLE_EVENT must have at least one state transition"
time="2026-08-06T18:29:28Z" level=error msg="Failed to store events for file session_2026-08-06_11-26-27_122540_1/e2fc589c7984503f1766ea2ab957ac53dd6da0a21efea1139903b383/job_events/03000000/e2fc589c7984503f1766ea2ab957ac53dd6da0a21efea1139903b383-2026-08-06-18-1786040861721969836.jsonl: TASK_LIFECYCLE_EVENT must have at least one state transition"
time="2026-08-06T18:29:29Z" level=error msg="Failed to store events for file session_2026-08-06_11-26-27_122540_1/e2fc589c7984503f1766ea2ab957ac53dd6da0a21efea1139903b383/job_events/03000000/e2fc589c7984503f1766ea2ab957ac53dd6da0a21efea1139903b383-2026-08-06-18-1786040861721969836.jsonl: TASK_LIFECYCLE_EVENT must have at least one state transition"
time="2026-08-06T18:29:29Z" level=error msg="Failed to store events for file session_2026-08-06_11-26-27_122540_1/e2fc589c7984503f1766ea2ab957ac53dd6da0a21efea1139903b383/job_events/03000000/e2fc589c7984503f1766ea2ab957ac53dd6da0a21efea1139903b383-2026-08-06-18-1786040861721969836.jsonl: TASK_LIFECYCLE_EVENT must have at least one state transition"
time="2026-08-06T18:29:29Z" level=error msg="Failed to store events for file session_2026-08-06_11-26-27_122540_1/e2fc589c7984503f1766ea2ab957ac53dd6da0a21efea1139903b383/job_events/03000000/e2fc589c7984503f1766ea2ab957ac53dd6da0a21efea1139903b383-2026-08-06-18-1786040861721969836.jsonl: TASK_LIFECYCLE_EVENT must have at least one state transition"
time="2026-08-06T18:29:29Z" level=error msg="Failed to store events for file session_2026-08-06_11-26-27_122540_1/e2fc589c7984503f1766ea2ab957ac53dd6da0a21efea1139903b383/job_events/03000000/e2fc589c7984503f1766ea2ab957ac53dd6da0a21efea1139903b383-2026-08-06-18-1786040861721969836.jsonl: TASK_LIFECYCLE_EVENT must have at least one state transition"
time="2026-08-06T18:29:29Z" level=error msg="Failed to store events for file session_2026-08-06_11-26-27_122540_1/e2fc589c7984503f1766ea2ab957ac53dd6da0a21efea1139903b383/job_events/03000000/e2fc589c7984503f1766ea2ab957ac53dd6da0a21efea1139903b383-2026-08-06-18-1786040861721969836.jsonl: TASK_LIFECYCLE_EVENT must have at least one state transition"
time="2026-08-06T18:29:29Z" level=info msg="Prepare to get object log/cluster-history/raycluster/test-ns-w9xgr/raycluster-historyserver/session_2026-08-06_11-26-27_122540_1/1d915fed9afd7921aa72e06cbfa85c37895b0ea143985d9991a69853/node_events/1d915fed9afd7921aa72e06cbfa85c37895b0ea143985d9991a69853-2026-08-06-18-1786040791358687721.jsonl info ..."
time="2026-08-06T18:29:31Z" level=info msg="Received request: GET /enter_cluster/test-ns-w9xgr/raycluster/raycluster-historyserver/session_2026-08-06_11-26-27_122540_1"
time="2026-08-06T18:29:31Z" level=info msg="[List]Returned objects in log/cluster-metadata/. length of page.Contents: 2, length of page.CommonPrefixes: 0"
time="2026-08-06T18:29:31Z" level=error msg="Failed to parse meta file path: log/cluster-metadata/raycluster/test-ns-w9xgr_raycluster-historyserver/, error: invalid path segment count for cluster metadata structure: log/cluster-metadata/raycluster/test-ns-w9xgr_raycluster-historyserver/"
time="2026-08-06T18:29:31Z" level=info msg="Parsed cluster raycluster-historyserver for session session_2026-08-06_11-26-27_122540_1 to list"
time="2026-08-06T18:29:31Z" level=info msg="Received request: GET /api/v0/tasks?limit=100000"
time="2026-08-06T18:29:31Z" level=info msg="Request URL /api/v0/tasks?limit=100000"
time="2026-08-06T18:29:31Z" level=info msg="Received request: GET /api/v0/tasks?limit=100000"
time="2026-08-06T18:29:31Z" level=info msg="Request URL /api/v0/tasks?limit=100000"
time="2026-08-06T18:29:31Z" level=info msg="Received request: GET /api/v0/tasks?limit=100000"
time="2026-08-06T18:29:31Z" level=info msg="Request URL /api/v0/tasks?limit=100000"
time="2026-08-06T18:29:31Z" level=info msg="Received request: GET /api/v0/tasks?limit=100000"
time="2026-08-06T18:29:31Z" level=info msg="Request URL /api/v0/tasks?limit=100000"
time="2026-08-06T18:29:31Z" level=info msg="Received request: GET /api/v0/tasks?limit=100000"
time="2026-08-06T18:29:31Z" level=info msg="Request URL /api/v0/tasks?limit=100000"
time="2026-08-06T18:29:31Z" level=info msg="Received request: GET /api/v0/tasks?limit=100000"
time="2026-08-06T18:29:31Z" level=info msg="Request URL /api/v0/tasks?limit=100000"
time="2026-08-06T18:29:31Z" level=info msg="Received request: GET /api/v0/tasks?limit=100000"
time="2026-08-06T18:29:31Z" level=info msg="Request URL /api/v0/tasks?limit=100000"
time="2026-08-06T18:29:31Z" level=info msg="Received request: GET /api/v0/tasks?limit=100000"
time="2026-08-06T18:29:31Z" level=info msg="Request URL /api/v0/tasks?limit=100000"
time="2026-08-06T18:29:31Z" level=info msg="Received request: GET /api/v0/tasks?limit=100000"
time="2026-08-06T18:29:31Z" level=info msg="Request URL /api/v0/tasks?limit=100000"
time="2026-08-06T18:29:31Z" level=info msg="Received request: GET /api/v0/tasks?limit=100000"
time="2026-08-06T18:29:31Z" level=info msg="Request URL /api/v0/tasks?limit=100000"
time="2026-08-06T18:29:31Z" level=info msg="Received request: GET /api/v0/tasks/summarize"
time="2026-08-06T18:29:31Z" level=info msg="Request URL /api/v0/tasks/summarize"
time="2026-08-06T18:29:32Z" level=info msg="Received request: GET /api/v0/tasks/summarize"
time="2026-08-06T18:29:32Z" level=info msg="Request URL /api/v0/tasks/summarize"
time="2026-08-06T18:29:33Z" level=info msg="Received request: GET /api/v0/tasks/summarize"
time="2026-08-06T18:29:33Z" level=info msg="Request URL /api/v0/tasks/summarize"
time="2026-08-06T18:29:34Z" level=info msg="Received request: GET /api/v0/tasks/summarize"
time="2026-08-06T18:29:34Z" level=info msg="Request URL /api/v0/tasks/summarize"
time="2026-08-06T18:29:35Z" level=info msg="Received request: GET /api/v0/tasks/summarize"
time="2026-08-06T18:29:35Z" level=info msg="Request URL /api/v0/tasks/summarize"
time="2026-08-06T18:29:36Z" level=info msg="Received request: GET /api/v0/tasks/summarize"
time="2026-08-06T18:29:36Z" level=info msg="Request URL /api/v0/tasks/summarize"
time="2026-08-06T18:29:37Z" level=info msg="Received request: GET /api/v0/tasks/summarize"
time="2026-08-06T18:29:37Z" level=info msg="Request URL /api/v0/tasks/summarize"
time="2026-08-06T18:29:37Z" level=info msg="Received request: GET /api/v0/tasks/summarize"
time="2026-08-06T18:29:37Z" level=info msg="Request URL /api/v0/tasks/summarize"
time="2026-08-06T18:29:38Z" level=info msg="Received request: GET /api/v0/tasks/summarize"
time="2026-08-06T18:29:38Z" level=info msg="Request URL /api/v0/tasks/summarize"
time="2026-08-06T18:29:39Z" level=info msg="Received request: GET /api/v0/tasks/summarize"
time="2026-08-06T18:29:39Z" level=info msg="Request URL /api/v0/tasks/summarize"
time="2026-08-06T18:29:40Z" level=info msg="Received request: GET /api/jobs/"
time="2026-08-06T18:29:40Z" level=info msg="Request URL /api/jobs/"
time="2026-08-06T18:29:40Z" level=info msg="Received request: GET /api/jobs/"
time="2026-08-06T18:29:40Z" level=info msg="Request URL /api/jobs/"
time="2026-08-06T18:29:40Z" level=info msg="Received request: GET /api/jobs/"
time="2026-08-06T18:29:40Z" level=info msg="Request URL /api/jobs/"
time="2026-08-06T18:29:40Z" level=info msg="Received request: GET /api/jobs/"
time="2026-08-06T18:29:40Z" level=info msg="Request URL /api/jobs/"
time="2026-08-06T18:29:40Z" level=info msg="Received request: GET /api/jobs/"
time="2026-08-06T18:29:40Z" level=info msg="Request URL /api/jobs/"
time="2026-08-06T18:29:40Z" level=info msg="Received request: GET /api/jobs/"
time="2026-08-06T18:29:40Z" level=info msg="Request URL /api/jobs/"
time="2026-08-06T18:29:40Z" level=info msg="Received request: GET /api/jobs/"
time="2026-08-06T18:29:40Z" level=info msg="Request URL /api/jobs/"
time="2026-08-06T18:29:40Z" level=info msg="Received request: GET /api/jobs/"
time="2026-08-06T18:29:40Z" level=info msg="Request URL /api/jobs/"
time="2026-08-06T18:29:40Z" level=info msg="Received request: GET /api/jobs/"
time="2026-08-06T18:29:40Z" level=info msg="Request URL /api/jobs/"
time="2026-08-06T18:29:40Z" level=info msg="Received request: GET /api/jobs/"
time="2026-08-06T18:29:40Z" level=info msg="Request URL /api/jobs/"
time="2026-08-06T18:29:40Z" level=info msg="Request URL /nodes?view=summary"
time="2026-08-06T18:29:40Z" level=info msg="Request URL /nodes?view=summary"
time="2026-08-06T18:29:41Z" level=info msg="Request URL /nodes?view=summary"
time="2026-08-06T18:29:41Z" level=info msg="Request URL /nodes?view=summary"
time="2026-08-06T18:29:41Z" level=info msg="Request URL /nodes?view=summary"
time="2026-08-06T18:29:41Z" level=info msg="Request URL /nodes?view=summary"
time="2026-08-06T18:29:41Z" level=info msg="Request URL /nodes?view=summary"
time="2026-08-06T18:29:41Z" level=info msg="Request URL /nodes?view=summary"
time="2026-08-06T18:29:41Z" level=info msg="Request URL /nodes?view=summary"
time="2026-08-06T18:29:41Z" level=info msg="Request URL /nodes?view=summary"
time="2026-08-06T18:29:41Z" level=info msg="Request URL /events"
time="2026-08-06T18:29:41Z" level=info msg="Request URL /events"
time="2026-08-06T18:29:41Z" level=info msg="Request URL /events"
time="2026-08-06T18:29:41Z" level=info msg="Request URL /events"
time="2026-08-06T18:29:41Z" level=info msg="Request URL /events"
time="2026-08-06T18:29:41Z" level=info msg="Request URL /events"
time="2026-08-06T18:29:41Z" level=info msg="Request URL /events"
time="2026-08-06T18:29:41Z" level=info msg="Request URL /events"
time="2026-08-06T18:29:41Z" level=info msg="Request URL /events"
time="2026-08-06T18:29:42Z" level=info msg="Request URL /events"
