gc 1 @0.306s 2%: 1.5+17+0.70 ms clock, 3.0+2.0/8.1/7.5+1.4 ms cpu, 7->7->4 MB, 8 MB goal, 0 MB stacks, 0 MB globals, 2 P
time="2026-08-06T20:02:14Z" level=info msg="create client manager successfully, clients: 1"
time="2026-08-06T20:02:14Z" level=info msg="Begin to create s3 client ..."
time="2026-08-06T20:02:14Z" level=info msg="Checking if bucket ray-historyserver exists..."
time="2026-08-06T20:02:14Z" level=info msg="Bucket ray-historyserver already exists"
time="2026-08-06T20:02:14Z" level=info msg="Clean logdir is logs"
time="2026-08-06T20:02:14Z" level=info msg="Starting server on :8080"
time="2026-08-06T20:02:15Z" level=info msg="Received request: GET /readz"
time="2026-08-06T20:02:16Z" level=info msg="live clusters: []"
time="2026-08-06T20:02:16Z" level=info msg="[List]Returned objects in log/cluster-metadata/. length of page.Contents: 2, length of page.CommonPrefixes: 0"
time="2026-08-06T20:02:16Z" level=error msg="Failed to parse meta file path: log/cluster-metadata/raycluster/test-ns-8pm8x_raycluster-historyserver/, error: invalid path segment count for cluster metadata structure: log/cluster-metadata/raycluster/test-ns-8pm8x_raycluster-historyserver/"
time="2026-08-06T20:02:16Z" level=info msg="Parsed cluster raycluster-historyserver for session session_2026-08-06_13-00-30_075667_1 to list"
time="2026-08-06T20:02:16Z" level=info msg="live clusters: []"
time="2026-08-06T20:02:16Z" level=info msg="[List]Returned objects in log/cluster-metadata/. length of page.Contents: 2, length of page.CommonPrefixes: 0"
time="2026-08-06T20:02:16Z" level=error msg="Failed to parse meta file path: log/cluster-metadata/raycluster/test-ns-8pm8x_raycluster-historyserver/, error: invalid path segment count for cluster metadata structure: log/cluster-metadata/raycluster/test-ns-8pm8x_raycluster-historyserver/"
time="2026-08-06T20:02:16Z" level=info msg="Parsed cluster raycluster-historyserver for session session_2026-08-06_13-00-30_075667_1 to list"
time="2026-08-06T20:02:16Z" level=info msg="live clusters: []"
time="2026-08-06T20:02:16Z" level=info msg="[List]Returned objects in log/cluster-metadata/. length of page.Contents: 2, length of page.CommonPrefixes: 0"
time="2026-08-06T20:02:16Z" level=error msg="Failed to parse meta file path: log/cluster-metadata/raycluster/test-ns-8pm8x_raycluster-historyserver/, error: invalid path segment count for cluster metadata structure: log/cluster-metadata/raycluster/test-ns-8pm8x_raycluster-historyserver/"
time="2026-08-06T20:02:16Z" level=info msg="Parsed cluster raycluster-historyserver for session session_2026-08-06_13-00-30_075667_1 to list"
time="2026-08-06T20:02:16Z" level=info msg="live clusters: []"
time="2026-08-06T20:02:16Z" level=info msg="[List]Returned objects in log/cluster-metadata/. length of page.Contents: 2, length of page.CommonPrefixes: 0"
time="2026-08-06T20:02:16Z" level=error msg="Failed to parse meta file path: log/cluster-metadata/raycluster/test-ns-8pm8x_raycluster-historyserver/, error: invalid path segment count for cluster metadata structure: log/cluster-metadata/raycluster/test-ns-8pm8x_raycluster-historyserver/"
time="2026-08-06T20:02:16Z" level=info msg="Parsed cluster raycluster-historyserver for session session_2026-08-06_13-00-30_075667_1 to list"
time="2026-08-06T20:02:16Z" level=info msg="live clusters: []"
time="2026-08-06T20:02:16Z" level=info msg="[List]Returned objects in log/cluster-metadata/. length of page.Contents: 2, length of page.CommonPrefixes: 0"
time="2026-08-06T20:02:16Z" level=error msg="Failed to parse meta file path: log/cluster-metadata/raycluster/test-ns-8pm8x_raycluster-historyserver/, error: invalid path segment count for cluster metadata structure: log/cluster-metadata/raycluster/test-ns-8pm8x_raycluster-historyserver/"
time="2026-08-06T20:02:16Z" level=info msg="Parsed cluster raycluster-historyserver for session session_2026-08-06_13-00-30_075667_1 to list"
time="2026-08-06T20:02:16Z" level=info msg="Received request: GET /enter_cluster/test-ns-8pm8x/raycluster/raycluster-historyserver/session_2026-08-06_13-00-30_075667_1"
time="2026-08-06T20:02:16Z" level=info msg="[List]Returned objects in log/cluster-metadata/. length of page.Contents: 2, length of page.CommonPrefixes: 0"
time="2026-08-06T20:02:16Z" level=error msg="Failed to parse meta file path: log/cluster-metadata/raycluster/test-ns-8pm8x_raycluster-historyserver/, error: invalid path segment count for cluster metadata structure: log/cluster-metadata/raycluster/test-ns-8pm8x_raycluster-historyserver/"
time="2026-08-06T20:02:16Z" level=info msg="Parsed cluster raycluster-historyserver for session session_2026-08-06_13-00-30_075667_1 to list"
time="2026-08-06T20:02:16Z" level=info msg="[ListFiles]Returned objects in log/cluster-history/raycluster/test-ns-8pm8x/raycluster-historyserver/session_2026-08-06_13-00-30_075667_1/. length of page.Contents: 0, length of page.CommonPrefixes: 3"
time="2026-08-06T20:02:16Z" level=info msg="[ListFiles]Returned objects in log/cluster-history/raycluster/test-ns-8pm8x/raycluster-historyserver/session_2026-08-06_13-00-30_075667_1/8d04d9897094b18e7d1751f726bcfbd38bb8436c3c35faa853701853/logs/events/. length of page.Contents: 11, length of page.CommonPrefixes: 0"
time="2026-08-06T20:02:16Z" level=info msg="Prepare to get object log/cluster-history/raycluster/test-ns-8pm8x/raycluster-historyserver/session_2026-08-06_13-00-30_075667_1/8d04d9897094b18e7d1751f726bcfbd38bb8436c3c35faa853701853/logs/events/event_AUTOSCALER.log info ..."
time="2026-08-06T20:02:16Z" level=info msg="Prepare to get object log/cluster-history/raycluster/test-ns-8pm8x/raycluster-historyserver/session_2026-08-06_13-00-30_075667_1/8d04d9897094b18e7d1751f726bcfbd38bb8436c3c35faa853701853/logs/events/event_CORE_WORKER_1013.log info ..."
time="2026-08-06T20:02:16Z" level=info msg="Prepare to get object log/cluster-history/raycluster/test-ns-8pm8x/raycluster-historyserver/session_2026-08-06_13-00-30_075667_1/8d04d9897094b18e7d1751f726bcfbd38bb8436c3c35faa853701853/logs/events/event_CORE_WORKER_1168.log info ..."
time="2026-08-06T20:02:16Z" level=info msg="Prepare to get object log/cluster-history/raycluster/test-ns-8pm8x/raycluster-historyserver/session_2026-08-06_13-00-30_075667_1/8d04d9897094b18e7d1751f726bcfbd38bb8436c3c35faa853701853/logs/events/event_CORE_WORKER_199.log info ..."
time="2026-08-06T20:02:16Z" level=info msg="Prepare to get object log/cluster-history/raycluster/test-ns-8pm8x/raycluster-historyserver/session_2026-08-06_13-00-30_075667_1/8d04d9897094b18e7d1751f726bcfbd38bb8436c3c35faa853701853/logs/events/event_CORE_WORKER_204.log info ..."
time="2026-08-06T20:02:16Z" level=info msg="Prepare to get object log/cluster-history/raycluster/test-ns-8pm8x/raycluster-historyserver/session_2026-08-06_13-00-30_075667_1/8d04d9897094b18e7d1751f726bcfbd38bb8436c3c35faa853701853/logs/events/event_CORE_WORKER_671.log info ..."
time="2026-08-06T20:02:16Z" level=info msg="Prepare to get object log/cluster-history/raycluster/test-ns-8pm8x/raycluster-historyserver/session_2026-08-06_13-00-30_075667_1/8d04d9897094b18e7d1751f726bcfbd38bb8436c3c35faa853701853/logs/events/event_CORE_WORKER_955.log info ..."
time="2026-08-06T20:02:16Z" level=info msg="Prepare to get object log/cluster-history/raycluster/test-ns-8pm8x/raycluster-historyserver/session_2026-08-06_13-00-30_075667_1/8d04d9897094b18e7d1751f726bcfbd38bb8436c3c35faa853701853/logs/events/event_GCS.log info ..."
time="2026-08-06T20:02:16Z" level=info msg="Prepare to get object log/cluster-history/raycluster/test-ns-8pm8x/raycluster-historyserver/session_2026-08-06_13-00-30_075667_1/8d04d9897094b18e7d1751f726bcfbd38bb8436c3c35faa853701853/logs/events/event_JOBS.log info ..."
time="2026-08-06T20:02:16Z" level=info msg="Prepare to get object log/cluster-history/raycluster/test-ns-8pm8x/raycluster-historyserver/session_2026-08-06_13-00-30_075667_1/8d04d9897094b18e7d1751f726bcfbd38bb8436c3c35faa853701853/logs/events/event_RAYLET.log info ..."
time="2026-08-06T20:02:16Z" level=info msg="[ListFiles]Returned objects in log/cluster-history/raycluster/test-ns-8pm8x/raycluster-historyserver/session_2026-08-06_13-00-30_075667_1/a1bd5f50e01aa6e324386b5272ae19dbbb3f08554ecb5d7dc03d7290/logs/events/. length of page.Contents: 13, length of page.CommonPrefixes: 0"
time="2026-08-06T20:02:16Z" level=info msg="Prepare to get object log/cluster-history/raycluster/test-ns-8pm8x/raycluster-historyserver/session_2026-08-06_13-00-30_075667_1/a1bd5f50e01aa6e324386b5272ae19dbbb3f08554ecb5d7dc03d7290/logs/events/event_CORE_WORKER_228.log info ..."
time="2026-08-06T20:02:16Z" level=info msg="Prepare to get object log/cluster-history/raycluster/test-ns-8pm8x/raycluster-historyserver/session_2026-08-06_13-00-30_075667_1/a1bd5f50e01aa6e324386b5272ae19dbbb3f08554ecb5d7dc03d7290/logs/events/event_CORE_WORKER_229.log info ..."
time="2026-08-06T20:02:16Z" level=info msg="Prepare to get object log/cluster-history/raycluster/test-ns-8pm8x/raycluster-historyserver/session_2026-08-06_13-00-30_075667_1/a1bd5f50e01aa6e324386b5272ae19dbbb3f08554ecb5d7dc03d7290/logs/events/event_CORE_WORKER_309.log info ..."
time="2026-08-06T20:02:16Z" level=info msg="Prepare to get object log/cluster-history/raycluster/test-ns-8pm8x/raycluster-historyserver/session_2026-08-06_13-00-30_075667_1/a1bd5f50e01aa6e324386b5272ae19dbbb3f08554ecb5d7dc03d7290/logs/events/event_CORE_WORKER_320.log info ..."
time="2026-08-06T20:02:16Z" level=info msg="Prepare to get object log/cluster-history/raycluster/test-ns-8pm8x/raycluster-historyserver/session_2026-08-06_13-00-30_075667_1/a1bd5f50e01aa6e324386b5272ae19dbbb3f08554ecb5d7dc03d7290/logs/events/event_CORE_WORKER_412.log info ..."
time="2026-08-06T20:02:16Z" level=info msg="Prepare to get object log/cluster-history/raycluster/test-ns-8pm8x/raycluster-historyserver/session_2026-08-06_13-00-30_075667_1/a1bd5f50e01aa6e324386b5272ae19dbbb3f08554ecb5d7dc03d7290/logs/events/event_CORE_WORKER_420.log info ..."
time="2026-08-06T20:02:16Z" level=info msg="Prepare to get object log/cluster-history/raycluster/test-ns-8pm8x/raycluster-historyserver/session_2026-08-06_13-00-30_075667_1/a1bd5f50e01aa6e324386b5272ae19dbbb3f08554ecb5d7dc03d7290/logs/events/event_CORE_WORKER_506.log info ..."
time="2026-08-06T20:02:16Z" level=info msg="Prepare to get object log/cluster-history/raycluster/test-ns-8pm8x/raycluster-historyserver/session_2026-08-06_13-00-30_075667_1/a1bd5f50e01aa6e324386b5272ae19dbbb3f08554ecb5d7dc03d7290/logs/events/event_CORE_WORKER_514.log info ..."
time="2026-08-06T20:02:16Z" level=info msg="Prepare to get object log/cluster-history/raycluster/test-ns-8pm8x/raycluster-historyserver/session_2026-08-06_13-00-30_075667_1/a1bd5f50e01aa6e324386b5272ae19dbbb3f08554ecb5d7dc03d7290/logs/events/event_CORE_WORKER_605.log info ..."
time="2026-08-06T20:02:16Z" level=info msg="Prepare to get object log/cluster-history/raycluster/test-ns-8pm8x/raycluster-historyserver/session_2026-08-06_13-00-30_075667_1/a1bd5f50e01aa6e324386b5272ae19dbbb3f08554ecb5d7dc03d7290/logs/events/event_CORE_WORKER_608.log info ..."
time="2026-08-06T20:02:16Z" level=info msg="Prepare to get object log/cluster-history/raycluster/test-ns-8pm8x/raycluster-historyserver/session_2026-08-06_13-00-30_075667_1/a1bd5f50e01aa6e324386b5272ae19dbbb3f08554ecb5d7dc03d7290/logs/events/event_CORE_WORKER_696.log info ..."
time="2026-08-06T20:02:16Z" level=info msg="Prepare to get object log/cluster-history/raycluster/test-ns-8pm8x/raycluster-historyserver/session_2026-08-06_13-00-30_075667_1/a1bd5f50e01aa6e324386b5272ae19dbbb3f08554ecb5d7dc03d7290/logs/events/event_RAYLET.log info ..."
time="2026-08-06T20:02:16Z" level=info msg="[ListFiles]Returned objects in log/cluster-history/raycluster/test-ns-8pm8x/raycluster-historyserver/session_2026-08-06_13-00-30_075667_1/fetched_endpoints/logs/events/. length of page.Contents: 0, length of page.CommonPrefixes: 0"
time="2026-08-06T20:02:16Z" level=info msg="[ListFiles]Returned objects in log/cluster-history/raycluster/test-ns-8pm8x/raycluster-historyserver/session_2026-08-06_13-00-30_075667_1/. length of page.Contents: 0, length of page.CommonPrefixes: 3"
time="2026-08-06T20:02:16Z" level=info msg="[ListFiles]Returned objects in log/cluster-history/raycluster/test-ns-8pm8x/raycluster-historyserver/session_2026-08-06_13-00-30_075667_1/8d04d9897094b18e7d1751f726bcfbd38bb8436c3c35faa853701853/job_events/. length of page.Contents: 0, length of page.CommonPrefixes: 4"
time="2026-08-06T20:02:16Z" level=info msg="[ListFiles]Returned objects in log/cluster-history/raycluster/test-ns-8pm8x/raycluster-historyserver/session_2026-08-06_13-00-30_075667_1/8d04d9897094b18e7d1751f726bcfbd38bb8436c3c35faa853701853/job_events/01000000/. length of page.Contents: 2, length of page.CommonPrefixes: 0"
time="2026-08-06T20:02:16Z" level=info msg="[ListFiles]Returned objects in log/cluster-history/raycluster/test-ns-8pm8x/raycluster-historyserver/session_2026-08-06_13-00-30_075667_1/8d04d9897094b18e7d1751f726bcfbd38bb8436c3c35faa853701853/job_events/02000000/. length of page.Contents: 2, length of page.CommonPrefixes: 0"
time="2026-08-06T20:02:16Z" level=info msg="[ListFiles]Returned objects in log/cluster-history/raycluster/test-ns-8pm8x/raycluster-historyserver/session_2026-08-06_13-00-30_075667_1/8d04d9897094b18e7d1751f726bcfbd38bb8436c3c35faa853701853/job_events/03000000/. length of page.Contents: 3, length of page.CommonPrefixes: 0"
time="2026-08-06T20:02:16Z" level=info msg="[ListFiles]Returned objects in log/cluster-history/raycluster/test-ns-8pm8x/raycluster-historyserver/session_2026-08-06_13-00-30_075667_1/8d04d9897094b18e7d1751f726bcfbd38bb8436c3c35faa853701853/job_events/04000000/. length of page.Contents: 2, length of page.CommonPrefixes: 0"
time="2026-08-06T20:02:16Z" level=info msg="[ListFiles]Returned objects in log/cluster-history/raycluster/test-ns-8pm8x/raycluster-historyserver/session_2026-08-06_13-00-30_075667_1/a1bd5f50e01aa6e324386b5272ae19dbbb3f08554ecb5d7dc03d7290/job_events/. length of page.Contents: 0, length of page.CommonPrefixes: 1"
time="2026-08-06T20:02:16Z" level=info msg="[ListFiles]Returned objects in log/cluster-history/raycluster/test-ns-8pm8x/raycluster-historyserver/session_2026-08-06_13-00-30_075667_1/a1bd5f50e01aa6e324386b5272ae19dbbb3f08554ecb5d7dc03d7290/job_events/03000000/. length of page.Contents: 2, length of page.CommonPrefixes: 0"
time="2026-08-06T20:02:16Z" level=info msg="[ListFiles]Returned objects in log/cluster-history/raycluster/test-ns-8pm8x/raycluster-historyserver/session_2026-08-06_13-00-30_075667_1/fetched_endpoints/job_events/. length of page.Contents: 0, length of page.CommonPrefixes: 0"
time="2026-08-06T20:02:16Z" level=info msg="[ListFiles]Returned objects in log/cluster-history/raycluster/test-ns-8pm8x/raycluster-historyserver/session_2026-08-06_13-00-30_075667_1/. length of page.Contents: 0, length of page.CommonPrefixes: 3"
time="2026-08-06T20:02:16Z" level=info msg="[ListFiles]Returned objects in log/cluster-history/raycluster/test-ns-8pm8x/raycluster-historyserver/session_2026-08-06_13-00-30_075667_1/8d04d9897094b18e7d1751f726bcfbd38bb8436c3c35faa853701853/node_events/. length of page.Contents: 2, length of page.CommonPrefixes: 0"
time="2026-08-06T20:02:16Z" level=info msg="[ListFiles]Returned objects in log/cluster-history/raycluster/test-ns-8pm8x/raycluster-historyserver/session_2026-08-06_13-00-30_075667_1/a1bd5f50e01aa6e324386b5272ae19dbbb3f08554ecb5d7dc03d7290/node_events/. length of page.Contents: 0, length of page.CommonPrefixes: 0"
time="2026-08-06T20:02:16Z" level=info msg="[ListFiles]Returned objects in log/cluster-history/raycluster/test-ns-8pm8x/raycluster-historyserver/session_2026-08-06_13-00-30_075667_1/fetched_endpoints/node_events/. length of page.Contents: 0, length of page.CommonPrefixes: 0"
time="2026-08-06T20:02:16Z" level=info msg="Prepare to get object log/cluster-history/raycluster/test-ns-8pm8x/raycluster-historyserver/session_2026-08-06_13-00-30_075667_1/8d04d9897094b18e7d1751f726bcfbd38bb8436c3c35faa853701853/job_events/01000000/8d04d9897094b18e7d1751f726bcfbd38bb8436c3c35faa853701853-2026-08-06-20-1786046435434914291.jsonl info ..."
time="2026-08-06T20:02:16Z" level=info msg="Prepare to get object log/cluster-history/raycluster/test-ns-8pm8x/raycluster-historyserver/session_2026-08-06_13-00-30_075667_1/8d04d9897094b18e7d1751f726bcfbd38bb8436c3c35faa853701853/job_events/02000000/8d04d9897094b18e7d1751f726bcfbd38bb8436c3c35faa853701853-2026-08-06-20-1786046452665820383.jsonl info ..."
time="2026-08-06T20:02:16Z" level=info msg="Prepare to get object log/cluster-history/raycluster/test-ns-8pm8x/raycluster-historyserver/session_2026-08-06_13-00-30_075667_1/8d04d9897094b18e7d1751f726bcfbd38bb8436c3c35faa853701853/job_events/03000000/8d04d9897094b18e7d1751f726bcfbd38bb8436c3c35faa853701853-2026-08-06-20-1786046453666068008.jsonl info ..."
gc 2 @1.761s 0%: 0.15+7.8+0.061 ms clock, 0.30+3.2/2.7/7.7+0.12 ms cpu, 15->15->8 MB, 15 MB goal, 0 MB stacks, 0 MB globals, 2 P
gc 3 @1.786s 0%: 0.20+9.8+0.071 ms clock, 0.40+0/5.0/8.5+0.14 ms cpu, 34->34->34 MB, 34 MB goal, 0 MB stacks, 0 MB globals, 2 P
gc 4 @1.867s 0%: 0.13+12+0.14 ms clock, 0.26+0/6.7/10+0.28 ms cpu, 147->147->147 MB, 147 MB goal, 0 MB stacks, 0 MB globals, 2 P
gc 5 @1.996s 1%: 0.12+25+0.20 ms clock, 0.25+0.12/10/12+0.40 ms cpu, 449->449->238 MB, 449 MB goal, 0 MB stacks, 0 MB globals, 2 P
gc 6 @6.213s 1%: 0.13+280+0.12 ms clock, 0.26+0.12/149/202+0.24 ms cpu, 711->719->320 MB, 715 MB goal, 0 MB stacks, 0 MB globals, 2 P
gc 7 @18.250s 1%: 0.13+986+0.11 ms clock, 0.26+0.38/507/728+0.23 ms cpu, 944->965->622 MB, 963 MB goal, 0 MB stacks, 0 MB globals, 2 P
time="2026-08-06T20:02:46Z" level=info msg="Prepare to get object log/cluster-history/raycluster/test-ns-8pm8x/raycluster-historyserver/session_2026-08-06_13-00-30_075667_1/8d04d9897094b18e7d1751f726bcfbd38bb8436c3c35faa853701853/job_events/03000000/8d04d9897094b18e7d1751f726bcfbd38bb8436c3c35faa853701853-2026-08-06-20-1786046495524365083.jsonl info ..."
time="2026-08-06T20:02:52Z" level=info msg="Prepare to get object log/cluster-history/raycluster/test-ns-8pm8x/raycluster-historyserver/session_2026-08-06_13-00-30_075667_1/8d04d9897094b18e7d1751f726bcfbd38bb8436c3c35faa853701853/job_events/04000000/8d04d9897094b18e7d1751f726bcfbd38bb8436c3c35faa853701853-2026-08-06-20-1786046468736696001.jsonl info ..."
time="2026-08-06T20:02:52Z" level=info msg="Prepare to get object log/cluster-history/raycluster/test-ns-8pm8x/raycluster-historyserver/session_2026-08-06_13-00-30_075667_1/a1bd5f50e01aa6e324386b5272ae19dbbb3f08554ecb5d7dc03d7290/job_events/03000000/a1bd5f50e01aa6e324386b5272ae19dbbb3f08554ecb5d7dc03d7290-2026-08-06-20-1786046455244902884.jsonl info ..."
gc 8 @38.542s 1%: 0.14+259+0.083 ms clock, 0.29+186/125/196+0.16 ms cpu, 1807->1807->199 MB, 1868 MB goal, 0 MB stacks, 0 MB globals, 2 P
gc 9 @39.063s 1%: 0.14+296+0.040 ms clock, 0.29+247/161/147+0.081 ms cpu, 691->691->410 MB, 691 MB goal, 0 MB stacks, 0 MB globals, 2 P
time="2026-08-06T20:03:07Z" level=error msg="Failed to store events for file session_2026-08-06_13-00-30_075667_1/a1bd5f50e01aa6e324386b5272ae19dbbb3f08554ecb5d7dc03d7290/job_events/03000000/a1bd5f50e01aa6e324386b5272ae19dbbb3f08554ecb5d7dc03d7290-2026-08-06-20-1786046455244902884.jsonl: TASK_LIFECYCLE_EVENT must have at least one state transition"
time="2026-08-06T20:03:07Z" level=error msg="Failed to store events for file session_2026-08-06_13-00-30_075667_1/a1bd5f50e01aa6e324386b5272ae19dbbb3f08554ecb5d7dc03d7290/job_events/03000000/a1bd5f50e01aa6e324386b5272ae19dbbb3f08554ecb5d7dc03d7290-2026-08-06-20-1786046455244902884.jsonl: TASK_LIFECYCLE_EVENT must have at least one state transition"
time="2026-08-06T20:03:07Z" level=error msg="Failed to store events for file session_2026-08-06_13-00-30_075667_1/a1bd5f50e01aa6e324386b5272ae19dbbb3f08554ecb5d7dc03d7290/job_events/03000000/a1bd5f50e01aa6e324386b5272ae19dbbb3f08554ecb5d7dc03d7290-2026-08-06-20-1786046455244902884.jsonl: TASK_LIFECYCLE_EVENT must have at least one state transition"
time="2026-08-06T20:03:08Z" level=error msg="Failed to store events for file session_2026-08-06_13-00-30_075667_1/a1bd5f50e01aa6e324386b5272ae19dbbb3f08554ecb5d7dc03d7290/job_events/03000000/a1bd5f50e01aa6e324386b5272ae19dbbb3f08554ecb5d7dc03d7290-2026-08-06-20-1786046455244902884.jsonl: TASK_LIFECYCLE_EVENT must have at least one state transition"
time="2026-08-06T20:03:08Z" level=error msg="Failed to store events for file session_2026-08-06_13-00-30_075667_1/a1bd5f50e01aa6e324386b5272ae19dbbb3f08554ecb5d7dc03d7290/job_events/03000000/a1bd5f50e01aa6e324386b5272ae19dbbb3f08554ecb5d7dc03d7290-2026-08-06-20-1786046455244902884.jsonl: TASK_LIFECYCLE_EVENT must have at least one state transition"
time="2026-08-06T20:03:08Z" level=error msg="Failed to store events for file session_2026-08-06_13-00-30_075667_1/a1bd5f50e01aa6e324386b5272ae19dbbb3f08554ecb5d7dc03d7290/job_events/03000000/a1bd5f50e01aa6e324386b5272ae19dbbb3f08554ecb5d7dc03d7290-2026-08-06-20-1786046455244902884.jsonl: TASK_LIFECYCLE_EVENT must have at least one state transition"
time="2026-08-06T20:03:08Z" level=error msg="Failed to store events for file session_2026-08-06_13-00-30_075667_1/a1bd5f50e01aa6e324386b5272ae19dbbb3f08554ecb5d7dc03d7290/job_events/03000000/a1bd5f50e01aa6e324386b5272ae19dbbb3f08554ecb5d7dc03d7290-2026-08-06-20-1786046455244902884.jsonl: TASK_LIFECYCLE_EVENT must have at least one state transition"
time="2026-08-06T20:03:08Z" level=error msg="Failed to store events for file session_2026-08-06_13-00-30_075667_1/a1bd5f50e01aa6e324386b5272ae19dbbb3f08554ecb5d7dc03d7290/job_events/03000000/a1bd5f50e01aa6e324386b5272ae19dbbb3f08554ecb5d7dc03d7290-2026-08-06-20-1786046455244902884.jsonl: TASK_LIFECYCLE_EVENT must have at least one state transition"
time="2026-08-06T20:03:08Z" level=error msg="Failed to store events for file session_2026-08-06_13-00-30_075667_1/a1bd5f50e01aa6e324386b5272ae19dbbb3f08554ecb5d7dc03d7290/job_events/03000000/a1bd5f50e01aa6e324386b5272ae19dbbb3f08554ecb5d7dc03d7290-2026-08-06-20-1786046455244902884.jsonl: TASK_LIFECYCLE_EVENT must have at least one state transition"
time="2026-08-06T20:03:08Z" level=error msg="Failed to store events for file session_2026-08-06_13-00-30_075667_1/a1bd5f50e01aa6e324386b5272ae19dbbb3f08554ecb5d7dc03d7290/job_events/03000000/a1bd5f50e01aa6e324386b5272ae19dbbb3f08554ecb5d7dc03d7290-2026-08-06-20-1786046455244902884.jsonl: TASK_LIFECYCLE_EVENT must have at least one state transition"
time="2026-08-06T20:03:08Z" level=error msg="Failed to store events for file session_2026-08-06_13-00-30_075667_1/a1bd5f50e01aa6e324386b5272ae19dbbb3f08554ecb5d7dc03d7290/job_events/03000000/a1bd5f50e01aa6e324386b5272ae19dbbb3f08554ecb5d7dc03d7290-2026-08-06-20-1786046455244902884.jsonl: TASK_LIFECYCLE_EVENT must have at least one state transition"
time="2026-08-06T20:03:08Z" level=error msg="Failed to store events for file session_2026-08-06_13-00-30_075667_1/a1bd5f50e01aa6e324386b5272ae19dbbb3f08554ecb5d7dc03d7290/job_events/03000000/a1bd5f50e01aa6e324386b5272ae19dbbb3f08554ecb5d7dc03d7290-2026-08-06-20-1786046455244902884.jsonl: TASK_LIFECYCLE_EVENT must have at least one state transition"
time="2026-08-06T20:03:09Z" level=error msg="Failed to store events for file session_2026-08-06_13-00-30_075667_1/a1bd5f50e01aa6e324386b5272ae19dbbb3f08554ecb5d7dc03d7290/job_events/03000000/a1bd5f50e01aa6e324386b5272ae19dbbb3f08554ecb5d7dc03d7290-2026-08-06-20-1786046455244902884.jsonl: TASK_LIFECYCLE_EVENT must have at least one state transition"
time="2026-08-06T20:03:09Z" level=error msg="Failed to store events for file session_2026-08-06_13-00-30_075667_1/a1bd5f50e01aa6e324386b5272ae19dbbb3f08554ecb5d7dc03d7290/job_events/03000000/a1bd5f50e01aa6e324386b5272ae19dbbb3f08554ecb5d7dc03d7290-2026-08-06-20-1786046455244902884.jsonl: TASK_LIFECYCLE_EVENT must have at least one state transition"
time="2026-08-06T20:03:09Z" level=error msg="Failed to store events for file session_2026-08-06_13-00-30_075667_1/a1bd5f50e01aa6e324386b5272ae19dbbb3f08554ecb5d7dc03d7290/job_events/03000000/a1bd5f50e01aa6e324386b5272ae19dbbb3f08554ecb5d7dc03d7290-2026-08-06-20-1786046455244902884.jsonl: TASK_LIFECYCLE_EVENT must have at least one state transition"
time="2026-08-06T20:03:09Z" level=error msg="Failed to store events for file session_2026-08-06_13-00-30_075667_1/a1bd5f50e01aa6e324386b5272ae19dbbb3f08554ecb5d7dc03d7290/job_events/03000000/a1bd5f50e01aa6e324386b5272ae19dbbb3f08554ecb5d7dc03d7290-2026-08-06-20-1786046455244902884.jsonl: TASK_LIFECYCLE_EVENT must have at least one state transition"
time="2026-08-06T20:03:09Z" level=error msg="Failed to store events for file session_2026-08-06_13-00-30_075667_1/a1bd5f50e01aa6e324386b5272ae19dbbb3f08554ecb5d7dc03d7290/job_events/03000000/a1bd5f50e01aa6e324386b5272ae19dbbb3f08554ecb5d7dc03d7290-2026-08-06-20-1786046455244902884.jsonl: TASK_LIFECYCLE_EVENT must have at least one state transition"
time="2026-08-06T20:03:09Z" level=error msg="Failed to store events for file session_2026-08-06_13-00-30_075667_1/a1bd5f50e01aa6e324386b5272ae19dbbb3f08554ecb5d7dc03d7290/job_events/03000000/a1bd5f50e01aa6e324386b5272ae19dbbb3f08554ecb5d7dc03d7290-2026-08-06-20-1786046455244902884.jsonl: TASK_LIFECYCLE_EVENT must have at least one state transition"
time="2026-08-06T20:03:09Z" level=error msg="Failed to store events for file session_2026-08-06_13-00-30_075667_1/a1bd5f50e01aa6e324386b5272ae19dbbb3f08554ecb5d7dc03d7290/job_events/03000000/a1bd5f50e01aa6e324386b5272ae19dbbb3f08554ecb5d7dc03d7290-2026-08-06-20-1786046455244902884.jsonl: TASK_LIFECYCLE_EVENT must have at least one state transition"
time="2026-08-06T20:03:10Z" level=error msg="Failed to store events for file session_2026-08-06_13-00-30_075667_1/a1bd5f50e01aa6e324386b5272ae19dbbb3f08554ecb5d7dc03d7290/job_events/03000000/a1bd5f50e01aa6e324386b5272ae19dbbb3f08554ecb5d7dc03d7290-2026-08-06-20-1786046455244902884.jsonl: TASK_LIFECYCLE_EVENT must have at least one state transition"
time="2026-08-06T20:03:11Z" level=error msg="Failed to store events for file session_2026-08-06_13-00-30_075667_1/a1bd5f50e01aa6e324386b5272ae19dbbb3f08554ecb5d7dc03d7290/job_events/03000000/a1bd5f50e01aa6e324386b5272ae19dbbb3f08554ecb5d7dc03d7290-2026-08-06-20-1786046455244902884.jsonl: TASK_LIFECYCLE_EVENT must have at least one state transition"
time="2026-08-06T20:03:11Z" level=error msg="Failed to store events for file session_2026-08-06_13-00-30_075667_1/a1bd5f50e01aa6e324386b5272ae19dbbb3f08554ecb5d7dc03d7290/job_events/03000000/a1bd5f50e01aa6e324386b5272ae19dbbb3f08554ecb5d7dc03d7290-2026-08-06-20-1786046455244902884.jsonl: TASK_LIFECYCLE_EVENT must have at least one state transition"
time="2026-08-06T20:03:11Z" level=error msg="Failed to store events for file session_2026-08-06_13-00-30_075667_1/a1bd5f50e01aa6e324386b5272ae19dbbb3f08554ecb5d7dc03d7290/job_events/03000000/a1bd5f50e01aa6e324386b5272ae19dbbb3f08554ecb5d7dc03d7290-2026-08-06-20-1786046455244902884.jsonl: TASK_LIFECYCLE_EVENT must have at least one state transition"
time="2026-08-06T20:03:11Z" level=error msg="Failed to store events for file session_2026-08-06_13-00-30_075667_1/a1bd5f50e01aa6e324386b5272ae19dbbb3f08554ecb5d7dc03d7290/job_events/03000000/a1bd5f50e01aa6e324386b5272ae19dbbb3f08554ecb5d7dc03d7290-2026-08-06-20-1786046455244902884.jsonl: TASK_LIFECYCLE_EVENT must have at least one state transition"
gc 10 @56.025s 1%: 0.14+1239+0.076 ms clock, 0.29+0.096/620/880+0.15 ms cpu, 1217->1246->667 MB, 1233 MB goal, 0 MB stacks, 0 MB globals, 2 P
time="2026-08-06T20:03:11Z" level=error msg="Failed to store events for file session_2026-08-06_13-00-30_075667_1/a1bd5f50e01aa6e324386b5272ae19dbbb3f08554ecb5d7dc03d7290/job_events/03000000/a1bd5f50e01aa6e324386b5272ae19dbbb3f08554ecb5d7dc03d7290-2026-08-06-20-1786046455244902884.jsonl: TASK_LIFECYCLE_EVENT must have at least one state transition"
time="2026-08-06T20:03:12Z" level=error msg="Failed to store events for file session_2026-08-06_13-00-30_075667_1/a1bd5f50e01aa6e324386b5272ae19dbbb3f08554ecb5d7dc03d7290/job_events/03000000/a1bd5f50e01aa6e324386b5272ae19dbbb3f08554ecb5d7dc03d7290-2026-08-06-20-1786046455244902884.jsonl: TASK_LIFECYCLE_EVENT must have at least one state transition"
time="2026-08-06T20:03:12Z" level=error msg="Failed to store events for file session_2026-08-06_13-00-30_075667_1/a1bd5f50e01aa6e324386b5272ae19dbbb3f08554ecb5d7dc03d7290/job_events/03000000/a1bd5f50e01aa6e324386b5272ae19dbbb3f08554ecb5d7dc03d7290-2026-08-06-20-1786046455244902884.jsonl: TASK_LIFECYCLE_EVENT must have at least one state transition"
time="2026-08-06T20:03:12Z" level=error msg="Failed to store events for file session_2026-08-06_13-00-30_075667_1/a1bd5f50e01aa6e324386b5272ae19dbbb3f08554ecb5d7dc03d7290/job_events/03000000/a1bd5f50e01aa6e324386b5272ae19dbbb3f08554ecb5d7dc03d7290-2026-08-06-20-1786046455244902884.jsonl: TASK_LIFECYCLE_EVENT must have at least one state transition"
time="2026-08-06T20:03:12Z" level=error msg="Failed to store events for file session_2026-08-06_13-00-30_075667_1/a1bd5f50e01aa6e324386b5272ae19dbbb3f08554ecb5d7dc03d7290/job_events/03000000/a1bd5f50e01aa6e324386b5272ae19dbbb3f08554ecb5d7dc03d7290-2026-08-06-20-1786046455244902884.jsonl: TASK_LIFECYCLE_EVENT must have at least one state transition"
time="2026-08-06T20:03:12Z" level=error msg="Failed to store events for file session_2026-08-06_13-00-30_075667_1/a1bd5f50e01aa6e324386b5272ae19dbbb3f08554ecb5d7dc03d7290/job_events/03000000/a1bd5f50e01aa6e324386b5272ae19dbbb3f08554ecb5d7dc03d7290-2026-08-06-20-1786046455244902884.jsonl: TASK_LIFECYCLE_EVENT must have at least one state transition"
time="2026-08-06T20:03:12Z" level=error msg="Failed to store events for file session_2026-08-06_13-00-30_075667_1/a1bd5f50e01aa6e324386b5272ae19dbbb3f08554ecb5d7dc03d7290/job_events/03000000/a1bd5f50e01aa6e324386b5272ae19dbbb3f08554ecb5d7dc03d7290-2026-08-06-20-1786046455244902884.jsonl: TASK_LIFECYCLE_EVENT must have at least one state transition"
time="2026-08-06T20:03:13Z" level=error msg="Failed to store events for file session_2026-08-06_13-00-30_075667_1/a1bd5f50e01aa6e324386b5272ae19dbbb3f08554ecb5d7dc03d7290/job_events/03000000/a1bd5f50e01aa6e324386b5272ae19dbbb3f08554ecb5d7dc03d7290-2026-08-06-20-1786046455244902884.jsonl: TASK_LIFECYCLE_EVENT must have at least one state transition"
time="2026-08-06T20:03:13Z" level=error msg="Failed to store events for file session_2026-08-06_13-00-30_075667_1/a1bd5f50e01aa6e324386b5272ae19dbbb3f08554ecb5d7dc03d7290/job_events/03000000/a1bd5f50e01aa6e324386b5272ae19dbbb3f08554ecb5d7dc03d7290-2026-08-06-20-1786046455244902884.jsonl: TASK_LIFECYCLE_EVENT must have at least one state transition"
time="2026-08-06T20:03:13Z" level=error msg="Failed to store events for file session_2026-08-06_13-00-30_075667_1/a1bd5f50e01aa6e324386b5272ae19dbbb3f08554ecb5d7dc03d7290/job_events/03000000/a1bd5f50e01aa6e324386b5272ae19dbbb3f08554ecb5d7dc03d7290-2026-08-06-20-1786046455244902884.jsonl: TASK_LIFECYCLE_EVENT must have at least one state transition"
time="2026-08-06T20:03:14Z" level=error msg="Failed to store events for file session_2026-08-06_13-00-30_075667_1/a1bd5f50e01aa6e324386b5272ae19dbbb3f08554ecb5d7dc03d7290/job_events/03000000/a1bd5f50e01aa6e324386b5272ae19dbbb3f08554ecb5d7dc03d7290-2026-08-06-20-1786046455244902884.jsonl: TASK_LIFECYCLE_EVENT must have at least one state transition"
time="2026-08-06T20:03:14Z" level=error msg="Failed to store events for file session_2026-08-06_13-00-30_075667_1/a1bd5f50e01aa6e324386b5272ae19dbbb3f08554ecb5d7dc03d7290/job_events/03000000/a1bd5f50e01aa6e324386b5272ae19dbbb3f08554ecb5d7dc03d7290-2026-08-06-20-1786046455244902884.jsonl: TASK_LIFECYCLE_EVENT must have at least one state transition"
time="2026-08-06T20:03:14Z" level=error msg="Failed to store events for file session_2026-08-06_13-00-30_075667_1/a1bd5f50e01aa6e324386b5272ae19dbbb3f08554ecb5d7dc03d7290/job_events/03000000/a1bd5f50e01aa6e324386b5272ae19dbbb3f08554ecb5d7dc03d7290-2026-08-06-20-1786046455244902884.jsonl: TASK_LIFECYCLE_EVENT must have at least one state transition"
time="2026-08-06T20:03:14Z" level=error msg="Failed to store events for file session_2026-08-06_13-00-30_075667_1/a1bd5f50e01aa6e324386b5272ae19dbbb3f08554ecb5d7dc03d7290/job_events/03000000/a1bd5f50e01aa6e324386b5272ae19dbbb3f08554ecb5d7dc03d7290-2026-08-06-20-1786046455244902884.jsonl: TASK_LIFECYCLE_EVENT must have at least one state transition"
time="2026-08-06T20:03:14Z" level=error msg="Failed to store events for file session_2026-08-06_13-00-30_075667_1/a1bd5f50e01aa6e324386b5272ae19dbbb3f08554ecb5d7dc03d7290/job_events/03000000/a1bd5f50e01aa6e324386b5272ae19dbbb3f08554ecb5d7dc03d7290-2026-08-06-20-1786046455244902884.jsonl: TASK_LIFECYCLE_EVENT must have at least one state transition"
time="2026-08-06T20:03:14Z" level=error msg="Failed to store events for file session_2026-08-06_13-00-30_075667_1/a1bd5f50e01aa6e324386b5272ae19dbbb3f08554ecb5d7dc03d7290/job_events/03000000/a1bd5f50e01aa6e324386b5272ae19dbbb3f08554ecb5d7dc03d7290-2026-08-06-20-1786046455244902884.jsonl: TASK_LIFECYCLE_EVENT must have at least one state transition"
time="2026-08-06T20:03:15Z" level=error msg="Failed to store events for file session_2026-08-06_13-00-30_075667_1/a1bd5f50e01aa6e324386b5272ae19dbbb3f08554ecb5d7dc03d7290/job_events/03000000/a1bd5f50e01aa6e324386b5272ae19dbbb3f08554ecb5d7dc03d7290-2026-08-06-20-1786046455244902884.jsonl: TASK_LIFECYCLE_EVENT must have at least one state transition"
time="2026-08-06T20:03:15Z" level=error msg="Failed to store events for file session_2026-08-06_13-00-30_075667_1/a1bd5f50e01aa6e324386b5272ae19dbbb3f08554ecb5d7dc03d7290/job_events/03000000/a1bd5f50e01aa6e324386b5272ae19dbbb3f08554ecb5d7dc03d7290-2026-08-06-20-1786046455244902884.jsonl: TASK_LIFECYCLE_EVENT must have at least one state transition"
time="2026-08-06T20:03:15Z" level=error msg="Failed to store events for file session_2026-08-06_13-00-30_075667_1/a1bd5f50e01aa6e324386b5272ae19dbbb3f08554ecb5d7dc03d7290/job_events/03000000/a1bd5f50e01aa6e324386b5272ae19dbbb3f08554ecb5d7dc03d7290-2026-08-06-20-1786046455244902884.jsonl: TASK_LIFECYCLE_EVENT must have at least one state transition"
time="2026-08-06T20:03:15Z" level=error msg="Failed to store events for file session_2026-08-06_13-00-30_075667_1/a1bd5f50e01aa6e324386b5272ae19dbbb3f08554ecb5d7dc03d7290/job_events/03000000/a1bd5f50e01aa6e324386b5272ae19dbbb3f08554ecb5d7dc03d7290-2026-08-06-20-1786046455244902884.jsonl: TASK_LIFECYCLE_EVENT must have at least one state transition"
time="2026-08-06T20:03:15Z" level=error msg="Failed to store events for file session_2026-08-06_13-00-30_075667_1/a1bd5f50e01aa6e324386b5272ae19dbbb3f08554ecb5d7dc03d7290/job_events/03000000/a1bd5f50e01aa6e324386b5272ae19dbbb3f08554ecb5d7dc03d7290-2026-08-06-20-1786046455244902884.jsonl: TASK_LIFECYCLE_EVENT must have at least one state transition"
time="2026-08-06T20:03:15Z" level=error msg="Failed to store events for file session_2026-08-06_13-00-30_075667_1/a1bd5f50e01aa6e324386b5272ae19dbbb3f08554ecb5d7dc03d7290/job_events/03000000/a1bd5f50e01aa6e324386b5272ae19dbbb3f08554ecb5d7dc03d7290-2026-08-06-20-1786046455244902884.jsonl: TASK_LIFECYCLE_EVENT must have at least one state transition"
time="2026-08-06T20:03:16Z" level=error msg="Failed to store events for file session_2026-08-06_13-00-30_075667_1/a1bd5f50e01aa6e324386b5272ae19dbbb3f08554ecb5d7dc03d7290/job_events/03000000/a1bd5f50e01aa6e324386b5272ae19dbbb3f08554ecb5d7dc03d7290-2026-08-06-20-1786046455244902884.jsonl: TASK_LIFECYCLE_EVENT must have at least one state transition"
time="2026-08-06T20:03:16Z" level=error msg="Failed to store events for file session_2026-08-06_13-00-30_075667_1/a1bd5f50e01aa6e324386b5272ae19dbbb3f08554ecb5d7dc03d7290/job_events/03000000/a1bd5f50e01aa6e324386b5272ae19dbbb3f08554ecb5d7dc03d7290-2026-08-06-20-1786046455244902884.jsonl: TASK_LIFECYCLE_EVENT must have at least one state transition"
time="2026-08-06T20:03:16Z" level=error msg="Failed to store events for file session_2026-08-06_13-00-30_075667_1/a1bd5f50e01aa6e324386b5272ae19dbbb3f08554ecb5d7dc03d7290/job_events/03000000/a1bd5f50e01aa6e324386b5272ae19dbbb3f08554ecb5d7dc03d7290-2026-08-06-20-1786046455244902884.jsonl: TASK_LIFECYCLE_EVENT must have at least one state transition"
time="2026-08-06T20:03:17Z" level=error msg="Failed to store events for file session_2026-08-06_13-00-30_075667_1/a1bd5f50e01aa6e324386b5272ae19dbbb3f08554ecb5d7dc03d7290/job_events/03000000/a1bd5f50e01aa6e324386b5272ae19dbbb3f08554ecb5d7dc03d7290-2026-08-06-20-1786046455244902884.jsonl: TASK_LIFECYCLE_EVENT must have at least one state transition"
time="2026-08-06T20:03:17Z" level=error msg="Failed to store events for file session_2026-08-06_13-00-30_075667_1/a1bd5f50e01aa6e324386b5272ae19dbbb3f08554ecb5d7dc03d7290/job_events/03000000/a1bd5f50e01aa6e324386b5272ae19dbbb3f08554ecb5d7dc03d7290-2026-08-06-20-1786046455244902884.jsonl: TASK_LIFECYCLE_EVENT must have at least one state transition"
time="2026-08-06T20:03:17Z" level=error msg="Failed to store events for file session_2026-08-06_13-00-30_075667_1/a1bd5f50e01aa6e324386b5272ae19dbbb3f08554ecb5d7dc03d7290/job_events/03000000/a1bd5f50e01aa6e324386b5272ae19dbbb3f08554ecb5d7dc03d7290-2026-08-06-20-1786046455244902884.jsonl: TASK_LIFECYCLE_EVENT must have at least one state transition"
time="2026-08-06T20:03:17Z" level=error msg="Failed to store events for file session_2026-08-06_13-00-30_075667_1/a1bd5f50e01aa6e324386b5272ae19dbbb3f08554ecb5d7dc03d7290/job_events/03000000/a1bd5f50e01aa6e324386b5272ae19dbbb3f08554ecb5d7dc03d7290-2026-08-06-20-1786046455244902884.jsonl: TASK_LIFECYCLE_EVENT must have at least one state transition"
time="2026-08-06T20:03:18Z" level=error msg="Failed to store events for file session_2026-08-06_13-00-30_075667_1/a1bd5f50e01aa6e324386b5272ae19dbbb3f08554ecb5d7dc03d7290/job_events/03000000/a1bd5f50e01aa6e324386b5272ae19dbbb3f08554ecb5d7dc03d7290-2026-08-06-20-1786046455244902884.jsonl: TASK_LIFECYCLE_EVENT must have at least one state transition"
time="2026-08-06T20:03:18Z" level=error msg="Failed to store events for file session_2026-08-06_13-00-30_075667_1/a1bd5f50e01aa6e324386b5272ae19dbbb3f08554ecb5d7dc03d7290/job_events/03000000/a1bd5f50e01aa6e324386b5272ae19dbbb3f08554ecb5d7dc03d7290-2026-08-06-20-1786046455244902884.jsonl: TASK_LIFECYCLE_EVENT must have at least one state transition"
time="2026-08-06T20:03:18Z" level=error msg="Failed to store events for file session_2026-08-06_13-00-30_075667_1/a1bd5f50e01aa6e324386b5272ae19dbbb3f08554ecb5d7dc03d7290/job_events/03000000/a1bd5f50e01aa6e324386b5272ae19dbbb3f08554ecb5d7dc03d7290-2026-08-06-20-1786046455244902884.jsonl: TASK_LIFECYCLE_EVENT must have at least one state transition"
time="2026-08-06T20:03:18Z" level=error msg="Failed to store events for file session_2026-08-06_13-00-30_075667_1/a1bd5f50e01aa6e324386b5272ae19dbbb3f08554ecb5d7dc03d7290/job_events/03000000/a1bd5f50e01aa6e324386b5272ae19dbbb3f08554ecb5d7dc03d7290-2026-08-06-20-1786046455244902884.jsonl: TASK_LIFECYCLE_EVENT must have at least one state transition"
time="2026-08-06T20:03:18Z" level=error msg="Failed to store events for file session_2026-08-06_13-00-30_075667_1/a1bd5f50e01aa6e324386b5272ae19dbbb3f08554ecb5d7dc03d7290/job_events/03000000/a1bd5f50e01aa6e324386b5272ae19dbbb3f08554ecb5d7dc03d7290-2026-08-06-20-1786046455244902884.jsonl: TASK_LIFECYCLE_EVENT must have at least one state transition"
time="2026-08-06T20:03:18Z" level=error msg="Failed to store events for file session_2026-08-06_13-00-30_075667_1/a1bd5f50e01aa6e324386b5272ae19dbbb3f08554ecb5d7dc03d7290/job_events/03000000/a1bd5f50e01aa6e324386b5272ae19dbbb3f08554ecb5d7dc03d7290-2026-08-06-20-1786046455244902884.jsonl: TASK_LIFECYCLE_EVENT must have at least one state transition"
time="2026-08-06T20:03:19Z" level=error msg="Failed to store events for file session_2026-08-06_13-00-30_075667_1/a1bd5f50e01aa6e324386b5272ae19dbbb3f08554ecb5d7dc03d7290/job_events/03000000/a1bd5f50e01aa6e324386b5272ae19dbbb3f08554ecb5d7dc03d7290-2026-08-06-20-1786046455244902884.jsonl: TASK_LIFECYCLE_EVENT must have at least one state transition"
time="2026-08-06T20:03:19Z" level=error msg="Failed to store events for file session_2026-08-06_13-00-30_075667_1/a1bd5f50e01aa6e324386b5272ae19dbbb3f08554ecb5d7dc03d7290/job_events/03000000/a1bd5f50e01aa6e324386b5272ae19dbbb3f08554ecb5d7dc03d7290-2026-08-06-20-1786046455244902884.jsonl: TASK_LIFECYCLE_EVENT must have at least one state transition"
time="2026-08-06T20:03:20Z" level=error msg="Failed to store events for file session_2026-08-06_13-00-30_075667_1/a1bd5f50e01aa6e324386b5272ae19dbbb3f08554ecb5d7dc03d7290/job_events/03000000/a1bd5f50e01aa6e324386b5272ae19dbbb3f08554ecb5d7dc03d7290-2026-08-06-20-1786046455244902884.jsonl: TASK_LIFECYCLE_EVENT must have at least one state transition"
time="2026-08-06T20:03:20Z" level=error msg="Failed to store events for file session_2026-08-06_13-00-30_075667_1/a1bd5f50e01aa6e324386b5272ae19dbbb3f08554ecb5d7dc03d7290/job_events/03000000/a1bd5f50e01aa6e324386b5272ae19dbbb3f08554ecb5d7dc03d7290-2026-08-06-20-1786046455244902884.jsonl: TASK_LIFECYCLE_EVENT must have at least one state transition"
time="2026-08-06T20:03:20Z" level=error msg="Failed to store events for file session_2026-08-06_13-00-30_075667_1/a1bd5f50e01aa6e324386b5272ae19dbbb3f08554ecb5d7dc03d7290/job_events/03000000/a1bd5f50e01aa6e324386b5272ae19dbbb3f08554ecb5d7dc03d7290-2026-08-06-20-1786046455244902884.jsonl: TASK_LIFECYCLE_EVENT must have at least one state transition"
time="2026-08-06T20:03:20Z" level=error msg="Failed to store events for file session_2026-08-06_13-00-30_075667_1/a1bd5f50e01aa6e324386b5272ae19dbbb3f08554ecb5d7dc03d7290/job_events/03000000/a1bd5f50e01aa6e324386b5272ae19dbbb3f08554ecb5d7dc03d7290-2026-08-06-20-1786046455244902884.jsonl: TASK_LIFECYCLE_EVENT must have at least one state transition"
time="2026-08-06T20:03:20Z" level=error msg="Failed to store events for file session_2026-08-06_13-00-30_075667_1/a1bd5f50e01aa6e324386b5272ae19dbbb3f08554ecb5d7dc03d7290/job_events/03000000/a1bd5f50e01aa6e324386b5272ae19dbbb3f08554ecb5d7dc03d7290-2026-08-06-20-1786046455244902884.jsonl: TASK_LIFECYCLE_EVENT must have at least one state transition"
time="2026-08-06T20:03:20Z" level=info msg="Prepare to get object log/cluster-history/raycluster/test-ns-8pm8x/raycluster-historyserver/session_2026-08-06_13-00-30_075667_1/8d04d9897094b18e7d1751f726bcfbd38bb8436c3c35faa853701853/node_events/8d04d9897094b18e7d1751f726bcfbd38bb8436c3c35faa853701853-2026-08-06-20-1786046435077387625.jsonl info ..."
time="2026-08-06T20:03:22Z" level=info msg="Received request: GET /enter_cluster/test-ns-8pm8x/raycluster/raycluster-historyserver/session_2026-08-06_13-00-30_075667_1"
time="2026-08-06T20:03:22Z" level=info msg="[List]Returned objects in log/cluster-metadata/. length of page.Contents: 2, length of page.CommonPrefixes: 0"
time="2026-08-06T20:03:22Z" level=error msg="Failed to parse meta file path: log/cluster-metadata/raycluster/test-ns-8pm8x_raycluster-historyserver/, error: invalid path segment count for cluster metadata structure: log/cluster-metadata/raycluster/test-ns-8pm8x_raycluster-historyserver/"
time="2026-08-06T20:03:22Z" level=info msg="Parsed cluster raycluster-historyserver for session session_2026-08-06_13-00-30_075667_1 to list"
time="2026-08-06T20:03:22Z" level=info msg="Received request: GET /api/v0/tasks?limit=100000"
time="2026-08-06T20:03:22Z" level=info msg="Request URL /api/v0/tasks?limit=100000"
time="2026-08-06T20:03:22Z" level=info msg="Received request: GET /api/v0/tasks?limit=100000"
time="2026-08-06T20:03:22Z" level=info msg="Request URL /api/v0/tasks?limit=100000"
time="2026-08-06T20:03:22Z" level=info msg="Received request: GET /api/v0/tasks?limit=100000"
time="2026-08-06T20:03:22Z" level=info msg="Request URL /api/v0/tasks?limit=100000"
time="2026-08-06T20:03:22Z" level=info msg="Received request: GET /api/v0/tasks?limit=100000"
time="2026-08-06T20:03:22Z" level=info msg="Request URL /api/v0/tasks?limit=100000"
time="2026-08-06T20:03:22Z" level=info msg="Received request: GET /api/v0/tasks?limit=100000"
time="2026-08-06T20:03:22Z" level=info msg="Request URL /api/v0/tasks?limit=100000"
time="2026-08-06T20:03:22Z" level=info msg="Received request: GET /api/v0/tasks?limit=100000"
time="2026-08-06T20:03:22Z" level=info msg="Request URL /api/v0/tasks?limit=100000"
time="2026-08-06T20:03:22Z" level=info msg="Received request: GET /api/v0/tasks?limit=100000"
time="2026-08-06T20:03:22Z" level=info msg="Request URL /api/v0/tasks?limit=100000"
time="2026-08-06T20:03:22Z" level=info msg="Received request: GET /api/v0/tasks?limit=100000"
time="2026-08-06T20:03:22Z" level=info msg="Request URL /api/v0/tasks?limit=100000"
time="2026-08-06T20:03:22Z" level=info msg="Received request: GET /api/v0/tasks?limit=100000"
time="2026-08-06T20:03:22Z" level=info msg="Request URL /api/v0/tasks?limit=100000"
time="2026-08-06T20:03:22Z" level=info msg="Received request: GET /api/v0/tasks?limit=100000"
time="2026-08-06T20:03:22Z" level=info msg="Request URL /api/v0/tasks?limit=100000"
time="2026-08-06T20:03:22Z" level=info msg="Received request: GET /api/v0/tasks/summarize"
time="2026-08-06T20:03:22Z" level=info msg="Request URL /api/v0/tasks/summarize"
time="2026-08-06T20:03:22Z" level=info msg="Received request: GET /api/v0/tasks/summarize"
time="2026-08-06T20:03:22Z" level=info msg="Request URL /api/v0/tasks/summarize"
time="2026-08-06T20:03:23Z" level=info msg="Received request: GET /api/v0/tasks/summarize"
time="2026-08-06T20:03:23Z" level=info msg="Request URL /api/v0/tasks/summarize"
gc 11 @68.866s 1%: 0.70+529+0.049 ms clock, 1.4+96/275/348+0.099 ms cpu, 1946->1966->254 MB, 2003 MB goal, 0 MB stacks, 0 MB globals, 2 P
time="2026-08-06T20:03:24Z" level=info msg="Received request: GET /api/v0/tasks/summarize"
time="2026-08-06T20:03:24Z" level=info msg="Request URL /api/v0/tasks/summarize"
gc 12 @70.157s 1%: 0.22+721+0.091 ms clock, 0.45+0/368/378+0.18 ms cpu, 727->727->318 MB, 765 MB goal, 0 MB stacks, 0 MB globals, 2 P
time="2026-08-06T20:03:25Z" level=info msg="Received request: GET /api/v0/tasks/summarize"
time="2026-08-06T20:03:25Z" level=info msg="Request URL /api/v0/tasks/summarize"
time="2026-08-06T20:03:26Z" level=info msg="Received request: GET /api/v0/tasks/summarize"
time="2026-08-06T20:03:26Z" level=info msg="Request URL /api/v0/tasks/summarize"
time="2026-08-06T20:03:27Z" level=info msg="Received request: GET /api/v0/tasks/summarize"
time="2026-08-06T20:03:27Z" level=info msg="Request URL /api/v0/tasks/summarize"
gc 13 @72.593s 2%: 0.17+591+0.044 ms clock, 0.35+32/302/377+0.088 ms cpu, 892->935->277 MB, 957 MB goal, 0 MB stacks, 0 MB globals, 2 P
time="2026-08-06T20:03:28Z" level=info msg="Received request: GET /api/v0/tasks/summarize"
time="2026-08-06T20:03:28Z" level=info msg="Request URL /api/v0/tasks/summarize"
time="2026-08-06T20:03:28Z" level=info msg="Received request: GET /api/v0/tasks/summarize"
time="2026-08-06T20:03:28Z" level=info msg="Request URL /api/v0/tasks/summarize"
gc 14 @74.476s 2%: 0.16+574+0.67 ms clock, 0.33+0/254/269+1.3 ms cpu, 768->823->289 MB, 834 MB goal, 0 MB stacks, 0 MB globals, 2 P
time="2026-08-06T20:03:30Z" level=info msg="Received request: GET /api/v0/tasks/summarize"
time="2026-08-06T20:03:30Z" level=info msg="Request URL /api/v0/tasks/summarize"
time="2026-08-06T20:03:30Z" level=info msg="Received request: GET /api/jobs/"
time="2026-08-06T20:03:30Z" level=info msg="Request URL /api/jobs/"
time="2026-08-06T20:03:31Z" level=info msg="Received request: GET /api/jobs/"
time="2026-08-06T20:03:31Z" level=info msg="Request URL /api/jobs/"
time="2026-08-06T20:03:31Z" level=info msg="Received request: GET /api/jobs/"
time="2026-08-06T20:03:31Z" level=info msg="Request URL /api/jobs/"
gc 15 @76.344s 2%: 0.68+866+0.037 ms clock, 1.3+0/352/479+0.074 ms cpu, 768->849->315 MB, 870 MB goal, 0 MB stacks, 0 MB globals, 2 P
time="2026-08-06T20:03:31Z" level=info msg="Received request: GET /api/jobs/"
time="2026-08-06T20:03:31Z" level=info msg="Request URL /api/jobs/"
time="2026-08-06T20:03:31Z" level=info msg="Received request: GET /api/jobs/"
time="2026-08-06T20:03:31Z" level=info msg="Request URL /api/jobs/"
time="2026-08-06T20:03:31Z" level=info msg="Received request: GET /api/jobs/"
time="2026-08-06T20:03:31Z" level=info msg="Request URL /api/jobs/"
time="2026-08-06T20:03:31Z" level=info msg="Received request: GET /api/jobs/"
time="2026-08-06T20:03:31Z" level=info msg="Request URL /api/jobs/"
time="2026-08-06T20:03:31Z" level=info msg="Received request: GET /api/jobs/"
time="2026-08-06T20:03:31Z" level=info msg="Request URL /api/jobs/"
time="2026-08-06T20:03:31Z" level=info msg="Received request: GET /api/jobs/"
time="2026-08-06T20:03:31Z" level=info msg="Request URL /api/jobs/"
time="2026-08-06T20:03:31Z" level=info msg="Received request: GET /api/jobs/"
time="2026-08-06T20:03:31Z" level=info msg="Request URL /api/jobs/"
time="2026-08-06T20:03:31Z" level=info msg="Request URL /nodes?view=summary"
time="2026-08-06T20:03:31Z" level=info msg="Request URL /nodes?view=summary"
time="2026-08-06T20:03:31Z" level=info msg="Request URL /nodes?view=summary"
time="2026-08-06T20:03:31Z" level=info msg="Request URL /nodes?view=summary"
time="2026-08-06T20:03:31Z" level=info msg="Request URL /nodes?view=summary"
time="2026-08-06T20:03:32Z" level=info msg="Request URL /nodes?view=summary"
time="2026-08-06T20:03:32Z" level=info msg="Request URL /nodes?view=summary"
gc 16 @77.485s 2%: 0.66+757+0.095 ms clock, 1.3+0/287/254+0.19 ms cpu, 801->882->316 MB, 949 MB goal, 0 MB stacks, 0 MB globals, 2 P
time="2026-08-06T20:03:32Z" level=info msg="Request URL /nodes?view=summary"
time="2026-08-06T20:03:32Z" level=info msg="Request URL /nodes?view=summary"
time="2026-08-06T20:03:32Z" level=info msg="Request URL /nodes?view=summary"
time="2026-08-06T20:03:32Z" level=info msg="Request URL /events"
time="2026-08-06T20:03:32Z" level=info msg="Request URL /events"
time="2026-08-06T20:03:32Z" level=info msg="Request URL /events"
time="2026-08-06T20:03:32Z" level=info msg="Request URL /events"
time="2026-08-06T20:03:32Z" level=info msg="Request URL /events"
time="2026-08-06T20:03:32Z" level=info msg="Request URL /events"
time="2026-08-06T20:03:32Z" level=info msg="Request URL /events"
time="2026-08-06T20:03:32Z" level=info msg="Request URL /events"
time="2026-08-06T20:03:32Z" level=info msg="Request URL /events"
time="2026-08-06T20:03:33Z" level=info msg="Request URL /events"
