gc 1 @0.142s 4%: 2.0+20+0.97 ms clock, 8.0+7.1/13/24+3.9 ms cpu, 3->3->2 MB, 4 MB goal, 0 MB stacks, 0 MB globals, 4 P
gc 2 @0.267s 3%: 0.10+3.1+0.31 ms clock, 0.41+0.22/2.0/4.6+1.2 ms cpu, 4->4->3 MB, 4 MB goal, 0 MB stacks, 0 MB globals, 4 P
gc 3 @0.380s 2%: 0.68+5.7+1.3 ms clock, 2.7+0/5.3/6.4+5.2 ms cpu, 7->7->5 MB, 7 MB goal, 0 MB stacks, 0 MB globals, 4 P
time="2026-08-06T17:40:28Z" level=info msg="create client manager successfully, clients: 1"
time="2026-08-06T17:40:28Z" level=info msg="Begin to create s3 client ..."
time="2026-08-06T17:40:28Z" level=info msg="Checking if bucket ray-historyserver exists..."
time="2026-08-06T17:40:28Z" level=info msg="Bucket ray-historyserver already exists"
time="2026-08-06T17:40:28Z" level=info msg="Clean logdir is logs"
time="2026-08-06T17:40:28Z" level=info msg="Starting server on :8080"
time="2026-08-06T17:40:30Z" level=info msg="Received request: GET /readz"
time="2026-08-06T17:40:31Z" level=info msg="live clusters: []"
gc 4 @2.588s 0%: 0.17+6.7+0.097 ms clock, 0.71+0.14/4.0/9.3+0.39 ms cpu, 10->10->6 MB, 10 MB goal, 0 MB stacks, 0 MB globals, 4 P
time="2026-08-06T17:40:31Z" level=info msg="[List]Returned objects in log/cluster-metadata/. length of page.Contents: 2, length of page.CommonPrefixes: 0"
time="2026-08-06T17:40:31Z" level=error msg="Failed to parse meta file path: log/cluster-metadata/raycluster/test-ns-9fcz4_raycluster-historyserver/, error: invalid path segment count for cluster metadata structure: log/cluster-metadata/raycluster/test-ns-9fcz4_raycluster-historyserver/"
time="2026-08-06T17:40:31Z" level=info msg="Parsed cluster raycluster-historyserver for session session_2026-08-06_10-38-44_208675_1 to list"
time="2026-08-06T17:40:31Z" level=info msg="live clusters: []"
time="2026-08-06T17:40:31Z" level=info msg="[List]Returned objects in log/cluster-metadata/. length of page.Contents: 2, length of page.CommonPrefixes: 0"
time="2026-08-06T17:40:31Z" level=error msg="Failed to parse meta file path: log/cluster-metadata/raycluster/test-ns-9fcz4_raycluster-historyserver/, error: invalid path segment count for cluster metadata structure: log/cluster-metadata/raycluster/test-ns-9fcz4_raycluster-historyserver/"
time="2026-08-06T17:40:31Z" level=info msg="Parsed cluster raycluster-historyserver for session session_2026-08-06_10-38-44_208675_1 to list"
time="2026-08-06T17:40:31Z" level=info msg="live clusters: []"
time="2026-08-06T17:40:31Z" level=info msg="[List]Returned objects in log/cluster-metadata/. length of page.Contents: 2, length of page.CommonPrefixes: 0"
time="2026-08-06T17:40:31Z" level=error msg="Failed to parse meta file path: log/cluster-metadata/raycluster/test-ns-9fcz4_raycluster-historyserver/, error: invalid path segment count for cluster metadata structure: log/cluster-metadata/raycluster/test-ns-9fcz4_raycluster-historyserver/"
time="2026-08-06T17:40:31Z" level=info msg="Parsed cluster raycluster-historyserver for session session_2026-08-06_10-38-44_208675_1 to list"
time="2026-08-06T17:40:31Z" level=info msg="live clusters: []"
time="2026-08-06T17:40:31Z" level=info msg="[List]Returned objects in log/cluster-metadata/. length of page.Contents: 2, length of page.CommonPrefixes: 0"
time="2026-08-06T17:40:31Z" level=error msg="Failed to parse meta file path: log/cluster-metadata/raycluster/test-ns-9fcz4_raycluster-historyserver/, error: invalid path segment count for cluster metadata structure: log/cluster-metadata/raycluster/test-ns-9fcz4_raycluster-historyserver/"
time="2026-08-06T17:40:31Z" level=info msg="Parsed cluster raycluster-historyserver for session session_2026-08-06_10-38-44_208675_1 to list"
time="2026-08-06T17:40:31Z" level=info msg="live clusters: []"
time="2026-08-06T17:40:31Z" level=info msg="[List]Returned objects in log/cluster-metadata/. length of page.Contents: 2, length of page.CommonPrefixes: 0"
time="2026-08-06T17:40:31Z" level=error msg="Failed to parse meta file path: log/cluster-metadata/raycluster/test-ns-9fcz4_raycluster-historyserver/, error: invalid path segment count for cluster metadata structure: log/cluster-metadata/raycluster/test-ns-9fcz4_raycluster-historyserver/"
time="2026-08-06T17:40:31Z" level=info msg="Parsed cluster raycluster-historyserver for session session_2026-08-06_10-38-44_208675_1 to list"
time="2026-08-06T17:40:31Z" level=info msg="Received request: GET /enter_cluster/test-ns-9fcz4/raycluster/raycluster-historyserver/session_2026-08-06_10-38-44_208675_1"
time="2026-08-06T17:40:31Z" level=info msg="[List]Returned objects in log/cluster-metadata/. length of page.Contents: 2, length of page.CommonPrefixes: 0"
time="2026-08-06T17:40:31Z" level=error msg="Failed to parse meta file path: log/cluster-metadata/raycluster/test-ns-9fcz4_raycluster-historyserver/, error: invalid path segment count for cluster metadata structure: log/cluster-metadata/raycluster/test-ns-9fcz4_raycluster-historyserver/"
time="2026-08-06T17:40:31Z" level=info msg="Parsed cluster raycluster-historyserver for session session_2026-08-06_10-38-44_208675_1 to list"
time="2026-08-06T17:40:31Z" level=info msg="[ListFiles]Returned objects in log/cluster-history/raycluster/test-ns-9fcz4/raycluster-historyserver/session_2026-08-06_10-38-44_208675_1/. length of page.Contents: 0, length of page.CommonPrefixes: 3"
time="2026-08-06T17:40:31Z" level=info msg="[ListFiles]Returned objects in log/cluster-history/raycluster/test-ns-9fcz4/raycluster-historyserver/session_2026-08-06_10-38-44_208675_1/742ddbb7b3aa210c4306127e3c1e2e5339ddada58c2b428f5d539d0d/logs/events/. length of page.Contents: 11, length of page.CommonPrefixes: 0"
time="2026-08-06T17:40:31Z" level=info msg="Prepare to get object log/cluster-history/raycluster/test-ns-9fcz4/raycluster-historyserver/session_2026-08-06_10-38-44_208675_1/742ddbb7b3aa210c4306127e3c1e2e5339ddada58c2b428f5d539d0d/logs/events/event_AUTOSCALER.log info ..."
time="2026-08-06T17:40:31Z" level=info msg="Prepare to get object log/cluster-history/raycluster/test-ns-9fcz4/raycluster-historyserver/session_2026-08-06_10-38-44_208675_1/742ddbb7b3aa210c4306127e3c1e2e5339ddada58c2b428f5d539d0d/logs/events/event_CORE_WORKER_1016.log info ..."
time="2026-08-06T17:40:31Z" level=info msg="Prepare to get object log/cluster-history/raycluster/test-ns-9fcz4/raycluster-historyserver/session_2026-08-06_10-38-44_208675_1/742ddbb7b3aa210c4306127e3c1e2e5339ddada58c2b428f5d539d0d/logs/events/event_CORE_WORKER_1182.log info ..."
time="2026-08-06T17:40:31Z" level=info msg="Prepare to get object log/cluster-history/raycluster/test-ns-9fcz4/raycluster-historyserver/session_2026-08-06_10-38-44_208675_1/742ddbb7b3aa210c4306127e3c1e2e5339ddada58c2b428f5d539d0d/logs/events/event_CORE_WORKER_199.log info ..."
time="2026-08-06T17:40:31Z" level=info msg="Prepare to get object log/cluster-history/raycluster/test-ns-9fcz4/raycluster-historyserver/session_2026-08-06_10-38-44_208675_1/742ddbb7b3aa210c4306127e3c1e2e5339ddada58c2b428f5d539d0d/logs/events/event_CORE_WORKER_204.log info ..."
time="2026-08-06T17:40:31Z" level=info msg="Prepare to get object log/cluster-history/raycluster/test-ns-9fcz4/raycluster-historyserver/session_2026-08-06_10-38-44_208675_1/742ddbb7b3aa210c4306127e3c1e2e5339ddada58c2b428f5d539d0d/logs/events/event_CORE_WORKER_674.log info ..."
time="2026-08-06T17:40:31Z" level=info msg="Prepare to get object log/cluster-history/raycluster/test-ns-9fcz4/raycluster-historyserver/session_2026-08-06_10-38-44_208675_1/742ddbb7b3aa210c4306127e3c1e2e5339ddada58c2b428f5d539d0d/logs/events/event_CORE_WORKER_958.log info ..."
time="2026-08-06T17:40:31Z" level=info msg="Prepare to get object log/cluster-history/raycluster/test-ns-9fcz4/raycluster-historyserver/session_2026-08-06_10-38-44_208675_1/742ddbb7b3aa210c4306127e3c1e2e5339ddada58c2b428f5d539d0d/logs/events/event_GCS.log info ..."
time="2026-08-06T17:40:31Z" level=info msg="Prepare to get object log/cluster-history/raycluster/test-ns-9fcz4/raycluster-historyserver/session_2026-08-06_10-38-44_208675_1/742ddbb7b3aa210c4306127e3c1e2e5339ddada58c2b428f5d539d0d/logs/events/event_JOBS.log info ..."
time="2026-08-06T17:40:31Z" level=info msg="Prepare to get object log/cluster-history/raycluster/test-ns-9fcz4/raycluster-historyserver/session_2026-08-06_10-38-44_208675_1/742ddbb7b3aa210c4306127e3c1e2e5339ddada58c2b428f5d539d0d/logs/events/event_RAYLET.log info ..."
time="2026-08-06T17:40:31Z" level=info msg="[ListFiles]Returned objects in log/cluster-history/raycluster/test-ns-9fcz4/raycluster-historyserver/session_2026-08-06_10-38-44_208675_1/acd9549e4484199acb3ee07936d91bd8ef510576be30fe58131b4626/logs/events/. length of page.Contents: 13, length of page.CommonPrefixes: 0"
time="2026-08-06T17:40:31Z" level=info msg="Prepare to get object log/cluster-history/raycluster/test-ns-9fcz4/raycluster-historyserver/session_2026-08-06_10-38-44_208675_1/acd9549e4484199acb3ee07936d91bd8ef510576be30fe58131b4626/logs/events/event_CORE_WORKER_228.log info ..."
time="2026-08-06T17:40:31Z" level=info msg="Prepare to get object log/cluster-history/raycluster/test-ns-9fcz4/raycluster-historyserver/session_2026-08-06_10-38-44_208675_1/acd9549e4484199acb3ee07936d91bd8ef510576be30fe58131b4626/logs/events/event_CORE_WORKER_229.log info ..."
time="2026-08-06T17:40:31Z" level=info msg="Prepare to get object log/cluster-history/raycluster/test-ns-9fcz4/raycluster-historyserver/session_2026-08-06_10-38-44_208675_1/acd9549e4484199acb3ee07936d91bd8ef510576be30fe58131b4626/logs/events/event_CORE_WORKER_314.log info ..."
time="2026-08-06T17:40:31Z" level=info msg="Prepare to get object log/cluster-history/raycluster/test-ns-9fcz4/raycluster-historyserver/session_2026-08-06_10-38-44_208675_1/acd9549e4484199acb3ee07936d91bd8ef510576be30fe58131b4626/logs/events/event_CORE_WORKER_319.log info ..."
time="2026-08-06T17:40:31Z" level=info msg="Prepare to get object log/cluster-history/raycluster/test-ns-9fcz4/raycluster-historyserver/session_2026-08-06_10-38-44_208675_1/acd9549e4484199acb3ee07936d91bd8ef510576be30fe58131b4626/logs/events/event_CORE_WORKER_403.log info ..."
time="2026-08-06T17:40:31Z" level=info msg="Prepare to get object log/cluster-history/raycluster/test-ns-9fcz4/raycluster-historyserver/session_2026-08-06_10-38-44_208675_1/acd9549e4484199acb3ee07936d91bd8ef510576be30fe58131b4626/logs/events/event_CORE_WORKER_411.log info ..."
time="2026-08-06T17:40:31Z" level=info msg="Prepare to get object log/cluster-history/raycluster/test-ns-9fcz4/raycluster-historyserver/session_2026-08-06_10-38-44_208675_1/acd9549e4484199acb3ee07936d91bd8ef510576be30fe58131b4626/logs/events/event_CORE_WORKER_509.log info ..."
time="2026-08-06T17:40:31Z" level=info msg="Prepare to get object log/cluster-history/raycluster/test-ns-9fcz4/raycluster-historyserver/session_2026-08-06_10-38-44_208675_1/acd9549e4484199acb3ee07936d91bd8ef510576be30fe58131b4626/logs/events/event_CORE_WORKER_515.log info ..."
time="2026-08-06T17:40:31Z" level=info msg="Prepare to get object log/cluster-history/raycluster/test-ns-9fcz4/raycluster-historyserver/session_2026-08-06_10-38-44_208675_1/acd9549e4484199acb3ee07936d91bd8ef510576be30fe58131b4626/logs/events/event_CORE_WORKER_589.log info ..."
time="2026-08-06T17:40:31Z" level=info msg="Prepare to get object log/cluster-history/raycluster/test-ns-9fcz4/raycluster-historyserver/session_2026-08-06_10-38-44_208675_1/acd9549e4484199acb3ee07936d91bd8ef510576be30fe58131b4626/logs/events/event_CORE_WORKER_609.log info ..."
time="2026-08-06T17:40:31Z" level=info msg="Prepare to get object log/cluster-history/raycluster/test-ns-9fcz4/raycluster-historyserver/session_2026-08-06_10-38-44_208675_1/acd9549e4484199acb3ee07936d91bd8ef510576be30fe58131b4626/logs/events/event_CORE_WORKER_658.log info ..."
time="2026-08-06T17:40:31Z" level=info msg="Prepare to get object log/cluster-history/raycluster/test-ns-9fcz4/raycluster-historyserver/session_2026-08-06_10-38-44_208675_1/acd9549e4484199acb3ee07936d91bd8ef510576be30fe58131b4626/logs/events/event_RAYLET.log info ..."
time="2026-08-06T17:40:31Z" level=info msg="[ListFiles]Returned objects in log/cluster-history/raycluster/test-ns-9fcz4/raycluster-historyserver/session_2026-08-06_10-38-44_208675_1/fetched_endpoints/logs/events/. length of page.Contents: 0, length of page.CommonPrefixes: 0"
time="2026-08-06T17:40:31Z" level=info msg="[ListFiles]Returned objects in log/cluster-history/raycluster/test-ns-9fcz4/raycluster-historyserver/session_2026-08-06_10-38-44_208675_1/. length of page.Contents: 0, length of page.CommonPrefixes: 3"
time="2026-08-06T17:40:31Z" level=info msg="[ListFiles]Returned objects in log/cluster-history/raycluster/test-ns-9fcz4/raycluster-historyserver/session_2026-08-06_10-38-44_208675_1/742ddbb7b3aa210c4306127e3c1e2e5339ddada58c2b428f5d539d0d/job_events/. length of page.Contents: 0, length of page.CommonPrefixes: 4"
time="2026-08-06T17:40:31Z" level=info msg="[ListFiles]Returned objects in log/cluster-history/raycluster/test-ns-9fcz4/raycluster-historyserver/session_2026-08-06_10-38-44_208675_1/742ddbb7b3aa210c4306127e3c1e2e5339ddada58c2b428f5d539d0d/job_events/01000000/. length of page.Contents: 2, length of page.CommonPrefixes: 0"
time="2026-08-06T17:40:31Z" level=info msg="[ListFiles]Returned objects in log/cluster-history/raycluster/test-ns-9fcz4/raycluster-historyserver/session_2026-08-06_10-38-44_208675_1/742ddbb7b3aa210c4306127e3c1e2e5339ddada58c2b428f5d539d0d/job_events/02000000/. length of page.Contents: 2, length of page.CommonPrefixes: 0"
time="2026-08-06T17:40:31Z" level=info msg="[ListFiles]Returned objects in log/cluster-history/raycluster/test-ns-9fcz4/raycluster-historyserver/session_2026-08-06_10-38-44_208675_1/742ddbb7b3aa210c4306127e3c1e2e5339ddada58c2b428f5d539d0d/job_events/03000000/. length of page.Contents: 3, length of page.CommonPrefixes: 0"
time="2026-08-06T17:40:31Z" level=info msg="[ListFiles]Returned objects in log/cluster-history/raycluster/test-ns-9fcz4/raycluster-historyserver/session_2026-08-06_10-38-44_208675_1/742ddbb7b3aa210c4306127e3c1e2e5339ddada58c2b428f5d539d0d/job_events/04000000/. length of page.Contents: 2, length of page.CommonPrefixes: 0"
time="2026-08-06T17:40:31Z" level=info msg="[ListFiles]Returned objects in log/cluster-history/raycluster/test-ns-9fcz4/raycluster-historyserver/session_2026-08-06_10-38-44_208675_1/acd9549e4484199acb3ee07936d91bd8ef510576be30fe58131b4626/job_events/. length of page.Contents: 0, length of page.CommonPrefixes: 1"
time="2026-08-06T17:40:31Z" level=info msg="[ListFiles]Returned objects in log/cluster-history/raycluster/test-ns-9fcz4/raycluster-historyserver/session_2026-08-06_10-38-44_208675_1/acd9549e4484199acb3ee07936d91bd8ef510576be30fe58131b4626/job_events/03000000/. length of page.Contents: 2, length of page.CommonPrefixes: 0"
time="2026-08-06T17:40:31Z" level=info msg="[ListFiles]Returned objects in log/cluster-history/raycluster/test-ns-9fcz4/raycluster-historyserver/session_2026-08-06_10-38-44_208675_1/fetched_endpoints/job_events/. length of page.Contents: 0, length of page.CommonPrefixes: 0"
time="2026-08-06T17:40:31Z" level=info msg="[ListFiles]Returned objects in log/cluster-history/raycluster/test-ns-9fcz4/raycluster-historyserver/session_2026-08-06_10-38-44_208675_1/. length of page.Contents: 0, length of page.CommonPrefixes: 3"
time="2026-08-06T17:40:31Z" level=info msg="[ListFiles]Returned objects in log/cluster-history/raycluster/test-ns-9fcz4/raycluster-historyserver/session_2026-08-06_10-38-44_208675_1/742ddbb7b3aa210c4306127e3c1e2e5339ddada58c2b428f5d539d0d/node_events/. length of page.Contents: 2, length of page.CommonPrefixes: 0"
time="2026-08-06T17:40:31Z" level=info msg="[ListFiles]Returned objects in log/cluster-history/raycluster/test-ns-9fcz4/raycluster-historyserver/session_2026-08-06_10-38-44_208675_1/acd9549e4484199acb3ee07936d91bd8ef510576be30fe58131b4626/node_events/. length of page.Contents: 0, length of page.CommonPrefixes: 0"
time="2026-08-06T17:40:31Z" level=info msg="[ListFiles]Returned objects in log/cluster-history/raycluster/test-ns-9fcz4/raycluster-historyserver/session_2026-08-06_10-38-44_208675_1/fetched_endpoints/node_events/. length of page.Contents: 0, length of page.CommonPrefixes: 0"
time="2026-08-06T17:40:31Z" level=info msg="Prepare to get object log/cluster-history/raycluster/test-ns-9fcz4/raycluster-historyserver/session_2026-08-06_10-38-44_208675_1/742ddbb7b3aa210c4306127e3c1e2e5339ddada58c2b428f5d539d0d/job_events/01000000/742ddbb7b3aa210c4306127e3c1e2e5339ddada58c2b428f5d539d0d-2026-08-06-17-1786037929610873840.jsonl info ..."
time="2026-08-06T17:40:31Z" level=info msg="Prepare to get object log/cluster-history/raycluster/test-ns-9fcz4/raycluster-historyserver/session_2026-08-06_10-38-44_208675_1/742ddbb7b3aa210c4306127e3c1e2e5339ddada58c2b428f5d539d0d/job_events/02000000/742ddbb7b3aa210c4306127e3c1e2e5339ddada58c2b428f5d539d0d-2026-08-06-17-1786037946908103084.jsonl info ..."
time="2026-08-06T17:40:31Z" level=info msg="Prepare to get object log/cluster-history/raycluster/test-ns-9fcz4/raycluster-historyserver/session_2026-08-06_10-38-44_208675_1/742ddbb7b3aa210c4306127e3c1e2e5339ddada58c2b428f5d539d0d/job_events/03000000/742ddbb7b3aa210c4306127e3c1e2e5339ddada58c2b428f5d539d0d-2026-08-06-17-1786037947908825210.jsonl info ..."
gc 5 @2.729s 0%: 0.16+4.2+0.044 ms clock, 0.67+0.91/4.1/8.4+0.17 ms cpu, 13->13->8 MB, 14 MB goal, 0 MB stacks, 0 MB globals, 4 P
gc 6 @2.739s 0%: 0.11+6.0+0.064 ms clock, 0.44+0.028/5.9/9.8+0.25 ms cpu, 19->19->19 MB, 19 MB goal, 0 MB stacks, 0 MB globals, 4 P
gc 7 @2.761s 0%: 0.12+12+0.042 ms clock, 0.50+0/4.1/16+0.17 ms cpu, 48->48->48 MB, 48 MB goal, 0 MB stacks, 0 MB globals, 4 P
gc 8 @2.798s 0%: 0.17+22+0.065 ms clock, 0.70+0/5.2/25+0.26 ms cpu, 100->100->100 MB, 100 MB goal, 0 MB stacks, 0 MB globals, 4 P
gc 9 @2.870s 0%: 0.15+22+0.034 ms clock, 0.61+0.77/6.4/27+0.13 ms cpu, 217->217->217 MB, 217 MB goal, 0 MB stacks, 0 MB globals, 4 P
gc 10 @3.000s 0%: 0.15+29+0.051 ms clock, 0.61+0.064/7.1/29+0.20 ms cpu, 444->444->233 MB, 444 MB goal, 0 MB stacks, 0 MB globals, 4 P
gc 11 @3.901s 0%: 0.15+32+0.090 ms clock, 0.60+0.10/31/63+0.36 ms cpu, 464->465->179 MB, 468 MB goal, 0 MB stacks, 0 MB globals, 4 P
gc 12 @6.781s 0%: 0.16+129+0.080 ms clock, 0.64+0.15/128/255+0.32 ms cpu, 356->361->320 MB, 360 MB goal, 0 MB stacks, 0 MB globals, 4 P
gc 13 @11.823s 1%: 0.17+312+0.087 ms clock, 0.71+0.097/311/622+0.35 ms cpu, 624->637->563 MB, 641 MB goal, 0 MB stacks, 0 MB globals, 4 P
gc 14 @22.167s 1%: 0.24+463+0.080 ms clock, 0.98+0.11/462/923+0.32 ms cpu, 1091->1104->636 MB, 1128 MB goal, 0 MB stacks, 0 MB globals, 4 P
time="2026-08-06T17:40:58Z" level=info msg="Prepare to get object log/cluster-history/raycluster/test-ns-9fcz4/raycluster-historyserver/session_2026-08-06_10-38-44_208675_1/742ddbb7b3aa210c4306127e3c1e2e5339ddada58c2b428f5d539d0d/job_events/03000000/742ddbb7b3aa210c4306127e3c1e2e5339ddada58c2b428f5d539d0d-2026-08-06-17-1786037988381623048.jsonl info ..."
gc 15 @30.727s 0%: 0.22+143+0.096 ms clock, 0.91+0.14/143/288+0.38 ms cpu, 1217->1223->173 MB, 1272 MB goal, 0 MB stacks, 0 MB globals, 4 P
gc 16 @33.512s 1%: 0.25+303+0.092 ms clock, 1.0+0.13/303/604+0.36 ms cpu, 331->339->302 MB, 347 MB goal, 0 MB stacks, 0 MB globals, 4 P
time="2026-08-06T17:41:07Z" level=info msg="Prepare to get object log/cluster-history/raycluster/test-ns-9fcz4/raycluster-historyserver/session_2026-08-06_10-38-44_208675_1/742ddbb7b3aa210c4306127e3c1e2e5339ddada58c2b428f5d539d0d/job_events/04000000/742ddbb7b3aa210c4306127e3c1e2e5339ddada58c2b428f5d539d0d-2026-08-06-17-1786037963606724009.jsonl info ..."
time="2026-08-06T17:41:07Z" level=info msg="Prepare to get object log/cluster-history/raycluster/test-ns-9fcz4/raycluster-historyserver/session_2026-08-06_10-38-44_208675_1/acd9549e4484199acb3ee07936d91bd8ef510576be30fe58131b4626/job_events/03000000/acd9549e4484199acb3ee07936d91bd8ef510576be30fe58131b4626-2026-08-06-17-1786037949494936794.jsonl info ..."
gc 17 @39.364s 1%: 0.19+141+0.053 ms clock, 0.79+118/141/286+0.21 ms cpu, 572->589->178 MB, 605 MB goal, 0 MB stacks, 0 MB globals, 4 P
gc 18 @39.671s 1%: 0.17+176+5.5 ms clock, 0.69+103/173/241+22 ms cpu, 426->468->327 MB, 426 MB goal, 0 MB stacks, 0 MB globals, 4 P
gc 19 @40.024s 1%: 0.19+184+0.091 ms clock, 0.78+0.086/181/360+0.36 ms cpu, 558->565->296 MB, 656 MB goal, 0 MB stacks, 0 MB globals, 4 P
gc 20 @43.835s 1%: 0.15+293+0.075 ms clock, 0.61+0.096/293/604+0.30 ms cpu, 505->515->458 MB, 594 MB goal, 0 MB stacks, 0 MB globals, 4 P
gc 21 @49.924s 1%: 0.25+481+0.072 ms clock, 1.0+0.14/481/960+0.28 ms cpu, 781->798->708 MB, 917 MB goal, 0 MB stacks, 0 MB globals, 4 P
time="2026-08-06T17:41:20Z" level=error msg="Failed to store events for file session_2026-08-06_10-38-44_208675_1/acd9549e4484199acb3ee07936d91bd8ef510576be30fe58131b4626/job_events/03000000/acd9549e4484199acb3ee07936d91bd8ef510576be30fe58131b4626-2026-08-06-17-1786037949494936794.jsonl: TASK_LIFECYCLE_EVENT must have at least one state transition"
time="2026-08-06T17:41:20Z" level=error msg="Failed to store events for file session_2026-08-06_10-38-44_208675_1/acd9549e4484199acb3ee07936d91bd8ef510576be30fe58131b4626/job_events/03000000/acd9549e4484199acb3ee07936d91bd8ef510576be30fe58131b4626-2026-08-06-17-1786037949494936794.jsonl: TASK_LIFECYCLE_EVENT must have at least one state transition"
time="2026-08-06T17:41:21Z" level=error msg="Failed to store events for file session_2026-08-06_10-38-44_208675_1/acd9549e4484199acb3ee07936d91bd8ef510576be30fe58131b4626/job_events/03000000/acd9549e4484199acb3ee07936d91bd8ef510576be30fe58131b4626-2026-08-06-17-1786037949494936794.jsonl: TASK_LIFECYCLE_EVENT must have at least one state transition"
time="2026-08-06T17:41:21Z" level=error msg="Failed to store events for file session_2026-08-06_10-38-44_208675_1/acd9549e4484199acb3ee07936d91bd8ef510576be30fe58131b4626/job_events/03000000/acd9549e4484199acb3ee07936d91bd8ef510576be30fe58131b4626-2026-08-06-17-1786037949494936794.jsonl: TASK_LIFECYCLE_EVENT must have at least one state transition"
time="2026-08-06T17:41:21Z" level=error msg="Failed to store events for file session_2026-08-06_10-38-44_208675_1/acd9549e4484199acb3ee07936d91bd8ef510576be30fe58131b4626/job_events/03000000/acd9549e4484199acb3ee07936d91bd8ef510576be30fe58131b4626-2026-08-06-17-1786037949494936794.jsonl: TASK_LIFECYCLE_EVENT must have at least one state transition"
time="2026-08-06T17:41:21Z" level=error msg="Failed to store events for file session_2026-08-06_10-38-44_208675_1/acd9549e4484199acb3ee07936d91bd8ef510576be30fe58131b4626/job_events/03000000/acd9549e4484199acb3ee07936d91bd8ef510576be30fe58131b4626-2026-08-06-17-1786037949494936794.jsonl: TASK_LIFECYCLE_EVENT must have at least one state transition"
time="2026-08-06T17:41:21Z" level=error msg="Failed to store events for file session_2026-08-06_10-38-44_208675_1/acd9549e4484199acb3ee07936d91bd8ef510576be30fe58131b4626/job_events/03000000/acd9549e4484199acb3ee07936d91bd8ef510576be30fe58131b4626-2026-08-06-17-1786037949494936794.jsonl: TASK_LIFECYCLE_EVENT must have at least one state transition"
time="2026-08-06T17:41:21Z" level=error msg="Failed to store events for file session_2026-08-06_10-38-44_208675_1/acd9549e4484199acb3ee07936d91bd8ef510576be30fe58131b4626/job_events/03000000/acd9549e4484199acb3ee07936d91bd8ef510576be30fe58131b4626-2026-08-06-17-1786037949494936794.jsonl: TASK_LIFECYCLE_EVENT must have at least one state transition"
time="2026-08-06T17:41:21Z" level=error msg="Failed to store events for file session_2026-08-06_10-38-44_208675_1/acd9549e4484199acb3ee07936d91bd8ef510576be30fe58131b4626/job_events/03000000/acd9549e4484199acb3ee07936d91bd8ef510576be30fe58131b4626-2026-08-06-17-1786037949494936794.jsonl: TASK_LIFECYCLE_EVENT must have at least one state transition"
time="2026-08-06T17:41:21Z" level=error msg="Failed to store events for file session_2026-08-06_10-38-44_208675_1/acd9549e4484199acb3ee07936d91bd8ef510576be30fe58131b4626/job_events/03000000/acd9549e4484199acb3ee07936d91bd8ef510576be30fe58131b4626-2026-08-06-17-1786037949494936794.jsonl: TASK_LIFECYCLE_EVENT must have at least one state transition"
time="2026-08-06T17:41:22Z" level=error msg="Failed to store events for file session_2026-08-06_10-38-44_208675_1/acd9549e4484199acb3ee07936d91bd8ef510576be30fe58131b4626/job_events/03000000/acd9549e4484199acb3ee07936d91bd8ef510576be30fe58131b4626-2026-08-06-17-1786037949494936794.jsonl: TASK_LIFECYCLE_EVENT must have at least one state transition"
time="2026-08-06T17:41:22Z" level=error msg="Failed to store events for file session_2026-08-06_10-38-44_208675_1/acd9549e4484199acb3ee07936d91bd8ef510576be30fe58131b4626/job_events/03000000/acd9549e4484199acb3ee07936d91bd8ef510576be30fe58131b4626-2026-08-06-17-1786037949494936794.jsonl: TASK_LIFECYCLE_EVENT must have at least one state transition"
time="2026-08-06T17:41:22Z" level=error msg="Failed to store events for file session_2026-08-06_10-38-44_208675_1/acd9549e4484199acb3ee07936d91bd8ef510576be30fe58131b4626/job_events/03000000/acd9549e4484199acb3ee07936d91bd8ef510576be30fe58131b4626-2026-08-06-17-1786037949494936794.jsonl: TASK_LIFECYCLE_EVENT must have at least one state transition"
time="2026-08-06T17:41:22Z" level=error msg="Failed to store events for file session_2026-08-06_10-38-44_208675_1/acd9549e4484199acb3ee07936d91bd8ef510576be30fe58131b4626/job_events/03000000/acd9549e4484199acb3ee07936d91bd8ef510576be30fe58131b4626-2026-08-06-17-1786037949494936794.jsonl: TASK_LIFECYCLE_EVENT must have at least one state transition"
time="2026-08-06T17:41:22Z" level=error msg="Failed to store events for file session_2026-08-06_10-38-44_208675_1/acd9549e4484199acb3ee07936d91bd8ef510576be30fe58131b4626/job_events/03000000/acd9549e4484199acb3ee07936d91bd8ef510576be30fe58131b4626-2026-08-06-17-1786037949494936794.jsonl: TASK_LIFECYCLE_EVENT must have at least one state transition"
time="2026-08-06T17:41:22Z" level=error msg="Failed to store events for file session_2026-08-06_10-38-44_208675_1/acd9549e4484199acb3ee07936d91bd8ef510576be30fe58131b4626/job_events/03000000/acd9549e4484199acb3ee07936d91bd8ef510576be30fe58131b4626-2026-08-06-17-1786037949494936794.jsonl: TASK_LIFECYCLE_EVENT must have at least one state transition"
time="2026-08-06T17:41:22Z" level=error msg="Failed to store events for file session_2026-08-06_10-38-44_208675_1/acd9549e4484199acb3ee07936d91bd8ef510576be30fe58131b4626/job_events/03000000/acd9549e4484199acb3ee07936d91bd8ef510576be30fe58131b4626-2026-08-06-17-1786037949494936794.jsonl: TASK_LIFECYCLE_EVENT must have at least one state transition"
time="2026-08-06T17:41:22Z" level=error msg="Failed to store events for file session_2026-08-06_10-38-44_208675_1/acd9549e4484199acb3ee07936d91bd8ef510576be30fe58131b4626/job_events/03000000/acd9549e4484199acb3ee07936d91bd8ef510576be30fe58131b4626-2026-08-06-17-1786037949494936794.jsonl: TASK_LIFECYCLE_EVENT must have at least one state transition"
time="2026-08-06T17:41:22Z" level=error msg="Failed to store events for file session_2026-08-06_10-38-44_208675_1/acd9549e4484199acb3ee07936d91bd8ef510576be30fe58131b4626/job_events/03000000/acd9549e4484199acb3ee07936d91bd8ef510576be30fe58131b4626-2026-08-06-17-1786037949494936794.jsonl: TASK_LIFECYCLE_EVENT must have at least one state transition"
time="2026-08-06T17:41:23Z" level=error msg="Failed to store events for file session_2026-08-06_10-38-44_208675_1/acd9549e4484199acb3ee07936d91bd8ef510576be30fe58131b4626/job_events/03000000/acd9549e4484199acb3ee07936d91bd8ef510576be30fe58131b4626-2026-08-06-17-1786037949494936794.jsonl: TASK_LIFECYCLE_EVENT must have at least one state transition"
time="2026-08-06T17:41:23Z" level=error msg="Failed to store events for file session_2026-08-06_10-38-44_208675_1/acd9549e4484199acb3ee07936d91bd8ef510576be30fe58131b4626/job_events/03000000/acd9549e4484199acb3ee07936d91bd8ef510576be30fe58131b4626-2026-08-06-17-1786037949494936794.jsonl: TASK_LIFECYCLE_EVENT must have at least one state transition"
time="2026-08-06T17:41:23Z" level=error msg="Failed to store events for file session_2026-08-06_10-38-44_208675_1/acd9549e4484199acb3ee07936d91bd8ef510576be30fe58131b4626/job_events/03000000/acd9549e4484199acb3ee07936d91bd8ef510576be30fe58131b4626-2026-08-06-17-1786037949494936794.jsonl: TASK_LIFECYCLE_EVENT must have at least one state transition"
time="2026-08-06T17:41:23Z" level=error msg="Failed to store events for file session_2026-08-06_10-38-44_208675_1/acd9549e4484199acb3ee07936d91bd8ef510576be30fe58131b4626/job_events/03000000/acd9549e4484199acb3ee07936d91bd8ef510576be30fe58131b4626-2026-08-06-17-1786037949494936794.jsonl: TASK_LIFECYCLE_EVENT must have at least one state transition"
time="2026-08-06T17:41:23Z" level=error msg="Failed to store events for file session_2026-08-06_10-38-44_208675_1/acd9549e4484199acb3ee07936d91bd8ef510576be30fe58131b4626/job_events/03000000/acd9549e4484199acb3ee07936d91bd8ef510576be30fe58131b4626-2026-08-06-17-1786037949494936794.jsonl: TASK_LIFECYCLE_EVENT must have at least one state transition"
time="2026-08-06T17:41:23Z" level=error msg="Failed to store events for file session_2026-08-06_10-38-44_208675_1/acd9549e4484199acb3ee07936d91bd8ef510576be30fe58131b4626/job_events/03000000/acd9549e4484199acb3ee07936d91bd8ef510576be30fe58131b4626-2026-08-06-17-1786037949494936794.jsonl: TASK_LIFECYCLE_EVENT must have at least one state transition"
time="2026-08-06T17:41:23Z" level=error msg="Failed to store events for file session_2026-08-06_10-38-44_208675_1/acd9549e4484199acb3ee07936d91bd8ef510576be30fe58131b4626/job_events/03000000/acd9549e4484199acb3ee07936d91bd8ef510576be30fe58131b4626-2026-08-06-17-1786037949494936794.jsonl: TASK_LIFECYCLE_EVENT must have at least one state transition"
time="2026-08-06T17:41:24Z" level=error msg="Failed to store events for file session_2026-08-06_10-38-44_208675_1/acd9549e4484199acb3ee07936d91bd8ef510576be30fe58131b4626/job_events/03000000/acd9549e4484199acb3ee07936d91bd8ef510576be30fe58131b4626-2026-08-06-17-1786037949494936794.jsonl: TASK_LIFECYCLE_EVENT must have at least one state transition"
time="2026-08-06T17:41:24Z" level=error msg="Failed to store events for file session_2026-08-06_10-38-44_208675_1/acd9549e4484199acb3ee07936d91bd8ef510576be30fe58131b4626/job_events/03000000/acd9549e4484199acb3ee07936d91bd8ef510576be30fe58131b4626-2026-08-06-17-1786037949494936794.jsonl: TASK_LIFECYCLE_EVENT must have at least one state transition"
time="2026-08-06T17:41:24Z" level=error msg="Failed to store events for file session_2026-08-06_10-38-44_208675_1/acd9549e4484199acb3ee07936d91bd8ef510576be30fe58131b4626/job_events/03000000/acd9549e4484199acb3ee07936d91bd8ef510576be30fe58131b4626-2026-08-06-17-1786037949494936794.jsonl: TASK_LIFECYCLE_EVENT must have at least one state transition"
time="2026-08-06T17:41:24Z" level=error msg="Failed to store events for file session_2026-08-06_10-38-44_208675_1/acd9549e4484199acb3ee07936d91bd8ef510576be30fe58131b4626/job_events/03000000/acd9549e4484199acb3ee07936d91bd8ef510576be30fe58131b4626-2026-08-06-17-1786037949494936794.jsonl: TASK_LIFECYCLE_EVENT must have at least one state transition"
time="2026-08-06T17:41:24Z" level=error msg="Failed to store events for file session_2026-08-06_10-38-44_208675_1/acd9549e4484199acb3ee07936d91bd8ef510576be30fe58131b4626/job_events/03000000/acd9549e4484199acb3ee07936d91bd8ef510576be30fe58131b4626-2026-08-06-17-1786037949494936794.jsonl: TASK_LIFECYCLE_EVENT must have at least one state transition"
time="2026-08-06T17:41:24Z" level=error msg="Failed to store events for file session_2026-08-06_10-38-44_208675_1/acd9549e4484199acb3ee07936d91bd8ef510576be30fe58131b4626/job_events/03000000/acd9549e4484199acb3ee07936d91bd8ef510576be30fe58131b4626-2026-08-06-17-1786037949494936794.jsonl: TASK_LIFECYCLE_EVENT must have at least one state transition"
time="2026-08-06T17:41:24Z" level=error msg="Failed to store events for file session_2026-08-06_10-38-44_208675_1/acd9549e4484199acb3ee07936d91bd8ef510576be30fe58131b4626/job_events/03000000/acd9549e4484199acb3ee07936d91bd8ef510576be30fe58131b4626-2026-08-06-17-1786037949494936794.jsonl: TASK_LIFECYCLE_EVENT must have at least one state transition"
time="2026-08-06T17:41:25Z" level=error msg="Failed to store events for file session_2026-08-06_10-38-44_208675_1/acd9549e4484199acb3ee07936d91bd8ef510576be30fe58131b4626/job_events/03000000/acd9549e4484199acb3ee07936d91bd8ef510576be30fe58131b4626-2026-08-06-17-1786037949494936794.jsonl: TASK_LIFECYCLE_EVENT must have at least one state transition"
time="2026-08-06T17:41:25Z" level=error msg="Failed to store events for file session_2026-08-06_10-38-44_208675_1/acd9549e4484199acb3ee07936d91bd8ef510576be30fe58131b4626/job_events/03000000/acd9549e4484199acb3ee07936d91bd8ef510576be30fe58131b4626-2026-08-06-17-1786037949494936794.jsonl: TASK_LIFECYCLE_EVENT must have at least one state transition"
time="2026-08-06T17:41:25Z" level=error msg="Failed to store events for file session_2026-08-06_10-38-44_208675_1/acd9549e4484199acb3ee07936d91bd8ef510576be30fe58131b4626/job_events/03000000/acd9549e4484199acb3ee07936d91bd8ef510576be30fe58131b4626-2026-08-06-17-1786037949494936794.jsonl: TASK_LIFECYCLE_EVENT must have at least one state transition"
time="2026-08-06T17:41:25Z" level=error msg="Failed to store events for file session_2026-08-06_10-38-44_208675_1/acd9549e4484199acb3ee07936d91bd8ef510576be30fe58131b4626/job_events/03000000/acd9549e4484199acb3ee07936d91bd8ef510576be30fe58131b4626-2026-08-06-17-1786037949494936794.jsonl: TASK_LIFECYCLE_EVENT must have at least one state transition"
time="2026-08-06T17:41:26Z" level=error msg="Failed to store events for file session_2026-08-06_10-38-44_208675_1/acd9549e4484199acb3ee07936d91bd8ef510576be30fe58131b4626/job_events/03000000/acd9549e4484199acb3ee07936d91bd8ef510576be30fe58131b4626-2026-08-06-17-1786037949494936794.jsonl: TASK_LIFECYCLE_EVENT must have at least one state transition"
time="2026-08-06T17:41:26Z" level=error msg="Failed to store events for file session_2026-08-06_10-38-44_208675_1/acd9549e4484199acb3ee07936d91bd8ef510576be30fe58131b4626/job_events/03000000/acd9549e4484199acb3ee07936d91bd8ef510576be30fe58131b4626-2026-08-06-17-1786037949494936794.jsonl: TASK_LIFECYCLE_EVENT must have at least one state transition"
time="2026-08-06T17:41:26Z" level=error msg="Failed to store events for file session_2026-08-06_10-38-44_208675_1/acd9549e4484199acb3ee07936d91bd8ef510576be30fe58131b4626/job_events/03000000/acd9549e4484199acb3ee07936d91bd8ef510576be30fe58131b4626-2026-08-06-17-1786037949494936794.jsonl: TASK_LIFECYCLE_EVENT must have at least one state transition"
time="2026-08-06T17:41:26Z" level=error msg="Failed to store events for file session_2026-08-06_10-38-44_208675_1/acd9549e4484199acb3ee07936d91bd8ef510576be30fe58131b4626/job_events/03000000/acd9549e4484199acb3ee07936d91bd8ef510576be30fe58131b4626-2026-08-06-17-1786037949494936794.jsonl: TASK_LIFECYCLE_EVENT must have at least one state transition"
time="2026-08-06T17:41:26Z" level=error msg="Failed to store events for file session_2026-08-06_10-38-44_208675_1/acd9549e4484199acb3ee07936d91bd8ef510576be30fe58131b4626/job_events/03000000/acd9549e4484199acb3ee07936d91bd8ef510576be30fe58131b4626-2026-08-06-17-1786037949494936794.jsonl: TASK_LIFECYCLE_EVENT must have at least one state transition"
time="2026-08-06T17:41:26Z" level=error msg="Failed to store events for file session_2026-08-06_10-38-44_208675_1/acd9549e4484199acb3ee07936d91bd8ef510576be30fe58131b4626/job_events/03000000/acd9549e4484199acb3ee07936d91bd8ef510576be30fe58131b4626-2026-08-06-17-1786037949494936794.jsonl: TASK_LIFECYCLE_EVENT must have at least one state transition"
time="2026-08-06T17:41:26Z" level=error msg="Failed to store events for file session_2026-08-06_10-38-44_208675_1/acd9549e4484199acb3ee07936d91bd8ef510576be30fe58131b4626/job_events/03000000/acd9549e4484199acb3ee07936d91bd8ef510576be30fe58131b4626-2026-08-06-17-1786037949494936794.jsonl: TASK_LIFECYCLE_EVENT must have at least one state transition"
time="2026-08-06T17:41:27Z" level=error msg="Failed to store events for file session_2026-08-06_10-38-44_208675_1/acd9549e4484199acb3ee07936d91bd8ef510576be30fe58131b4626/job_events/03000000/acd9549e4484199acb3ee07936d91bd8ef510576be30fe58131b4626-2026-08-06-17-1786037949494936794.jsonl: TASK_LIFECYCLE_EVENT must have at least one state transition"
time="2026-08-06T17:41:27Z" level=error msg="Failed to store events for file session_2026-08-06_10-38-44_208675_1/acd9549e4484199acb3ee07936d91bd8ef510576be30fe58131b4626/job_events/03000000/acd9549e4484199acb3ee07936d91bd8ef510576be30fe58131b4626-2026-08-06-17-1786037949494936794.jsonl: TASK_LIFECYCLE_EVENT must have at least one state transition"
time="2026-08-06T17:41:27Z" level=error msg="Failed to store events for file session_2026-08-06_10-38-44_208675_1/acd9549e4484199acb3ee07936d91bd8ef510576be30fe58131b4626/job_events/03000000/acd9549e4484199acb3ee07936d91bd8ef510576be30fe58131b4626-2026-08-06-17-1786037949494936794.jsonl: TASK_LIFECYCLE_EVENT must have at least one state transition"
time="2026-08-06T17:41:27Z" level=error msg="Failed to store events for file session_2026-08-06_10-38-44_208675_1/acd9549e4484199acb3ee07936d91bd8ef510576be30fe58131b4626/job_events/03000000/acd9549e4484199acb3ee07936d91bd8ef510576be30fe58131b4626-2026-08-06-17-1786037949494936794.jsonl: TASK_LIFECYCLE_EVENT must have at least one state transition"
time="2026-08-06T17:41:28Z" level=error msg="Failed to store events for file session_2026-08-06_10-38-44_208675_1/acd9549e4484199acb3ee07936d91bd8ef510576be30fe58131b4626/job_events/03000000/acd9549e4484199acb3ee07936d91bd8ef510576be30fe58131b4626-2026-08-06-17-1786037949494936794.jsonl: TASK_LIFECYCLE_EVENT must have at least one state transition"
time="2026-08-06T17:41:28Z" level=error msg="Failed to store events for file session_2026-08-06_10-38-44_208675_1/acd9549e4484199acb3ee07936d91bd8ef510576be30fe58131b4626/job_events/03000000/acd9549e4484199acb3ee07936d91bd8ef510576be30fe58131b4626-2026-08-06-17-1786037949494936794.jsonl: TASK_LIFECYCLE_EVENT must have at least one state transition"
time="2026-08-06T17:41:28Z" level=error msg="Failed to store events for file session_2026-08-06_10-38-44_208675_1/acd9549e4484199acb3ee07936d91bd8ef510576be30fe58131b4626/job_events/03000000/acd9549e4484199acb3ee07936d91bd8ef510576be30fe58131b4626-2026-08-06-17-1786037949494936794.jsonl: TASK_LIFECYCLE_EVENT must have at least one state transition"
time="2026-08-06T17:41:28Z" level=error msg="Failed to store events for file session_2026-08-06_10-38-44_208675_1/acd9549e4484199acb3ee07936d91bd8ef510576be30fe58131b4626/job_events/03000000/acd9549e4484199acb3ee07936d91bd8ef510576be30fe58131b4626-2026-08-06-17-1786037949494936794.jsonl: TASK_LIFECYCLE_EVENT must have at least one state transition"
time="2026-08-06T17:41:28Z" level=error msg="Failed to store events for file session_2026-08-06_10-38-44_208675_1/acd9549e4484199acb3ee07936d91bd8ef510576be30fe58131b4626/job_events/03000000/acd9549e4484199acb3ee07936d91bd8ef510576be30fe58131b4626-2026-08-06-17-1786037949494936794.jsonl: TASK_LIFECYCLE_EVENT must have at least one state transition"
time="2026-08-06T17:41:28Z" level=error msg="Failed to store events for file session_2026-08-06_10-38-44_208675_1/acd9549e4484199acb3ee07936d91bd8ef510576be30fe58131b4626/job_events/03000000/acd9549e4484199acb3ee07936d91bd8ef510576be30fe58131b4626-2026-08-06-17-1786037949494936794.jsonl: TASK_LIFECYCLE_EVENT must have at least one state transition"
time="2026-08-06T17:41:28Z" level=error msg="Failed to store events for file session_2026-08-06_10-38-44_208675_1/acd9549e4484199acb3ee07936d91bd8ef510576be30fe58131b4626/job_events/03000000/acd9549e4484199acb3ee07936d91bd8ef510576be30fe58131b4626-2026-08-06-17-1786037949494936794.jsonl: TASK_LIFECYCLE_EVENT must have at least one state transition"
time="2026-08-06T17:41:29Z" level=error msg="Failed to store events for file session_2026-08-06_10-38-44_208675_1/acd9549e4484199acb3ee07936d91bd8ef510576be30fe58131b4626/job_events/03000000/acd9549e4484199acb3ee07936d91bd8ef510576be30fe58131b4626-2026-08-06-17-1786037949494936794.jsonl: TASK_LIFECYCLE_EVENT must have at least one state transition"
time="2026-08-06T17:41:29Z" level=error msg="Failed to store events for file session_2026-08-06_10-38-44_208675_1/acd9549e4484199acb3ee07936d91bd8ef510576be30fe58131b4626/job_events/03000000/acd9549e4484199acb3ee07936d91bd8ef510576be30fe58131b4626-2026-08-06-17-1786037949494936794.jsonl: TASK_LIFECYCLE_EVENT must have at least one state transition"
time="2026-08-06T17:41:29Z" level=error msg="Failed to store events for file session_2026-08-06_10-38-44_208675_1/acd9549e4484199acb3ee07936d91bd8ef510576be30fe58131b4626/job_events/03000000/acd9549e4484199acb3ee07936d91bd8ef510576be30fe58131b4626-2026-08-06-17-1786037949494936794.jsonl: TASK_LIFECYCLE_EVENT must have at least one state transition"
time="2026-08-06T17:41:29Z" level=error msg="Failed to store events for file session_2026-08-06_10-38-44_208675_1/acd9549e4484199acb3ee07936d91bd8ef510576be30fe58131b4626/job_events/03000000/acd9549e4484199acb3ee07936d91bd8ef510576be30fe58131b4626-2026-08-06-17-1786037949494936794.jsonl: TASK_LIFECYCLE_EVENT must have at least one state transition"
time="2026-08-06T17:41:30Z" level=error msg="Failed to store events for file session_2026-08-06_10-38-44_208675_1/acd9549e4484199acb3ee07936d91bd8ef510576be30fe58131b4626/job_events/03000000/acd9549e4484199acb3ee07936d91bd8ef510576be30fe58131b4626-2026-08-06-17-1786037949494936794.jsonl: TASK_LIFECYCLE_EVENT must have at least one state transition"
gc 22 @61.211s 1%: 0.17+589+0.14 ms clock, 0.69+0.10/589/1188+0.59 ms cpu, 1206->1223->677 MB, 1416 MB goal, 0 MB stacks, 0 MB globals, 4 P
time="2026-08-06T17:41:30Z" level=error msg="Failed to store events for file session_2026-08-06_10-38-44_208675_1/acd9549e4484199acb3ee07936d91bd8ef510576be30fe58131b4626/job_events/03000000/acd9549e4484199acb3ee07936d91bd8ef510576be30fe58131b4626-2026-08-06-17-1786037949494936794.jsonl: TASK_LIFECYCLE_EVENT must have at least one state transition"
time="2026-08-06T17:41:30Z" level=error msg="Failed to store events for file session_2026-08-06_10-38-44_208675_1/acd9549e4484199acb3ee07936d91bd8ef510576be30fe58131b4626/job_events/03000000/acd9549e4484199acb3ee07936d91bd8ef510576be30fe58131b4626-2026-08-06-17-1786037949494936794.jsonl: TASK_LIFECYCLE_EVENT must have at least one state transition"
time="2026-08-06T17:41:30Z" level=error msg="Failed to store events for file session_2026-08-06_10-38-44_208675_1/acd9549e4484199acb3ee07936d91bd8ef510576be30fe58131b4626/job_events/03000000/acd9549e4484199acb3ee07936d91bd8ef510576be30fe58131b4626-2026-08-06-17-1786037949494936794.jsonl: TASK_LIFECYCLE_EVENT must have at least one state transition"
time="2026-08-06T17:41:30Z" level=error msg="Failed to store events for file session_2026-08-06_10-38-44_208675_1/acd9549e4484199acb3ee07936d91bd8ef510576be30fe58131b4626/job_events/03000000/acd9549e4484199acb3ee07936d91bd8ef510576be30fe58131b4626-2026-08-06-17-1786037949494936794.jsonl: TASK_LIFECYCLE_EVENT must have at least one state transition"
time="2026-08-06T17:41:30Z" level=error msg="Failed to store events for file session_2026-08-06_10-38-44_208675_1/acd9549e4484199acb3ee07936d91bd8ef510576be30fe58131b4626/job_events/03000000/acd9549e4484199acb3ee07936d91bd8ef510576be30fe58131b4626-2026-08-06-17-1786037949494936794.jsonl: TASK_LIFECYCLE_EVENT must have at least one state transition"
time="2026-08-06T17:41:31Z" level=error msg="Failed to store events for file session_2026-08-06_10-38-44_208675_1/acd9549e4484199acb3ee07936d91bd8ef510576be30fe58131b4626/job_events/03000000/acd9549e4484199acb3ee07936d91bd8ef510576be30fe58131b4626-2026-08-06-17-1786037949494936794.jsonl: TASK_LIFECYCLE_EVENT must have at least one state transition"
time="2026-08-06T17:41:31Z" level=error msg="Failed to store events for file session_2026-08-06_10-38-44_208675_1/acd9549e4484199acb3ee07936d91bd8ef510576be30fe58131b4626/job_events/03000000/acd9549e4484199acb3ee07936d91bd8ef510576be30fe58131b4626-2026-08-06-17-1786037949494936794.jsonl: TASK_LIFECYCLE_EVENT must have at least one state transition"
time="2026-08-06T17:41:32Z" level=error msg="Failed to store events for file session_2026-08-06_10-38-44_208675_1/acd9549e4484199acb3ee07936d91bd8ef510576be30fe58131b4626/job_events/03000000/acd9549e4484199acb3ee07936d91bd8ef510576be30fe58131b4626-2026-08-06-17-1786037949494936794.jsonl: TASK_LIFECYCLE_EVENT must have at least one state transition"
time="2026-08-06T17:41:32Z" level=error msg="Failed to store events for file session_2026-08-06_10-38-44_208675_1/acd9549e4484199acb3ee07936d91bd8ef510576be30fe58131b4626/job_events/03000000/acd9549e4484199acb3ee07936d91bd8ef510576be30fe58131b4626-2026-08-06-17-1786037949494936794.jsonl: TASK_LIFECYCLE_EVENT must have at least one state transition"
time="2026-08-06T17:41:33Z" level=error msg="Failed to store events for file session_2026-08-06_10-38-44_208675_1/acd9549e4484199acb3ee07936d91bd8ef510576be30fe58131b4626/job_events/03000000/acd9549e4484199acb3ee07936d91bd8ef510576be30fe58131b4626-2026-08-06-17-1786037949494936794.jsonl: TASK_LIFECYCLE_EVENT must have at least one state transition"
time="2026-08-06T17:41:33Z" level=error msg="Failed to store events for file session_2026-08-06_10-38-44_208675_1/acd9549e4484199acb3ee07936d91bd8ef510576be30fe58131b4626/job_events/03000000/acd9549e4484199acb3ee07936d91bd8ef510576be30fe58131b4626-2026-08-06-17-1786037949494936794.jsonl: TASK_LIFECYCLE_EVENT must have at least one state transition"
time="2026-08-06T17:41:34Z" level=error msg="Failed to store events for file session_2026-08-06_10-38-44_208675_1/acd9549e4484199acb3ee07936d91bd8ef510576be30fe58131b4626/job_events/03000000/acd9549e4484199acb3ee07936d91bd8ef510576be30fe58131b4626-2026-08-06-17-1786037949494936794.jsonl: TASK_LIFECYCLE_EVENT must have at least one state transition"
time="2026-08-06T17:41:34Z" level=error msg="Failed to store events for file session_2026-08-06_10-38-44_208675_1/acd9549e4484199acb3ee07936d91bd8ef510576be30fe58131b4626/job_events/03000000/acd9549e4484199acb3ee07936d91bd8ef510576be30fe58131b4626-2026-08-06-17-1786037949494936794.jsonl: TASK_LIFECYCLE_EVENT must have at least one state transition"
time="2026-08-06T17:41:34Z" level=info msg="Prepare to get object log/cluster-history/raycluster/test-ns-9fcz4/raycluster-historyserver/session_2026-08-06_10-38-44_208675_1/742ddbb7b3aa210c4306127e3c1e2e5339ddada58c2b428f5d539d0d/node_events/742ddbb7b3aa210c4306127e3c1e2e5339ddada58c2b428f5d539d0d-2026-08-06-17-1786037929499154757.jsonl info ..."
time="2026-08-06T17:41:35Z" level=info msg="Received request: GET /enter_cluster/test-ns-9fcz4/raycluster/raycluster-historyserver/session_2026-08-06_10-38-44_208675_1"
time="2026-08-06T17:41:35Z" level=info msg="[List]Returned objects in log/cluster-metadata/. length of page.Contents: 2, length of page.CommonPrefixes: 0"
time="2026-08-06T17:41:35Z" level=error msg="Failed to parse meta file path: log/cluster-metadata/raycluster/test-ns-9fcz4_raycluster-historyserver/, error: invalid path segment count for cluster metadata structure: log/cluster-metadata/raycluster/test-ns-9fcz4_raycluster-historyserver/"
time="2026-08-06T17:41:35Z" level=info msg="Parsed cluster raycluster-historyserver for session session_2026-08-06_10-38-44_208675_1 to list"
time="2026-08-06T17:41:35Z" level=info msg="Received request: GET /api/v0/tasks?limit=100000"
time="2026-08-06T17:41:35Z" level=info msg="Request URL /api/v0/tasks?limit=100000"
time="2026-08-06T17:41:35Z" level=info msg="Received request: GET /api/v0/tasks?limit=100000"
time="2026-08-06T17:41:35Z" level=info msg="Request URL /api/v0/tasks?limit=100000"
time="2026-08-06T17:41:35Z" level=info msg="Received request: GET /api/v0/tasks?limit=100000"
time="2026-08-06T17:41:35Z" level=info msg="Request URL /api/v0/tasks?limit=100000"
time="2026-08-06T17:41:35Z" level=info msg="Received request: GET /api/v0/tasks?limit=100000"
time="2026-08-06T17:41:35Z" level=info msg="Request URL /api/v0/tasks?limit=100000"
time="2026-08-06T17:41:35Z" level=info msg="Received request: GET /api/v0/tasks?limit=100000"
time="2026-08-06T17:41:35Z" level=info msg="Request URL /api/v0/tasks?limit=100000"
time="2026-08-06T17:41:35Z" level=info msg="Received request: GET /api/v0/tasks?limit=100000"
time="2026-08-06T17:41:35Z" level=info msg="Request URL /api/v0/tasks?limit=100000"
time="2026-08-06T17:41:35Z" level=info msg="Received request: GET /api/v0/tasks?limit=100000"
time="2026-08-06T17:41:35Z" level=info msg="Request URL /api/v0/tasks?limit=100000"
time="2026-08-06T17:41:35Z" level=info msg="Received request: GET /api/v0/tasks?limit=100000"
time="2026-08-06T17:41:35Z" level=info msg="Request URL /api/v0/tasks?limit=100000"
time="2026-08-06T17:41:35Z" level=info msg="Received request: GET /api/v0/tasks?limit=100000"
time="2026-08-06T17:41:35Z" level=info msg="Request URL /api/v0/tasks?limit=100000"
time="2026-08-06T17:41:35Z" level=info msg="Received request: GET /api/v0/tasks?limit=100000"
time="2026-08-06T17:41:35Z" level=info msg="Request URL /api/v0/tasks?limit=100000"
time="2026-08-06T17:41:35Z" level=info msg="Received request: GET /api/v0/tasks/summarize"
time="2026-08-06T17:41:35Z" level=info msg="Request URL /api/v0/tasks/summarize"
gc 23 @67.449s 1%: 0.71+484+0.12 ms clock, 2.8+0/460/349+0.48 ms cpu, 1188->1221->269 MB, 1355 MB goal, 0 MB stacks, 0 MB globals, 4 P
time="2026-08-06T17:41:37Z" level=info msg="Received request: GET /api/v0/tasks/summarize"
time="2026-08-06T17:41:37Z" level=info msg="Request URL /api/v0/tasks/summarize"
gc 24 @68.622s 1%: 0.23+422+0.097 ms clock, 0.92+0/228/593+0.38 ms cpu, 502->528->261 MB, 539 MB goal, 0 MB stacks, 0 MB globals, 4 P
time="2026-08-06T17:41:38Z" level=info msg="Received request: GET /api/v0/tasks/summarize"
time="2026-08-06T17:41:38Z" level=info msg="Request URL /api/v0/tasks/summarize"
gc 25 @69.642s 1%: 0.16+354+0.093 ms clock, 0.66+82/101/196+0.37 ms cpu, 462->503->236 MB, 524 MB goal, 0 MB stacks, 0 MB globals, 4 P
gc 26 @70.088s 1%: 0.18+544+0.090 ms clock, 0.74+24/259/622+0.36 ms cpu, 415->462->320 MB, 473 MB goal, 0 MB stacks, 0 MB globals, 4 P
time="2026-08-06T17:41:39Z" level=info msg="Received request: GET /api/v0/tasks/summarize"
time="2026-08-06T17:41:39Z" level=info msg="Request URL /api/v0/tasks/summarize"
gc 27 @71.235s 1%: 0.16+300+0.10 ms clock, 0.65+0/295/578+0.40 ms cpu, 586->586->282 MB, 640 MB goal, 0 MB stacks, 0 MB globals, 4 P
time="2026-08-06T17:41:40Z" level=info msg="Received request: GET /api/v0/tasks/summarize"
time="2026-08-06T17:41:40Z" level=info msg="Request URL /api/v0/tasks/summarize"
gc 28 @72.120s 1%: 0.19+420+0.094 ms clock, 0.78+0/250/495+0.37 ms cpu, 502->549->349 MB, 566 MB goal, 0 MB stacks, 0 MB globals, 4 P
time="2026-08-06T17:41:41Z" level=info msg="Received request: GET /api/v0/tasks/summarize"
time="2026-08-06T17:41:41Z" level=info msg="Request URL /api/v0/tasks/summarize"
gc 29 @73.181s 1%: 0.18+237+0.12 ms clock, 0.74+0/236/472+0.51 ms cpu, 616->616->320 MB, 700 MB goal, 0 MB stacks, 0 MB globals, 4 P
time="2026-08-06T17:41:42Z" level=info msg="Received request: GET /api/v0/tasks/summarize"
time="2026-08-06T17:41:42Z" level=info msg="Request URL /api/v0/tasks/summarize"
gc 30 @74.023s 1%: 0.17+216+0.10 ms clock, 0.71+0/215/429+0.41 ms cpu, 587->587->320 MB, 641 MB goal, 0 MB stacks, 0 MB globals, 4 P
time="2026-08-06T17:41:43Z" level=info msg="Received request: GET /api/v0/tasks/summarize"
time="2026-08-06T17:41:43Z" level=info msg="Request URL /api/v0/tasks/summarize"
gc 31 @74.855s 1%: 0.17+222+0.11 ms clock, 0.68+0/222/441+0.45 ms cpu, 587->587->320 MB, 641 MB goal, 0 MB stacks, 0 MB globals, 4 P
time="2026-08-06T17:41:44Z" level=info msg="Received request: GET /api/v0/tasks/summarize"
time="2026-08-06T17:41:44Z" level=info msg="Request URL /api/v0/tasks/summarize"
gc 32 @75.694s 2%: 0.17+226+0.094 ms clock, 0.71+0/225/449+0.37 ms cpu, 586->586->320 MB, 640 MB goal, 0 MB stacks, 0 MB globals, 4 P
time="2026-08-06T17:41:44Z" level=info msg="Received request: GET /api/v0/tasks/summarize"
time="2026-08-06T17:41:44Z" level=info msg="Request URL /api/v0/tasks/summarize"
gc 33 @76.540s 2%: 0.17+223+0.089 ms clock, 0.70+0/223/445+0.35 ms cpu, 586->586->320 MB, 640 MB goal, 0 MB stacks, 0 MB globals, 4 P
time="2026-08-06T17:41:45Z" level=info msg="Received request: GET /api/jobs/"
time="2026-08-06T17:41:45Z" level=info msg="Request URL /api/jobs/"
time="2026-08-06T17:41:45Z" level=info msg="Received request: GET /api/jobs/"
time="2026-08-06T17:41:45Z" level=info msg="Request URL /api/jobs/"
time="2026-08-06T17:41:45Z" level=info msg="Received request: GET /api/jobs/"
time="2026-08-06T17:41:45Z" level=info msg="Request URL /api/jobs/"
time="2026-08-06T17:41:45Z" level=info msg="Received request: GET /api/jobs/"
time="2026-08-06T17:41:45Z" level=info msg="Request URL /api/jobs/"
time="2026-08-06T17:41:45Z" level=info msg="Received request: GET /api/jobs/"
time="2026-08-06T17:41:45Z" level=info msg="Request URL /api/jobs/"
time="2026-08-06T17:41:45Z" level=info msg="Received request: GET /api/jobs/"
time="2026-08-06T17:41:45Z" level=info msg="Request URL /api/jobs/"
gc 34 @77.336s 2%: 0.98+279+0.041 ms clock, 3.9+0/157/313+0.16time="2026-08-06T17:41:46Z" level=info msg="Received request: GET /api/jobs/"
 ms cpu, 563->563->236 MB, 640 MB goal, 0 MB stacks, 0 MB globals, 4 P
time="2026-08-06T17:41:46Z" level=info msg="Request URL /api/jobs/"
time="2026-08-06T17:41:46Z" level=info msg="Received request: GET /api/jobs/"
time="2026-08-06T17:41:46Z" level=info msg="Request URL /api/jobs/"
time="2026-08-06T17:41:46Z" level=info msg="Received request: GET /api/jobs/"
time="2026-08-06T17:41:46Z" level=info msg="Request URL /api/jobs/"
time="2026-08-06T17:41:46Z" level=info msg="Received request: GET /api/jobs/"
time="2026-08-06T17:41:46Z" level=info msg="Request URL /api/jobs/"
time="2026-08-06T17:41:46Z" level=info msg="Request URL /nodes?view=summary"
gc 35 @77.681s 2%: 0.95+263+0.094 ms clock, 3.8+0/152/296+0.37 ms cpu, 438->439->236 MB, 472 MB goal, 0 MB stacks, 0 MB globals, 4 P
time="2026-08-06T17:41:46Z" level=info msg="Request URL /nodes?view=summary"
time="2026-08-06T17:41:46Z" level=info msg="Request URL /nodes?view=summary"
time="2026-08-06T17:41:46Z" level=info msg="Request URL /nodes?view=summary"
time="2026-08-06T17:41:46Z" level=info msg="Request URL /nodes?view=summary"
time="2026-08-06T17:41:46Z" level=info msg="Request URL /nodes?view=summary"
time="2026-08-06T17:41:46Z" level=info msg="Request URL /nodes?view=summary"
gc 36 @78.013s 2%: 0.87+247+0.14 ms clock, 3.5+0/138/274+0.59 ms cpu, 439->439->236 MB, 473 MB goal, 0 MB stacks, 0 MB globals, 4 P
time="2026-08-06T17:41:46Z" level=info msg="Request URL /nodes?view=summary"
time="2026-08-06T17:41:46Z" level=info msg="Request URL /nodes?view=summary"
time="2026-08-06T17:41:46Z" level=info msg="Request URL /nodes?view=summary"
time="2026-08-06T17:41:46Z" level=info msg="Request URL /events"
time="2026-08-06T17:41:47Z" level=info msg="Request URL /events"
gc 37 @78.325s 2%: 0.55+240+0.17 ms clock, 2.2+0/145/289+0.70 ms cpu, 438->479->276 MB, 473 MB goal, 0 MB stacks, 0 MB globals, 4 P
time="2026-08-06T17:41:47Z" level=info msg="Request URL /events"
time="2026-08-06T17:41:47Z" level=info msg="Request URL /events"
time="2026-08-06T17:41:47Z" level=info msg="Request URL /events"
time="2026-08-06T17:41:47Z" level=info msg="Request URL /events"
time="2026-08-06T17:41:47Z" level=info msg="Request URL /events"
time="2026-08-06T17:41:47Z" level=info msg="Request URL /events"
gc 38 @78.659s 2%: 0.39+239+0.086 ms clock, 1.5+0/131/259+0.34 ms cpu, 479->520->276 MB, 553 MB goal, 0 MB stacks, 0 MB globals, 4 P
time="2026-08-06T17:41:47Z" level=info msg="Request URL /events"
time="2026-08-06T17:41:47Z" level=info msg="Request URL /events"
