gc 1 @0.167s 3%: 2.2+18+1.1 ms clock, 4.5+2.5/7.1/8.2+2.3 ms cpu, 3->3->2 MB, 4 MB goal, 0 MB stacks, 0 MB globals, 2 P
gc 2 @0.279s 3%: 0.13+8.7+0.14 ms clock, 0.27+0.61/2.2/4.5+0.28 ms cpu, 5->5->3 MB, 5 MB goal, 0 MB stacks, 0 MB globals, 2 P
gc 3 @0.441s 2%: 0.21+12+0.14 ms clock, 0.43+0.31/2.8/9.2+0.28 ms cpu, 8->8->5 MB, 8 MB goal, 0 MB stacks, 0 MB globals, 2 P
time="2026-08-06T19:47:08Z" level=info msg="create client manager successfully, clients: 1"
time="2026-08-06T19:47:08Z" level=info msg="Begin to create s3 client ..."
time="2026-08-06T19:47:08Z" level=info msg="Checking if bucket ray-historyserver exists..."
time="2026-08-06T19:47:08Z" level=info msg="Bucket ray-historyserver already exists"
time="2026-08-06T19:47:08Z" level=info msg="Clean logdir is logs"
time="2026-08-06T19:47:08Z" level=info msg="Starting server on :8080"
time="2026-08-06T19:47:10Z" level=info msg="Received request: GET /readz"
time="2026-08-06T19:47:10Z" level=info msg="live clusters: []"
time="2026-08-06T19:47:10Z" level=info msg="[List]Returned objects in log/cluster-metadata/. length of page.Contents: 2, length of page.CommonPrefixes: 0"
time="2026-08-06T19:47:10Z" level=error msg="Failed to parse meta file path: log/cluster-metadata/raycluster/test-ns-zzmmf_raycluster-historyserver/, error: invalid path segment count for cluster metadata structure: log/cluster-metadata/raycluster/test-ns-zzmmf_raycluster-historyserver/"
time="2026-08-06T19:47:10Z" level=info msg="Parsed cluster raycluster-historyserver for session session_2026-08-06_12-45-23_187495_1 to list"
time="2026-08-06T19:47:10Z" level=info msg="live clusters: []"
time="2026-08-06T19:47:10Z" level=info msg="[List]Returned objects in log/cluster-metadata/. length of page.Contents: 2, length of page.CommonPrefixes: 0"
time="2026-08-06T19:47:10Z" level=error msg="Failed to parse meta file path: log/cluster-metadata/raycluster/test-ns-zzmmf_raycluster-historyserver/, error: invalid path segment count for cluster metadata structure: log/cluster-metadata/raycluster/test-ns-zzmmf_raycluster-historyserver/"
time="2026-08-06T19:47:10Z" level=info msg="Parsed cluster raycluster-historyserver for session session_2026-08-06_12-45-23_187495_1 to list"
time="2026-08-06T19:47:10Z" level=info msg="live clusters: []"
time="2026-08-06T19:47:10Z" level=info msg="[List]Returned objects in log/cluster-metadata/. length of page.Contents: 2, length of page.CommonPrefixes: 0"
time="2026-08-06T19:47:10Z" level=error msg="Failed to parse meta file path: log/cluster-metadata/raycluster/test-ns-zzmmf_raycluster-historyserver/, error: invalid path segment count for cluster metadata structure: log/cluster-metadata/raycluster/test-ns-zzmmf_raycluster-historyserver/"
time="2026-08-06T19:47:10Z" level=info msg="Parsed cluster raycluster-historyserver for session session_2026-08-06_12-45-23_187495_1 to list"
time="2026-08-06T19:47:10Z" level=info msg="live clusters: []"
time="2026-08-06T19:47:10Z" level=info msg="[List]Returned objects in log/cluster-metadata/. length of page.Contents: 2, length of page.CommonPrefixes: 0"
time="2026-08-06T19:47:10Z" level=error msg="Failed to parse meta file path: log/cluster-metadata/raycluster/test-ns-zzmmf_raycluster-historyserver/, error: invalid path segment count for cluster metadata structure: log/cluster-metadata/raycluster/test-ns-zzmmf_raycluster-historyserver/"
time="2026-08-06T19:47:10Z" level=info msg="Parsed cluster raycluster-historyserver for session session_2026-08-06_12-45-23_187495_1 to list"
time="2026-08-06T19:47:10Z" level=info msg="live clusters: []"
time="2026-08-06T19:47:10Z" level=info msg="[List]Returned objects in log/cluster-metadata/. length of page.Contents: 2, length of page.CommonPrefixes: 0"
time="2026-08-06T19:47:10Z" level=error msg="Failed to parse meta file path: log/cluster-metadata/raycluster/test-ns-zzmmf_raycluster-historyserver/, error: invalid path segment count for cluster metadata structure: log/cluster-metadata/raycluster/test-ns-zzmmf_raycluster-historyserver/"
time="2026-08-06T19:47:10Z" level=info msg="Parsed cluster raycluster-historyserver for session session_2026-08-06_12-45-23_187495_1 to list"
time="2026-08-06T19:47:10Z" level=info msg="Received request: GET /enter_cluster/test-ns-zzmmf/raycluster/raycluster-historyserver/session_2026-08-06_12-45-23_187495_1"
time="2026-08-06T19:47:10Z" level=info msg="[List]Returned objects in log/cluster-metadata/. length of page.Contents: 2, length of page.CommonPrefixes: 0"
time="2026-08-06T19:47:10Z" level=error msg="Failed to parse meta file path: log/cluster-metadata/raycluster/test-ns-zzmmf_raycluster-historyserver/, error: invalid path segment count for cluster metadata structure: log/cluster-metadata/raycluster/test-ns-zzmmf_raycluster-historyserver/"
time="2026-08-06T19:47:10Z" level=info msg="Parsed cluster raycluster-historyserver for session session_2026-08-06_12-45-23_187495_1 to list"
time="2026-08-06T19:47:10Z" level=info msg="[ListFiles]Returned objects in log/cluster-history/raycluster/test-ns-zzmmf/raycluster-historyserver/session_2026-08-06_12-45-23_187495_1/. length of page.Contents: 0, length of page.CommonPrefixes: 3"
time="2026-08-06T19:47:10Z" level=info msg="[ListFiles]Returned objects in log/cluster-history/raycluster/test-ns-zzmmf/raycluster-historyserver/session_2026-08-06_12-45-23_187495_1/800d8a32ab3a9c73c5e8d125c45373f804c755721d34584a82ba74b4/logs/events/. length of page.Contents: 13, length of page.CommonPrefixes: 0"
time="2026-08-06T19:47:10Z" level=info msg="Prepare to get object log/cluster-history/raycluster/test-ns-zzmmf/raycluster-historyserver/session_2026-08-06_12-45-23_187495_1/800d8a32ab3a9c73c5e8d125c45373f804c755721d34584a82ba74b4/logs/events/event_CORE_WORKER_228.log info ..."
time="2026-08-06T19:47:10Z" level=info msg="Prepare to get object log/cluster-history/raycluster/test-ns-zzmmf/raycluster-historyserver/session_2026-08-06_12-45-23_187495_1/800d8a32ab3a9c73c5e8d125c45373f804c755721d34584a82ba74b4/logs/events/event_CORE_WORKER_229.log info ..."
time="2026-08-06T19:47:10Z" level=info msg="Prepare to get object log/cluster-history/raycluster/test-ns-zzmmf/raycluster-historyserver/session_2026-08-06_12-45-23_187495_1/800d8a32ab3a9c73c5e8d125c45373f804c755721d34584a82ba74b4/logs/events/event_CORE_WORKER_315.log info ..."
time="2026-08-06T19:47:10Z" level=info msg="Prepare to get object log/cluster-history/raycluster/test-ns-zzmmf/raycluster-historyserver/session_2026-08-06_12-45-23_187495_1/800d8a32ab3a9c73c5e8d125c45373f804c755721d34584a82ba74b4/logs/events/event_CORE_WORKER_320.log info ..."
time="2026-08-06T19:47:10Z" level=info msg="Prepare to get object log/cluster-history/raycluster/test-ns-zzmmf/raycluster-historyserver/session_2026-08-06_12-45-23_187495_1/800d8a32ab3a9c73c5e8d125c45373f804c755721d34584a82ba74b4/logs/events/event_CORE_WORKER_398.log info ..."
time="2026-08-06T19:47:10Z" level=info msg="Prepare to get object log/cluster-history/raycluster/test-ns-zzmmf/raycluster-historyserver/session_2026-08-06_12-45-23_187495_1/800d8a32ab3a9c73c5e8d125c45373f804c755721d34584a82ba74b4/logs/events/event_CORE_WORKER_412.log info ..."
time="2026-08-06T19:47:10Z" level=info msg="Prepare to get object log/cluster-history/raycluster/test-ns-zzmmf/raycluster-historyserver/session_2026-08-06_12-45-23_187495_1/800d8a32ab3a9c73c5e8d125c45373f804c755721d34584a82ba74b4/logs/events/event_CORE_WORKER_493.log info ..."
time="2026-08-06T19:47:10Z" level=info msg="Prepare to get object log/cluster-history/raycluster/test-ns-zzmmf/raycluster-historyserver/session_2026-08-06_12-45-23_187495_1/800d8a32ab3a9c73c5e8d125c45373f804c755721d34584a82ba74b4/logs/events/event_CORE_WORKER_513.log info ..."
time="2026-08-06T19:47:10Z" level=info msg="Prepare to get object log/cluster-history/raycluster/test-ns-zzmmf/raycluster-historyserver/session_2026-08-06_12-45-23_187495_1/800d8a32ab3a9c73c5e8d125c45373f804c755721d34584a82ba74b4/logs/events/event_CORE_WORKER_589.log info ..."
time="2026-08-06T19:47:10Z" level=info msg="Prepare to get object log/cluster-history/raycluster/test-ns-zzmmf/raycluster-historyserver/session_2026-08-06_12-45-23_187495_1/800d8a32ab3a9c73c5e8d125c45373f804c755721d34584a82ba74b4/logs/events/event_CORE_WORKER_608.log info ..."
time="2026-08-06T19:47:10Z" level=info msg="Prepare to get object log/cluster-history/raycluster/test-ns-zzmmf/raycluster-historyserver/session_2026-08-06_12-45-23_187495_1/800d8a32ab3a9c73c5e8d125c45373f804c755721d34584a82ba74b4/logs/events/event_CORE_WORKER_699.log info ..."
time="2026-08-06T19:47:10Z" level=info msg="Prepare to get object log/cluster-history/raycluster/test-ns-zzmmf/raycluster-historyserver/session_2026-08-06_12-45-23_187495_1/800d8a32ab3a9c73c5e8d125c45373f804c755721d34584a82ba74b4/logs/events/event_RAYLET.log info ..."
time="2026-08-06T19:47:10Z" level=info msg="[ListFiles]Returned objects in log/cluster-history/raycluster/test-ns-zzmmf/raycluster-historyserver/session_2026-08-06_12-45-23_187495_1/dc2f43dde543bca26369918407866050390f4c0eb82a45d213efe7d0/logs/events/. length of page.Contents: 11, length of page.CommonPrefixes: 0"
time="2026-08-06T19:47:10Z" level=info msg="Prepare to get object log/cluster-history/raycluster/test-ns-zzmmf/raycluster-historyserver/session_2026-08-06_12-45-23_187495_1/dc2f43dde543bca26369918407866050390f4c0eb82a45d213efe7d0/logs/events/event_AUTOSCALER.log info ..."
time="2026-08-06T19:47:10Z" level=info msg="Prepare to get object log/cluster-history/raycluster/test-ns-zzmmf/raycluster-historyserver/session_2026-08-06_12-45-23_187495_1/dc2f43dde543bca26369918407866050390f4c0eb82a45d213efe7d0/logs/events/event_CORE_WORKER_1011.log info ..."
time="2026-08-06T19:47:10Z" level=info msg="Prepare to get object log/cluster-history/raycluster/test-ns-zzmmf/raycluster-historyserver/session_2026-08-06_12-45-23_187495_1/dc2f43dde543bca26369918407866050390f4c0eb82a45d213efe7d0/logs/events/event_CORE_WORKER_1176.log info ..."
time="2026-08-06T19:47:10Z" level=info msg="Prepare to get object log/cluster-history/raycluster/test-ns-zzmmf/raycluster-historyserver/session_2026-08-06_12-45-23_187495_1/dc2f43dde543bca26369918407866050390f4c0eb82a45d213efe7d0/logs/events/event_CORE_WORKER_199.log info ..."
time="2026-08-06T19:47:10Z" level=info msg="Prepare to get object log/cluster-history/raycluster/test-ns-zzmmf/raycluster-historyserver/session_2026-08-06_12-45-23_187495_1/dc2f43dde543bca26369918407866050390f4c0eb82a45d213efe7d0/logs/events/event_CORE_WORKER_204.log info ..."
time="2026-08-06T19:47:10Z" level=info msg="Prepare to get object log/cluster-history/raycluster/test-ns-zzmmf/raycluster-historyserver/session_2026-08-06_12-45-23_187495_1/dc2f43dde543bca26369918407866050390f4c0eb82a45d213efe7d0/logs/events/event_CORE_WORKER_670.log info ..."
time="2026-08-06T19:47:10Z" level=info msg="Prepare to get object log/cluster-history/raycluster/test-ns-zzmmf/raycluster-historyserver/session_2026-08-06_12-45-23_187495_1/dc2f43dde543bca26369918407866050390f4c0eb82a45d213efe7d0/logs/events/event_CORE_WORKER_956.log info ..."
time="2026-08-06T19:47:10Z" level=info msg="Prepare to get object log/cluster-history/raycluster/test-ns-zzmmf/raycluster-historyserver/session_2026-08-06_12-45-23_187495_1/dc2f43dde543bca26369918407866050390f4c0eb82a45d213efe7d0/logs/events/event_GCS.log info ..."
time="2026-08-06T19:47:10Z" level=info msg="Prepare to get object log/cluster-history/raycluster/test-ns-zzmmf/raycluster-historyserver/session_2026-08-06_12-45-23_187495_1/dc2f43dde543bca26369918407866050390f4c0eb82a45d213efe7d0/logs/events/event_JOBS.log info ..."
time="2026-08-06T19:47:10Z" level=info msg="Prepare to get object log/cluster-history/raycluster/test-ns-zzmmf/raycluster-historyserver/session_2026-08-06_12-45-23_187495_1/dc2f43dde543bca26369918407866050390f4c0eb82a45d213efe7d0/logs/events/event_RAYLET.log info ..."
time="2026-08-06T19:47:10Z" level=info msg="[ListFiles]Returned objects in log/cluster-history/raycluster/test-ns-zzmmf/raycluster-historyserver/session_2026-08-06_12-45-23_187495_1/fetched_endpoints/logs/events/. length of page.Contents: 0, length of page.CommonPrefixes: 0"
gc 4 @2.705s 0%: 0.95+9.8+0.051 ms clock, 1.9+0.22/4.0/9.2+0.10 ms cpu, 11->11->6 MB, 11 MB goal, 0 MB stacks, 0 MB globals, 2 P
time="2026-08-06T19:47:10Z" level=info msg="[ListFiles]Returned objects in log/cluster-history/raycluster/test-ns-zzmmf/raycluster-historyserver/session_2026-08-06_12-45-23_187495_1/. length of page.Contents: 0, length of page.CommonPrefixes: 3"
time="2026-08-06T19:47:10Z" level=info msg="[ListFiles]Returned objects in log/cluster-history/raycluster/test-ns-zzmmf/raycluster-historyserver/session_2026-08-06_12-45-23_187495_1/800d8a32ab3a9c73c5e8d125c45373f804c755721d34584a82ba74b4/job_events/. length of page.Contents: 0, length of page.CommonPrefixes: 1"
time="2026-08-06T19:47:10Z" level=info msg="[ListFiles]Returned objects in log/cluster-history/raycluster/test-ns-zzmmf/raycluster-historyserver/session_2026-08-06_12-45-23_187495_1/800d8a32ab3a9c73c5e8d125c45373f804c755721d34584a82ba74b4/job_events/03000000/. length of page.Contents: 3, length of page.CommonPrefixes: 0"
time="2026-08-06T19:47:10Z" level=info msg="[ListFiles]Returned objects in log/cluster-history/raycluster/test-ns-zzmmf/raycluster-historyserver/session_2026-08-06_12-45-23_187495_1/dc2f43dde543bca26369918407866050390f4c0eb82a45d213efe7d0/job_events/. length of page.Contents: 0, length of page.CommonPrefixes: 4"
time="2026-08-06T19:47:10Z" level=info msg="[ListFiles]Returned objects in log/cluster-history/raycluster/test-ns-zzmmf/raycluster-historyserver/session_2026-08-06_12-45-23_187495_1/dc2f43dde543bca26369918407866050390f4c0eb82a45d213efe7d0/job_events/01000000/. length of page.Contents: 2, length of page.CommonPrefixes: 0"
time="2026-08-06T19:47:10Z" level=info msg="[ListFiles]Returned objects in log/cluster-history/raycluster/test-ns-zzmmf/raycluster-historyserver/session_2026-08-06_12-45-23_187495_1/dc2f43dde543bca26369918407866050390f4c0eb82a45d213efe7d0/job_events/02000000/. length of page.Contents: 2, length of page.CommonPrefixes: 0"
time="2026-08-06T19:47:10Z" level=info msg="[ListFiles]Returned objects in log/cluster-history/raycluster/test-ns-zzmmf/raycluster-historyserver/session_2026-08-06_12-45-23_187495_1/dc2f43dde543bca26369918407866050390f4c0eb82a45d213efe7d0/job_events/03000000/. length of page.Contents: 3, length of page.CommonPrefixes: 0"
time="2026-08-06T19:47:10Z" level=info msg="[ListFiles]Returned objects in log/cluster-history/raycluster/test-ns-zzmmf/raycluster-historyserver/session_2026-08-06_12-45-23_187495_1/dc2f43dde543bca26369918407866050390f4c0eb82a45d213efe7d0/job_events/04000000/. length of page.Contents: 2, length of page.CommonPrefixes: 0"
time="2026-08-06T19:47:10Z" level=info msg="[ListFiles]Returned objects in log/cluster-history/raycluster/test-ns-zzmmf/raycluster-historyserver/session_2026-08-06_12-45-23_187495_1/fetched_endpoints/job_events/. length of page.Contents: 0, length of page.CommonPrefixes: 0"
time="2026-08-06T19:47:10Z" level=info msg="[ListFiles]Returned objects in log/cluster-history/raycluster/test-ns-zzmmf/raycluster-historyserver/session_2026-08-06_12-45-23_187495_1/. length of page.Contents: 0, length of page.CommonPrefixes: 3"
time="2026-08-06T19:47:10Z" level=info msg="[ListFiles]Returned objects in log/cluster-history/raycluster/test-ns-zzmmf/raycluster-historyserver/session_2026-08-06_12-45-23_187495_1/800d8a32ab3a9c73c5e8d125c45373f804c755721d34584a82ba74b4/node_events/. length of page.Contents: 0, length of page.CommonPrefixes: 0"
time="2026-08-06T19:47:10Z" level=info msg="[ListFiles]Returned objects in log/cluster-history/raycluster/test-ns-zzmmf/raycluster-historyserver/session_2026-08-06_12-45-23_187495_1/dc2f43dde543bca26369918407866050390f4c0eb82a45d213efe7d0/node_events/. length of page.Contents: 2, length of page.CommonPrefixes: 0"
time="2026-08-06T19:47:10Z" level=info msg="[ListFiles]Returned objects in log/cluster-history/raycluster/test-ns-zzmmf/raycluster-historyserver/session_2026-08-06_12-45-23_187495_1/fetched_endpoints/node_events/. length of page.Contents: 0, length of page.CommonPrefixes: 0"
time="2026-08-06T19:47:10Z" level=info msg="Prepare to get object log/cluster-history/raycluster/test-ns-zzmmf/raycluster-historyserver/session_2026-08-06_12-45-23_187495_1/800d8a32ab3a9c73c5e8d125c45373f804c755721d34584a82ba74b4/job_events/03000000/800d8a32ab3a9c73c5e8d125c45373f804c755721d34584a82ba74b4-2026-08-06-19-1786045548387230756.jsonl info ..."
gc 5 @2.750s 0%: 0.19+7.7+0.045 ms clock, 0.39+0.91/3.1/8.0+0.090 ms cpu, 16->16->15 MB, 16 MB goal, 0 MB stacks, 0 MB globals, 2 P
gc 6 @2.770s 0%: 0.13+12+0.042 ms clock, 0.26+0/6.3/9.2+0.085 ms cpu, 34->34->34 MB, 34 MB goal, 0 MB stacks, 0 MB globals, 2 P
gc 7 @2.798s 0%: 0.067+17+0.10 ms clock, 0.13+0/8.8/11+0.21 ms cpu, 69->69->69 MB, 69 MB goal, 0 MB stacks, 0 MB globals, 2 P
gc 8 @2.858s 0%: 0.16+18+0.054 ms clock, 0.32+0/9.6/12+0.10 ms cpu, 147->147->147 MB, 147 MB goal, 0 MB stacks, 0 MB globals, 2 P
gc 9 @2.958s 1%: 0.15+12+0.040 ms clock, 0.31+3.0/5.8/6.6+0.081 ms cpu, 296->296->156 MB, 297 MB goal, 0 MB stacks, 0 MB globals, 2 P
gc 10 @3.018s 1%: 0.14+70+0.076 ms clock, 0.29+0/10/62+0.15 ms cpu, 390->391->250 MB, 391 MB goal, 0 MB stacks, 0 MB globals, 2 P
gc 11 @8.094s 1%: 0.13+343+0.090 ms clock, 0.26+0.098/188/198+0.18 ms cpu, 497->507->320 MB, 501 MB goal, 0 MB stacks, 0 MB globals, 2 P
gc 12 @15.145s 1%: 0.14+681+0.090 ms clock, 0.29+0.13/342/507+0.18 ms cpu, 619->636->552 MB, 641 MB goal, 0 MB stacks, 0 MB globals, 2 P
time="2026-08-06T19:47:24Z" level=error msg="Failed to store events for file session_2026-08-06_12-45-23_187495_1/800d8a32ab3a9c73c5e8d125c45373f804c755721d34584a82ba74b4/job_events/03000000/800d8a32ab3a9c73c5e8d125c45373f804c755721d34584a82ba74b4-2026-08-06-19-1786045548387230756.jsonl: TASK_LIFECYCLE_EVENT must have at least one state transition"
time="2026-08-06T19:47:25Z" level=error msg="Failed to store events for file session_2026-08-06_12-45-23_187495_1/800d8a32ab3a9c73c5e8d125c45373f804c755721d34584a82ba74b4/job_events/03000000/800d8a32ab3a9c73c5e8d125c45373f804c755721d34584a82ba74b4-2026-08-06-19-1786045548387230756.jsonl: TASK_LIFECYCLE_EVENT must have at least one state transition"
time="2026-08-06T19:47:25Z" level=error msg="Failed to store events for file session_2026-08-06_12-45-23_187495_1/800d8a32ab3a9c73c5e8d125c45373f804c755721d34584a82ba74b4/job_events/03000000/800d8a32ab3a9c73c5e8d125c45373f804c755721d34584a82ba74b4-2026-08-06-19-1786045548387230756.jsonl: TASK_LIFECYCLE_EVENT must have at least one state transition"
time="2026-08-06T19:47:25Z" level=error msg="Failed to store events for file session_2026-08-06_12-45-23_187495_1/800d8a32ab3a9c73c5e8d125c45373f804c755721d34584a82ba74b4/job_events/03000000/800d8a32ab3a9c73c5e8d125c45373f804c755721d34584a82ba74b4-2026-08-06-19-1786045548387230756.jsonl: TASK_LIFECYCLE_EVENT must have at least one state transition"
time="2026-08-06T19:47:26Z" level=error msg="Failed to store events for file session_2026-08-06_12-45-23_187495_1/800d8a32ab3a9c73c5e8d125c45373f804c755721d34584a82ba74b4/job_events/03000000/800d8a32ab3a9c73c5e8d125c45373f804c755721d34584a82ba74b4-2026-08-06-19-1786045548387230756.jsonl: TASK_LIFECYCLE_EVENT must have at least one state transition"
time="2026-08-06T19:47:26Z" level=error msg="Failed to store events for file session_2026-08-06_12-45-23_187495_1/800d8a32ab3a9c73c5e8d125c45373f804c755721d34584a82ba74b4/job_events/03000000/800d8a32ab3a9c73c5e8d125c45373f804c755721d34584a82ba74b4-2026-08-06-19-1786045548387230756.jsonl: TASK_LIFECYCLE_EVENT must have at least one state transition"
time="2026-08-06T19:47:26Z" level=error msg="Failed to store events for file session_2026-08-06_12-45-23_187495_1/800d8a32ab3a9c73c5e8d125c45373f804c755721d34584a82ba74b4/job_events/03000000/800d8a32ab3a9c73c5e8d125c45373f804c755721d34584a82ba74b4-2026-08-06-19-1786045548387230756.jsonl: TASK_LIFECYCLE_EVENT must have at least one state transition"
time="2026-08-06T19:47:26Z" level=error msg="Failed to store events for file session_2026-08-06_12-45-23_187495_1/800d8a32ab3a9c73c5e8d125c45373f804c755721d34584a82ba74b4/job_events/03000000/800d8a32ab3a9c73c5e8d125c45373f804c755721d34584a82ba74b4-2026-08-06-19-1786045548387230756.jsonl: TASK_LIFECYCLE_EVENT must have at least one state transition"
time="2026-08-06T19:47:27Z" level=error msg="Failed to store events for file session_2026-08-06_12-45-23_187495_1/800d8a32ab3a9c73c5e8d125c45373f804c755721d34584a82ba74b4/job_events/03000000/800d8a32ab3a9c73c5e8d125c45373f804c755721d34584a82ba74b4-2026-08-06-19-1786045548387230756.jsonl: TASK_LIFECYCLE_EVENT must have at least one state transition"
time="2026-08-06T19:47:27Z" level=error msg="Failed to store events for file session_2026-08-06_12-45-23_187495_1/800d8a32ab3a9c73c5e8d125c45373f804c755721d34584a82ba74b4/job_events/03000000/800d8a32ab3a9c73c5e8d125c45373f804c755721d34584a82ba74b4-2026-08-06-19-1786045548387230756.jsonl: TASK_LIFECYCLE_EVENT must have at least one state transition"
time="2026-08-06T19:47:27Z" level=error msg="Failed to store events for file session_2026-08-06_12-45-23_187495_1/800d8a32ab3a9c73c5e8d125c45373f804c755721d34584a82ba74b4/job_events/03000000/800d8a32ab3a9c73c5e8d125c45373f804c755721d34584a82ba74b4-2026-08-06-19-1786045548387230756.jsonl: TASK_LIFECYCLE_EVENT must have at least one state transition"
time="2026-08-06T19:47:28Z" level=error msg="Failed to store events for file session_2026-08-06_12-45-23_187495_1/800d8a32ab3a9c73c5e8d125c45373f804c755721d34584a82ba74b4/job_events/03000000/800d8a32ab3a9c73c5e8d125c45373f804c755721d34584a82ba74b4-2026-08-06-19-1786045548387230756.jsonl: TASK_LIFECYCLE_EVENT must have at least one state transition"
time="2026-08-06T19:47:29Z" level=error msg="Failed to store events for file session_2026-08-06_12-45-23_187495_1/800d8a32ab3a9c73c5e8d125c45373f804c755721d34584a82ba74b4/job_events/03000000/800d8a32ab3a9c73c5e8d125c45373f804c755721d34584a82ba74b4-2026-08-06-19-1786045548387230756.jsonl: TASK_LIFECYCLE_EVENT must have at least one state transition"
time="2026-08-06T19:47:29Z" level=error msg="Failed to store events for file session_2026-08-06_12-45-23_187495_1/800d8a32ab3a9c73c5e8d125c45373f804c755721d34584a82ba74b4/job_events/03000000/800d8a32ab3a9c73c5e8d125c45373f804c755721d34584a82ba74b4-2026-08-06-19-1786045548387230756.jsonl: TASK_LIFECYCLE_EVENT must have at least one state transition"
time="2026-08-06T19:47:29Z" level=error msg="Failed to store events for file session_2026-08-06_12-45-23_187495_1/800d8a32ab3a9c73c5e8d125c45373f804c755721d34584a82ba74b4/job_events/03000000/800d8a32ab3a9c73c5e8d125c45373f804c755721d34584a82ba74b4-2026-08-06-19-1786045548387230756.jsonl: TASK_LIFECYCLE_EVENT must have at least one state transition"
time="2026-08-06T19:47:29Z" level=error msg="Failed to store events for file session_2026-08-06_12-45-23_187495_1/800d8a32ab3a9c73c5e8d125c45373f804c755721d34584a82ba74b4/job_events/03000000/800d8a32ab3a9c73c5e8d125c45373f804c755721d34584a82ba74b4-2026-08-06-19-1786045548387230756.jsonl: TASK_LIFECYCLE_EVENT must have at least one state transition"
time="2026-08-06T19:47:29Z" level=error msg="Failed to store events for file session_2026-08-06_12-45-23_187495_1/800d8a32ab3a9c73c5e8d125c45373f804c755721d34584a82ba74b4/job_events/03000000/800d8a32ab3a9c73c5e8d125c45373f804c755721d34584a82ba74b4-2026-08-06-19-1786045548387230756.jsonl: TASK_LIFECYCLE_EVENT must have at least one state transition"
time="2026-08-06T19:47:30Z" level=error msg="Failed to store events for file session_2026-08-06_12-45-23_187495_1/800d8a32ab3a9c73c5e8d125c45373f804c755721d34584a82ba74b4/job_events/03000000/800d8a32ab3a9c73c5e8d125c45373f804c755721d34584a82ba74b4-2026-08-06-19-1786045548387230756.jsonl: TASK_LIFECYCLE_EVENT must have at least one state transition"
time="2026-08-06T19:47:30Z" level=error msg="Failed to store events for file session_2026-08-06_12-45-23_187495_1/800d8a32ab3a9c73c5e8d125c45373f804c755721d34584a82ba74b4/job_events/03000000/800d8a32ab3a9c73c5e8d125c45373f804c755721d34584a82ba74b4-2026-08-06-19-1786045548387230756.jsonl: TASK_LIFECYCLE_EVENT must have at least one state transition"
time="2026-08-06T19:47:30Z" level=error msg="Failed to store events for file session_2026-08-06_12-45-23_187495_1/800d8a32ab3a9c73c5e8d125c45373f804c755721d34584a82ba74b4/job_events/03000000/800d8a32ab3a9c73c5e8d125c45373f804c755721d34584a82ba74b4-2026-08-06-19-1786045548387230756.jsonl: TASK_LIFECYCLE_EVENT must have at least one state transition"
time="2026-08-06T19:47:30Z" level=error msg="Failed to store events for file session_2026-08-06_12-45-23_187495_1/800d8a32ab3a9c73c5e8d125c45373f804c755721d34584a82ba74b4/job_events/03000000/800d8a32ab3a9c73c5e8d125c45373f804c755721d34584a82ba74b4-2026-08-06-19-1786045548387230756.jsonl: TASK_LIFECYCLE_EVENT must have at least one state transition"
time="2026-08-06T19:47:30Z" level=error msg="Failed to store events for file session_2026-08-06_12-45-23_187495_1/800d8a32ab3a9c73c5e8d125c45373f804c755721d34584a82ba74b4/job_events/03000000/800d8a32ab3a9c73c5e8d125c45373f804c755721d34584a82ba74b4-2026-08-06-19-1786045548387230756.jsonl: TASK_LIFECYCLE_EVENT must have at least one state transition"
time="2026-08-06T19:47:30Z" level=error msg="Failed to store events for file session_2026-08-06_12-45-23_187495_1/800d8a32ab3a9c73c5e8d125c45373f804c755721d34584a82ba74b4/job_events/03000000/800d8a32ab3a9c73c5e8d125c45373f804c755721d34584a82ba74b4-2026-08-06-19-1786045548387230756.jsonl: TASK_LIFECYCLE_EVENT must have at least one state transition"
time="2026-08-06T19:47:30Z" level=error msg="Failed to store events for file session_2026-08-06_12-45-23_187495_1/800d8a32ab3a9c73c5e8d125c45373f804c755721d34584a82ba74b4/job_events/03000000/800d8a32ab3a9c73c5e8d125c45373f804c755721d34584a82ba74b4-2026-08-06-19-1786045548387230756.jsonl: TASK_LIFECYCLE_EVENT must have at least one state transition"
time="2026-08-06T19:47:30Z" level=error msg="Failed to store events for file session_2026-08-06_12-45-23_187495_1/800d8a32ab3a9c73c5e8d125c45373f804c755721d34584a82ba74b4/job_events/03000000/800d8a32ab3a9c73c5e8d125c45373f804c755721d34584a82ba74b4-2026-08-06-19-1786045548387230756.jsonl: TASK_LIFECYCLE_EVENT must have at least one state transition"
time="2026-08-06T19:47:30Z" level=error msg="Failed to store events for file session_2026-08-06_12-45-23_187495_1/800d8a32ab3a9c73c5e8d125c45373f804c755721d34584a82ba74b4/job_events/03000000/800d8a32ab3a9c73c5e8d125c45373f804c755721d34584a82ba74b4-2026-08-06-19-1786045548387230756.jsonl: TASK_LIFECYCLE_EVENT must have at least one state transition"
time="2026-08-06T19:47:30Z" level=error msg="Failed to store events for file session_2026-08-06_12-45-23_187495_1/800d8a32ab3a9c73c5e8d125c45373f804c755721d34584a82ba74b4/job_events/03000000/800d8a32ab3a9c73c5e8d125c45373f804c755721d34584a82ba74b4-2026-08-06-19-1786045548387230756.jsonl: TASK_LIFECYCLE_EVENT must have at least one state transition"
time="2026-08-06T19:47:30Z" level=error msg="Failed to store events for file session_2026-08-06_12-45-23_187495_1/800d8a32ab3a9c73c5e8d125c45373f804c755721d34584a82ba74b4/job_events/03000000/800d8a32ab3a9c73c5e8d125c45373f804c755721d34584a82ba74b4-2026-08-06-19-1786045548387230756.jsonl: TASK_LIFECYCLE_EVENT must have at least one state transition"
time="2026-08-06T19:47:31Z" level=error msg="Failed to store events for file session_2026-08-06_12-45-23_187495_1/800d8a32ab3a9c73c5e8d125c45373f804c755721d34584a82ba74b4/job_events/03000000/800d8a32ab3a9c73c5e8d125c45373f804c755721d34584a82ba74b4-2026-08-06-19-1786045548387230756.jsonl: TASK_LIFECYCLE_EVENT must have at least one state transition"
time="2026-08-06T19:47:31Z" level=error msg="Failed to store events for file session_2026-08-06_12-45-23_187495_1/800d8a32ab3a9c73c5e8d125c45373f804c755721d34584a82ba74b4/job_events/03000000/800d8a32ab3a9c73c5e8d125c45373f804c755721d34584a82ba74b4-2026-08-06-19-1786045548387230756.jsonl: TASK_LIFECYCLE_EVENT must have at least one state transition"
time="2026-08-06T19:47:31Z" level=error msg="Failed to store events for file session_2026-08-06_12-45-23_187495_1/800d8a32ab3a9c73c5e8d125c45373f804c755721d34584a82ba74b4/job_events/03000000/800d8a32ab3a9c73c5e8d125c45373f804c755721d34584a82ba74b4-2026-08-06-19-1786045548387230756.jsonl: TASK_LIFECYCLE_EVENT must have at least one state transition"
time="2026-08-06T19:47:31Z" level=error msg="Failed to store events for file session_2026-08-06_12-45-23_187495_1/800d8a32ab3a9c73c5e8d125c45373f804c755721d34584a82ba74b4/job_events/03000000/800d8a32ab3a9c73c5e8d125c45373f804c755721d34584a82ba74b4-2026-08-06-19-1786045548387230756.jsonl: TASK_LIFECYCLE_EVENT must have at least one state transition"
time="2026-08-06T19:47:31Z" level=error msg="Failed to store events for file session_2026-08-06_12-45-23_187495_1/800d8a32ab3a9c73c5e8d125c45373f804c755721d34584a82ba74b4/job_events/03000000/800d8a32ab3a9c73c5e8d125c45373f804c755721d34584a82ba74b4-2026-08-06-19-1786045548387230756.jsonl: TASK_LIFECYCLE_EVENT must have at least one state transition"
time="2026-08-06T19:47:32Z" level=error msg="Failed to store events for file session_2026-08-06_12-45-23_187495_1/800d8a32ab3a9c73c5e8d125c45373f804c755721d34584a82ba74b4/job_events/03000000/800d8a32ab3a9c73c5e8d125c45373f804c755721d34584a82ba74b4-2026-08-06-19-1786045548387230756.jsonl: TASK_LIFECYCLE_EVENT must have at least one state transition"
time="2026-08-06T19:47:32Z" level=error msg="Failed to store events for file session_2026-08-06_12-45-23_187495_1/800d8a32ab3a9c73c5e8d125c45373f804c755721d34584a82ba74b4/job_events/03000000/800d8a32ab3a9c73c5e8d125c45373f804c755721d34584a82ba74b4-2026-08-06-19-1786045548387230756.jsonl: TASK_LIFECYCLE_EVENT must have at least one state transition"
time="2026-08-06T19:47:32Z" level=error msg="Failed to store events for file session_2026-08-06_12-45-23_187495_1/800d8a32ab3a9c73c5e8d125c45373f804c755721d34584a82ba74b4/job_events/03000000/800d8a32ab3a9c73c5e8d125c45373f804c755721d34584a82ba74b4-2026-08-06-19-1786045548387230756.jsonl: TASK_LIFECYCLE_EVENT must have at least one state transition"
time="2026-08-06T19:47:32Z" level=error msg="Failed to store events for file session_2026-08-06_12-45-23_187495_1/800d8a32ab3a9c73c5e8d125c45373f804c755721d34584a82ba74b4/job_events/03000000/800d8a32ab3a9c73c5e8d125c45373f804c755721d34584a82ba74b4-2026-08-06-19-1786045548387230756.jsonl: TASK_LIFECYCLE_EVENT must have at least one state transition"
time="2026-08-06T19:47:33Z" level=error msg="Failed to store events for file session_2026-08-06_12-45-23_187495_1/800d8a32ab3a9c73c5e8d125c45373f804c755721d34584a82ba74b4/job_events/03000000/800d8a32ab3a9c73c5e8d125c45373f804c755721d34584a82ba74b4-2026-08-06-19-1786045548387230756.jsonl: TASK_LIFECYCLE_EVENT must have at least one state transition"
time="2026-08-06T19:47:33Z" level=error msg="Failed to store events for file session_2026-08-06_12-45-23_187495_1/800d8a32ab3a9c73c5e8d125c45373f804c755721d34584a82ba74b4/job_events/03000000/800d8a32ab3a9c73c5e8d125c45373f804c755721d34584a82ba74b4-2026-08-06-19-1786045548387230756.jsonl: TASK_LIFECYCLE_EVENT must have at least one state transition"
time="2026-08-06T19:47:33Z" level=error msg="Failed to store events for file session_2026-08-06_12-45-23_187495_1/800d8a32ab3a9c73c5e8d125c45373f804c755721d34584a82ba74b4/job_events/03000000/800d8a32ab3a9c73c5e8d125c45373f804c755721d34584a82ba74b4-2026-08-06-19-1786045548387230756.jsonl: TASK_LIFECYCLE_EVENT must have at least one state transition"
time="2026-08-06T19:47:33Z" level=error msg="Failed to store events for file session_2026-08-06_12-45-23_187495_1/800d8a32ab3a9c73c5e8d125c45373f804c755721d34584a82ba74b4/job_events/03000000/800d8a32ab3a9c73c5e8d125c45373f804c755721d34584a82ba74b4-2026-08-06-19-1786045548387230756.jsonl: TASK_LIFECYCLE_EVENT must have at least one state transition"
time="2026-08-06T19:47:33Z" level=error msg="Failed to store events for file session_2026-08-06_12-45-23_187495_1/800d8a32ab3a9c73c5e8d125c45373f804c755721d34584a82ba74b4/job_events/03000000/800d8a32ab3a9c73c5e8d125c45373f804c755721d34584a82ba74b4-2026-08-06-19-1786045548387230756.jsonl: TASK_LIFECYCLE_EVENT must have at least one state transition"
time="2026-08-06T19:47:33Z" level=error msg="Failed to store events for file session_2026-08-06_12-45-23_187495_1/800d8a32ab3a9c73c5e8d125c45373f804c755721d34584a82ba74b4/job_events/03000000/800d8a32ab3a9c73c5e8d125c45373f804c755721d34584a82ba74b4-2026-08-06-19-1786045548387230756.jsonl: TASK_LIFECYCLE_EVENT must have at least one state transition"
gc 13 @25.638s 2%: 0.15+919+0.10 ms clock, 0.31+0.13/487/672+0.20 ms cpu, 1057->1079->547 MB, 1105 MB goal, 0 MB stacks, 0 MB globals, 2 P
time="2026-08-06T19:47:34Z" level=error msg="Failed to store events for file session_2026-08-06_12-45-23_187495_1/800d8a32ab3a9c73c5e8d125c45373f804c755721d34584a82ba74b4/job_events/03000000/800d8a32ab3a9c73c5e8d125c45373f804c755721d34584a82ba74b4-2026-08-06-19-1786045548387230756.jsonl: TASK_LIFECYCLE_EVENT must have at least one state transition"
time="2026-08-06T19:47:34Z" level=error msg="Failed to store events for file session_2026-08-06_12-45-23_187495_1/800d8a32ab3a9c73c5e8d125c45373f804c755721d34584a82ba74b4/job_events/03000000/800d8a32ab3a9c73c5e8d125c45373f804c755721d34584a82ba74b4-2026-08-06-19-1786045548387230756.jsonl: TASK_LIFECYCLE_EVENT must have at least one state transition"
time="2026-08-06T19:47:34Z" level=error msg="Failed to store events for file session_2026-08-06_12-45-23_187495_1/800d8a32ab3a9c73c5e8d125c45373f804c755721d34584a82ba74b4/job_events/03000000/800d8a32ab3a9c73c5e8d125c45373f804c755721d34584a82ba74b4-2026-08-06-19-1786045548387230756.jsonl: TASK_LIFECYCLE_EVENT must have at least one state transition"
time="2026-08-06T19:47:34Z" level=error msg="Failed to store events for file session_2026-08-06_12-45-23_187495_1/800d8a32ab3a9c73c5e8d125c45373f804c755721d34584a82ba74b4/job_events/03000000/800d8a32ab3a9c73c5e8d125c45373f804c755721d34584a82ba74b4-2026-08-06-19-1786045548387230756.jsonl: TASK_LIFECYCLE_EVENT must have at least one state transition"
time="2026-08-06T19:47:34Z" level=error msg="Failed to store events for file session_2026-08-06_12-45-23_187495_1/800d8a32ab3a9c73c5e8d125c45373f804c755721d34584a82ba74b4/job_events/03000000/800d8a32ab3a9c73c5e8d125c45373f804c755721d34584a82ba74b4-2026-08-06-19-1786045548387230756.jsonl: TASK_LIFECYCLE_EVENT must have at least one state transition"
time="2026-08-06T19:47:34Z" level=error msg="Failed to store events for file session_2026-08-06_12-45-23_187495_1/800d8a32ab3a9c73c5e8d125c45373f804c755721d34584a82ba74b4/job_events/03000000/800d8a32ab3a9c73c5e8d125c45373f804c755721d34584a82ba74b4-2026-08-06-19-1786045548387230756.jsonl: TASK_LIFECYCLE_EVENT must have at least one state transition"
time="2026-08-06T19:47:35Z" level=error msg="Failed to store events for file session_2026-08-06_12-45-23_187495_1/800d8a32ab3a9c73c5e8d125c45373f804c755721d34584a82ba74b4/job_events/03000000/800d8a32ab3a9c73c5e8d125c45373f804c755721d34584a82ba74b4-2026-08-06-19-1786045548387230756.jsonl: TASK_LIFECYCLE_EVENT must have at least one state transition"
time="2026-08-06T19:47:35Z" level=error msg="Failed to store events for file session_2026-08-06_12-45-23_187495_1/800d8a32ab3a9c73c5e8d125c45373f804c755721d34584a82ba74b4/job_events/03000000/800d8a32ab3a9c73c5e8d125c45373f804c755721d34584a82ba74b4-2026-08-06-19-1786045548387230756.jsonl: TASK_LIFECYCLE_EVENT must have at least one state transition"
time="2026-08-06T19:47:35Z" level=error msg="Failed to store events for file session_2026-08-06_12-45-23_187495_1/800d8a32ab3a9c73c5e8d125c45373f804c755721d34584a82ba74b4/job_events/03000000/800d8a32ab3a9c73c5e8d125c45373f804c755721d34584a82ba74b4-2026-08-06-19-1786045548387230756.jsonl: TASK_LIFECYCLE_EVENT must have at least one state transition"
time="2026-08-06T19:47:35Z" level=error msg="Failed to store events for file session_2026-08-06_12-45-23_187495_1/800d8a32ab3a9c73c5e8d125c45373f804c755721d34584a82ba74b4/job_events/03000000/800d8a32ab3a9c73c5e8d125c45373f804c755721d34584a82ba74b4-2026-08-06-19-1786045548387230756.jsonl: TASK_LIFECYCLE_EVENT must have at least one state transition"
time="2026-08-06T19:47:35Z" level=error msg="Failed to store events for file session_2026-08-06_12-45-23_187495_1/800d8a32ab3a9c73c5e8d125c45373f804c755721d34584a82ba74b4/job_events/03000000/800d8a32ab3a9c73c5e8d125c45373f804c755721d34584a82ba74b4-2026-08-06-19-1786045548387230756.jsonl: TASK_LIFECYCLE_EVENT must have at least one state transition"
time="2026-08-06T19:47:35Z" level=error msg="Failed to store events for file session_2026-08-06_12-45-23_187495_1/800d8a32ab3a9c73c5e8d125c45373f804c755721d34584a82ba74b4/job_events/03000000/800d8a32ab3a9c73c5e8d125c45373f804c755721d34584a82ba74b4-2026-08-06-19-1786045548387230756.jsonl: TASK_LIFECYCLE_EVENT must have at least one state transition"
time="2026-08-06T19:47:36Z" level=error msg="Failed to store events for file session_2026-08-06_12-45-23_187495_1/800d8a32ab3a9c73c5e8d125c45373f804c755721d34584a82ba74b4/job_events/03000000/800d8a32ab3a9c73c5e8d125c45373f804c755721d34584a82ba74b4-2026-08-06-19-1786045548387230756.jsonl: TASK_LIFECYCLE_EVENT must have at least one state transition"
time="2026-08-06T19:47:36Z" level=error msg="Failed to store events for file session_2026-08-06_12-45-23_187495_1/800d8a32ab3a9c73c5e8d125c45373f804c755721d34584a82ba74b4/job_events/03000000/800d8a32ab3a9c73c5e8d125c45373f804c755721d34584a82ba74b4-2026-08-06-19-1786045548387230756.jsonl: TASK_LIFECYCLE_EVENT must have at least one state transition"
time="2026-08-06T19:47:36Z" level=error msg="Failed to store events for file session_2026-08-06_12-45-23_187495_1/800d8a32ab3a9c73c5e8d125c45373f804c755721d34584a82ba74b4/job_events/03000000/800d8a32ab3a9c73c5e8d125c45373f804c755721d34584a82ba74b4-2026-08-06-19-1786045548387230756.jsonl: TASK_LIFECYCLE_EVENT must have at least one state transition"
time="2026-08-06T19:47:36Z" level=error msg="Failed to store events for file session_2026-08-06_12-45-23_187495_1/800d8a32ab3a9c73c5e8d125c45373f804c755721d34584a82ba74b4/job_events/03000000/800d8a32ab3a9c73c5e8d125c45373f804c755721d34584a82ba74b4-2026-08-06-19-1786045548387230756.jsonl: TASK_LIFECYCLE_EVENT must have at least one state transition"
time="2026-08-06T19:47:36Z" level=error msg="Failed to store events for file session_2026-08-06_12-45-23_187495_1/800d8a32ab3a9c73c5e8d125c45373f804c755721d34584a82ba74b4/job_events/03000000/800d8a32ab3a9c73c5e8d125c45373f804c755721d34584a82ba74b4-2026-08-06-19-1786045548387230756.jsonl: TASK_LIFECYCLE_EVENT must have at least one state transition"
time="2026-08-06T19:47:37Z" level=error msg="Failed to store events for file session_2026-08-06_12-45-23_187495_1/800d8a32ab3a9c73c5e8d125c45373f804c755721d34584a82ba74b4/job_events/03000000/800d8a32ab3a9c73c5e8d125c45373f804c755721d34584a82ba74b4-2026-08-06-19-1786045548387230756.jsonl: TASK_LIFECYCLE_EVENT must have at least one state transition"
time="2026-08-06T19:47:37Z" level=error msg="Failed to store events for file session_2026-08-06_12-45-23_187495_1/800d8a32ab3a9c73c5e8d125c45373f804c755721d34584a82ba74b4/job_events/03000000/800d8a32ab3a9c73c5e8d125c45373f804c755721d34584a82ba74b4-2026-08-06-19-1786045548387230756.jsonl: TASK_LIFECYCLE_EVENT must have at least one state transition"
time="2026-08-06T19:47:37Z" level=error msg="Failed to store events for file session_2026-08-06_12-45-23_187495_1/800d8a32ab3a9c73c5e8d125c45373f804c755721d34584a82ba74b4/job_events/03000000/800d8a32ab3a9c73c5e8d125c45373f804c755721d34584a82ba74b4-2026-08-06-19-1786045548387230756.jsonl: TASK_LIFECYCLE_EVENT must have at least one state transition"
time="2026-08-06T19:47:37Z" level=error msg="Failed to store events for file session_2026-08-06_12-45-23_187495_1/800d8a32ab3a9c73c5e8d125c45373f804c755721d34584a82ba74b4/job_events/03000000/800d8a32ab3a9c73c5e8d125c45373f804c755721d34584a82ba74b4-2026-08-06-19-1786045548387230756.jsonl: TASK_LIFECYCLE_EVENT must have at least one state transition"
time="2026-08-06T19:47:38Z" level=error msg="Failed to store events for file session_2026-08-06_12-45-23_187495_1/800d8a32ab3a9c73c5e8d125c45373f804c755721d34584a82ba74b4/job_events/03000000/800d8a32ab3a9c73c5e8d125c45373f804c755721d34584a82ba74b4-2026-08-06-19-1786045548387230756.jsonl: TASK_LIFECYCLE_EVENT must have at least one state transition"
time="2026-08-06T19:47:38Z" level=info msg="Prepare to get object log/cluster-history/raycluster/test-ns-zzmmf/raycluster-historyserver/session_2026-08-06_12-45-23_187495_1/800d8a32ab3a9c73c5e8d125c45373f804c755721d34584a82ba74b4/job_events/03000000/800d8a32ab3a9c73c5e8d125c45373f804c755721d34584a82ba74b4-2026-08-06-19-1786045596644126542.jsonl info ..."
time="2026-08-06T19:47:38Z" level=error msg="Failed to store events for file session_2026-08-06_12-45-23_187495_1/800d8a32ab3a9c73c5e8d125c45373f804c755721d34584a82ba74b4/job_events/03000000/800d8a32ab3a9c73c5e8d125c45373f804c755721d34584a82ba74b4-2026-08-06-19-1786045596644126542.jsonl: TASK_LIFECYCLE_EVENT must have at least one state transition"
time="2026-08-06T19:47:39Z" level=error msg="Failed to store events for file session_2026-08-06_12-45-23_187495_1/800d8a32ab3a9c73c5e8d125c45373f804c755721d34584a82ba74b4/job_events/03000000/800d8a32ab3a9c73c5e8d125c45373f804c755721d34584a82ba74b4-2026-08-06-19-1786045596644126542.jsonl: TASK_LIFECYCLE_EVENT must have at least one state transition"
time="2026-08-06T19:47:39Z" level=error msg="Failed to store events for file session_2026-08-06_12-45-23_187495_1/800d8a32ab3a9c73c5e8d125c45373f804c755721d34584a82ba74b4/job_events/03000000/800d8a32ab3a9c73c5e8d125c45373f804c755721d34584a82ba74b4-2026-08-06-19-1786045596644126542.jsonl: TASK_LIFECYCLE_EVENT must have at least one state transition"
time="2026-08-06T19:47:39Z" level=info msg="Prepare to get object log/cluster-history/raycluster/test-ns-zzmmf/raycluster-historyserver/session_2026-08-06_12-45-23_187495_1/dc2f43dde543bca26369918407866050390f4c0eb82a45d213efe7d0/job_events/01000000/dc2f43dde543bca26369918407866050390f4c0eb82a45d213efe7d0-2026-08-06-19-1786045528563132886.jsonl info ..."
time="2026-08-06T19:47:39Z" level=info msg="Prepare to get object log/cluster-history/raycluster/test-ns-zzmmf/raycluster-historyserver/session_2026-08-06_12-45-23_187495_1/dc2f43dde543bca26369918407866050390f4c0eb82a45d213efe7d0/job_events/02000000/dc2f43dde543bca26369918407866050390f4c0eb82a45d213efe7d0-2026-08-06-19-1786045546459873047.jsonl info ..."
time="2026-08-06T19:47:39Z" level=info msg="Prepare to get object log/cluster-history/raycluster/test-ns-zzmmf/raycluster-historyserver/session_2026-08-06_12-45-23_187495_1/dc2f43dde543bca26369918407866050390f4c0eb82a45d213efe7d0/job_events/03000000/dc2f43dde543bca26369918407866050390f4c0eb82a45d213efe7d0-2026-08-06-19-1786045546460595880.jsonl info ..."
gc 14 @31.878s 2%: 1.1+223+0.21 ms clock, 2.2+140/124/117+0.43 ms cpu, 1055->1060->232 MB, 1095 MB goal, 0 MB stacks, 0 MB globals, 2 P
gc 15 @32.252s 2%: 0.17+212+0.047 ms clock, 0.35+0.15/111/258+0.094 ms cpu, 489->489->349 MB, 489 MB goal, 0 MB stacks, 0 MB globals, 2 P
gc 16 @37.728s 2%: 0.18+663+0.062 ms clock, 0.36+0.11/352/484+0.12 ms cpu, 667->686->491 MB, 698 MB goal, 0 MB stacks, 0 MB globals, 2 P
gc 17 @44.987s 2%: 0.18+1335+0.066 ms clock, 0.37+0.29/678/789+0.13 ms cpu, 877->908->653 MB, 983 MB goal, 0 MB stacks, 0 MB globals, 2 P
gc 18 @57.592s 2%: 0.18+1670+0.092 ms clock, 0.37+0.10/846/844+0.18 ms cpu, 1117->1159->725 MB, 1307 MB goal, 0 MB stacks, 0 MB globals, 2 P
time="2026-08-06T19:48:07Z" level=info msg="Prepare to get object log/cluster-history/raycluster/test-ns-zzmmf/raycluster-historyserver/session_2026-08-06_12-45-23_187495_1/dc2f43dde543bca26369918407866050390f4c0eb82a45d213efe7d0/job_events/03000000/dc2f43dde543bca26369918407866050390f4c0eb82a45d213efe7d0-2026-08-06-19-1786045588113090636.jsonl info ..."
gc 19 @63.992s 2%: 0.16+948+0.11 ms clock, 0.32+0.22/480/703+0.22 ms cpu, 1245->1271->462 MB, 1451 MB goal, 0 MB stacks, 0 MB globals, 2 P
time="2026-08-06T19:48:18Z" level=info msg="Prepare to get object log/cluster-history/raycluster/test-ns-zzmmf/raycluster-historyserver/session_2026-08-06_12-45-23_187495_1/dc2f43dde543bca26369918407866050390f4c0eb82a45d213efe7d0/job_events/04000000/dc2f43dde543bca26369918407866050390f4c0eb82a45d213efe7d0-2026-08-06-19-1786045562542579013.jsonl info ..."
time="2026-08-06T19:48:18Z" level=info msg="Prepare to get object log/cluster-history/raycluster/test-ns-zzmmf/raycluster-historyserver/session_2026-08-06_12-45-23_187495_1/dc2f43dde543bca26369918407866050390f4c0eb82a45d213efe7d0/node_events/dc2f43dde543bca26369918407866050390f4c0eb82a45d213efe7d0-2026-08-06-19-1786045527994658427.jsonl info ..."
gc 20 @71.032s 3%: 0.15+708+0.048 ms clock, 0.30+166/358/385+0.097 ms cpu, 860->908->333 MB, 924 MB goal, 0 MB stacks, 0 MB globals, 2 P
time="2026-08-06T19:48:20Z" level=info msg="Received request: GET /enter_cluster/test-ns-zzmmf/raycluster/raycluster-historyserver/session_2026-08-06_12-45-23_187495_1"
time="2026-08-06T19:48:20Z" level=info msg="[List]Returned objects in log/cluster-metadata/. length of page.Contents: 2, length of page.CommonPrefixes: 0"
time="2026-08-06T19:48:20Z" level=error msg="Failed to parse meta file path: log/cluster-metadata/raycluster/test-ns-zzmmf_raycluster-historyserver/, error: invalid path segment count for cluster metadata structure: log/cluster-metadata/raycluster/test-ns-zzmmf_raycluster-historyserver/"
time="2026-08-06T19:48:20Z" level=info msg="Parsed cluster raycluster-historyserver for session session_2026-08-06_12-45-23_187495_1 to list"
time="2026-08-06T19:48:20Z" level=info msg="Received request: GET /api/v0/tasks?limit=100000"
time="2026-08-06T19:48:20Z" level=info msg="Request URL /api/v0/tasks?limit=100000"
time="2026-08-06T19:48:20Z" level=info msg="Received request: GET /api/v0/tasks?limit=100000"
time="2026-08-06T19:48:20Z" level=info msg="Request URL /api/v0/tasks?limit=100000"
time="2026-08-06T19:48:20Z" level=info msg="Received request: GET /api/v0/tasks?limit=100000"
time="2026-08-06T19:48:20Z" level=info msg="Request URL /api/v0/tasks?limit=100000"
time="2026-08-06T19:48:20Z" level=info msg="Received request: GET /api/v0/tasks?limit=100000"
time="2026-08-06T19:48:20Z" level=info msg="Request URL /api/v0/tasks?limit=100000"
time="2026-08-06T19:48:20Z" level=info msg="Received request: GET /api/v0/tasks?limit=100000"
time="2026-08-06T19:48:20Z" level=info msg="Request URL /api/v0/tasks?limit=100000"
time="2026-08-06T19:48:20Z" level=info msg="Received request: GET /api/v0/tasks?limit=100000"
time="2026-08-06T19:48:20Z" level=info msg="Request URL /api/v0/tasks?limit=100000"
time="2026-08-06T19:48:20Z" level=info msg="Received request: GET /api/v0/tasks?limit=100000"
time="2026-08-06T19:48:20Z" level=info msg="Request URL /api/v0/tasks?limit=100000"
time="2026-08-06T19:48:20Z" level=info msg="Received request: GET /api/v0/tasks?limit=100000"
time="2026-08-06T19:48:20Z" level=info msg="Request URL /api/v0/tasks?limit=100000"
time="2026-08-06T19:48:20Z" level=info msg="Received request: GET /api/v0/tasks?limit=100000"
time="2026-08-06T19:48:20Z" level=info msg="Request URL /api/v0/tasks?limit=100000"
time="2026-08-06T19:48:20Z" level=info msg="Received request: GET /api/v0/tasks?limit=100000"
time="2026-08-06T19:48:20Z" level=info msg="Request URL /api/v0/tasks?limit=100000"
time="2026-08-06T19:48:20Z" level=info msg="Received request: GET /api/v0/tasks/summarize"
time="2026-08-06T19:48:20Z" level=info msg="Request URL /api/v0/tasks/summarize"
gc 21 @73.045s 3%: 0.19+656+0.099 ms clock, 0.38+97/281/335+0.19 ms cpu, 588->655->326 MB, 666 MB goal, 0 MB stacks, 0 MB globals, 2 P
time="2026-08-06T19:48:21Z" level=info msg="Received request: GET /api/v0/tasks/summarize"
time="2026-08-06T19:48:21Z" level=info msg="Request URL /api/v0/tasks/summarize"
gc 22 @74.389s 3%: 0.17+691+0.089 ms clock, 0.35+96/318/467+0.17 ms cpu, 593->640->320 MB, 654 MB goal, 0 MB stacks, 0 MB globals, 2 P
time="2026-08-06T19:48:23Z" level=info msg="Received request: GET /api/v0/tasks/summarize"
time="2026-08-06T19:48:23Z" level=info msg="Request URL /api/v0/tasks/summarize"
gc 23 @75.760s 3%: 0.17+835+0.083 ms clock, 0.35+0/428/426+0.16 ms cpu, 586->586->320 MB, 640 MB goal, 0 MB stacks, 0 MB globals, 2 P
time="2026-08-06T19:48:24Z" level=info msg="Received request: GET /api/v0/tasks/summarize"
time="2026-08-06T19:48:24Z" level=info msg="Request URL /api/v0/tasks/summarize"
gc 24 @77.184s 3%: 0.15+841+0.089 ms clock, 0.31+0/437/428+0.17 ms cpu, 586->586->320 MB, 640 MB goal, 0 MB stacks, 0 MB globals, 2 P
time="2026-08-06T19:48:26Z" level=info msg="Received request: GET /api/v0/tasks/summarize"
time="2026-08-06T19:48:26Z" level=info msg="Request URL /api/v0/tasks/summarize"
gc 25 @78.605s 4%: 0.18+827+0.073 ms clock, 0.37+0/420/424+0.14 ms cpu, 586->586->320 MB, 640 MB goal, 0 MB stacks, 0 MB globals, 2 P
time="2026-08-06T19:48:27Z" level=info msg="Received request: GET /api/v0/tasks/summarize"
time="2026-08-06T19:48:27Z" level=info msg="Request URL /api/v0/tasks/summarize"
gc 26 @79.996s 4%: 0.16+747+0.15 ms clock, 0.33+0/383/435+0.31 ms cpu, 586->586->320 MB, 640 MB goal, 0 MB stacks, 0 MB globals, 2 P
time="2026-08-06T19:48:28Z" level=info msg="Received request: GET /api/v0/tasks/summarize"
time="2026-08-06T19:48:28Z" level=info msg="Request URL /api/v0/tasks/summarize"
gc 27 @81.321s 4%: 0.15+847+0.10 ms clock, 0.31+0/435/427+0.21 ms cpu, 586->586->320 MB, 640 MB goal, 0 MB stacks, 0 MB globals, 2 P
time="2026-08-06T19:48:30Z" level=info msg="Received request: GET /api/v0/tasks/summarize"
time="2026-08-06T19:48:30Z" level=info msg="Request URL /api/v0/tasks/summarize"
gc 28 @82.739s 4%: 0.19+833+0.083 ms clock, 0.39+0/433/421+0.16 ms cpu, 586->586->320 MB, 640 MB goal, 0 MB stacks, 0 MB globals, 2 P
time="2026-08-06T19:48:31Z" level=info msg="Received request: GET /api/v0/tasks/summarize"
time="2026-08-06T19:48:31Z" level=info msg="Request URL /api/v0/tasks/summarize"
gc 29 @84.169s 4%: 0.15+793+0.10 ms clock, 0.31+0/410/403+0.21 ms cpu, 586->586->320 MB, 640 MB goal, 0 MB stacks, 0 MB globals, 2 P
time="2026-08-06T19:48:33Z" level=info msg="Received request: GET /api/v0/tasks/summarize"
time="2026-08-06T19:48:33Z" level=info msg="Request URL /api/v0/tasks/summarize"
gc 30 @85.548s 4%: 0.19+626+0.094 ms clock, 0.39+0/333/413+0.18 ms cpu, 586->586->320 MB, 640 MB goal, 0 MB stacks, 0 MB globals, 2 P
time="2026-08-06T19:48:34Z" level=info msg="Received request: GET /api/jobs/"
time="2026-08-06T19:48:34Z" level=info msg="Request URL /api/jobs/"
time="2026-08-06T19:48:34Z" level=info msg="Received request: GET /api/jobs/"
time="2026-08-06T19:48:34Z" level=info msg="Request URL /api/jobs/"
time="2026-08-06T19:48:34Z" level=info msg="Received request: GET /api/jobs/"
time="2026-08-06T19:48:34Z" level=info msg="Request URL /api/jobs/"
time="2026-08-06T19:48:34Z" level=info msg="Received request: GET /api/jobs/"
time="2026-08-06T19:48:34Z" level=info msg="Request URL /api/jobs/"
time="2026-08-06T19:48:34Z" level=info msg="Received request: GET /api/jobs/"
time="2026-08-06T19:48:34Z" level=info msg="Request URL /api/jobs/"
time="2026-08-06T19:48:34Z" level=info msg="Received request: GET /api/jobs/"
time="2026-08-06T19:48:34Z" level=info msg="Request URL /api/jobs/"
time="2026-08-06T19:48:34Z" level=info msg="Received request: GET /api/jobs/"
time="2026-08-06T19:48:34Z" level=info msg="Request URL /api/jobs/"
gc 31 @86.724s 4%: 0.13+446+0.038 ms clock, 0.27+0/171/236+0.077 ms cpu, 563->603->276 MB, 640 MB goal, 0 MB stacks, 0 MB globals, 2 P
time="2026-08-06T19:48:34Z" level=info msg="Received request: GET /api/jobs/"
time="2026-08-06T19:48:34Z" level=info msg="Request URL /api/jobs/"
time="2026-08-06T19:48:34Z" level=info msg="Received request: GET /api/jobs/"
time="2026-08-06T19:48:34Z" level=info msg="Request URL /api/jobs/"
time="2026-08-06T19:48:34Z" level=info msg="Received request: GET /api/jobs/"
time="2026-08-06T19:48:34Z" level=info msg="Request URL /api/jobs/"
time="2026-08-06T19:48:34Z" level=info msg="Request URL /nodes?view=summary"
time="2026-08-06T19:48:34Z" level=info msg="Request URL /nodes?view=summary"
time="2026-08-06T19:48:35Z" level=info msg="Request URL /nodes?view=summary"
gc 32 @87.270s 5%: 0.13+430+0.091 ms clock, 0.27+0/163/232+0.18 ms cpu, 479->519->276 MB, 553 MB goal, 0 MB stacks, 0 MB globals, 2 P
time="2026-08-06T19:48:35Z" level=info msg="Request URL /nodes?view=summary"
time="2026-08-06T19:48:35Z" level=info msg="Request URL /nodes?view=summary"
time="2026-08-06T19:48:35Z" level=info msg="Request URL /nodes?view=summary"
time="2026-08-06T19:48:35Z" level=info msg="Request URL /nodes?view=summary"
time="2026-08-06T19:48:35Z" level=info msg="Request URL /nodes?view=summary"
time="2026-08-06T19:48:35Z" level=info msg="Request URL /nodes?view=summary"
gc 33 @87.799s 5%: 0.38+448+0.037 ms clock, 0.76+0/171/230+0.074 ms cpu, 479->519->276 MB, 553 MB goal, 0 MB stacks, 0 MB globals, 2 P
time="2026-08-06T19:48:35Z" level=info msg="Request URL /nodes?view=summary"
time="2026-08-06T19:48:35Z" level=info msg="Request URL /events"
time="2026-08-06T19:48:35Z" level=info msg="Request URL /events"
time="2026-08-06T19:48:35Z" level=info msg="Request URL /events"
time="2026-08-06T19:48:35Z" level=info msg="Request URL /events"
time="2026-08-06T19:48:36Z" level=info msg="Request URL /events"
gc 34 @88.346s 5%: 1.0+476+0.10 ms clock, 2.1+0/227/278+0.20 ms cpu, 479->519->276 MB, 553 MB goal, 0 MB stacks, 0 MB globals, 2 P
time="2026-08-06T19:48:36Z" level=info msg="Request URL /events"
time="2026-08-06T19:48:36Z" level=info msg="Request URL /events"
time="2026-08-06T19:48:36Z" level=info msg="Request URL /events"
time="2026-08-06T19:48:36Z" level=info msg="Request URL /events"
time="2026-08-06T19:48:36Z" level=info msg="Request URL /events"
