gc 1 @0.140s 3%: 2.0+12+0.93 ms clock, 6.1+5.5/4.3/11+2.8 ms cpu, 3->3->2 MB, 4 MB goal, 0 MB stacks, 0 MB globals, 3 P
gc 2 @0.250s 2%: 0.11+3.9+0.11 ms clock, 0.33+0.35/1.2/5.1+0.34 ms cpu, 5->5->3 MB, 5 MB goal, 0 MB stacks, 0 MB globals, 3 P
gc 3 @0.367s 1%: 0.12+5.4+0.095 ms clock, 0.38+0.42/2.5/6.4+0.28 ms cpu, 7->7->5 MB, 7 MB goal, 0 MB stacks, 0 MB globals, 3 P
time="2026-08-06T22:04:53Z" level=info msg="create client manager successfully, clients: 1"
time="2026-08-06T22:04:53Z" level=info msg="Begin to create s3 client ..."
time="2026-08-06T22:04:53Z" level=info msg="Checking if bucket ray-historyserver exists..."
time="2026-08-06T22:04:53Z" level=info msg="Bucket ray-historyserver already exists"
time="2026-08-06T22:04:53Z" level=info msg="Clean logdir is logs"
time="2026-08-06T22:04:53Z" level=info msg="Starting server on :8080"
time="2026-08-06T22:04:55Z" level=info msg="Received request: GET /readz"
time="2026-08-06T22:04:55Z" level=info msg="live clusters: []"
time="2026-08-06T22:04:55Z" level=info msg="[List]Returned objects in log/cluster-metadata/. length of page.Contents: 2, length of page.CommonPrefixes: 0"
time="2026-08-06T22:04:55Z" level=error msg="Failed to parse meta file path: log/cluster-metadata/raycluster/test-ns-md2s2_raycluster-historyserver/, error: invalid path segment count for cluster metadata structure: log/cluster-metadata/raycluster/test-ns-md2s2_raycluster-historyserver/"
time="2026-08-06T22:04:55Z" level=info msg="Parsed cluster raycluster-historyserver for session session_2026-08-06_14-35-51_963761_1 to list"
time="2026-08-06T22:04:55Z" level=info msg="live clusters: []"
time="2026-08-06T22:04:55Z" level=info msg="[List]Returned objects in log/cluster-metadata/. length of page.Contents: 2, length of page.CommonPrefixes: 0"
time="2026-08-06T22:04:55Z" level=error msg="Failed to parse meta file path: log/cluster-metadata/raycluster/test-ns-md2s2_raycluster-historyserver/, error: invalid path segment count for cluster metadata structure: log/cluster-metadata/raycluster/test-ns-md2s2_raycluster-historyserver/"
time="2026-08-06T22:04:55Z" level=info msg="Parsed cluster raycluster-historyserver for session session_2026-08-06_14-35-51_963761_1 to list"
time="2026-08-06T22:04:55Z" level=info msg="live clusters: []"
time="2026-08-06T22:04:55Z" level=info msg="[List]Returned objects in log/cluster-metadata/. length of page.Contents: 2, length of page.CommonPrefixes: 0"
time="2026-08-06T22:04:55Z" level=error msg="Failed to parse meta file path: log/cluster-metadata/raycluster/test-ns-md2s2_raycluster-historyserver/, error: invalid path segment count for cluster metadata structure: log/cluster-metadata/raycluster/test-ns-md2s2_raycluster-historyserver/"
time="2026-08-06T22:04:55Z" level=info msg="Parsed cluster raycluster-historyserver for session session_2026-08-06_14-35-51_963761_1 to list"
time="2026-08-06T22:04:55Z" level=info msg="live clusters: []"
time="2026-08-06T22:04:55Z" level=info msg="[List]Returned objects in log/cluster-metadata/. length of page.Contents: 2, length of page.CommonPrefixes: 0"
time="2026-08-06T22:04:55Z" level=error msg="Failed to parse meta file path: log/cluster-metadata/raycluster/test-ns-md2s2_raycluster-historyserver/, error: invalid path segment count for cluster metadata structure: log/cluster-metadata/raycluster/test-ns-md2s2_raycluster-historyserver/"
time="2026-08-06T22:04:55Z" level=info msg="Parsed cluster raycluster-historyserver for session session_2026-08-06_14-35-51_963761_1 to list"
time="2026-08-06T22:04:55Z" level=info msg="live clusters: []"
time="2026-08-06T22:04:55Z" level=info msg="[List]Returned objects in log/cluster-metadata/. length of page.Contents: 2, length of page.CommonPrefixes: 0"
time="2026-08-06T22:04:55Z" level=error msg="Failed to parse meta file path: log/cluster-metadata/raycluster/test-ns-md2s2_raycluster-historyserver/, error: invalid path segment count for cluster metadata structure: log/cluster-metadata/raycluster/test-ns-md2s2_raycluster-historyserver/"
time="2026-08-06T22:04:55Z" level=info msg="Parsed cluster raycluster-historyserver for session session_2026-08-06_14-35-51_963761_1 to list"
time="2026-08-06T22:04:55Z" level=info msg="Received request: GET /enter_cluster/test-ns-md2s2/raycluster/raycluster-historyserver/session_2026-08-06_14-35-51_963761_1"
time="2026-08-06T22:04:55Z" level=info msg="[List]Returned objects in log/cluster-metadata/. length of page.Contents: 2, length of page.CommonPrefixes: 0"
time="2026-08-06T22:04:55Z" level=error msg="Failed to parse meta file path: log/cluster-metadata/raycluster/test-ns-md2s2_raycluster-historyserver/, error: invalid path segment count for cluster metadata structure: log/cluster-metadata/raycluster/test-ns-md2s2_raycluster-historyserver/"
time="2026-08-06T22:04:55Z" level=info msg="Parsed cluster raycluster-historyserver for session session_2026-08-06_14-35-51_963761_1 to list"
time="2026-08-06T22:04:55Z" level=info msg="[ListFiles]Returned objects in log/cluster-history/raycluster/test-ns-md2s2/raycluster-historyserver/session_2026-08-06_14-35-51_963761_1/. length of page.Contents: 0, length of page.CommonPrefixes: 3"
time="2026-08-06T22:04:55Z" level=info msg="[ListFiles]Returned objects in log/cluster-history/raycluster/test-ns-md2s2/raycluster-historyserver/session_2026-08-06_14-35-51_963761_1/233e17c28342cf36fd1d41ccb4c405d03155629dd63bee783cf1378e/logs/events/. length of page.Contents: 11, length of page.CommonPrefixes: 0"
time="2026-08-06T22:04:55Z" level=info msg="Prepare to get object log/cluster-history/raycluster/test-ns-md2s2/raycluster-historyserver/session_2026-08-06_14-35-51_963761_1/233e17c28342cf36fd1d41ccb4c405d03155629dd63bee783cf1378e/logs/events/event_AUTOSCALER.log info ..."
gc 4 @2.668s 0%: 0.13+8.4+0.46 ms clock, 0.40+0.17/5.7/9.7+1.3 ms cpu, 10->10->6 MB, 11 MB goal, 0 MB stacks, 0 MB globals, 3 P
time="2026-08-06T22:04:55Z" level=info msg="Prepare to get object log/cluster-history/raycluster/test-ns-md2s2/raycluster-historyserver/session_2026-08-06_14-35-51_963761_1/233e17c28342cf36fd1d41ccb4c405d03155629dd63bee783cf1378e/logs/events/event_CORE_WORKER_1022.log info ..."
time="2026-08-06T22:04:55Z" level=info msg="Prepare to get object log/cluster-history/raycluster/test-ns-md2s2/raycluster-historyserver/session_2026-08-06_14-35-51_963761_1/233e17c28342cf36fd1d41ccb4c405d03155629dd63bee783cf1378e/logs/events/event_CORE_WORKER_1186.log info ..."
time="2026-08-06T22:04:55Z" level=info msg="Prepare to get object log/cluster-history/raycluster/test-ns-md2s2/raycluster-historyserver/session_2026-08-06_14-35-51_963761_1/233e17c28342cf36fd1d41ccb4c405d03155629dd63bee783cf1378e/logs/events/event_CORE_WORKER_202.log info ..."
time="2026-08-06T22:04:55Z" level=info msg="Prepare to get object log/cluster-history/raycluster/test-ns-md2s2/raycluster-historyserver/session_2026-08-06_14-35-51_963761_1/233e17c28342cf36fd1d41ccb4c405d03155629dd63bee783cf1378e/logs/events/event_CORE_WORKER_207.log info ..."
time="2026-08-06T22:04:55Z" level=info msg="Prepare to get object log/cluster-history/raycluster/test-ns-md2s2/raycluster-historyserver/session_2026-08-06_14-35-51_963761_1/233e17c28342cf36fd1d41ccb4c405d03155629dd63bee783cf1378e/logs/events/event_CORE_WORKER_680.log info ..."
time="2026-08-06T22:04:55Z" level=info msg="Prepare to get object log/cluster-history/raycluster/test-ns-md2s2/raycluster-historyserver/session_2026-08-06_14-35-51_963761_1/233e17c28342cf36fd1d41ccb4c405d03155629dd63bee783cf1378e/logs/events/event_CORE_WORKER_966.log info ..."
time="2026-08-06T22:04:55Z" level=info msg="Prepare to get object log/cluster-history/raycluster/test-ns-md2s2/raycluster-historyserver/session_2026-08-06_14-35-51_963761_1/233e17c28342cf36fd1d41ccb4c405d03155629dd63bee783cf1378e/logs/events/event_GCS.log info ..."
time="2026-08-06T22:04:55Z" level=info msg="Prepare to get object log/cluster-history/raycluster/test-ns-md2s2/raycluster-historyserver/session_2026-08-06_14-35-51_963761_1/233e17c28342cf36fd1d41ccb4c405d03155629dd63bee783cf1378e/logs/events/event_JOBS.log info ..."
time="2026-08-06T22:04:55Z" level=info msg="Prepare to get object log/cluster-history/raycluster/test-ns-md2s2/raycluster-historyserver/session_2026-08-06_14-35-51_963761_1/233e17c28342cf36fd1d41ccb4c405d03155629dd63bee783cf1378e/logs/events/event_RAYLET.log info ..."
time="2026-08-06T22:04:55Z" level=info msg="[ListFiles]Returned objects in log/cluster-history/raycluster/test-ns-md2s2/raycluster-historyserver/session_2026-08-06_14-35-51_963761_1/9431d235d70e6a97efd532473fb6b5e7fab758f46861051c96d90352/logs/events/. length of page.Contents: 13, length of page.CommonPrefixes: 0"
time="2026-08-06T22:04:55Z" level=info msg="Prepare to get object log/cluster-history/raycluster/test-ns-md2s2/raycluster-historyserver/session_2026-08-06_14-35-51_963761_1/9431d235d70e6a97efd532473fb6b5e7fab758f46861051c96d90352/logs/events/event_CORE_WORKER_228.log info ..."
time="2026-08-06T22:04:55Z" level=info msg="Prepare to get object log/cluster-history/raycluster/test-ns-md2s2/raycluster-historyserver/session_2026-08-06_14-35-51_963761_1/9431d235d70e6a97efd532473fb6b5e7fab758f46861051c96d90352/logs/events/event_CORE_WORKER_229.log info ..."
time="2026-08-06T22:04:55Z" level=info msg="Prepare to get object log/cluster-history/raycluster/test-ns-md2s2/raycluster-historyserver/session_2026-08-06_14-35-51_963761_1/9431d235d70e6a97efd532473fb6b5e7fab758f46861051c96d90352/logs/events/event_CORE_WORKER_309.log info ..."
time="2026-08-06T22:04:55Z" level=info msg="Prepare to get object log/cluster-history/raycluster/test-ns-md2s2/raycluster-historyserver/session_2026-08-06_14-35-51_963761_1/9431d235d70e6a97efd532473fb6b5e7fab758f46861051c96d90352/logs/events/event_CORE_WORKER_317.log info ..."
time="2026-08-06T22:04:55Z" level=info msg="Prepare to get object log/cluster-history/raycluster/test-ns-md2s2/raycluster-historyserver/session_2026-08-06_14-35-51_963761_1/9431d235d70e6a97efd532473fb6b5e7fab758f46861051c96d90352/logs/events/event_CORE_WORKER_416.log info ..."
time="2026-08-06T22:04:55Z" level=info msg="Prepare to get object log/cluster-history/raycluster/test-ns-md2s2/raycluster-historyserver/session_2026-08-06_14-35-51_963761_1/9431d235d70e6a97efd532473fb6b5e7fab758f46861051c96d90352/logs/events/event_CORE_WORKER_421.log info ..."
time="2026-08-06T22:04:55Z" level=info msg="Prepare to get object log/cluster-history/raycluster/test-ns-md2s2/raycluster-historyserver/session_2026-08-06_14-35-51_963761_1/9431d235d70e6a97efd532473fb6b5e7fab758f46861051c96d90352/logs/events/event_CORE_WORKER_510.log info ..."
time="2026-08-06T22:04:55Z" level=info msg="Prepare to get object log/cluster-history/raycluster/test-ns-md2s2/raycluster-historyserver/session_2026-08-06_14-35-51_963761_1/9431d235d70e6a97efd532473fb6b5e7fab758f46861051c96d90352/logs/events/event_CORE_WORKER_515.log info ..."
time="2026-08-06T22:04:55Z" level=info msg="Prepare to get object log/cluster-history/raycluster/test-ns-md2s2/raycluster-historyserver/session_2026-08-06_14-35-51_963761_1/9431d235d70e6a97efd532473fb6b5e7fab758f46861051c96d90352/logs/events/event_CORE_WORKER_589.log info ..."
time="2026-08-06T22:04:55Z" level=info msg="Prepare to get object log/cluster-history/raycluster/test-ns-md2s2/raycluster-historyserver/session_2026-08-06_14-35-51_963761_1/9431d235d70e6a97efd532473fb6b5e7fab758f46861051c96d90352/logs/events/event_CORE_WORKER_610.log info ..."
time="2026-08-06T22:04:55Z" level=info msg="Prepare to get object log/cluster-history/raycluster/test-ns-md2s2/raycluster-historyserver/session_2026-08-06_14-35-51_963761_1/9431d235d70e6a97efd532473fb6b5e7fab758f46861051c96d90352/logs/events/event_CORE_WORKER_683.log info ..."
time="2026-08-06T22:04:55Z" level=info msg="Prepare to get object log/cluster-history/raycluster/test-ns-md2s2/raycluster-historyserver/session_2026-08-06_14-35-51_963761_1/9431d235d70e6a97efd532473fb6b5e7fab758f46861051c96d90352/logs/events/event_RAYLET.log info ..."
time="2026-08-06T22:04:55Z" level=info msg="[ListFiles]Returned objects in log/cluster-history/raycluster/test-ns-md2s2/raycluster-historyserver/session_2026-08-06_14-35-51_963761_1/fetched_endpoints/logs/events/. length of page.Contents: 0, length of page.CommonPrefixes: 0"
time="2026-08-06T22:04:55Z" level=info msg="[ListFiles]Returned objects in log/cluster-history/raycluster/test-ns-md2s2/raycluster-historyserver/session_2026-08-06_14-35-51_963761_1/. length of page.Contents: 0, length of page.CommonPrefixes: 3"
time="2026-08-06T22:04:55Z" level=info msg="[ListFiles]Returned objects in log/cluster-history/raycluster/test-ns-md2s2/raycluster-historyserver/session_2026-08-06_14-35-51_963761_1/233e17c28342cf36fd1d41ccb4c405d03155629dd63bee783cf1378e/job_events/. length of page.Contents: 0, length of page.CommonPrefixes: 4"
time="2026-08-06T22:04:55Z" level=info msg="[ListFiles]Returned objects in log/cluster-history/raycluster/test-ns-md2s2/raycluster-historyserver/session_2026-08-06_14-35-51_963761_1/233e17c28342cf36fd1d41ccb4c405d03155629dd63bee783cf1378e/job_events/01000000/. length of page.Contents: 2, length of page.CommonPrefixes: 0"
time="2026-08-06T22:04:55Z" level=info msg="[ListFiles]Returned objects in log/cluster-history/raycluster/test-ns-md2s2/raycluster-historyserver/session_2026-08-06_14-35-51_963761_1/233e17c28342cf36fd1d41ccb4c405d03155629dd63bee783cf1378e/job_events/02000000/. length of page.Contents: 2, length of page.CommonPrefixes: 0"
time="2026-08-06T22:04:55Z" level=info msg="[ListFiles]Returned objects in log/cluster-history/raycluster/test-ns-md2s2/raycluster-historyserver/session_2026-08-06_14-35-51_963761_1/233e17c28342cf36fd1d41ccb4c405d03155629dd63bee783cf1378e/job_events/03000000/. length of page.Contents: 2, length of page.CommonPrefixes: 0"
time="2026-08-06T22:04:55Z" level=info msg="[ListFiles]Returned objects in log/cluster-history/raycluster/test-ns-md2s2/raycluster-historyserver/session_2026-08-06_14-35-51_963761_1/233e17c28342cf36fd1d41ccb4c405d03155629dd63bee783cf1378e/job_events/04000000/. length of page.Contents: 2, length of page.CommonPrefixes: 0"
time="2026-08-06T22:04:55Z" level=info msg="[ListFiles]Returned objects in log/cluster-history/raycluster/test-ns-md2s2/raycluster-historyserver/session_2026-08-06_14-35-51_963761_1/9431d235d70e6a97efd532473fb6b5e7fab758f46861051c96d90352/job_events/. length of page.Contents: 0, length of page.CommonPrefixes: 1"
time="2026-08-06T22:04:55Z" level=info msg="[ListFiles]Returned objects in log/cluster-history/raycluster/test-ns-md2s2/raycluster-historyserver/session_2026-08-06_14-35-51_963761_1/9431d235d70e6a97efd532473fb6b5e7fab758f46861051c96d90352/job_events/03000000/. length of page.Contents: 2, length of page.CommonPrefixes: 0"
time="2026-08-06T22:04:55Z" level=info msg="[ListFiles]Returned objects in log/cluster-history/raycluster/test-ns-md2s2/raycluster-historyserver/session_2026-08-06_14-35-51_963761_1/fetched_endpoints/job_events/. length of page.Contents: 0, length of page.CommonPrefixes: 0"
time="2026-08-06T22:04:55Z" level=info msg="[ListFiles]Returned objects in log/cluster-history/raycluster/test-ns-md2s2/raycluster-historyserver/session_2026-08-06_14-35-51_963761_1/. length of page.Contents: 0, length of page.CommonPrefixes: 3"
time="2026-08-06T22:04:55Z" level=info msg="[ListFiles]Returned objects in log/cluster-history/raycluster/test-ns-md2s2/raycluster-historyserver/session_2026-08-06_14-35-51_963761_1/233e17c28342cf36fd1d41ccb4c405d03155629dd63bee783cf1378e/node_events/. length of page.Contents: 2, length of page.CommonPrefixes: 0"
time="2026-08-06T22:04:55Z" level=info msg="[ListFiles]Returned objects in log/cluster-history/raycluster/test-ns-md2s2/raycluster-historyserver/session_2026-08-06_14-35-51_963761_1/9431d235d70e6a97efd532473fb6b5e7fab758f46861051c96d90352/node_events/. length of page.Contents: 0, length of page.CommonPrefixes: 0"
time="2026-08-06T22:04:55Z" level=info msg="[ListFiles]Returned objects in log/cluster-history/raycluster/test-ns-md2s2/raycluster-historyserver/session_2026-08-06_14-35-51_963761_1/fetched_endpoints/node_events/. length of page.Contents: 0, length of page.CommonPrefixes: 0"
time="2026-08-06T22:04:55Z" level=info msg="Prepare to get object log/cluster-history/raycluster/test-ns-md2s2/raycluster-historyserver/session_2026-08-06_14-35-51_963761_1/233e17c28342cf36fd1d41ccb4c405d03155629dd63bee783cf1378e/job_events/01000000/233e17c28342cf36fd1d41ccb4c405d03155629dd63bee783cf1378e-2026-08-06-21-1786052157192018385.jsonl info ..."
time="2026-08-06T22:04:55Z" level=info msg="Prepare to get object log/cluster-history/raycluster/test-ns-md2s2/raycluster-historyserver/session_2026-08-06_14-35-51_963761_1/233e17c28342cf36fd1d41ccb4c405d03155629dd63bee783cf1378e/job_events/02000000/233e17c28342cf36fd1d41ccb4c405d03155629dd63bee783cf1378e-2026-08-06-21-1786052176255445838.jsonl info ..."
time="2026-08-06T22:04:55Z" level=info msg="Prepare to get object log/cluster-history/raycluster/test-ns-md2s2/raycluster-historyserver/session_2026-08-06_14-35-51_963761_1/233e17c28342cf36fd1d41ccb4c405d03155629dd63bee783cf1378e/job_events/03000000/233e17c28342cf36fd1d41ccb4c405d03155629dd63bee783cf1378e-2026-08-06-21-1786052177259732380.jsonl info ..."
gc 5 @2.753s 0%: 0.15+6.5+0.14 ms clock, 0.47+1.7/2.5/8.9+0.42 ms cpu, 13->13->9 MB, 14 MB goal, 0 MB stacks, 0 MB globals, 3 P
gc 6 @2.765s 0%: 0.13+8.6+0.028 ms clock, 0.39+0/6.1/9.4+0.084 ms cpu, 19->19->19 MB, 19 MB goal, 0 MB stacks, 0 MB globals, 3 P
gc 7 @2.800s 0%: 0.25+13+0.052 ms clock, 0.75+0/8.8/11+0.15 ms cpu, 48->48->48 MB, 48 MB goal, 0 MB stacks, 0 MB globals, 3 P
gc 8 @2.846s 0%: 0.14+18+0.047 ms clock, 0.43+0/11/12+0.14 ms cpu, 100->100->100 MB, 100 MB goal, 0 MB stacks, 0 MB globals, 3 P
gc 9 @2.909s 0%: 0.15+5.9+0.039 ms clock, 0.47+1.8/2.7/8.2+0.11 ms cpu, 200->200->106 MB, 201 MB goal, 0 MB stacks, 0 MB globals, 3 P
gc 10 @2.962s 0%: 0.13+32+0.076 ms clock, 0.41+0.69/11/27+0.22 ms cpu, 274->274->181 MB, 274 MB goal, 0 MB stacks, 0 MB globals, 3 P
gc 11 @5.902s 1%: 0.14+132+0.067 ms clock, 0.44+0.088/118/179+0.20 ms cpu, 358->362->235 MB, 362 MB goal, 0 MB stacks, 0 MB globals, 3 P
gc 12 @9.644s 1%: 0.13+291+0.13 ms clock, 0.40+0.081/248/407+0.39 ms cpu, 456->465->411 MB, 470 MB goal, 0 MB stacks, 0 MB globals, 3 P
gc 13 @17.501s 1%: 0.14+435+0.065 ms clock, 0.42+0.41/315/649+0.19 ms cpu, 793->803->434 MB, 823 MB goal, 0 MB stacks, 0 MB globals, 3 P
time="2026-08-06T22:05:13Z" level=info msg="Prepare to get object log/cluster-history/raycluster/test-ns-md2s2/raycluster-historyserver/session_2026-08-06_14-35-51_963761_1/233e17c28342cf36fd1d41ccb4c405d03155629dd63bee783cf1378e/job_events/04000000/233e17c28342cf36fd1d41ccb4c405d03155629dd63bee783cf1378e-2026-08-06-21-1786052191213515220.jsonl info ..."
time="2026-08-06T22:05:13Z" level=info msg="Prepare to get object log/cluster-history/raycluster/test-ns-md2s2/raycluster-historyserver/session_2026-08-06_14-35-51_963761_1/9431d235d70e6a97efd532473fb6b5e7fab758f46861051c96d90352/job_events/03000000/9431d235d70e6a97efd532473fb6b5e7fab758f46861051c96d90352-2026-08-06-21-1786052178370981047.jsonl info ..."
gc 14 @21.221s 1%: 0.16+102+0.12 ms clock, 0.48+61/72/140+0.36 ms cpu, 898->898->209 MB, 898 MB goal, 0 MB stacks, 0 MB globals, 3 P
gc 15 @25.022s 1%: 0.15+249+0.096 ms clock, 0.46+0.089/183/371+0.28 ms cpu, 413->420->303 MB, 419 MB goal, 0 MB stacks, 0 MB globals, 3 P
time="2026-08-06T22:05:20Z" level=error msg="Failed to store events for file session_2026-08-06_14-35-51_963761_1/9431d235d70e6a97efd532473fb6b5e7fab758f46861051c96d90352/job_events/03000000/9431d235d70e6a97efd532473fb6b5e7fab758f46861051c96d90352-2026-08-06-21-1786052178370981047.jsonl: TASK_LIFECYCLE_EVENT must have at least one state transition"
time="2026-08-06T22:05:20Z" level=error msg="Failed to store events for file session_2026-08-06_14-35-51_963761_1/9431d235d70e6a97efd532473fb6b5e7fab758f46861051c96d90352/job_events/03000000/9431d235d70e6a97efd532473fb6b5e7fab758f46861051c96d90352-2026-08-06-21-1786052178370981047.jsonl: TASK_LIFECYCLE_EVENT must have at least one state transition"
time="2026-08-06T22:05:20Z" level=error msg="Failed to store events for file session_2026-08-06_14-35-51_963761_1/9431d235d70e6a97efd532473fb6b5e7fab758f46861051c96d90352/job_events/03000000/9431d235d70e6a97efd532473fb6b5e7fab758f46861051c96d90352-2026-08-06-21-1786052178370981047.jsonl: TASK_LIFECYCLE_EVENT must have at least one state transition"
time="2026-08-06T22:05:20Z" level=error msg="Failed to store events for file session_2026-08-06_14-35-51_963761_1/9431d235d70e6a97efd532473fb6b5e7fab758f46861051c96d90352/job_events/03000000/9431d235d70e6a97efd532473fb6b5e7fab758f46861051c96d90352-2026-08-06-21-1786052178370981047.jsonl: TASK_LIFECYCLE_EVENT must have at least one state transition"
time="2026-08-06T22:05:20Z" level=error msg="Failed to store events for file session_2026-08-06_14-35-51_963761_1/9431d235d70e6a97efd532473fb6b5e7fab758f46861051c96d90352/job_events/03000000/9431d235d70e6a97efd532473fb6b5e7fab758f46861051c96d90352-2026-08-06-21-1786052178370981047.jsonl: TASK_LIFECYCLE_EVENT must have at least one state transition"
time="2026-08-06T22:05:20Z" level=error msg="Failed to store events for file session_2026-08-06_14-35-51_963761_1/9431d235d70e6a97efd532473fb6b5e7fab758f46861051c96d90352/job_events/03000000/9431d235d70e6a97efd532473fb6b5e7fab758f46861051c96d90352-2026-08-06-21-1786052178370981047.jsonl: TASK_LIFECYCLE_EVENT must have at least one state transition"
time="2026-08-06T22:05:20Z" level=error msg="Failed to store events for file session_2026-08-06_14-35-51_963761_1/9431d235d70e6a97efd532473fb6b5e7fab758f46861051c96d90352/job_events/03000000/9431d235d70e6a97efd532473fb6b5e7fab758f46861051c96d90352-2026-08-06-21-1786052178370981047.jsonl: TASK_LIFECYCLE_EVENT must have at least one state transition"
time="2026-08-06T22:05:21Z" level=error msg="Failed to store events for file session_2026-08-06_14-35-51_963761_1/9431d235d70e6a97efd532473fb6b5e7fab758f46861051c96d90352/job_events/03000000/9431d235d70e6a97efd532473fb6b5e7fab758f46861051c96d90352-2026-08-06-21-1786052178370981047.jsonl: TASK_LIFECYCLE_EVENT must have at least one state transition"
time="2026-08-06T22:05:21Z" level=error msg="Failed to store events for file session_2026-08-06_14-35-51_963761_1/9431d235d70e6a97efd532473fb6b5e7fab758f46861051c96d90352/job_events/03000000/9431d235d70e6a97efd532473fb6b5e7fab758f46861051c96d90352-2026-08-06-21-1786052178370981047.jsonl: TASK_LIFECYCLE_EVENT must have at least one state transition"
time="2026-08-06T22:05:21Z" level=error msg="Failed to store events for file session_2026-08-06_14-35-51_963761_1/9431d235d70e6a97efd532473fb6b5e7fab758f46861051c96d90352/job_events/03000000/9431d235d70e6a97efd532473fb6b5e7fab758f46861051c96d90352-2026-08-06-21-1786052178370981047.jsonl: TASK_LIFECYCLE_EVENT must have at least one state transition"
time="2026-08-06T22:05:21Z" level=error msg="Failed to store events for file session_2026-08-06_14-35-51_963761_1/9431d235d70e6a97efd532473fb6b5e7fab758f46861051c96d90352/job_events/03000000/9431d235d70e6a97efd532473fb6b5e7fab758f46861051c96d90352-2026-08-06-21-1786052178370981047.jsonl: TASK_LIFECYCLE_EVENT must have at least one state transition"
time="2026-08-06T22:05:21Z" level=error msg="Failed to store events for file session_2026-08-06_14-35-51_963761_1/9431d235d70e6a97efd532473fb6b5e7fab758f46861051c96d90352/job_events/03000000/9431d235d70e6a97efd532473fb6b5e7fab758f46861051c96d90352-2026-08-06-21-1786052178370981047.jsonl: TASK_LIFECYCLE_EVENT must have at least one state transition"
time="2026-08-06T22:05:22Z" level=error msg="Failed to store events for file session_2026-08-06_14-35-51_963761_1/9431d235d70e6a97efd532473fb6b5e7fab758f46861051c96d90352/job_events/03000000/9431d235d70e6a97efd532473fb6b5e7fab758f46861051c96d90352-2026-08-06-21-1786052178370981047.jsonl: TASK_LIFECYCLE_EVENT must have at least one state transition"
time="2026-08-06T22:05:22Z" level=error msg="Failed to store events for file session_2026-08-06_14-35-51_963761_1/9431d235d70e6a97efd532473fb6b5e7fab758f46861051c96d90352/job_events/03000000/9431d235d70e6a97efd532473fb6b5e7fab758f46861051c96d90352-2026-08-06-21-1786052178370981047.jsonl: TASK_LIFECYCLE_EVENT must have at least one state transition"
time="2026-08-06T22:05:22Z" level=error msg="Failed to store events for file session_2026-08-06_14-35-51_963761_1/9431d235d70e6a97efd532473fb6b5e7fab758f46861051c96d90352/job_events/03000000/9431d235d70e6a97efd532473fb6b5e7fab758f46861051c96d90352-2026-08-06-21-1786052178370981047.jsonl: TASK_LIFECYCLE_EVENT must have at least one state transition"
time="2026-08-06T22:05:22Z" level=error msg="Failed to store events for file session_2026-08-06_14-35-51_963761_1/9431d235d70e6a97efd532473fb6b5e7fab758f46861051c96d90352/job_events/03000000/9431d235d70e6a97efd532473fb6b5e7fab758f46861051c96d90352-2026-08-06-21-1786052178370981047.jsonl: TASK_LIFECYCLE_EVENT must have at least one state transition"
time="2026-08-06T22:05:22Z" level=error msg="Failed to store events for file session_2026-08-06_14-35-51_963761_1/9431d235d70e6a97efd532473fb6b5e7fab758f46861051c96d90352/job_events/03000000/9431d235d70e6a97efd532473fb6b5e7fab758f46861051c96d90352-2026-08-06-21-1786052178370981047.jsonl: TASK_LIFECYCLE_EVENT must have at least one state transition"
time="2026-08-06T22:05:22Z" level=error msg="Failed to store events for file session_2026-08-06_14-35-51_963761_1/9431d235d70e6a97efd532473fb6b5e7fab758f46861051c96d90352/job_events/03000000/9431d235d70e6a97efd532473fb6b5e7fab758f46861051c96d90352-2026-08-06-21-1786052178370981047.jsonl: TASK_LIFECYCLE_EVENT must have at least one state transition"
time="2026-08-06T22:05:22Z" level=error msg="Failed to store events for file session_2026-08-06_14-35-51_963761_1/9431d235d70e6a97efd532473fb6b5e7fab758f46861051c96d90352/job_events/03000000/9431d235d70e6a97efd532473fb6b5e7fab758f46861051c96d90352-2026-08-06-21-1786052178370981047.jsonl: TASK_LIFECYCLE_EVENT must have at least one state transition"
time="2026-08-06T22:05:22Z" level=error msg="Failed to store events for file session_2026-08-06_14-35-51_963761_1/9431d235d70e6a97efd532473fb6b5e7fab758f46861051c96d90352/job_events/03000000/9431d235d70e6a97efd532473fb6b5e7fab758f46861051c96d90352-2026-08-06-21-1786052178370981047.jsonl: TASK_LIFECYCLE_EVENT must have at least one state transition"
time="2026-08-06T22:05:22Z" level=error msg="Failed to store events for file session_2026-08-06_14-35-51_963761_1/9431d235d70e6a97efd532473fb6b5e7fab758f46861051c96d90352/job_events/03000000/9431d235d70e6a97efd532473fb6b5e7fab758f46861051c96d90352-2026-08-06-21-1786052178370981047.jsonl: TASK_LIFECYCLE_EVENT must have at least one state transition"
time="2026-08-06T22:05:23Z" level=error msg="Failed to store events for file session_2026-08-06_14-35-51_963761_1/9431d235d70e6a97efd532473fb6b5e7fab758f46861051c96d90352/job_events/03000000/9431d235d70e6a97efd532473fb6b5e7fab758f46861051c96d90352-2026-08-06-21-1786052178370981047.jsonl: TASK_LIFECYCLE_EVENT must have at least one state transition"
time="2026-08-06T22:05:23Z" level=error msg="Failed to store events for file session_2026-08-06_14-35-51_963761_1/9431d235d70e6a97efd532473fb6b5e7fab758f46861051c96d90352/job_events/03000000/9431d235d70e6a97efd532473fb6b5e7fab758f46861051c96d90352-2026-08-06-21-1786052178370981047.jsonl: TASK_LIFECYCLE_EVENT must have at least one state transition"
time="2026-08-06T22:05:23Z" level=error msg="Failed to store events for file session_2026-08-06_14-35-51_963761_1/9431d235d70e6a97efd532473fb6b5e7fab758f46861051c96d90352/job_events/03000000/9431d235d70e6a97efd532473fb6b5e7fab758f46861051c96d90352-2026-08-06-21-1786052178370981047.jsonl: TASK_LIFECYCLE_EVENT must have at least one state transition"
time="2026-08-06T22:05:23Z" level=error msg="Failed to store events for file session_2026-08-06_14-35-51_963761_1/9431d235d70e6a97efd532473fb6b5e7fab758f46861051c96d90352/job_events/03000000/9431d235d70e6a97efd532473fb6b5e7fab758f46861051c96d90352-2026-08-06-21-1786052178370981047.jsonl: TASK_LIFECYCLE_EVENT must have at least one state transition"
time="2026-08-06T22:05:23Z" level=error msg="Failed to store events for file session_2026-08-06_14-35-51_963761_1/9431d235d70e6a97efd532473fb6b5e7fab758f46861051c96d90352/job_events/03000000/9431d235d70e6a97efd532473fb6b5e7fab758f46861051c96d90352-2026-08-06-21-1786052178370981047.jsonl: TASK_LIFECYCLE_EVENT must have at least one state transition"
time="2026-08-06T22:05:24Z" level=error msg="Failed to store events for file session_2026-08-06_14-35-51_963761_1/9431d235d70e6a97efd532473fb6b5e7fab758f46861051c96d90352/job_events/03000000/9431d235d70e6a97efd532473fb6b5e7fab758f46861051c96d90352-2026-08-06-21-1786052178370981047.jsonl: TASK_LIFECYCLE_EVENT must have at least one state transition"
time="2026-08-06T22:05:24Z" level=error msg="Failed to store events for file session_2026-08-06_14-35-51_963761_1/9431d235d70e6a97efd532473fb6b5e7fab758f46861051c96d90352/job_events/03000000/9431d235d70e6a97efd532473fb6b5e7fab758f46861051c96d90352-2026-08-06-21-1786052178370981047.jsonl: TASK_LIFECYCLE_EVENT must have at least one state transition"
time="2026-08-06T22:05:24Z" level=error msg="Failed to store events for file session_2026-08-06_14-35-51_963761_1/9431d235d70e6a97efd532473fb6b5e7fab758f46861051c96d90352/job_events/03000000/9431d235d70e6a97efd532473fb6b5e7fab758f46861051c96d90352-2026-08-06-21-1786052178370981047.jsonl: TASK_LIFECYCLE_EVENT must have at least one state transition"
time="2026-08-06T22:05:24Z" level=error msg="Failed to store events for file session_2026-08-06_14-35-51_963761_1/9431d235d70e6a97efd532473fb6b5e7fab758f46861051c96d90352/job_events/03000000/9431d235d70e6a97efd532473fb6b5e7fab758f46861051c96d90352-2026-08-06-21-1786052178370981047.jsonl: TASK_LIFECYCLE_EVENT must have at least one state transition"
gc 16 @31.659s 1%: 0.20+404+0.11 ms clock, 0.62+0.47/324/500+0.34 ms cpu, 585->595->340 MB, 606 MB goal, 0 MB stacks, 0 MB globals, 3 P
time="2026-08-06T22:05:24Z" level=error msg="Failed to store events for file session_2026-08-06_14-35-51_963761_1/9431d235d70e6a97efd532473fb6b5e7fab758f46861051c96d90352/job_events/03000000/9431d235d70e6a97efd532473fb6b5e7fab758f46861051c96d90352-2026-08-06-21-1786052178370981047.jsonl: TASK_LIFECYCLE_EVENT must have at least one state transition"
time="2026-08-06T22:05:25Z" level=error msg="Failed to store events for file session_2026-08-06_14-35-51_963761_1/9431d235d70e6a97efd532473fb6b5e7fab758f46861051c96d90352/job_events/03000000/9431d235d70e6a97efd532473fb6b5e7fab758f46861051c96d90352-2026-08-06-21-1786052178370981047.jsonl: TASK_LIFECYCLE_EVENT must have at least one state transition"
time="2026-08-06T22:05:25Z" level=error msg="Failed to store events for file session_2026-08-06_14-35-51_963761_1/9431d235d70e6a97efd532473fb6b5e7fab758f46861051c96d90352/job_events/03000000/9431d235d70e6a97efd532473fb6b5e7fab758f46861051c96d90352-2026-08-06-21-1786052178370981047.jsonl: TASK_LIFECYCLE_EVENT must have at least one state transition"
time="2026-08-06T22:05:25Z" level=error msg="Failed to store events for file session_2026-08-06_14-35-51_963761_1/9431d235d70e6a97efd532473fb6b5e7fab758f46861051c96d90352/job_events/03000000/9431d235d70e6a97efd532473fb6b5e7fab758f46861051c96d90352-2026-08-06-21-1786052178370981047.jsonl: TASK_LIFECYCLE_EVENT must have at least one state transition"
time="2026-08-06T22:05:25Z" level=error msg="Failed to store events for file session_2026-08-06_14-35-51_963761_1/9431d235d70e6a97efd532473fb6b5e7fab758f46861051c96d90352/job_events/03000000/9431d235d70e6a97efd532473fb6b5e7fab758f46861051c96d90352-2026-08-06-21-1786052178370981047.jsonl: TASK_LIFECYCLE_EVENT must have at least one state transition"
time="2026-08-06T22:05:25Z" level=error msg="Failed to store events for file session_2026-08-06_14-35-51_963761_1/9431d235d70e6a97efd532473fb6b5e7fab758f46861051c96d90352/job_events/03000000/9431d235d70e6a97efd532473fb6b5e7fab758f46861051c96d90352-2026-08-06-21-1786052178370981047.jsonl: TASK_LIFECYCLE_EVENT must have at least one state transition"
time="2026-08-06T22:05:25Z" level=error msg="Failed to store events for file session_2026-08-06_14-35-51_963761_1/9431d235d70e6a97efd532473fb6b5e7fab758f46861051c96d90352/job_events/03000000/9431d235d70e6a97efd532473fb6b5e7fab758f46861051c96d90352-2026-08-06-21-1786052178370981047.jsonl: TASK_LIFECYCLE_EVENT must have at least one state transition"
time="2026-08-06T22:05:26Z" level=error msg="Failed to store events for file session_2026-08-06_14-35-51_963761_1/9431d235d70e6a97efd532473fb6b5e7fab758f46861051c96d90352/job_events/03000000/9431d235d70e6a97efd532473fb6b5e7fab758f46861051c96d90352-2026-08-06-21-1786052178370981047.jsonl: TASK_LIFECYCLE_EVENT must have at least one state transition"
time="2026-08-06T22:05:26Z" level=error msg="Failed to store events for file session_2026-08-06_14-35-51_963761_1/9431d235d70e6a97efd532473fb6b5e7fab758f46861051c96d90352/job_events/03000000/9431d235d70e6a97efd532473fb6b5e7fab758f46861051c96d90352-2026-08-06-21-1786052178370981047.jsonl: TASK_LIFECYCLE_EVENT must have at least one state transition"
time="2026-08-06T22:05:26Z" level=error msg="Failed to store events for file session_2026-08-06_14-35-51_963761_1/9431d235d70e6a97efd532473fb6b5e7fab758f46861051c96d90352/job_events/03000000/9431d235d70e6a97efd532473fb6b5e7fab758f46861051c96d90352-2026-08-06-21-1786052178370981047.jsonl: TASK_LIFECYCLE_EVENT must have at least one state transition"
time="2026-08-06T22:05:26Z" level=error msg="Failed to store events for file session_2026-08-06_14-35-51_963761_1/9431d235d70e6a97efd532473fb6b5e7fab758f46861051c96d90352/job_events/03000000/9431d235d70e6a97efd532473fb6b5e7fab758f46861051c96d90352-2026-08-06-21-1786052178370981047.jsonl: TASK_LIFECYCLE_EVENT must have at least one state transition"
time="2026-08-06T22:05:27Z" level=error msg="Failed to store events for file session_2026-08-06_14-35-51_963761_1/9431d235d70e6a97efd532473fb6b5e7fab758f46861051c96d90352/job_events/03000000/9431d235d70e6a97efd532473fb6b5e7fab758f46861051c96d90352-2026-08-06-21-1786052178370981047.jsonl: TASK_LIFECYCLE_EVENT must have at least one state transition"
time="2026-08-06T22:05:27Z" level=error msg="Failed to store events for file session_2026-08-06_14-35-51_963761_1/9431d235d70e6a97efd532473fb6b5e7fab758f46861051c96d90352/job_events/03000000/9431d235d70e6a97efd532473fb6b5e7fab758f46861051c96d90352-2026-08-06-21-1786052178370981047.jsonl: TASK_LIFECYCLE_EVENT must have at least one state transition"
time="2026-08-06T22:05:27Z" level=error msg="Failed to store events for file session_2026-08-06_14-35-51_963761_1/9431d235d70e6a97efd532473fb6b5e7fab758f46861051c96d90352/job_events/03000000/9431d235d70e6a97efd532473fb6b5e7fab758f46861051c96d90352-2026-08-06-21-1786052178370981047.jsonl: TASK_LIFECYCLE_EVENT must have at least one state transition"
time="2026-08-06T22:05:27Z" level=info msg="Prepare to get object log/cluster-history/raycluster/test-ns-md2s2/raycluster-historyserver/session_2026-08-06_14-35-51_963761_1/233e17c28342cf36fd1d41ccb4c405d03155629dd63bee783cf1378e/node_events/233e17c28342cf36fd1d41ccb4c405d03155629dd63bee783cf1378e-2026-08-06-21-1786052156520112551.jsonl info ..."
time="2026-08-06T22:05:28Z" level=info msg="Received request: GET /api/v0/tasks?limit=50000"
time="2026-08-06T22:05:28Z" level=info msg="Request URL /api/v0/tasks?limit=50000"
time="2026-08-06T22:05:28Z" level=info msg="Received request: GET /api/v0/tasks?limit=50000"
time="2026-08-06T22:05:28Z" level=info msg="Request URL /api/v0/tasks?limit=50000"
time="2026-08-06T22:05:28Z" level=info msg="Received request: GET /api/v0/tasks?limit=50000"
time="2026-08-06T22:05:28Z" level=info msg="Request URL /api/v0/tasks?limit=50000"
time="2026-08-06T22:05:28Z" level=info msg="Received request: GET /api/v0/tasks/summarize"
time="2026-08-06T22:05:28Z" level=info msg="Request URL /api/v0/tasks/summarize"
gc 17 @35.562s 1%: 0.20+112+0.043 ms clock, 0.60+52/83/131+0.13 ms cpu, 653->658->132 MB, 681 MB goal, 0 MB stacks, 0 MB globals, 3 P
time="2026-08-06T22:05:28Z" level=info msg="Received request: GET /api/v0/tasks/summarize"
time="2026-08-06T22:05:28Z" level=info msg="Request URL /api/v0/tasks/summarize"
gc 18 @35.994s 1%: 0.29+146+0.087 ms clock, 0.87+2.1/103/151+0.26 ms cpu, 241->265->146 MB, 265 MB goal, 0 MB stacks, 0 MB globals, 3 P
time="2026-08-06T22:05:29Z" level=info msg="Received request: GET /api/v0/tasks/summarize"
time="2026-08-06T22:05:29Z" level=info msg="Request URL /api/v0/tasks/summarize"
gc 19 @36.441s 1%: 0.20+111+0.084 ms clock, 0.61+0/59/131+0.25 ms cpu, 253->253->122 MB, 293 MB goal, 0 MB stacks, 0 MB globals, 3 P
gc 20 @36.609s 1%: 0.18+195+0.079 ms clock, 0.54+0/96/181+0.23 ms cpu, 210->234->179 MB, 245 MB goal, 0 MB stacks, 0 MB globals, 3 P
time="2026-08-06T22:05:29Z" level=info msg="Received request: GET /api/jobs/"
time="2026-08-06T22:05:29Z" level=info msg="Request URL /api/jobs/"
time="2026-08-06T22:05:29Z" level=info msg="Received request: GET /api/jobs/"
time="2026-08-06T22:05:29Z" level=info msg="Request URL /api/jobs/"
time="2026-08-06T22:05:29Z" level=info msg="Received request: GET /api/jobs/"
time="2026-08-06T22:05:29Z" level=info msg="Request URL /api/jobs/"
time="2026-08-06T22:05:29Z" level=info msg="Request URL /nodes?view=summary"
time="2026-08-06T22:05:29Z" level=info msg="Request URL /nodes?view=summary"
time="2026-08-06T22:05:29Z" level=info msg="Request URL /nodes?view=summary"
time="2026-08-06T22:05:29Z" level=info msg="Request URL /events"
time="2026-08-06T22:05:29Z" level=info msg="Request URL /events"
time="2026-08-06T22:05:30Z" level=info msg="Request URL /events"
gc 21 @37.117s 1%: 0.94+301+0.042 ms clock, 2.8+9.8/172/207+0.12 ms cpu, 321->342->142 MB, 359 MB goal, 0 MB stacks, 0 MB globals, 3 P
