gc 1 @0.177s 3%: 1.3+25+1.4 ms clock, 2.6+2.8/7.8/13+2.9 ms cpu, 3->3->2 MB, 4 MB goal, 0 MB stacks, 0 MB globals, 2 P
gc 2 @0.292s 5%: 0.11+12+0.53 ms clock, 0.22+5.5/11/1.0+1.0 ms cpu, 5->5->3 MB, 5 MB goal, 0 MB stacks, 0 MB globals, 2 P
time="2026-08-06T19:29:07Z" level=info msg="create client manager successfully, clients: 1"
time="2026-08-06T19:29:07Z" level=info msg="Begin to create s3 client ..."
time="2026-08-06T19:29:07Z" level=info msg="Checking if bucket ray-historyserver exists..."
gc 3 @0.479s 3%: 0.13+11+0.12 ms clock, 0.27+0.71/2.4/10+0.25 ms cpu, 8->8->5 MB, 8 MB goal, 0 MB stacks, 0 MB globals, 2 P
time="2026-08-06T19:29:07Z" level=info msg="Bucket ray-historyserver already exists"
time="2026-08-06T19:29:07Z" level=info msg="Clean logdir is logs"
time="2026-08-06T19:29:07Z" level=info msg="Starting server on :8080"
time="2026-08-06T19:29:08Z" level=info msg="Received request: GET /readz"
time="2026-08-06T19:29:08Z" level=info msg="live clusters: []"
time="2026-08-06T19:29:08Z" level=info msg="[List]Returned objects in log/cluster-metadata/. length of page.Contents: 2, length of page.CommonPrefixes: 0"
time="2026-08-06T19:29:08Z" level=error msg="Failed to parse meta file path: log/cluster-metadata/raycluster/test-ns-x7c8q_raycluster-historyserver/, error: invalid path segment count for cluster metadata structure: log/cluster-metadata/raycluster/test-ns-x7c8q_raycluster-historyserver/"
time="2026-08-06T19:29:08Z" level=info msg="Parsed cluster raycluster-historyserver for session session_2026-08-06_12-27-22_830815_1 to list"
time="2026-08-06T19:29:08Z" level=info msg="live clusters: []"
time="2026-08-06T19:29:08Z" level=info msg="[List]Returned objects in log/cluster-metadata/. length of page.Contents: 2, length of page.CommonPrefixes: 0"
time="2026-08-06T19:29:08Z" level=error msg="Failed to parse meta file path: log/cluster-metadata/raycluster/test-ns-x7c8q_raycluster-historyserver/, error: invalid path segment count for cluster metadata structure: log/cluster-metadata/raycluster/test-ns-x7c8q_raycluster-historyserver/"
time="2026-08-06T19:29:08Z" level=info msg="Parsed cluster raycluster-historyserver for session session_2026-08-06_12-27-22_830815_1 to list"
time="2026-08-06T19:29:08Z" level=info msg="live clusters: []"
time="2026-08-06T19:29:08Z" level=info msg="[List]Returned objects in log/cluster-metadata/. length of page.Contents: 2, length of page.CommonPrefixes: 0"
time="2026-08-06T19:29:08Z" level=error msg="Failed to parse meta file path: log/cluster-metadata/raycluster/test-ns-x7c8q_raycluster-historyserver/, error: invalid path segment count for cluster metadata structure: log/cluster-metadata/raycluster/test-ns-x7c8q_raycluster-historyserver/"
time="2026-08-06T19:29:08Z" level=info msg="Parsed cluster raycluster-historyserver for session session_2026-08-06_12-27-22_830815_1 to list"
time="2026-08-06T19:29:08Z" level=info msg="live clusters: []"
time="2026-08-06T19:29:08Z" level=info msg="[List]Returned objects in log/cluster-metadata/. length of page.Contents: 2, length of page.CommonPrefixes: 0"
time="2026-08-06T19:29:08Z" level=error msg="Failed to parse meta file path: log/cluster-metadata/raycluster/test-ns-x7c8q_raycluster-historyserver/, error: invalid path segment count for cluster metadata structure: log/cluster-metadata/raycluster/test-ns-x7c8q_raycluster-historyserver/"
time="2026-08-06T19:29:08Z" level=info msg="Parsed cluster raycluster-historyserver for session session_2026-08-06_12-27-22_830815_1 to list"
time="2026-08-06T19:29:08Z" level=info msg="live clusters: []"
time="2026-08-06T19:29:08Z" level=info msg="[List]Returned objects in log/cluster-metadata/. length of page.Contents: 2, length of page.CommonPrefixes: 0"
time="2026-08-06T19:29:08Z" level=error msg="Failed to parse meta file path: log/cluster-metadata/raycluster/test-ns-x7c8q_raycluster-historyserver/, error: invalid path segment count for cluster metadata structure: log/cluster-metadata/raycluster/test-ns-x7c8q_raycluster-historyserver/"
time="2026-08-06T19:29:08Z" level=info msg="Parsed cluster raycluster-historyserver for session session_2026-08-06_12-27-22_830815_1 to list"
time="2026-08-06T19:29:08Z" level=info msg="Received request: GET /enter_cluster/test-ns-x7c8q/raycluster/raycluster-historyserver/session_2026-08-06_12-27-22_830815_1"
time="2026-08-06T19:29:08Z" level=info msg="[List]Returned objects in log/cluster-metadata/. length of page.Contents: 2, length of page.CommonPrefixes: 0"
time="2026-08-06T19:29:08Z" level=error msg="Failed to parse meta file path: log/cluster-metadata/raycluster/test-ns-x7c8q_raycluster-historyserver/, error: invalid path segment count for cluster metadata structure: log/cluster-metadata/raycluster/test-ns-x7c8q_raycluster-historyserver/"
time="2026-08-06T19:29:08Z" level=info msg="Parsed cluster raycluster-historyserver for session session_2026-08-06_12-27-22_830815_1 to list"
time="2026-08-06T19:29:08Z" level=info msg="[ListFiles]Returned objects in log/cluster-history/raycluster/test-ns-x7c8q/raycluster-historyserver/session_2026-08-06_12-27-22_830815_1/. length of page.Contents: 0, length of page.CommonPrefixes: 3"
time="2026-08-06T19:29:08Z" level=info msg="[ListFiles]Returned objects in log/cluster-history/raycluster/test-ns-x7c8q/raycluster-historyserver/session_2026-08-06_12-27-22_830815_1/06030ca0795ceefa901c333b75292634a210fe463c9195d4358df910/logs/events/. length of page.Contents: 13, length of page.CommonPrefixes: 0"
time="2026-08-06T19:29:08Z" level=info msg="Prepare to get object log/cluster-history/raycluster/test-ns-x7c8q/raycluster-historyserver/session_2026-08-06_12-27-22_830815_1/06030ca0795ceefa901c333b75292634a210fe463c9195d4358df910/logs/events/event_CORE_WORKER_228.log info ..."
time="2026-08-06T19:29:08Z" level=info msg="Prepare to get object log/cluster-history/raycluster/test-ns-x7c8q/raycluster-historyserver/session_2026-08-06_12-27-22_830815_1/06030ca0795ceefa901c333b75292634a210fe463c9195d4358df910/logs/events/event_CORE_WORKER_229.log info ..."
time="2026-08-06T19:29:08Z" level=info msg="Prepare to get object log/cluster-history/raycluster/test-ns-x7c8q/raycluster-historyserver/session_2026-08-06_12-27-22_830815_1/06030ca0795ceefa901c333b75292634a210fe463c9195d4358df910/logs/events/event_CORE_WORKER_317.log info ..."
time="2026-08-06T19:29:08Z" level=info msg="Prepare to get object log/cluster-history/raycluster/test-ns-x7c8q/raycluster-historyserver/session_2026-08-06_12-27-22_830815_1/06030ca0795ceefa901c333b75292634a210fe463c9195d4358df910/logs/events/event_CORE_WORKER_325.log info ..."
time="2026-08-06T19:29:08Z" level=info msg="Prepare to get object log/cluster-history/raycluster/test-ns-x7c8q/raycluster-historyserver/session_2026-08-06_12-27-22_830815_1/06030ca0795ceefa901c333b75292634a210fe463c9195d4358df910/logs/events/event_CORE_WORKER_411.log info ..."
time="2026-08-06T19:29:08Z" level=info msg="Prepare to get object log/cluster-history/raycluster/test-ns-x7c8q/raycluster-historyserver/session_2026-08-06_12-27-22_830815_1/06030ca0795ceefa901c333b75292634a210fe463c9195d4358df910/logs/events/event_CORE_WORKER_419.log info ..."
time="2026-08-06T19:29:08Z" level=info msg="Prepare to get object log/cluster-history/raycluster/test-ns-x7c8q/raycluster-historyserver/session_2026-08-06_12-27-22_830815_1/06030ca0795ceefa901c333b75292634a210fe463c9195d4358df910/logs/events/event_CORE_WORKER_492.log info ..."
time="2026-08-06T19:29:08Z" level=info msg="Prepare to get object log/cluster-history/raycluster/test-ns-x7c8q/raycluster-historyserver/session_2026-08-06_12-27-22_830815_1/06030ca0795ceefa901c333b75292634a210fe463c9195d4358df910/logs/events/event_CORE_WORKER_513.log info ..."
time="2026-08-06T19:29:08Z" level=info msg="Prepare to get object log/cluster-history/raycluster/test-ns-x7c8q/raycluster-historyserver/session_2026-08-06_12-27-22_830815_1/06030ca0795ceefa901c333b75292634a210fe463c9195d4358df910/logs/events/event_CORE_WORKER_601.log info ..."
time="2026-08-06T19:29:08Z" level=info msg="Prepare to get object log/cluster-history/raycluster/test-ns-x7c8q/raycluster-historyserver/session_2026-08-06_12-27-22_830815_1/06030ca0795ceefa901c333b75292634a210fe463c9195d4358df910/logs/events/event_CORE_WORKER_609.log info ..."
time="2026-08-06T19:29:08Z" level=info msg="Prepare to get object log/cluster-history/raycluster/test-ns-x7c8q/raycluster-historyserver/session_2026-08-06_12-27-22_830815_1/06030ca0795ceefa901c333b75292634a210fe463c9195d4358df910/logs/events/event_CORE_WORKER_686.log info ..."
time="2026-08-06T19:29:08Z" level=info msg="Prepare to get object log/cluster-history/raycluster/test-ns-x7c8q/raycluster-historyserver/session_2026-08-06_12-27-22_830815_1/06030ca0795ceefa901c333b75292634a210fe463c9195d4358df910/logs/events/event_RAYLET.log info ..."
time="2026-08-06T19:29:08Z" level=info msg="[ListFiles]Returned objects in log/cluster-history/raycluster/test-ns-x7c8q/raycluster-historyserver/session_2026-08-06_12-27-22_830815_1/960c93142de71a3bcdf2996e68ec9645d00906eb875fc4fcec37555c/logs/events/. length of page.Contents: 11, length of page.CommonPrefixes: 0"
time="2026-08-06T19:29:08Z" level=info msg="Prepare to get object log/cluster-history/raycluster/test-ns-x7c8q/raycluster-historyserver/session_2026-08-06_12-27-22_830815_1/960c93142de71a3bcdf2996e68ec9645d00906eb875fc4fcec37555c/logs/events/event_AUTOSCALER.log info ..."
time="2026-08-06T19:29:08Z" level=info msg="Prepare to get object log/cluster-history/raycluster/test-ns-x7c8q/raycluster-historyserver/session_2026-08-06_12-27-22_830815_1/960c93142de71a3bcdf2996e68ec9645d00906eb875fc4fcec37555c/logs/events/event_CORE_WORKER_1019.log info ..."
time="2026-08-06T19:29:08Z" level=info msg="Prepare to get object log/cluster-history/raycluster/test-ns-x7c8q/raycluster-historyserver/session_2026-08-06_12-27-22_830815_1/960c93142de71a3bcdf2996e68ec9645d00906eb875fc4fcec37555c/logs/events/event_CORE_WORKER_1175.log info ..."
time="2026-08-06T19:29:08Z" level=info msg="Prepare to get object log/cluster-history/raycluster/test-ns-x7c8q/raycluster-historyserver/session_2026-08-06_12-27-22_830815_1/960c93142de71a3bcdf2996e68ec9645d00906eb875fc4fcec37555c/logs/events/event_CORE_WORKER_200.log info ..."
time="2026-08-06T19:29:08Z" level=info msg="Prepare to get object log/cluster-history/raycluster/test-ns-x7c8q/raycluster-historyserver/session_2026-08-06_12-27-22_830815_1/960c93142de71a3bcdf2996e68ec9645d00906eb875fc4fcec37555c/logs/events/event_CORE_WORKER_205.log info ..."
time="2026-08-06T19:29:08Z" level=info msg="Prepare to get object log/cluster-history/raycluster/test-ns-x7c8q/raycluster-historyserver/session_2026-08-06_12-27-22_830815_1/960c93142de71a3bcdf2996e68ec9645d00906eb875fc4fcec37555c/logs/events/event_CORE_WORKER_677.log info ..."
time="2026-08-06T19:29:08Z" level=info msg="Prepare to get object log/cluster-history/raycluster/test-ns-x7c8q/raycluster-historyserver/session_2026-08-06_12-27-22_830815_1/960c93142de71a3bcdf2996e68ec9645d00906eb875fc4fcec37555c/logs/events/event_CORE_WORKER_963.log info ..."
time="2026-08-06T19:29:08Z" level=info msg="Prepare to get object log/cluster-history/raycluster/test-ns-x7c8q/raycluster-historyserver/session_2026-08-06_12-27-22_830815_1/960c93142de71a3bcdf2996e68ec9645d00906eb875fc4fcec37555c/logs/events/event_GCS.log info ..."
time="2026-08-06T19:29:08Z" level=info msg="Prepare to get object log/cluster-history/raycluster/test-ns-x7c8q/raycluster-historyserver/session_2026-08-06_12-27-22_830815_1/960c93142de71a3bcdf2996e68ec9645d00906eb875fc4fcec37555c/logs/events/event_JOBS.log info ..."
time="2026-08-06T19:29:08Z" level=info msg="Prepare to get object log/cluster-history/raycluster/test-ns-x7c8q/raycluster-historyserver/session_2026-08-06_12-27-22_830815_1/960c93142de71a3bcdf2996e68ec9645d00906eb875fc4fcec37555c/logs/events/event_RAYLET.log info ..."
time="2026-08-06T19:29:08Z" level=info msg="[ListFiles]Returned objects in log/cluster-history/raycluster/test-ns-x7c8q/raycluster-historyserver/session_2026-08-06_12-27-22_830815_1/fetched_endpoints/logs/events/. length of page.Contents: 0, length of page.CommonPrefixes: 0"
time="2026-08-06T19:29:08Z" level=info msg="[ListFiles]Returned objects in log/cluster-history/raycluster/test-ns-x7c8q/raycluster-historyserver/session_2026-08-06_12-27-22_830815_1/. length of page.Contents: 0, length of page.CommonPrefixes: 3"
time="2026-08-06T19:29:08Z" level=info msg="[ListFiles]Returned objects in log/cluster-history/raycluster/test-ns-x7c8q/raycluster-historyserver/session_2026-08-06_12-27-22_830815_1/06030ca0795ceefa901c333b75292634a210fe463c9195d4358df910/job_events/. length of page.Contents: 0, length of page.CommonPrefixes: 1"
time="2026-08-06T19:29:08Z" level=info msg="[ListFiles]Returned objects in log/cluster-history/raycluster/test-ns-x7c8q/raycluster-historyserver/session_2026-08-06_12-27-22_830815_1/06030ca0795ceefa901c333b75292634a210fe463c9195d4358df910/job_events/03000000/. length of page.Contents: 3, length of page.CommonPrefixes: 0"
time="2026-08-06T19:29:08Z" level=info msg="[ListFiles]Returned objects in log/cluster-history/raycluster/test-ns-x7c8q/raycluster-historyserver/session_2026-08-06_12-27-22_830815_1/960c93142de71a3bcdf2996e68ec9645d00906eb875fc4fcec37555c/job_events/. length of page.Contents: 0, length of page.CommonPrefixes: 4"
time="2026-08-06T19:29:08Z" level=info msg="[ListFiles]Returned objects in log/cluster-history/raycluster/test-ns-x7c8q/raycluster-historyserver/session_2026-08-06_12-27-22_830815_1/960c93142de71a3bcdf2996e68ec9645d00906eb875fc4fcec37555c/job_events/01000000/. length of page.Contents: 2, length of page.CommonPrefixes: 0"
time="2026-08-06T19:29:08Z" level=info msg="[ListFiles]Returned objects in log/cluster-history/raycluster/test-ns-x7c8q/raycluster-historyserver/session_2026-08-06_12-27-22_830815_1/960c93142de71a3bcdf2996e68ec9645d00906eb875fc4fcec37555c/job_events/02000000/. length of page.Contents: 2, length of page.CommonPrefixes: 0"
time="2026-08-06T19:29:08Z" level=info msg="[ListFiles]Returned objects in log/cluster-history/raycluster/test-ns-x7c8q/raycluster-historyserver/session_2026-08-06_12-27-22_830815_1/960c93142de71a3bcdf2996e68ec9645d00906eb875fc4fcec37555c/job_events/03000000/. length of page.Contents: 3, length of page.CommonPrefixes: 0"
time="2026-08-06T19:29:08Z" level=info msg="[ListFiles]Returned objects in log/cluster-history/raycluster/test-ns-x7c8q/raycluster-historyserver/session_2026-08-06_12-27-22_830815_1/960c93142de71a3bcdf2996e68ec9645d00906eb875fc4fcec37555c/job_events/04000000/. length of page.Contents: 2, length of page.CommonPrefixes: 0"
gc 4 @1.700s 1%: 0.14+9.9+0.085 ms clock, 0.28+0.25/4.2/7.0+0.17 ms cpu, 11->11->6 MB, 12 MB goal, 0 MB stacks, 0 MB globals, 2 P
time="2026-08-06T19:29:08Z" level=info msg="[ListFiles]Returned objects in log/cluster-history/raycluster/test-ns-x7c8q/raycluster-historyserver/session_2026-08-06_12-27-22_830815_1/fetched_endpoints/job_events/. length of page.Contents: 0, length of page.CommonPrefixes: 0"
time="2026-08-06T19:29:08Z" level=info msg="[ListFiles]Returned objects in log/cluster-history/raycluster/test-ns-x7c8q/raycluster-historyserver/session_2026-08-06_12-27-22_830815_1/. length of page.Contents: 0, length of page.CommonPrefixes: 3"
time="2026-08-06T19:29:08Z" level=info msg="[ListFiles]Returned objects in log/cluster-history/raycluster/test-ns-x7c8q/raycluster-historyserver/session_2026-08-06_12-27-22_830815_1/06030ca0795ceefa901c333b75292634a210fe463c9195d4358df910/node_events/. length of page.Contents: 0, length of page.CommonPrefixes: 0"
time="2026-08-06T19:29:08Z" level=info msg="[ListFiles]Returned objects in log/cluster-history/raycluster/test-ns-x7c8q/raycluster-historyserver/session_2026-08-06_12-27-22_830815_1/960c93142de71a3bcdf2996e68ec9645d00906eb875fc4fcec37555c/node_events/. length of page.Contents: 2, length of page.CommonPrefixes: 0"
time="2026-08-06T19:29:08Z" level=info msg="[ListFiles]Returned objects in log/cluster-history/raycluster/test-ns-x7c8q/raycluster-historyserver/session_2026-08-06_12-27-22_830815_1/fetched_endpoints/node_events/. length of page.Contents: 0, length of page.CommonPrefixes: 0"
time="2026-08-06T19:29:08Z" level=info msg="Prepare to get object log/cluster-history/raycluster/test-ns-x7c8q/raycluster-historyserver/session_2026-08-06_12-27-22_830815_1/06030ca0795ceefa901c333b75292634a210fe463c9195d4358df910/job_events/03000000/06030ca0795ceefa901c333b75292634a210fe463c9195d4358df910-2026-08-06-19-1786044468270885673.jsonl info ..."
gc 5 @1.722s 1%: 0.15+7.8+0.036 ms clock, 0.30+4.9/2.7/4.9+0.073 ms cpu, 15->15->14 MB, 15 MB goal, 0 MB stacks, 0 MB globals, 2 P
gc 6 @1.739s 1%: 0.078+10+0.024 ms clock, 0.15+0.011/5.2/9.1+0.048 ms cpu, 34->34->34 MB, 34 MB goal, 0 MB stacks, 0 MB globals, 2 P
gc 7 @1.761s 1%: 0.096+43+0.040 ms clock, 0.19+0/9.9/37+0.080 ms cpu, 69->69->69 MB, 69 MB goal, 0 MB stacks, 0 MB globals, 2 P
gc 8 @1.840s 1%: 0.12+12+0.053 ms clock, 0.24+0/6.4/10+0.10 ms cpu, 147->147->147 MB, 147 MB goal, 0 MB stacks, 0 MB globals, 2 P
gc 9 @1.921s 2%: 0.13+10+0.031 ms clock, 0.26+3.2/5.0/6.7+0.063 ms cpu, 291->291->150 MB, 294 MB goal, 0 MB stacks, 0 MB globals, 2 P
gc 10 @1.993s 2%: 0.11+48+0.084 ms clock, 0.22+0/11/39+0.16 ms cpu, 380->380->239 MB, 380 MB goal, 0 MB stacks, 0 MB globals, 2 P
gc 11 @6.274s 2%: 0.17+569+0.067 ms clock, 0.35+0.10/317/344+0.13 ms cpu, 476->485->306 MB, 480 MB goal, 0 MB stacks, 0 MB globals, 2 P
gc 12 @11.923s 4%: 0.16+1398+0.075 ms clock, 0.33+2.7/712/1038+0.15 ms cpu, 593->616->534 MB, 614 MB goal, 0 MB stacks, 0 MB globals, 2 P
time="2026-08-06T19:29:21Z" level=error msg="Failed to store events for file session_2026-08-06_12-27-22_830815_1/06030ca0795ceefa901c333b75292634a210fe463c9195d4358df910/job_events/03000000/06030ca0795ceefa901c333b75292634a210fe463c9195d4358df910-2026-08-06-19-1786044468270885673.jsonl: TASK_LIFECYCLE_EVENT must have at least one state transition"
time="2026-08-06T19:29:21Z" level=error msg="Failed to store events for file session_2026-08-06_12-27-22_830815_1/06030ca0795ceefa901c333b75292634a210fe463c9195d4358df910/job_events/03000000/06030ca0795ceefa901c333b75292634a210fe463c9195d4358df910-2026-08-06-19-1786044468270885673.jsonl: TASK_LIFECYCLE_EVENT must have at least one state transition"
time="2026-08-06T19:29:21Z" level=error msg="Failed to store events for file session_2026-08-06_12-27-22_830815_1/06030ca0795ceefa901c333b75292634a210fe463c9195d4358df910/job_events/03000000/06030ca0795ceefa901c333b75292634a210fe463c9195d4358df910-2026-08-06-19-1786044468270885673.jsonl: TASK_LIFECYCLE_EVENT must have at least one state transition"
time="2026-08-06T19:29:22Z" level=error msg="Failed to store events for file session_2026-08-06_12-27-22_830815_1/06030ca0795ceefa901c333b75292634a210fe463c9195d4358df910/job_events/03000000/06030ca0795ceefa901c333b75292634a210fe463c9195d4358df910-2026-08-06-19-1786044468270885673.jsonl: TASK_LIFECYCLE_EVENT must have at least one state transition"
time="2026-08-06T19:29:22Z" level=error msg="Failed to store events for file session_2026-08-06_12-27-22_830815_1/06030ca0795ceefa901c333b75292634a210fe463c9195d4358df910/job_events/03000000/06030ca0795ceefa901c333b75292634a210fe463c9195d4358df910-2026-08-06-19-1786044468270885673.jsonl: TASK_LIFECYCLE_EVENT must have at least one state transition"
time="2026-08-06T19:29:22Z" level=error msg="Failed to store events for file session_2026-08-06_12-27-22_830815_1/06030ca0795ceefa901c333b75292634a210fe463c9195d4358df910/job_events/03000000/06030ca0795ceefa901c333b75292634a210fe463c9195d4358df910-2026-08-06-19-1786044468270885673.jsonl: TASK_LIFECYCLE_EVENT must have at least one state transition"
time="2026-08-06T19:29:22Z" level=error msg="Failed to store events for file session_2026-08-06_12-27-22_830815_1/06030ca0795ceefa901c333b75292634a210fe463c9195d4358df910/job_events/03000000/06030ca0795ceefa901c333b75292634a210fe463c9195d4358df910-2026-08-06-19-1786044468270885673.jsonl: TASK_LIFECYCLE_EVENT must have at least one state transition"
time="2026-08-06T19:29:22Z" level=error msg="Failed to store events for file session_2026-08-06_12-27-22_830815_1/06030ca0795ceefa901c333b75292634a210fe463c9195d4358df910/job_events/03000000/06030ca0795ceefa901c333b75292634a210fe463c9195d4358df910-2026-08-06-19-1786044468270885673.jsonl: TASK_LIFECYCLE_EVENT must have at least one state transition"
time="2026-08-06T19:29:22Z" level=error msg="Failed to store events for file session_2026-08-06_12-27-22_830815_1/06030ca0795ceefa901c333b75292634a210fe463c9195d4358df910/job_events/03000000/06030ca0795ceefa901c333b75292634a210fe463c9195d4358df910-2026-08-06-19-1786044468270885673.jsonl: TASK_LIFECYCLE_EVENT must have at least one state transition"
time="2026-08-06T19:29:22Z" level=error msg="Failed to store events for file session_2026-08-06_12-27-22_830815_1/06030ca0795ceefa901c333b75292634a210fe463c9195d4358df910/job_events/03000000/06030ca0795ceefa901c333b75292634a210fe463c9195d4358df910-2026-08-06-19-1786044468270885673.jsonl: TASK_LIFECYCLE_EVENT must have at least one state transition"
time="2026-08-06T19:29:22Z" level=error msg="Failed to store events for file session_2026-08-06_12-27-22_830815_1/06030ca0795ceefa901c333b75292634a210fe463c9195d4358df910/job_events/03000000/06030ca0795ceefa901c333b75292634a210fe463c9195d4358df910-2026-08-06-19-1786044468270885673.jsonl: TASK_LIFECYCLE_EVENT must have at least one state transition"
time="2026-08-06T19:29:23Z" level=error msg="Failed to store events for file session_2026-08-06_12-27-22_830815_1/06030ca0795ceefa901c333b75292634a210fe463c9195d4358df910/job_events/03000000/06030ca0795ceefa901c333b75292634a210fe463c9195d4358df910-2026-08-06-19-1786044468270885673.jsonl: TASK_LIFECYCLE_EVENT must have at least one state transition"
time="2026-08-06T19:29:23Z" level=error msg="Failed to store events for file session_2026-08-06_12-27-22_830815_1/06030ca0795ceefa901c333b75292634a210fe463c9195d4358df910/job_events/03000000/06030ca0795ceefa901c333b75292634a210fe463c9195d4358df910-2026-08-06-19-1786044468270885673.jsonl: TASK_LIFECYCLE_EVENT must have at least one state transition"
time="2026-08-06T19:29:23Z" level=error msg="Failed to store events for file session_2026-08-06_12-27-22_830815_1/06030ca0795ceefa901c333b75292634a210fe463c9195d4358df910/job_events/03000000/06030ca0795ceefa901c333b75292634a210fe463c9195d4358df910-2026-08-06-19-1786044468270885673.jsonl: TASK_LIFECYCLE_EVENT must have at least one state transition"
time="2026-08-06T19:29:23Z" level=error msg="Failed to store events for file session_2026-08-06_12-27-22_830815_1/06030ca0795ceefa901c333b75292634a210fe463c9195d4358df910/job_events/03000000/06030ca0795ceefa901c333b75292634a210fe463c9195d4358df910-2026-08-06-19-1786044468270885673.jsonl: TASK_LIFECYCLE_EVENT must have at least one state transition"
time="2026-08-06T19:29:23Z" level=error msg="Failed to store events for file session_2026-08-06_12-27-22_830815_1/06030ca0795ceefa901c333b75292634a210fe463c9195d4358df910/job_events/03000000/06030ca0795ceefa901c333b75292634a210fe463c9195d4358df910-2026-08-06-19-1786044468270885673.jsonl: TASK_LIFECYCLE_EVENT must have at least one state transition"
time="2026-08-06T19:29:24Z" level=error msg="Failed to store events for file session_2026-08-06_12-27-22_830815_1/06030ca0795ceefa901c333b75292634a210fe463c9195d4358df910/job_events/03000000/06030ca0795ceefa901c333b75292634a210fe463c9195d4358df910-2026-08-06-19-1786044468270885673.jsonl: TASK_LIFECYCLE_EVENT must have at least one state transition"
time="2026-08-06T19:29:24Z" level=error msg="Failed to store events for file session_2026-08-06_12-27-22_830815_1/06030ca0795ceefa901c333b75292634a210fe463c9195d4358df910/job_events/03000000/06030ca0795ceefa901c333b75292634a210fe463c9195d4358df910-2026-08-06-19-1786044468270885673.jsonl: TASK_LIFECYCLE_EVENT must have at least one state transition"
time="2026-08-06T19:29:24Z" level=error msg="Failed to store events for file session_2026-08-06_12-27-22_830815_1/06030ca0795ceefa901c333b75292634a210fe463c9195d4358df910/job_events/03000000/06030ca0795ceefa901c333b75292634a210fe463c9195d4358df910-2026-08-06-19-1786044468270885673.jsonl: TASK_LIFECYCLE_EVENT must have at least one state transition"
time="2026-08-06T19:29:25Z" level=error msg="Failed to store events for file session_2026-08-06_12-27-22_830815_1/06030ca0795ceefa901c333b75292634a210fe463c9195d4358df910/job_events/03000000/06030ca0795ceefa901c333b75292634a210fe463c9195d4358df910-2026-08-06-19-1786044468270885673.jsonl: TASK_LIFECYCLE_EVENT must have at least one state transition"
time="2026-08-06T19:29:25Z" level=error msg="Failed to store events for file session_2026-08-06_12-27-22_830815_1/06030ca0795ceefa901c333b75292634a210fe463c9195d4358df910/job_events/03000000/06030ca0795ceefa901c333b75292634a210fe463c9195d4358df910-2026-08-06-19-1786044468270885673.jsonl: TASK_LIFECYCLE_EVENT must have at least one state transition"
time="2026-08-06T19:29:25Z" level=error msg="Failed to store events for file session_2026-08-06_12-27-22_830815_1/06030ca0795ceefa901c333b75292634a210fe463c9195d4358df910/job_events/03000000/06030ca0795ceefa901c333b75292634a210fe463c9195d4358df910-2026-08-06-19-1786044468270885673.jsonl: TASK_LIFECYCLE_EVENT must have at least one state transition"
time="2026-08-06T19:29:25Z" level=error msg="Failed to store events for file session_2026-08-06_12-27-22_830815_1/06030ca0795ceefa901c333b75292634a210fe463c9195d4358df910/job_events/03000000/06030ca0795ceefa901c333b75292634a210fe463c9195d4358df910-2026-08-06-19-1786044468270885673.jsonl: TASK_LIFECYCLE_EVENT must have at least one state transition"
time="2026-08-06T19:29:25Z" level=error msg="Failed to store events for file session_2026-08-06_12-27-22_830815_1/06030ca0795ceefa901c333b75292634a210fe463c9195d4358df910/job_events/03000000/06030ca0795ceefa901c333b75292634a210fe463c9195d4358df910-2026-08-06-19-1786044468270885673.jsonl: TASK_LIFECYCLE_EVENT must have at least one state transition"
time="2026-08-06T19:29:26Z" level=error msg="Failed to store events for file session_2026-08-06_12-27-22_830815_1/06030ca0795ceefa901c333b75292634a210fe463c9195d4358df910/job_events/03000000/06030ca0795ceefa901c333b75292634a210fe463c9195d4358df910-2026-08-06-19-1786044468270885673.jsonl: TASK_LIFECYCLE_EVENT must have at least one state transition"
time="2026-08-06T19:29:26Z" level=error msg="Failed to store events for file session_2026-08-06_12-27-22_830815_1/06030ca0795ceefa901c333b75292634a210fe463c9195d4358df910/job_events/03000000/06030ca0795ceefa901c333b75292634a210fe463c9195d4358df910-2026-08-06-19-1786044468270885673.jsonl: TASK_LIFECYCLE_EVENT must have at least one state transition"
time="2026-08-06T19:29:26Z" level=error msg="Failed to store events for file session_2026-08-06_12-27-22_830815_1/06030ca0795ceefa901c333b75292634a210fe463c9195d4358df910/job_events/03000000/06030ca0795ceefa901c333b75292634a210fe463c9195d4358df910-2026-08-06-19-1786044468270885673.jsonl: TASK_LIFECYCLE_EVENT must have at least one state transition"
time="2026-08-06T19:29:26Z" level=error msg="Failed to store events for file session_2026-08-06_12-27-22_830815_1/06030ca0795ceefa901c333b75292634a210fe463c9195d4358df910/job_events/03000000/06030ca0795ceefa901c333b75292634a210fe463c9195d4358df910-2026-08-06-19-1786044468270885673.jsonl: TASK_LIFECYCLE_EVENT must have at least one state transition"
time="2026-08-06T19:29:26Z" level=error msg="Failed to store events for file session_2026-08-06_12-27-22_830815_1/06030ca0795ceefa901c333b75292634a210fe463c9195d4358df910/job_events/03000000/06030ca0795ceefa901c333b75292634a210fe463c9195d4358df910-2026-08-06-19-1786044468270885673.jsonl: TASK_LIFECYCLE_EVENT must have at least one state transition"
time="2026-08-06T19:29:26Z" level=error msg="Failed to store events for file session_2026-08-06_12-27-22_830815_1/06030ca0795ceefa901c333b75292634a210fe463c9195d4358df910/job_events/03000000/06030ca0795ceefa901c333b75292634a210fe463c9195d4358df910-2026-08-06-19-1786044468270885673.jsonl: TASK_LIFECYCLE_EVENT must have at least one state transition"
time="2026-08-06T19:29:27Z" level=error msg="Failed to store events for file session_2026-08-06_12-27-22_830815_1/06030ca0795ceefa901c333b75292634a210fe463c9195d4358df910/job_events/03000000/06030ca0795ceefa901c333b75292634a210fe463c9195d4358df910-2026-08-06-19-1786044468270885673.jsonl: TASK_LIFECYCLE_EVENT must have at least one state transition"
time="2026-08-06T19:29:27Z" level=error msg="Failed to store events for file session_2026-08-06_12-27-22_830815_1/06030ca0795ceefa901c333b75292634a210fe463c9195d4358df910/job_events/03000000/06030ca0795ceefa901c333b75292634a210fe463c9195d4358df910-2026-08-06-19-1786044468270885673.jsonl: TASK_LIFECYCLE_EVENT must have at least one state transition"
time="2026-08-06T19:29:27Z" level=error msg="Failed to store events for file session_2026-08-06_12-27-22_830815_1/06030ca0795ceefa901c333b75292634a210fe463c9195d4358df910/job_events/03000000/06030ca0795ceefa901c333b75292634a210fe463c9195d4358df910-2026-08-06-19-1786044468270885673.jsonl: TASK_LIFECYCLE_EVENT must have at least one state transition"
time="2026-08-06T19:29:28Z" level=error msg="Failed to store events for file session_2026-08-06_12-27-22_830815_1/06030ca0795ceefa901c333b75292634a210fe463c9195d4358df910/job_events/03000000/06030ca0795ceefa901c333b75292634a210fe463c9195d4358df910-2026-08-06-19-1786044468270885673.jsonl: TASK_LIFECYCLE_EVENT must have at least one state transition"
time="2026-08-06T19:29:28Z" level=error msg="Failed to store events for file session_2026-08-06_12-27-22_830815_1/06030ca0795ceefa901c333b75292634a210fe463c9195d4358df910/job_events/03000000/06030ca0795ceefa901c333b75292634a210fe463c9195d4358df910-2026-08-06-19-1786044468270885673.jsonl: TASK_LIFECYCLE_EVENT must have at least one state transition"
time="2026-08-06T19:29:28Z" level=error msg="Failed to store events for file session_2026-08-06_12-27-22_830815_1/06030ca0795ceefa901c333b75292634a210fe463c9195d4358df910/job_events/03000000/06030ca0795ceefa901c333b75292634a210fe463c9195d4358df910-2026-08-06-19-1786044468270885673.jsonl: TASK_LIFECYCLE_EVENT must have at least one state transition"
time="2026-08-06T19:29:28Z" level=error msg="Failed to store events for file session_2026-08-06_12-27-22_830815_1/06030ca0795ceefa901c333b75292634a210fe463c9195d4358df910/job_events/03000000/06030ca0795ceefa901c333b75292634a210fe463c9195d4358df910-2026-08-06-19-1786044468270885673.jsonl: TASK_LIFECYCLE_EVENT must have at least one state transition"
time="2026-08-06T19:29:29Z" level=error msg="Failed to store events for file session_2026-08-06_12-27-22_830815_1/06030ca0795ceefa901c333b75292634a210fe463c9195d4358df910/job_events/03000000/06030ca0795ceefa901c333b75292634a210fe463c9195d4358df910-2026-08-06-19-1786044468270885673.jsonl: TASK_LIFECYCLE_EVENT must have at least one state transition"
time="2026-08-06T19:29:29Z" level=error msg="Failed to store events for file session_2026-08-06_12-27-22_830815_1/06030ca0795ceefa901c333b75292634a210fe463c9195d4358df910/job_events/03000000/06030ca0795ceefa901c333b75292634a210fe463c9195d4358df910-2026-08-06-19-1786044468270885673.jsonl: TASK_LIFECYCLE_EVENT must have at least one state transition"
time="2026-08-06T19:29:29Z" level=error msg="Failed to store events for file session_2026-08-06_12-27-22_830815_1/06030ca0795ceefa901c333b75292634a210fe463c9195d4358df910/job_events/03000000/06030ca0795ceefa901c333b75292634a210fe463c9195d4358df910-2026-08-06-19-1786044468270885673.jsonl: TASK_LIFECYCLE_EVENT must have at least one state transition"
time="2026-08-06T19:29:29Z" level=error msg="Failed to store events for file session_2026-08-06_12-27-22_830815_1/06030ca0795ceefa901c333b75292634a210fe463c9195d4358df910/job_events/03000000/06030ca0795ceefa901c333b75292634a210fe463c9195d4358df910-2026-08-06-19-1786044468270885673.jsonl: TASK_LIFECYCLE_EVENT must have at least one state transition"
time="2026-08-06T19:29:31Z" level=error msg="Failed to store events for file session_2026-08-06_12-27-22_830815_1/06030ca0795ceefa901c333b75292634a210fe463c9195d4358df910/job_events/03000000/06030ca0795ceefa901c333b75292634a210fe463c9195d4358df910-2026-08-06-19-1786044468270885673.jsonl: TASK_LIFECYCLE_EVENT must have at least one state transition"
gc 13 @22.330s 4%: 0.13+1995+0.10 ms clock, 0.26+0.10/997/1348+0.21 ms cpu, 1014->1041->530 MB, 1070 MB goal, 0 MB stacks, 0 MB globals, 2 P
time="2026-08-06T19:29:31Z" level=error msg="Failed to store events for file session_2026-08-06_12-27-22_830815_1/06030ca0795ceefa901c333b75292634a210fe463c9195d4358df910/job_events/03000000/06030ca0795ceefa901c333b75292634a210fe463c9195d4358df910-2026-08-06-19-1786044468270885673.jsonl: TASK_LIFECYCLE_EVENT must have at least one state transition"
time="2026-08-06T19:29:32Z" level=error msg="Failed to store events for file session_2026-08-06_12-27-22_830815_1/06030ca0795ceefa901c333b75292634a210fe463c9195d4358df910/job_events/03000000/06030ca0795ceefa901c333b75292634a210fe463c9195d4358df910-2026-08-06-19-1786044468270885673.jsonl: TASK_LIFECYCLE_EVENT must have at least one state transition"
time="2026-08-06T19:29:32Z" level=error msg="Failed to store events for file session_2026-08-06_12-27-22_830815_1/06030ca0795ceefa901c333b75292634a210fe463c9195d4358df910/job_events/03000000/06030ca0795ceefa901c333b75292634a210fe463c9195d4358df910-2026-08-06-19-1786044468270885673.jsonl: TASK_LIFECYCLE_EVENT must have at least one state transition"
time="2026-08-06T19:29:33Z" level=error msg="Failed to store events for file session_2026-08-06_12-27-22_830815_1/06030ca0795ceefa901c333b75292634a210fe463c9195d4358df910/job_events/03000000/06030ca0795ceefa901c333b75292634a210fe463c9195d4358df910-2026-08-06-19-1786044468270885673.jsonl: TASK_LIFECYCLE_EVENT must have at least one state transition"
time="2026-08-06T19:29:33Z" level=error msg="Failed to store events for file session_2026-08-06_12-27-22_830815_1/06030ca0795ceefa901c333b75292634a210fe463c9195d4358df910/job_events/03000000/06030ca0795ceefa901c333b75292634a210fe463c9195d4358df910-2026-08-06-19-1786044468270885673.jsonl: TASK_LIFECYCLE_EVENT must have at least one state transition"
time="2026-08-06T19:29:33Z" level=error msg="Failed to store events for file session_2026-08-06_12-27-22_830815_1/06030ca0795ceefa901c333b75292634a210fe463c9195d4358df910/job_events/03000000/06030ca0795ceefa901c333b75292634a210fe463c9195d4358df910-2026-08-06-19-1786044468270885673.jsonl: TASK_LIFECYCLE_EVENT must have at least one state transition"
time="2026-08-06T19:29:33Z" level=error msg="Failed to store events for file session_2026-08-06_12-27-22_830815_1/06030ca0795ceefa901c333b75292634a210fe463c9195d4358df910/job_events/03000000/06030ca0795ceefa901c333b75292634a210fe463c9195d4358df910-2026-08-06-19-1786044468270885673.jsonl: TASK_LIFECYCLE_EVENT must have at least one state transition"
time="2026-08-06T19:29:33Z" level=error msg="Failed to store events for file session_2026-08-06_12-27-22_830815_1/06030ca0795ceefa901c333b75292634a210fe463c9195d4358df910/job_events/03000000/06030ca0795ceefa901c333b75292634a210fe463c9195d4358df910-2026-08-06-19-1786044468270885673.jsonl: TASK_LIFECYCLE_EVENT must have at least one state transition"
time="2026-08-06T19:29:33Z" level=error msg="Failed to store events for file session_2026-08-06_12-27-22_830815_1/06030ca0795ceefa901c333b75292634a210fe463c9195d4358df910/job_events/03000000/06030ca0795ceefa901c333b75292634a210fe463c9195d4358df910-2026-08-06-19-1786044468270885673.jsonl: TASK_LIFECYCLE_EVENT must have at least one state transition"
time="2026-08-06T19:29:33Z" level=error msg="Failed to store events for file session_2026-08-06_12-27-22_830815_1/06030ca0795ceefa901c333b75292634a210fe463c9195d4358df910/job_events/03000000/06030ca0795ceefa901c333b75292634a210fe463c9195d4358df910-2026-08-06-19-1786044468270885673.jsonl: TASK_LIFECYCLE_EVENT must have at least one state transition"
time="2026-08-06T19:29:33Z" level=error msg="Failed to store events for file session_2026-08-06_12-27-22_830815_1/06030ca0795ceefa901c333b75292634a210fe463c9195d4358df910/job_events/03000000/06030ca0795ceefa901c333b75292634a210fe463c9195d4358df910-2026-08-06-19-1786044468270885673.jsonl: TASK_LIFECYCLE_EVENT must have at least one state transition"
time="2026-08-06T19:29:34Z" level=error msg="Failed to store events for file session_2026-08-06_12-27-22_830815_1/06030ca0795ceefa901c333b75292634a210fe463c9195d4358df910/job_events/03000000/06030ca0795ceefa901c333b75292634a210fe463c9195d4358df910-2026-08-06-19-1786044468270885673.jsonl: TASK_LIFECYCLE_EVENT must have at least one state transition"
time="2026-08-06T19:29:34Z" level=error msg="Failed to store events for file session_2026-08-06_12-27-22_830815_1/06030ca0795ceefa901c333b75292634a210fe463c9195d4358df910/job_events/03000000/06030ca0795ceefa901c333b75292634a210fe463c9195d4358df910-2026-08-06-19-1786044468270885673.jsonl: TASK_LIFECYCLE_EVENT must have at least one state transition"
time="2026-08-06T19:29:34Z" level=error msg="Failed to store events for file session_2026-08-06_12-27-22_830815_1/06030ca0795ceefa901c333b75292634a210fe463c9195d4358df910/job_events/03000000/06030ca0795ceefa901c333b75292634a210fe463c9195d4358df910-2026-08-06-19-1786044468270885673.jsonl: TASK_LIFECYCLE_EVENT must have at least one state transition"
time="2026-08-06T19:29:34Z" level=error msg="Failed to store events for file session_2026-08-06_12-27-22_830815_1/06030ca0795ceefa901c333b75292634a210fe463c9195d4358df910/job_events/03000000/06030ca0795ceefa901c333b75292634a210fe463c9195d4358df910-2026-08-06-19-1786044468270885673.jsonl: TASK_LIFECYCLE_EVENT must have at least one state transition"
time="2026-08-06T19:29:34Z" level=error msg="Failed to store events for file session_2026-08-06_12-27-22_830815_1/06030ca0795ceefa901c333b75292634a210fe463c9195d4358df910/job_events/03000000/06030ca0795ceefa901c333b75292634a210fe463c9195d4358df910-2026-08-06-19-1786044468270885673.jsonl: TASK_LIFECYCLE_EVENT must have at least one state transition"
time="2026-08-06T19:29:34Z" level=info msg="Prepare to get object log/cluster-history/raycluster/test-ns-x7c8q/raycluster-historyserver/session_2026-08-06_12-27-22_830815_1/06030ca0795ceefa901c333b75292634a210fe463c9195d4358df910/job_events/03000000/06030ca0795ceefa901c333b75292634a210fe463c9195d4358df910-2026-08-06-19-1786044515589635792.jsonl info ..."
time="2026-08-06T19:29:35Z" level=error msg="Failed to store events for file session_2026-08-06_12-27-22_830815_1/06030ca0795ceefa901c333b75292634a210fe463c9195d4358df910/job_events/03000000/06030ca0795ceefa901c333b75292634a210fe463c9195d4358df910-2026-08-06-19-1786044515589635792.jsonl: TASK_LIFECYCLE_EVENT must have at least one state transition"
time="2026-08-06T19:29:35Z" level=error msg="Failed to store events for file session_2026-08-06_12-27-22_830815_1/06030ca0795ceefa901c333b75292634a210fe463c9195d4358df910/job_events/03000000/06030ca0795ceefa901c333b75292634a210fe463c9195d4358df910-2026-08-06-19-1786044515589635792.jsonl: TASK_LIFECYCLE_EVENT must have at least one state transition"
time="2026-08-06T19:29:35Z" level=error msg="Failed to store events for file session_2026-08-06_12-27-22_830815_1/06030ca0795ceefa901c333b75292634a210fe463c9195d4358df910/job_events/03000000/06030ca0795ceefa901c333b75292634a210fe463c9195d4358df910-2026-08-06-19-1786044515589635792.jsonl: TASK_LIFECYCLE_EVENT must have at least one state transition"
time="2026-08-06T19:29:35Z" level=error msg="Failed to store events for file session_2026-08-06_12-27-22_830815_1/06030ca0795ceefa901c333b75292634a210fe463c9195d4358df910/job_events/03000000/06030ca0795ceefa901c333b75292634a210fe463c9195d4358df910-2026-08-06-19-1786044515589635792.jsonl: TASK_LIFECYCLE_EVENT must have at least one state transition"
time="2026-08-06T19:29:35Z" level=error msg="Failed to store events for file session_2026-08-06_12-27-22_830815_1/06030ca0795ceefa901c333b75292634a210fe463c9195d4358df910/job_events/03000000/06030ca0795ceefa901c333b75292634a210fe463c9195d4358df910-2026-08-06-19-1786044515589635792.jsonl: TASK_LIFECYCLE_EVENT must have at least one state transition"
time="2026-08-06T19:29:35Z" level=error msg="Failed to store events for file session_2026-08-06_12-27-22_830815_1/06030ca0795ceefa901c333b75292634a210fe463c9195d4358df910/job_events/03000000/06030ca0795ceefa901c333b75292634a210fe463c9195d4358df910-2026-08-06-19-1786044515589635792.jsonl: TASK_LIFECYCLE_EVENT must have at least one state transition"
time="2026-08-06T19:29:36Z" level=error msg="Failed to store events for file session_2026-08-06_12-27-22_830815_1/06030ca0795ceefa901c333b75292634a210fe463c9195d4358df910/job_events/03000000/06030ca0795ceefa901c333b75292634a210fe463c9195d4358df910-2026-08-06-19-1786044515589635792.jsonl: TASK_LIFECYCLE_EVENT must have at least one state transition"
time="2026-08-06T19:29:36Z" level=error msg="Failed to store events for file session_2026-08-06_12-27-22_830815_1/06030ca0795ceefa901c333b75292634a210fe463c9195d4358df910/job_events/03000000/06030ca0795ceefa901c333b75292634a210fe463c9195d4358df910-2026-08-06-19-1786044515589635792.jsonl: TASK_LIFECYCLE_EVENT must have at least one state transition"
time="2026-08-06T19:29:36Z" level=error msg="Failed to store events for file session_2026-08-06_12-27-22_830815_1/06030ca0795ceefa901c333b75292634a210fe463c9195d4358df910/job_events/03000000/06030ca0795ceefa901c333b75292634a210fe463c9195d4358df910-2026-08-06-19-1786044515589635792.jsonl: TASK_LIFECYCLE_EVENT must have at least one state transition"
time="2026-08-06T19:29:36Z" level=info msg="Prepare to get object log/cluster-history/raycluster/test-ns-x7c8q/raycluster-historyserver/session_2026-08-06_12-27-22_830815_1/960c93142de71a3bcdf2996e68ec9645d00906eb875fc4fcec37555c/job_events/01000000/960c93142de71a3bcdf2996e68ec9645d00906eb875fc4fcec37555c-2026-08-06-19-1786044448191833886.jsonl info ..."
time="2026-08-06T19:29:36Z" level=info msg="Prepare to get object log/cluster-history/raycluster/test-ns-x7c8q/raycluster-historyserver/session_2026-08-06_12-27-22_830815_1/960c93142de71a3bcdf2996e68ec9645d00906eb875fc4fcec37555c/job_events/02000000/960c93142de71a3bcdf2996e68ec9645d00906eb875fc4fcec37555c-2026-08-06-19-1786044466275229588.jsonl info ..."
time="2026-08-06T19:29:36Z" level=info msg="Prepare to get object log/cluster-history/raycluster/test-ns-x7c8q/raycluster-historyserver/session_2026-08-06_12-27-22_830815_1/960c93142de71a3bcdf2996e68ec9645d00906eb875fc4fcec37555c/job_events/03000000/960c93142de71a3bcdf2996e68ec9645d00906eb875fc4fcec37555c-2026-08-06-19-1786044466275887380.jsonl info ..."
gc 14 @29.495s 3%: 0.13+244+0.060 ms clock, 0.27+0.87/137/340+0.12 ms cpu, 1047->1047->316 MB, 1060 MB goal, 0 MB stacks, 0 MB globals, 2 P
gc 15 @30.052s 4%: 0.16+384+0.035 ms clock, 0.33+301/205/182+0.070 ms cpu, 729->729->377 MB, 729 MB goal, 0 MB stacks, 0 MB globals, 2 P
gc 16 @36.306s 4%: 0.20+1385+0.073 ms clock, 0.40+0.35/684/905+0.14 ms cpu, 740->762->543 MB, 755 MB goal, 0 MB stacks, 0 MB globals, 2 P
gc 17 @46.296s 4%: 0.18+2537+0.097 ms clock, 0.36+0.12/1270/1897+0.19 ms cpu, 1031->1058->718 MB, 1088 MB goal, 0 MB stacks, 0 MB globals, 2 P
time="2026-08-06T19:30:07Z" level=info msg="Prepare to get object log/cluster-history/raycluster/test-ns-x7c8q/raycluster-historyserver/session_2026-08-06_12-27-22_830815_1/960c93142de71a3bcdf2996e68ec9645d00906eb875fc4fcec37555c/job_events/03000000/960c93142de71a3bcdf2996e68ec9645d00906eb875fc4fcec37555c-2026-08-06-19-1786044508941862094.jsonl info ..."
gc 18 @60.410s 4%: 0.18+611+0.044 ms clock, 0.36+410/373/420+0.089 ms cpu, 1341->1364->268 MB, 1438 MB goal, 0 MB stacks, 0 MB globals, 2 P
gc 19 @63.715s 4%: 0.15+1485+0.079 ms clock, 0.31+0.11/821/864+0.15 ms cpu, 458->485->371 MB, 538 MB goal, 0 MB stacks, 0 MB globals, 2 P
time="2026-08-06T19:30:16Z" level=info msg="Prepare to get object log/cluster-history/raycluster/test-ns-x7c8q/raycluster-historyserver/session_2026-08-06_12-27-22_830815_1/960c93142de71a3bcdf2996e68ec9645d00906eb875fc4fcec37555c/job_events/04000000/960c93142de71a3bcdf2996e68ec9645d00906eb875fc4fcec37555c-2026-08-06-19-1786044482104004804.jsonl info ..."
time="2026-08-06T19:30:16Z" level=info msg="Prepare to get object log/cluster-history/raycluster/test-ns-x7c8q/raycluster-historyserver/session_2026-08-06_12-27-22_830815_1/960c93142de71a3bcdf2996e68ec9645d00906eb875fc4fcec37555c/node_events/960c93142de71a3bcdf2996e68ec9645d00906eb875fc4fcec37555c-2026-08-06-19-1786044447873665886.jsonl info ..."
gc 20 @70.018s 4%: 0.18+1387+0.20 ms clock, 0.37+91/637/824+0.40 ms cpu, 640->729->330 MB, 742 MB goal, 0 MB stacks, 0 MB globals, 2 P
time="2026-08-06T19:30:19Z" level=info msg="Received request: GET /enter_cluster/test-ns-x7c8q/raycluster/raycluster-historyserver/session_2026-08-06_12-27-22_830815_1"
time="2026-08-06T19:30:19Z" level=info msg="[List]Returned objects in log/cluster-metadata/. length of page.Contents: 2, length of page.CommonPrefixes: 0"
time="2026-08-06T19:30:19Z" level=error msg="Failed to parse meta file path: log/cluster-metadata/raycluster/test-ns-x7c8q_raycluster-historyserver/, error: invalid path segment count for cluster metadata structure: log/cluster-metadata/raycluster/test-ns-x7c8q_raycluster-historyserver/"
time="2026-08-06T19:30:19Z" level=info msg="Parsed cluster raycluster-historyserver for session session_2026-08-06_12-27-22_830815_1 to list"
time="2026-08-06T19:30:19Z" level=info msg="Received request: GET /api/v0/tasks?limit=100000"
time="2026-08-06T19:30:19Z" level=info msg="Request URL /api/v0/tasks?limit=100000"
time="2026-08-06T19:30:19Z" level=info msg="Received request: GET /api/v0/tasks?limit=100000"
time="2026-08-06T19:30:19Z" level=info msg="Request URL /api/v0/tasks?limit=100000"
time="2026-08-06T19:30:19Z" level=info msg="Received request: GET /api/v0/tasks?limit=100000"
time="2026-08-06T19:30:19Z" level=info msg="Request URL /api/v0/tasks?limit=100000"
time="2026-08-06T19:30:19Z" level=info msg="Received request: GET /api/v0/tasks?limit=100000"
time="2026-08-06T19:30:19Z" level=info msg="Request URL /api/v0/tasks?limit=100000"
time="2026-08-06T19:30:19Z" level=info msg="Received request: GET /api/v0/tasks?limit=100000"
time="2026-08-06T19:30:19Z" level=info msg="Request URL /api/v0/tasks?limit=100000"
time="2026-08-06T19:30:19Z" level=info msg="Received request: GET /api/v0/tasks?limit=100000"
time="2026-08-06T19:30:19Z" level=info msg="Request URL /api/v0/tasks?limit=100000"
time="2026-08-06T19:30:19Z" level=info msg="Received request: GET /api/v0/tasks?limit=100000"
time="2026-08-06T19:30:19Z" level=info msg="Request URL /api/v0/tasks?limit=100000"
time="2026-08-06T19:30:19Z" level=info msg="Received request: GET /api/v0/tasks?limit=100000"
time="2026-08-06T19:30:19Z" level=info msg="Request URL /api/v0/tasks?limit=100000"
time="2026-08-06T19:30:19Z" level=info msg="Received request: GET /api/v0/tasks?limit=100000"
time="2026-08-06T19:30:19Z" level=info msg="Request URL /api/v0/tasks?limit=100000"
time="2026-08-06T19:30:19Z" level=info msg="Received request: GET /api/v0/tasks?limit=100000"
time="2026-08-06T19:30:19Z" level=info msg="Request URL /api/v0/tasks?limit=100000"
time="2026-08-06T19:30:19Z" level=info msg="Received request: GET /api/v0/tasks/summarize"
time="2026-08-06T19:30:19Z" level=info msg="Request URL /api/v0/tasks/summarize"
gc 21 @72.923s 5%: 0.19+1144+0.088 ms clock, 0.39+41/515/584+0.17 ms cpu, 563->663->345 MB, 660 MB goal, 0 MB stacks, 0 MB globals, 2 P
time="2026-08-06T19:30:21Z" level=info msg="Received request: GET /api/v0/tasks/summarize"
time="2026-08-06T19:30:21Z" level=info msg="Request URL /api/v0/tasks/summarize"
gc 22 @74.809s 5%: 0.17+1294+0.16 ms clock, 0.35+96/582/776+0.33 ms cpu, 611->695->349 MB, 690 MB goal, 0 MB stacks, 0 MB globals, 2 P
time="2026-08-06T19:30:23Z" level=info msg="Received request: GET /api/v0/tasks/summarize"
time="2026-08-06T19:30:23Z" level=info msg="Request URL /api/v0/tasks/summarize"
gc 23 @76.768s 5%: 0.18+1432+0.13 ms clock, 0.37+0/728/891+0.26 ms cpu, 616->616->319 MB, 699 MB goal, 0 MB stacks, 0 MB globals, 2 P
time="2026-08-06T19:30:25Z" level=info msg="Received request: GET /api/v0/tasks/summarize"
time="2026-08-06T19:30:25Z" level=info msg="Request URL /api/v0/tasks/summarize"
gc 24 @78.782s 6%: 0.16+1148+0.073 ms clock, 0.33+0/577/696+0.14 ms cpu, 586->586->319 MB, 640 MB goal, 0 MB stacks, 0 MB globals, 2 P
time="2026-08-06T19:30:27Z" level=info msg="Received request: GET /api/v0/tasks/summarize"
time="2026-08-06T19:30:27Z" level=info msg="Request URL /api/v0/tasks/summarize"
gc 25 @80.586s 6%: 0.15+1516+0.096 ms clock, 0.30+0/744/815+0.19 ms cpu, 586->586->319 MB, 640 MB goal, 0 MB stacks, 0 MB globals, 2 P
time="2026-08-06T19:30:29Z" level=info msg="Received request: GET /api/v0/tasks/summarize"
time="2026-08-06T19:30:29Z" level=info msg="Request URL /api/v0/tasks/summarize"
gc 26 @82.689s 6%: 0.13+1424+0.073 ms clock, 0.27+0/733/840+0.14 ms cpu, 586->586->319 MB, 640 MB goal, 0 MB stacks, 0 MB globals, 2 P
time="2026-08-06T19:30:31Z" level=info msg="Received request: GET /api/v0/tasks/summarize"
time="2026-08-06T19:30:31Z" level=info msg="Request URL /api/v0/tasks/summarize"
gc 27 @84.721s 6%: 0.13+1483+0.096 ms clock, 0.27+0/746/791+0.19 ms cpu, 586->586->319 MB, 640 MB goal, 0 MB stacks, 0 MB globals, 2 P
time="2026-08-06T19:30:33Z" level=info msg="Received request: GET /api/v0/tasks/summarize"
time="2026-08-06T19:30:33Z" level=info msg="Request URL /api/v0/tasks/summarize"
gc 28 @86.805s 7%: 0.14+1400+0.096 ms clock, 0.29+0/715/893+0.19 ms cpu, 586->586->319 MB, 640 MB goal, 0 MB stacks, 0 MB globals, 2 P
time="2026-08-06T19:30:35Z" level=info msg="Received request: GET /api/v0/tasks/summarize"
time="2026-08-06T19:30:35Z" level=info msg="Request URL /api/v0/tasks/summarize"
gc 29 @88.823s 7%: 0.14+1383+0.077 ms clock, 0.29+0/769/899+0.15 ms cpu, 586->586->319 MB, 640 MB goal, 0 MB stacks, 0 MB globals, 2 P
time="2026-08-06T19:30:37Z" level=info msg="Received request: GET /api/v0/tasks/summarize"
time="2026-08-06T19:30:37Z" level=info msg="Request URL /api/v0/tasks/summarize"
gc 30 @90.818s 7%: 0.15+1583+0.079 ms clock, 0.31+0/836/779+0.15 ms cpu, 586->586->319 MB, 640 MB goal, 0 MB stacks, 0 MB globals, 2 P
time="2026-08-06T19:30:39Z" level=info msg="Received request: GET /api/jobs/"
time="2026-08-06T19:30:39Z" level=info msg="Request URL /api/jobs/"
time="2026-08-06T19:30:39Z" level=info msg="Received request: GET /api/jobs/"
time="2026-08-06T19:30:39Z" level=info msg="Request URL /api/jobs/"
time="2026-08-06T19:30:39Z" level=info msg="Received request: GET /api/jobs/"
time="2026-08-06T19:30:39Z" level=info msg="Request URL /api/jobs/"
time="2026-08-06T19:30:39Z" level=info msg="Received request: GET /api/jobs/"
time="2026-08-06T19:30:39Z" level=info msg="Request URL /api/jobs/"
time="2026-08-06T19:30:39Z" level=info msg="Received request: GET /api/jobs/"
time="2026-08-06T19:30:39Z" level=info msg="Request URL /api/jobs/"
time="2026-08-06T19:30:39Z" level=info msg="Received request: GET /api/jobs/"
time="2026-08-06T19:30:39Z" level=info msg="Request URL /api/jobs/"
time="2026-08-06T19:30:40Z" level=info msg="Received request: GET /api/jobs/"
time="2026-08-06T19:30:40Z" level=info msg="Request URL /api/jobs/"
gc 31 @92.950s 7%: 0.77+952+0.039 ms clock, 1.5+252/405/379+0.079 ms cpu, 563->603->276 MB, 640 MB goal, 0 MB stacks, 0 MB globals, 2 P
time="2026-08-06T19:30:40Z" level=info msg="Received request: GET /api/jobs/"
time="2026-08-06T19:30:40Z" level=info msg="Request URL /api/jobs/"
time="2026-08-06T19:30:40Z" level=info msg="Received request: GET /api/jobs/"
time="2026-08-06T19:30:40Z" level=info msg="Request URL /api/jobs/"
time="2026-08-06T19:30:41Z" level=info msg="Received request: GET /api/jobs/"
time="2026-08-06T19:30:41Z" level=info msg="Request URL /api/jobs/"
time="2026-08-06T19:30:41Z" level=info msg="Request URL /nodes?view=summary"
time="2026-08-06T19:30:41Z" level=info msg="Request URL /nodes?view=summary"
time="2026-08-06T19:30:41Z" level=info msg="Request URL /nodes?view=summary"
gc 32 @94.040s 7%: 0.26+787+0.034 ms clock, 0.52+0/326/443+0.069 ms cpu, 479->519->276 MB, 553 MB goal, 0 MB stacks, 0 MB globals, 2 P
time="2026-08-06T19:30:41Z" level=info msg="Request URL /nodes?view=summary"
time="2026-08-06T19:30:41Z" level=info msg="Request URL /nodes?view=summary"
time="2026-08-06T19:30:41Z" level=info msg="Request URL /nodes?view=summary"
time="2026-08-06T19:30:41Z" level=info msg="Request URL /nodes?view=summary"
time="2026-08-06T19:30:41Z" level=info msg="Request URL /nodes?view=summary"
time="2026-08-06T19:30:42Z" level=info msg="Request URL /nodes?view=summary"
gc 33 @94.956s 8%: 0.38+769+0.089 ms clock, 0.76+0/298/464+0.17 ms cpu, 479->519->276 MB, 553 MB goal, 0 MB stacks, 0 MB globals, 2 P
time="2026-08-06T19:30:42Z" level=info msg="Request URL /nodes?view=summary"
time="2026-08-06T19:30:42Z" level=info msg="Request URL /events"
time="2026-08-06T19:30:42Z" level=info msg="Request URL /events"
time="2026-08-06T19:30:42Z" level=info msg="Request URL /events"
time="2026-08-06T19:30:42Z" level=info msg="Request URL /events"
time="2026-08-06T19:30:43Z" level=info msg="Request URL /events"
gc 34 @95.863s 8%: 0.85+782+0.084 ms clock, 1.7+0/354/425+0.16 ms cpu, 479->519->276 MB, 553 MB goal, 0 MB stacks, 0 MB globals, 2 P
time="2026-08-06T19:30:43Z" level=info msg="Request URL /events"
time="2026-08-06T19:30:43Z" level=info msg="Request URL /events"
time="2026-08-06T19:30:43Z" level=info msg="Request URL /events"
time="2026-08-06T19:30:43Z" level=info msg="Request URL /events"
time="2026-08-06T19:30:43Z" level=info msg="Request URL /events"
