time="2026-08-06T17:31:22Z" level=info msg="create client manager successfully, clients: 1"
time="2026-08-06T17:31:22Z" level=info msg="Begin to create s3 client ..."
time="2026-08-06T17:31:22Z" level=info msg="Checking if bucket ray-historyserver exists..."
time="2026-08-06T17:31:22Z" level=info msg="Bucket ray-historyserver already exists"
time="2026-08-06T17:31:22Z" level=info msg="Clean logdir is logs"
time="2026-08-06T17:31:22Z" level=info msg="Starting server on :8080"
time="2026-08-06T17:31:24Z" level=info msg="Received request: GET /readz"
time="2026-08-06T17:31:24Z" level=info msg="live clusters: []"
time="2026-08-06T17:31:24Z" level=info msg="[List]Returned objects in log/cluster-metadata/. length of page.Contents: 2, length of page.CommonPrefixes: 0"
time="2026-08-06T17:31:24Z" level=error msg="Failed to parse meta file path: log/cluster-metadata/raycluster/test-ns-q54tj_raycluster-historyserver/, error: invalid path segment count for cluster metadata structure: log/cluster-metadata/raycluster/test-ns-q54tj_raycluster-historyserver/"
time="2026-08-06T17:31:24Z" level=info msg="Parsed cluster raycluster-historyserver for session session_2026-08-06_10-30-02_132554_1 to list"
time="2026-08-06T17:31:24Z" level=info msg="live clusters: []"
time="2026-08-06T17:31:24Z" level=info msg="[List]Returned objects in log/cluster-metadata/. length of page.Contents: 2, length of page.CommonPrefixes: 0"
time="2026-08-06T17:31:24Z" level=error msg="Failed to parse meta file path: log/cluster-metadata/raycluster/test-ns-q54tj_raycluster-historyserver/, error: invalid path segment count for cluster metadata structure: log/cluster-metadata/raycluster/test-ns-q54tj_raycluster-historyserver/"
time="2026-08-06T17:31:24Z" level=info msg="Parsed cluster raycluster-historyserver for session session_2026-08-06_10-30-02_132554_1 to list"
time="2026-08-06T17:31:24Z" level=info msg="live clusters: []"
time="2026-08-06T17:31:24Z" level=info msg="[List]Returned objects in log/cluster-metadata/. length of page.Contents: 2, length of page.CommonPrefixes: 0"
time="2026-08-06T17:31:24Z" level=error msg="Failed to parse meta file path: log/cluster-metadata/raycluster/test-ns-q54tj_raycluster-historyserver/, error: invalid path segment count for cluster metadata structure: log/cluster-metadata/raycluster/test-ns-q54tj_raycluster-historyserver/"
time="2026-08-06T17:31:24Z" level=info msg="Parsed cluster raycluster-historyserver for session session_2026-08-06_10-30-02_132554_1 to list"
time="2026-08-06T17:31:24Z" level=info msg="live clusters: []"
time="2026-08-06T17:31:24Z" level=info msg="[List]Returned objects in log/cluster-metadata/. length of page.Contents: 2, length of page.CommonPrefixes: 0"
time="2026-08-06T17:31:24Z" level=error msg="Failed to parse meta file path: log/cluster-metadata/raycluster/test-ns-q54tj_raycluster-historyserver/, error: invalid path segment count for cluster metadata structure: log/cluster-metadata/raycluster/test-ns-q54tj_raycluster-historyserver/"
time="2026-08-06T17:31:24Z" level=info msg="Parsed cluster raycluster-historyserver for session session_2026-08-06_10-30-02_132554_1 to list"
time="2026-08-06T17:31:24Z" level=info msg="live clusters: []"
time="2026-08-06T17:31:24Z" level=info msg="[List]Returned objects in log/cluster-metadata/. length of page.Contents: 2, length of page.CommonPrefixes: 0"
time="2026-08-06T17:31:24Z" level=error msg="Failed to parse meta file path: log/cluster-metadata/raycluster/test-ns-q54tj_raycluster-historyserver/, error: invalid path segment count for cluster metadata structure: log/cluster-metadata/raycluster/test-ns-q54tj_raycluster-historyserver/"
time="2026-08-06T17:31:24Z" level=info msg="Parsed cluster raycluster-historyserver for session session_2026-08-06_10-30-02_132554_1 to list"
time="2026-08-06T17:31:24Z" level=info msg="Received request: GET /enter_cluster/test-ns-q54tj/raycluster/raycluster-historyserver/session_2026-08-06_10-30-02_132554_1"
time="2026-08-06T17:31:24Z" level=info msg="[List]Returned objects in log/cluster-metadata/. length of page.Contents: 2, length of page.CommonPrefixes: 0"
time="2026-08-06T17:31:24Z" level=error msg="Failed to parse meta file path: log/cluster-metadata/raycluster/test-ns-q54tj_raycluster-historyserver/, error: invalid path segment count for cluster metadata structure: log/cluster-metadata/raycluster/test-ns-q54tj_raycluster-historyserver/"
time="2026-08-06T17:31:24Z" level=info msg="Parsed cluster raycluster-historyserver for session session_2026-08-06_10-30-02_132554_1 to list"
time="2026-08-06T17:31:24Z" level=info msg="[ListFiles]Returned objects in log/cluster-history/raycluster/test-ns-q54tj/raycluster-historyserver/session_2026-08-06_10-30-02_132554_1/. length of page.Contents: 0, length of page.CommonPrefixes: 3"
time="2026-08-06T17:31:24Z" level=info msg="[ListFiles]Returned objects in log/cluster-history/raycluster/test-ns-q54tj/raycluster-historyserver/session_2026-08-06_10-30-02_132554_1/361abb6773bf67cd148d47d5f2a86794895df79daf6d24b6d284666b/logs/events/. length of page.Contents: 11, length of page.CommonPrefixes: 0"
time="2026-08-06T17:31:24Z" level=info msg="Prepare to get object log/cluster-history/raycluster/test-ns-q54tj/raycluster-historyserver/session_2026-08-06_10-30-02_132554_1/361abb6773bf67cd148d47d5f2a86794895df79daf6d24b6d284666b/logs/events/event_AUTOSCALER.log info ..."
time="2026-08-06T17:31:24Z" level=info msg="Prepare to get object log/cluster-history/raycluster/test-ns-q54tj/raycluster-historyserver/session_2026-08-06_10-30-02_132554_1/361abb6773bf67cd148d47d5f2a86794895df79daf6d24b6d284666b/logs/events/event_CORE_WORKER_1017.log info ..."
time="2026-08-06T17:31:24Z" level=info msg="Prepare to get object log/cluster-history/raycluster/test-ns-q54tj/raycluster-historyserver/session_2026-08-06_10-30-02_132554_1/361abb6773bf67cd148d47d5f2a86794895df79daf6d24b6d284666b/logs/events/event_CORE_WORKER_1181.log info ..."
time="2026-08-06T17:31:24Z" level=info msg="Prepare to get object log/cluster-history/raycluster/test-ns-q54tj/raycluster-historyserver/session_2026-08-06_10-30-02_132554_1/361abb6773bf67cd148d47d5f2a86794895df79daf6d24b6d284666b/logs/events/event_CORE_WORKER_199.log info ..."
time="2026-08-06T17:31:24Z" level=info msg="Prepare to get object log/cluster-history/raycluster/test-ns-q54tj/raycluster-historyserver/session_2026-08-06_10-30-02_132554_1/361abb6773bf67cd148d47d5f2a86794895df79daf6d24b6d284666b/logs/events/event_CORE_WORKER_204.log info ..."
time="2026-08-06T17:31:24Z" level=info msg="Prepare to get object log/cluster-history/raycluster/test-ns-q54tj/raycluster-historyserver/session_2026-08-06_10-30-02_132554_1/361abb6773bf67cd148d47d5f2a86794895df79daf6d24b6d284666b/logs/events/event_CORE_WORKER_675.log info ..."
time="2026-08-06T17:31:24Z" level=info msg="Prepare to get object log/cluster-history/raycluster/test-ns-q54tj/raycluster-historyserver/session_2026-08-06_10-30-02_132554_1/361abb6773bf67cd148d47d5f2a86794895df79daf6d24b6d284666b/logs/events/event_CORE_WORKER_961.log info ..."
time="2026-08-06T17:31:24Z" level=info msg="Prepare to get object log/cluster-history/raycluster/test-ns-q54tj/raycluster-historyserver/session_2026-08-06_10-30-02_132554_1/361abb6773bf67cd148d47d5f2a86794895df79daf6d24b6d284666b/logs/events/event_GCS.log info ..."
time="2026-08-06T17:31:24Z" level=info msg="Prepare to get object log/cluster-history/raycluster/test-ns-q54tj/raycluster-historyserver/session_2026-08-06_10-30-02_132554_1/361abb6773bf67cd148d47d5f2a86794895df79daf6d24b6d284666b/logs/events/event_JOBS.log info ..."
time="2026-08-06T17:31:24Z" level=info msg="Prepare to get object log/cluster-history/raycluster/test-ns-q54tj/raycluster-historyserver/session_2026-08-06_10-30-02_132554_1/361abb6773bf67cd148d47d5f2a86794895df79daf6d24b6d284666b/logs/events/event_RAYLET.log info ..."
time="2026-08-06T17:31:24Z" level=info msg="[ListFiles]Returned objects in log/cluster-history/raycluster/test-ns-q54tj/raycluster-historyserver/session_2026-08-06_10-30-02_132554_1/dba0f6884e0bb20d5a3abfc458ed9fa1ca0ad38650e289b6d568c26d/logs/events/. length of page.Contents: 13, length of page.CommonPrefixes: 0"
time="2026-08-06T17:31:24Z" level=info msg="Prepare to get object log/cluster-history/raycluster/test-ns-q54tj/raycluster-historyserver/session_2026-08-06_10-30-02_132554_1/dba0f6884e0bb20d5a3abfc458ed9fa1ca0ad38650e289b6d568c26d/logs/events/event_CORE_WORKER_228.log info ..."
time="2026-08-06T17:31:24Z" level=info msg="Prepare to get object log/cluster-history/raycluster/test-ns-q54tj/raycluster-historyserver/session_2026-08-06_10-30-02_132554_1/dba0f6884e0bb20d5a3abfc458ed9fa1ca0ad38650e289b6d568c26d/logs/events/event_CORE_WORKER_229.log info ..."
time="2026-08-06T17:31:24Z" level=info msg="Prepare to get object log/cluster-history/raycluster/test-ns-q54tj/raycluster-historyserver/session_2026-08-06_10-30-02_132554_1/dba0f6884e0bb20d5a3abfc458ed9fa1ca0ad38650e289b6d568c26d/logs/events/event_CORE_WORKER_322.log info ..."
time="2026-08-06T17:31:24Z" level=info msg="Prepare to get object log/cluster-history/raycluster/test-ns-q54tj/raycluster-historyserver/session_2026-08-06_10-30-02_132554_1/dba0f6884e0bb20d5a3abfc458ed9fa1ca0ad38650e289b6d568c26d/logs/events/event_CORE_WORKER_327.log info ..."
time="2026-08-06T17:31:24Z" level=info msg="Prepare to get object log/cluster-history/raycluster/test-ns-q54tj/raycluster-historyserver/session_2026-08-06_10-30-02_132554_1/dba0f6884e0bb20d5a3abfc458ed9fa1ca0ad38650e289b6d568c26d/logs/events/event_CORE_WORKER_406.log info ..."
time="2026-08-06T17:31:24Z" level=info msg="Prepare to get object log/cluster-history/raycluster/test-ns-q54tj/raycluster-historyserver/session_2026-08-06_10-30-02_132554_1/dba0f6884e0bb20d5a3abfc458ed9fa1ca0ad38650e289b6d568c26d/logs/events/event_CORE_WORKER_418.log info ..."
time="2026-08-06T17:31:24Z" level=info msg="Prepare to get object log/cluster-history/raycluster/test-ns-q54tj/raycluster-historyserver/session_2026-08-06_10-30-02_132554_1/dba0f6884e0bb20d5a3abfc458ed9fa1ca0ad38650e289b6d568c26d/logs/events/event_CORE_WORKER_507.log info ..."
time="2026-08-06T17:31:24Z" level=info msg="Prepare to get object log/cluster-history/raycluster/test-ns-q54tj/raycluster-historyserver/session_2026-08-06_10-30-02_132554_1/dba0f6884e0bb20d5a3abfc458ed9fa1ca0ad38650e289b6d568c26d/logs/events/event_CORE_WORKER_513.log info ..."
time="2026-08-06T17:31:24Z" level=info msg="Prepare to get object log/cluster-history/raycluster/test-ns-q54tj/raycluster-historyserver/session_2026-08-06_10-30-02_132554_1/dba0f6884e0bb20d5a3abfc458ed9fa1ca0ad38650e289b6d568c26d/logs/events/event_CORE_WORKER_588.log info ..."
time="2026-08-06T17:31:24Z" level=info msg="Prepare to get object log/cluster-history/raycluster/test-ns-q54tj/raycluster-historyserver/session_2026-08-06_10-30-02_132554_1/dba0f6884e0bb20d5a3abfc458ed9fa1ca0ad38650e289b6d568c26d/logs/events/event_CORE_WORKER_608.log info ..."
time="2026-08-06T17:31:24Z" level=info msg="Prepare to get object log/cluster-history/raycluster/test-ns-q54tj/raycluster-historyserver/session_2026-08-06_10-30-02_132554_1/dba0f6884e0bb20d5a3abfc458ed9fa1ca0ad38650e289b6d568c26d/logs/events/event_CORE_WORKER_683.log info ..."
time="2026-08-06T17:31:24Z" level=info msg="Prepare to get object log/cluster-history/raycluster/test-ns-q54tj/raycluster-historyserver/session_2026-08-06_10-30-02_132554_1/dba0f6884e0bb20d5a3abfc458ed9fa1ca0ad38650e289b6d568c26d/logs/events/event_RAYLET.log info ..."
time="2026-08-06T17:31:24Z" level=info msg="[ListFiles]Returned objects in log/cluster-history/raycluster/test-ns-q54tj/raycluster-historyserver/session_2026-08-06_10-30-02_132554_1/fetched_endpoints/logs/events/. length of page.Contents: 0, length of page.CommonPrefixes: 0"
time="2026-08-06T17:31:24Z" level=info msg="[ListFiles]Returned objects in log/cluster-history/raycluster/test-ns-q54tj/raycluster-historyserver/session_2026-08-06_10-30-02_132554_1/. length of page.Contents: 0, length of page.CommonPrefixes: 3"
time="2026-08-06T17:31:24Z" level=info msg="[ListFiles]Returned objects in log/cluster-history/raycluster/test-ns-q54tj/raycluster-historyserver/session_2026-08-06_10-30-02_132554_1/361abb6773bf67cd148d47d5f2a86794895df79daf6d24b6d284666b/job_events/. length of page.Contents: 0, length of page.CommonPrefixes: 4"
time="2026-08-06T17:31:24Z" level=info msg="[ListFiles]Returned objects in log/cluster-history/raycluster/test-ns-q54tj/raycluster-historyserver/session_2026-08-06_10-30-02_132554_1/361abb6773bf67cd148d47d5f2a86794895df79daf6d24b6d284666b/job_events/01000000/. length of page.Contents: 2, length of page.CommonPrefixes: 0"
time="2026-08-06T17:31:24Z" level=info msg="[ListFiles]Returned objects in log/cluster-history/raycluster/test-ns-q54tj/raycluster-historyserver/session_2026-08-06_10-30-02_132554_1/361abb6773bf67cd148d47d5f2a86794895df79daf6d24b6d284666b/job_events/02000000/. length of page.Contents: 2, length of page.CommonPrefixes: 0"
time="2026-08-06T17:31:24Z" level=info msg="[ListFiles]Returned objects in log/cluster-history/raycluster/test-ns-q54tj/raycluster-historyserver/session_2026-08-06_10-30-02_132554_1/361abb6773bf67cd148d47d5f2a86794895df79daf6d24b6d284666b/job_events/03000000/. length of page.Contents: 2, length of page.CommonPrefixes: 0"
time="2026-08-06T17:31:24Z" level=info msg="[ListFiles]Returned objects in log/cluster-history/raycluster/test-ns-q54tj/raycluster-historyserver/session_2026-08-06_10-30-02_132554_1/361abb6773bf67cd148d47d5f2a86794895df79daf6d24b6d284666b/job_events/04000000/. length of page.Contents: 2, length of page.CommonPrefixes: 0"
time="2026-08-06T17:31:24Z" level=info msg="[ListFiles]Returned objects in log/cluster-history/raycluster/test-ns-q54tj/raycluster-historyserver/session_2026-08-06_10-30-02_132554_1/dba0f6884e0bb20d5a3abfc458ed9fa1ca0ad38650e289b6d568c26d/job_events/. length of page.Contents: 0, length of page.CommonPrefixes: 1"
time="2026-08-06T17:31:24Z" level=info msg="[ListFiles]Returned objects in log/cluster-history/raycluster/test-ns-q54tj/raycluster-historyserver/session_2026-08-06_10-30-02_132554_1/dba0f6884e0bb20d5a3abfc458ed9fa1ca0ad38650e289b6d568c26d/job_events/03000000/. length of page.Contents: 2, length of page.CommonPrefixes: 0"
time="2026-08-06T17:31:24Z" level=info msg="[ListFiles]Returned objects in log/cluster-history/raycluster/test-ns-q54tj/raycluster-historyserver/session_2026-08-06_10-30-02_132554_1/fetched_endpoints/job_events/. length of page.Contents: 0, length of page.CommonPrefixes: 0"
time="2026-08-06T17:31:24Z" level=info msg="[ListFiles]Returned objects in log/cluster-history/raycluster/test-ns-q54tj/raycluster-historyserver/session_2026-08-06_10-30-02_132554_1/. length of page.Contents: 0, length of page.CommonPrefixes: 3"
time="2026-08-06T17:31:24Z" level=info msg="[ListFiles]Returned objects in log/cluster-history/raycluster/test-ns-q54tj/raycluster-historyserver/session_2026-08-06_10-30-02_132554_1/361abb6773bf67cd148d47d5f2a86794895df79daf6d24b6d284666b/node_events/. length of page.Contents: 2, length of page.CommonPrefixes: 0"
time="2026-08-06T17:31:24Z" level=info msg="[ListFiles]Returned objects in log/cluster-history/raycluster/test-ns-q54tj/raycluster-historyserver/session_2026-08-06_10-30-02_132554_1/dba0f6884e0bb20d5a3abfc458ed9fa1ca0ad38650e289b6d568c26d/node_events/. length of page.Contents: 0, length of page.CommonPrefixes: 0"
time="2026-08-06T17:31:24Z" level=info msg="[ListFiles]Returned objects in log/cluster-history/raycluster/test-ns-q54tj/raycluster-historyserver/session_2026-08-06_10-30-02_132554_1/fetched_endpoints/node_events/. length of page.Contents: 0, length of page.CommonPrefixes: 0"
time="2026-08-06T17:31:24Z" level=info msg="Prepare to get object log/cluster-history/raycluster/test-ns-q54tj/raycluster-historyserver/session_2026-08-06_10-30-02_132554_1/361abb6773bf67cd148d47d5f2a86794895df79daf6d24b6d284666b/job_events/01000000/361abb6773bf67cd148d47d5f2a86794895df79daf6d24b6d284666b-2026-08-06-17-1786037407727165668.jsonl info ..."
time="2026-08-06T17:31:24Z" level=info msg="Prepare to get object log/cluster-history/raycluster/test-ns-q54tj/raycluster-historyserver/session_2026-08-06_10-30-02_132554_1/361abb6773bf67cd148d47d5f2a86794895df79daf6d24b6d284666b/job_events/02000000/361abb6773bf67cd148d47d5f2a86794895df79daf6d24b6d284666b-2026-08-06-17-1786037426020630260.jsonl info ..."
time="2026-08-06T17:31:24Z" level=info msg="Prepare to get object log/cluster-history/raycluster/test-ns-q54tj/raycluster-historyserver/session_2026-08-06_10-30-02_132554_1/361abb6773bf67cd148d47d5f2a86794895df79daf6d24b6d284666b/job_events/03000000/361abb6773bf67cd148d47d5f2a86794895df79daf6d24b6d284666b-2026-08-06-17-1786037427029049135.jsonl info ..."
time="2026-08-06T17:32:12Z" level=info msg="Prepare to get object log/cluster-history/raycluster/test-ns-q54tj/raycluster-historyserver/session_2026-08-06_10-30-02_132554_1/361abb6773bf67cd148d47d5f2a86794895df79daf6d24b6d284666b/job_events/04000000/361abb6773bf67cd148d47d5f2a86794895df79daf6d24b6d284666b-2026-08-06-17-1786037441525879420.jsonl info ..."
time="2026-08-06T17:32:12Z" level=info msg="Prepare to get object log/cluster-history/raycluster/test-ns-q54tj/raycluster-historyserver/session_2026-08-06_10-30-02_132554_1/dba0f6884e0bb20d5a3abfc458ed9fa1ca0ad38650e289b6d568c26d/job_events/03000000/dba0f6884e0bb20d5a3abfc458ed9fa1ca0ad38650e289b6d568c26d-2026-08-06-17-1786037428115919553.jsonl info ..."
time="2026-08-06T17:32:30Z" level=error msg="Failed to store events for file session_2026-08-06_10-30-02_132554_1/dba0f6884e0bb20d5a3abfc458ed9fa1ca0ad38650e289b6d568c26d/job_events/03000000/dba0f6884e0bb20d5a3abfc458ed9fa1ca0ad38650e289b6d568c26d-2026-08-06-17-1786037428115919553.jsonl: TASK_LIFECYCLE_EVENT must have at least one state transition"
time="2026-08-06T17:32:31Z" level=error msg="Failed to store events for file session_2026-08-06_10-30-02_132554_1/dba0f6884e0bb20d5a3abfc458ed9fa1ca0ad38650e289b6d568c26d/job_events/03000000/dba0f6884e0bb20d5a3abfc458ed9fa1ca0ad38650e289b6d568c26d-2026-08-06-17-1786037428115919553.jsonl: TASK_LIFECYCLE_EVENT must have at least one state transition"
time="2026-08-06T17:32:31Z" level=error msg="Failed to store events for file session_2026-08-06_10-30-02_132554_1/dba0f6884e0bb20d5a3abfc458ed9fa1ca0ad38650e289b6d568c26d/job_events/03000000/dba0f6884e0bb20d5a3abfc458ed9fa1ca0ad38650e289b6d568c26d-2026-08-06-17-1786037428115919553.jsonl: TASK_LIFECYCLE_EVENT must have at least one state transition"
time="2026-08-06T17:32:31Z" level=error msg="Failed to store events for file session_2026-08-06_10-30-02_132554_1/dba0f6884e0bb20d5a3abfc458ed9fa1ca0ad38650e289b6d568c26d/job_events/03000000/dba0f6884e0bb20d5a3abfc458ed9fa1ca0ad38650e289b6d568c26d-2026-08-06-17-1786037428115919553.jsonl: TASK_LIFECYCLE_EVENT must have at least one state transition"
time="2026-08-06T17:32:31Z" level=error msg="Failed to store events for file session_2026-08-06_10-30-02_132554_1/dba0f6884e0bb20d5a3abfc458ed9fa1ca0ad38650e289b6d568c26d/job_events/03000000/dba0f6884e0bb20d5a3abfc458ed9fa1ca0ad38650e289b6d568c26d-2026-08-06-17-1786037428115919553.jsonl: TASK_LIFECYCLE_EVENT must have at least one state transition"
time="2026-08-06T17:32:32Z" level=error msg="Failed to store events for file session_2026-08-06_10-30-02_132554_1/dba0f6884e0bb20d5a3abfc458ed9fa1ca0ad38650e289b6d568c26d/job_events/03000000/dba0f6884e0bb20d5a3abfc458ed9fa1ca0ad38650e289b6d568c26d-2026-08-06-17-1786037428115919553.jsonl: TASK_LIFECYCLE_EVENT must have at least one state transition"
time="2026-08-06T17:32:32Z" level=error msg="Failed to store events for file session_2026-08-06_10-30-02_132554_1/dba0f6884e0bb20d5a3abfc458ed9fa1ca0ad38650e289b6d568c26d/job_events/03000000/dba0f6884e0bb20d5a3abfc458ed9fa1ca0ad38650e289b6d568c26d-2026-08-06-17-1786037428115919553.jsonl: TASK_LIFECYCLE_EVENT must have at least one state transition"
time="2026-08-06T17:32:33Z" level=error msg="Failed to store events for file session_2026-08-06_10-30-02_132554_1/dba0f6884e0bb20d5a3abfc458ed9fa1ca0ad38650e289b6d568c26d/job_events/03000000/dba0f6884e0bb20d5a3abfc458ed9fa1ca0ad38650e289b6d568c26d-2026-08-06-17-1786037428115919553.jsonl: TASK_LIFECYCLE_EVENT must have at least one state transition"
time="2026-08-06T17:32:33Z" level=error msg="Failed to store events for file session_2026-08-06_10-30-02_132554_1/dba0f6884e0bb20d5a3abfc458ed9fa1ca0ad38650e289b6d568c26d/job_events/03000000/dba0f6884e0bb20d5a3abfc458ed9fa1ca0ad38650e289b6d568c26d-2026-08-06-17-1786037428115919553.jsonl: TASK_LIFECYCLE_EVENT must have at least one state transition"
time="2026-08-06T17:32:33Z" level=error msg="Failed to store events for file session_2026-08-06_10-30-02_132554_1/dba0f6884e0bb20d5a3abfc458ed9fa1ca0ad38650e289b6d568c26d/job_events/03000000/dba0f6884e0bb20d5a3abfc458ed9fa1ca0ad38650e289b6d568c26d-2026-08-06-17-1786037428115919553.jsonl: TASK_LIFECYCLE_EVENT must have at least one state transition"
time="2026-08-06T17:32:33Z" level=error msg="Failed to store events for file session_2026-08-06_10-30-02_132554_1/dba0f6884e0bb20d5a3abfc458ed9fa1ca0ad38650e289b6d568c26d/job_events/03000000/dba0f6884e0bb20d5a3abfc458ed9fa1ca0ad38650e289b6d568c26d-2026-08-06-17-1786037428115919553.jsonl: TASK_LIFECYCLE_EVENT must have at least one state transition"
time="2026-08-06T17:32:34Z" level=error msg="Failed to store events for file session_2026-08-06_10-30-02_132554_1/dba0f6884e0bb20d5a3abfc458ed9fa1ca0ad38650e289b6d568c26d/job_events/03000000/dba0f6884e0bb20d5a3abfc458ed9fa1ca0ad38650e289b6d568c26d-2026-08-06-17-1786037428115919553.jsonl: TASK_LIFECYCLE_EVENT must have at least one state transition"
time="2026-08-06T17:32:34Z" level=error msg="Failed to store events for file session_2026-08-06_10-30-02_132554_1/dba0f6884e0bb20d5a3abfc458ed9fa1ca0ad38650e289b6d568c26d/job_events/03000000/dba0f6884e0bb20d5a3abfc458ed9fa1ca0ad38650e289b6d568c26d-2026-08-06-17-1786037428115919553.jsonl: TASK_LIFECYCLE_EVENT must have at least one state transition"
time="2026-08-06T17:32:35Z" level=error msg="Failed to store events for file session_2026-08-06_10-30-02_132554_1/dba0f6884e0bb20d5a3abfc458ed9fa1ca0ad38650e289b6d568c26d/job_events/03000000/dba0f6884e0bb20d5a3abfc458ed9fa1ca0ad38650e289b6d568c26d-2026-08-06-17-1786037428115919553.jsonl: TASK_LIFECYCLE_EVENT must have at least one state transition"
time="2026-08-06T17:32:35Z" level=error msg="Failed to store events for file session_2026-08-06_10-30-02_132554_1/dba0f6884e0bb20d5a3abfc458ed9fa1ca0ad38650e289b6d568c26d/job_events/03000000/dba0f6884e0bb20d5a3abfc458ed9fa1ca0ad38650e289b6d568c26d-2026-08-06-17-1786037428115919553.jsonl: TASK_LIFECYCLE_EVENT must have at least one state transition"
time="2026-08-06T17:32:36Z" level=error msg="Failed to store events for file session_2026-08-06_10-30-02_132554_1/dba0f6884e0bb20d5a3abfc458ed9fa1ca0ad38650e289b6d568c26d/job_events/03000000/dba0f6884e0bb20d5a3abfc458ed9fa1ca0ad38650e289b6d568c26d-2026-08-06-17-1786037428115919553.jsonl: TASK_LIFECYCLE_EVENT must have at least one state transition"
time="2026-08-06T17:32:39Z" level=error msg="Failed to store events for file session_2026-08-06_10-30-02_132554_1/dba0f6884e0bb20d5a3abfc458ed9fa1ca0ad38650e289b6d568c26d/job_events/03000000/dba0f6884e0bb20d5a3abfc458ed9fa1ca0ad38650e289b6d568c26d-2026-08-06-17-1786037428115919553.jsonl: TASK_LIFECYCLE_EVENT must have at least one state transition"
time="2026-08-06T17:32:40Z" level=error msg="Failed to store events for file session_2026-08-06_10-30-02_132554_1/dba0f6884e0bb20d5a3abfc458ed9fa1ca0ad38650e289b6d568c26d/job_events/03000000/dba0f6884e0bb20d5a3abfc458ed9fa1ca0ad38650e289b6d568c26d-2026-08-06-17-1786037428115919553.jsonl: TASK_LIFECYCLE_EVENT must have at least one state transition"
time="2026-08-06T17:32:40Z" level=error msg="Failed to store events for file session_2026-08-06_10-30-02_132554_1/dba0f6884e0bb20d5a3abfc458ed9fa1ca0ad38650e289b6d568c26d/job_events/03000000/dba0f6884e0bb20d5a3abfc458ed9fa1ca0ad38650e289b6d568c26d-2026-08-06-17-1786037428115919553.jsonl: TASK_LIFECYCLE_EVENT must have at least one state transition"
time="2026-08-06T17:32:41Z" level=error msg="Failed to store events for file session_2026-08-06_10-30-02_132554_1/dba0f6884e0bb20d5a3abfc458ed9fa1ca0ad38650e289b6d568c26d/job_events/03000000/dba0f6884e0bb20d5a3abfc458ed9fa1ca0ad38650e289b6d568c26d-2026-08-06-17-1786037428115919553.jsonl: TASK_LIFECYCLE_EVENT must have at least one state transition"
time="2026-08-06T17:32:41Z" level=error msg="Failed to store events for file session_2026-08-06_10-30-02_132554_1/dba0f6884e0bb20d5a3abfc458ed9fa1ca0ad38650e289b6d568c26d/job_events/03000000/dba0f6884e0bb20d5a3abfc458ed9fa1ca0ad38650e289b6d568c26d-2026-08-06-17-1786037428115919553.jsonl: TASK_LIFECYCLE_EVENT must have at least one state transition"
time="2026-08-06T17:32:42Z" level=error msg="Failed to store events for file session_2026-08-06_10-30-02_132554_1/dba0f6884e0bb20d5a3abfc458ed9fa1ca0ad38650e289b6d568c26d/job_events/03000000/dba0f6884e0bb20d5a3abfc458ed9fa1ca0ad38650e289b6d568c26d-2026-08-06-17-1786037428115919553.jsonl: TASK_LIFECYCLE_EVENT must have at least one state transition"
time="2026-08-06T17:32:42Z" level=error msg="Failed to store events for file session_2026-08-06_10-30-02_132554_1/dba0f6884e0bb20d5a3abfc458ed9fa1ca0ad38650e289b6d568c26d/job_events/03000000/dba0f6884e0bb20d5a3abfc458ed9fa1ca0ad38650e289b6d568c26d-2026-08-06-17-1786037428115919553.jsonl: TASK_LIFECYCLE_EVENT must have at least one state transition"
time="2026-08-06T17:32:42Z" level=error msg="Failed to store events for file session_2026-08-06_10-30-02_132554_1/dba0f6884e0bb20d5a3abfc458ed9fa1ca0ad38650e289b6d568c26d/job_events/03000000/dba0f6884e0bb20d5a3abfc458ed9fa1ca0ad38650e289b6d568c26d-2026-08-06-17-1786037428115919553.jsonl: TASK_LIFECYCLE_EVENT must have at least one state transition"
time="2026-08-06T17:32:42Z" level=error msg="Failed to store events for file session_2026-08-06_10-30-02_132554_1/dba0f6884e0bb20d5a3abfc458ed9fa1ca0ad38650e289b6d568c26d/job_events/03000000/dba0f6884e0bb20d5a3abfc458ed9fa1ca0ad38650e289b6d568c26d-2026-08-06-17-1786037428115919553.jsonl: TASK_LIFECYCLE_EVENT must have at least one state transition"
time="2026-08-06T17:32:43Z" level=error msg="Failed to store events for file session_2026-08-06_10-30-02_132554_1/dba0f6884e0bb20d5a3abfc458ed9fa1ca0ad38650e289b6d568c26d/job_events/03000000/dba0f6884e0bb20d5a3abfc458ed9fa1ca0ad38650e289b6d568c26d-2026-08-06-17-1786037428115919553.jsonl: TASK_LIFECYCLE_EVENT must have at least one state transition"
time="2026-08-06T17:32:43Z" level=error msg="Failed to store events for file session_2026-08-06_10-30-02_132554_1/dba0f6884e0bb20d5a3abfc458ed9fa1ca0ad38650e289b6d568c26d/job_events/03000000/dba0f6884e0bb20d5a3abfc458ed9fa1ca0ad38650e289b6d568c26d-2026-08-06-17-1786037428115919553.jsonl: TASK_LIFECYCLE_EVENT must have at least one state transition"
time="2026-08-06T17:32:43Z" level=error msg="Failed to store events for file session_2026-08-06_10-30-02_132554_1/dba0f6884e0bb20d5a3abfc458ed9fa1ca0ad38650e289b6d568c26d/job_events/03000000/dba0f6884e0bb20d5a3abfc458ed9fa1ca0ad38650e289b6d568c26d-2026-08-06-17-1786037428115919553.jsonl: TASK_LIFECYCLE_EVENT must have at least one state transition"
time="2026-08-06T17:32:43Z" level=error msg="Failed to store events for file session_2026-08-06_10-30-02_132554_1/dba0f6884e0bb20d5a3abfc458ed9fa1ca0ad38650e289b6d568c26d/job_events/03000000/dba0f6884e0bb20d5a3abfc458ed9fa1ca0ad38650e289b6d568c26d-2026-08-06-17-1786037428115919553.jsonl: TASK_LIFECYCLE_EVENT must have at least one state transition"
time="2026-08-06T17:32:44Z" level=error msg="Failed to store events for file session_2026-08-06_10-30-02_132554_1/dba0f6884e0bb20d5a3abfc458ed9fa1ca0ad38650e289b6d568c26d/job_events/03000000/dba0f6884e0bb20d5a3abfc458ed9fa1ca0ad38650e289b6d568c26d-2026-08-06-17-1786037428115919553.jsonl: TASK_LIFECYCLE_EVENT must have at least one state transition"
time="2026-08-06T17:32:44Z" level=error msg="Failed to store events for file session_2026-08-06_10-30-02_132554_1/dba0f6884e0bb20d5a3abfc458ed9fa1ca0ad38650e289b6d568c26d/job_events/03000000/dba0f6884e0bb20d5a3abfc458ed9fa1ca0ad38650e289b6d568c26d-2026-08-06-17-1786037428115919553.jsonl: TASK_LIFECYCLE_EVENT must have at least one state transition"
time="2026-08-06T17:32:44Z" level=error msg="Failed to store events for file session_2026-08-06_10-30-02_132554_1/dba0f6884e0bb20d5a3abfc458ed9fa1ca0ad38650e289b6d568c26d/job_events/03000000/dba0f6884e0bb20d5a3abfc458ed9fa1ca0ad38650e289b6d568c26d-2026-08-06-17-1786037428115919553.jsonl: TASK_LIFECYCLE_EVENT must have at least one state transition"
time="2026-08-06T17:32:44Z" level=error msg="Failed to store events for file session_2026-08-06_10-30-02_132554_1/dba0f6884e0bb20d5a3abfc458ed9fa1ca0ad38650e289b6d568c26d/job_events/03000000/dba0f6884e0bb20d5a3abfc458ed9fa1ca0ad38650e289b6d568c26d-2026-08-06-17-1786037428115919553.jsonl: TASK_LIFECYCLE_EVENT must have at least one state transition"
time="2026-08-06T17:32:45Z" level=error msg="Failed to store events for file session_2026-08-06_10-30-02_132554_1/dba0f6884e0bb20d5a3abfc458ed9fa1ca0ad38650e289b6d568c26d/job_events/03000000/dba0f6884e0bb20d5a3abfc458ed9fa1ca0ad38650e289b6d568c26d-2026-08-06-17-1786037428115919553.jsonl: TASK_LIFECYCLE_EVENT must have at least one state transition"
time="2026-08-06T17:32:45Z" level=error msg="Failed to store events for file session_2026-08-06_10-30-02_132554_1/dba0f6884e0bb20d5a3abfc458ed9fa1ca0ad38650e289b6d568c26d/job_events/03000000/dba0f6884e0bb20d5a3abfc458ed9fa1ca0ad38650e289b6d568c26d-2026-08-06-17-1786037428115919553.jsonl: TASK_LIFECYCLE_EVENT must have at least one state transition"
time="2026-08-06T17:32:45Z" level=error msg="Failed to store events for file session_2026-08-06_10-30-02_132554_1/dba0f6884e0bb20d5a3abfc458ed9fa1ca0ad38650e289b6d568c26d/job_events/03000000/dba0f6884e0bb20d5a3abfc458ed9fa1ca0ad38650e289b6d568c26d-2026-08-06-17-1786037428115919553.jsonl: TASK_LIFECYCLE_EVENT must have at least one state transition"
time="2026-08-06T17:32:45Z" level=error msg="Failed to store events for file session_2026-08-06_10-30-02_132554_1/dba0f6884e0bb20d5a3abfc458ed9fa1ca0ad38650e289b6d568c26d/job_events/03000000/dba0f6884e0bb20d5a3abfc458ed9fa1ca0ad38650e289b6d568c26d-2026-08-06-17-1786037428115919553.jsonl: TASK_LIFECYCLE_EVENT must have at least one state transition"
time="2026-08-06T17:32:46Z" level=error msg="Failed to store events for file session_2026-08-06_10-30-02_132554_1/dba0f6884e0bb20d5a3abfc458ed9fa1ca0ad38650e289b6d568c26d/job_events/03000000/dba0f6884e0bb20d5a3abfc458ed9fa1ca0ad38650e289b6d568c26d-2026-08-06-17-1786037428115919553.jsonl: TASK_LIFECYCLE_EVENT must have at least one state transition"
time="2026-08-06T17:32:46Z" level=error msg="Failed to store events for file session_2026-08-06_10-30-02_132554_1/dba0f6884e0bb20d5a3abfc458ed9fa1ca0ad38650e289b6d568c26d/job_events/03000000/dba0f6884e0bb20d5a3abfc458ed9fa1ca0ad38650e289b6d568c26d-2026-08-06-17-1786037428115919553.jsonl: TASK_LIFECYCLE_EVENT must have at least one state transition"
time="2026-08-06T17:32:47Z" level=error msg="Failed to store events for file session_2026-08-06_10-30-02_132554_1/dba0f6884e0bb20d5a3abfc458ed9fa1ca0ad38650e289b6d568c26d/job_events/03000000/dba0f6884e0bb20d5a3abfc458ed9fa1ca0ad38650e289b6d568c26d-2026-08-06-17-1786037428115919553.jsonl: TASK_LIFECYCLE_EVENT must have at least one state transition"
time="2026-08-06T17:32:47Z" level=info msg="Prepare to get object log/cluster-history/raycluster/test-ns-q54tj/raycluster-historyserver/session_2026-08-06_10-30-02_132554_1/361abb6773bf67cd148d47d5f2a86794895df79daf6d24b6d284666b/node_events/361abb6773bf67cd148d47d5f2a86794895df79daf6d24b6d284666b-2026-08-06-17-1786037407620755960.jsonl info ..."
time="2026-08-06T17:32:49Z" level=info msg="Received request: GET /enter_cluster/test-ns-q54tj/raycluster/raycluster-historyserver/session_2026-08-06_10-30-02_132554_1"
time="2026-08-06T17:32:49Z" level=info msg="[List]Returned objects in log/cluster-metadata/. length of page.Contents: 2, length of page.CommonPrefixes: 0"
time="2026-08-06T17:32:49Z" level=error msg="Failed to parse meta file path: log/cluster-metadata/raycluster/test-ns-q54tj_raycluster-historyserver/, error: invalid path segment count for cluster metadata structure: log/cluster-metadata/raycluster/test-ns-q54tj_raycluster-historyserver/"
time="2026-08-06T17:32:49Z" level=info msg="Parsed cluster raycluster-historyserver for session session_2026-08-06_10-30-02_132554_1 to list"
time="2026-08-06T17:32:49Z" level=info msg="Received request: GET /api/v0/tasks?limit=50000"
time="2026-08-06T17:32:49Z" level=info msg="Request URL /api/v0/tasks?limit=50000"
time="2026-08-06T17:32:49Z" level=info msg="Received request: GET /api/v0/tasks?limit=50000"
time="2026-08-06T17:32:49Z" level=info msg="Request URL /api/v0/tasks?limit=50000"
time="2026-08-06T17:32:49Z" level=info msg="Received request: GET /api/v0/tasks?limit=50000"
time="2026-08-06T17:32:49Z" level=info msg="Request URL /api/v0/tasks?limit=50000"
time="2026-08-06T17:32:49Z" level=info msg="Received request: GET /api/v0/tasks?limit=50000"
time="2026-08-06T17:32:49Z" level=info msg="Request URL /api/v0/tasks?limit=50000"
time="2026-08-06T17:32:49Z" level=info msg="Received request: GET /api/v0/tasks?limit=50000"
time="2026-08-06T17:32:49Z" level=info msg="Request URL /api/v0/tasks?limit=50000"
time="2026-08-06T17:32:49Z" level=info msg="Received request: GET /api/v0/tasks?limit=50000"
time="2026-08-06T17:32:49Z" level=info msg="Request URL /api/v0/tasks?limit=50000"
time="2026-08-06T17:32:49Z" level=info msg="Received request: GET /api/v0/tasks?limit=50000"
time="2026-08-06T17:32:49Z" level=info msg="Request URL /api/v0/tasks?limit=50000"
time="2026-08-06T17:32:49Z" level=info msg="Received request: GET /api/v0/tasks?limit=50000"
time="2026-08-06T17:32:49Z" level=info msg="Request URL /api/v0/tasks?limit=50000"
time="2026-08-06T17:32:49Z" level=info msg="Received request: GET /api/v0/tasks?limit=50000"
time="2026-08-06T17:32:49Z" level=info msg="Request URL /api/v0/tasks?limit=50000"
time="2026-08-06T17:32:49Z" level=info msg="Received request: GET /api/v0/tasks?limit=50000"
time="2026-08-06T17:32:49Z" level=info msg="Request URL /api/v0/tasks?limit=50000"
time="2026-08-06T17:32:49Z" level=info msg="Received request: GET /api/v0/tasks/summarize"
time="2026-08-06T17:32:49Z" level=info msg="Request URL /api/v0/tasks/summarize"
time="2026-08-06T17:32:51Z" level=info msg="Received request: GET /api/v0/tasks/summarize"
time="2026-08-06T17:32:51Z" level=info msg="Request URL /api/v0/tasks/summarize"
time="2026-08-06T17:32:52Z" level=info msg="Received request: GET /api/v0/tasks/summarize"
time="2026-08-06T17:32:52Z" level=info msg="Request URL /api/v0/tasks/summarize"
time="2026-08-06T17:32:55Z" level=info msg="Received request: GET /api/v0/tasks/summarize"
time="2026-08-06T17:32:55Z" level=info msg="Request URL /api/v0/tasks/summarize"
time="2026-08-06T17:32:57Z" level=info msg="Received request: GET /api/v0/tasks/summarize"
time="2026-08-06T17:32:57Z" level=info msg="Request URL /api/v0/tasks/summarize"
time="2026-08-06T17:32:59Z" level=info msg="Received request: GET /api/v0/tasks/summarize"
time="2026-08-06T17:32:59Z" level=info msg="Request URL /api/v0/tasks/summarize"
time="2026-08-06T17:33:01Z" level=info msg="Received request: GET /api/v0/tasks/summarize"
time="2026-08-06T17:33:01Z" level=info msg="Request URL /api/v0/tasks/summarize"
time="2026-08-06T17:33:03Z" level=info msg="Received request: GET /api/v0/tasks/summarize"
time="2026-08-06T17:33:03Z" level=info msg="Request URL /api/v0/tasks/summarize"
time="2026-08-06T17:33:05Z" level=info msg="Received request: GET /api/v0/tasks/summarize"
time="2026-08-06T17:33:05Z" level=info msg="Request URL /api/v0/tasks/summarize"
time="2026-08-06T17:33:07Z" level=info msg="Received request: GET /api/v0/tasks/summarize"
time="2026-08-06T17:33:07Z" level=info msg="Request URL /api/v0/tasks/summarize"
time="2026-08-06T17:33:09Z" level=info msg="Received request: GET /api/jobs/"
time="2026-08-06T17:33:09Z" level=info msg="Request URL /api/jobs/"
time="2026-08-06T17:33:09Z" level=info msg="Received request: GET /api/jobs/"
time="2026-08-06T17:33:09Z" level=info msg="Request URL /api/jobs/"
time="2026-08-06T17:33:09Z" level=info msg="Received request: GET /api/jobs/"
time="2026-08-06T17:33:09Z" level=info msg="Request URL /api/jobs/"
time="2026-08-06T17:33:09Z" level=info msg="Received request: GET /api/jobs/"
time="2026-08-06T17:33:09Z" level=info msg="Request URL /api/jobs/"
time="2026-08-06T17:33:09Z" level=info msg="Received request: GET /api/jobs/"
time="2026-08-06T17:33:09Z" level=info msg="Request URL /api/jobs/"
time="2026-08-06T17:33:09Z" level=info msg="Received request: GET /api/jobs/"
time="2026-08-06T17:33:09Z" level=info msg="Request URL /api/jobs/"
time="2026-08-06T17:33:10Z" level=info msg="Received request: GET /api/jobs/"
time="2026-08-06T17:33:10Z" level=info msg="Request URL /api/jobs/"
time="2026-08-06T17:33:10Z" level=info msg="Received request: GET /api/jobs/"
time="2026-08-06T17:33:10Z" level=info msg="Request URL /api/jobs/"
time="2026-08-06T17:33:10Z" level=info msg="Received request: GET /api/jobs/"
time="2026-08-06T17:33:10Z" level=info msg="Request URL /api/jobs/"
time="2026-08-06T17:33:10Z" level=info msg="Received request: GET /api/jobs/"
time="2026-08-06T17:33:10Z" level=info msg="Request URL /api/jobs/"
time="2026-08-06T17:33:10Z" level=info msg="Request URL /nodes?view=summary"
time="2026-08-06T17:33:11Z" level=info msg="Request URL /nodes?view=summary"
time="2026-08-06T17:33:11Z" level=info msg="Request URL /nodes?view=summary"
time="2026-08-06T17:33:11Z" level=info msg="Request URL /nodes?view=summary"
time="2026-08-06T17:33:11Z" level=info msg="Request URL /nodes?view=summary"
time="2026-08-06T17:33:11Z" level=info msg="Request URL /nodes?view=summary"
time="2026-08-06T17:33:12Z" level=info msg="Request URL /nodes?view=summary"
time="2026-08-06T17:33:13Z" level=info msg="Request URL /nodes?view=summary"
time="2026-08-06T17:33:13Z" level=info msg="Request URL /nodes?view=summary"
time="2026-08-06T17:33:13Z" level=info msg="Request URL /nodes?view=summary"
time="2026-08-06T17:33:13Z" level=info msg="Request URL /events"
time="2026-08-06T17:33:13Z" level=info msg="Request URL /events"
time="2026-08-06T17:33:13Z" level=info msg="Request URL /events"
time="2026-08-06T17:33:14Z" level=info msg="Request URL /events"
time="2026-08-06T17:33:14Z" level=info msg="Request URL /events"
time="2026-08-06T17:33:14Z" level=info msg="Request URL /events"
time="2026-08-06T17:33:14Z" level=info msg="Request URL /events"
time="2026-08-06T17:33:14Z" level=info msg="Request URL /events"
time="2026-08-06T17:33:15Z" level=info msg="Request URL /events"
time="2026-08-06T17:33:15Z" level=info msg="Request URL /events"
