gc 1 @0.329s 7%: 1.2+60+1.3 ms clock, 2.5+2.3/53/5.9+2.7 ms cpu, 3->3->2 MB, 4 MB goal, 0 MB stacks, 0 MB globals, 2 P
gc 2 @0.543s 5%: 0.10+48+1.1 ms clock, 0.20+0.23/4.4/44+2.3 ms cpu, 5->5->3 MB, 5 MB goal, 0 MB stacks, 0 MB globals, 2 P
gc 3 @0.842s 7%: 0.14+53+18 ms clock, 0.29+0.24/49/46+37 ms cpu, 7->7->5 MB, 8 MB goal, 0 MB stacks, 0 MB globals, 2 P
time="2026-08-06T17:36:44Z" level=info msg="create client manager successfully, clients: 1"
time="2026-08-06T17:36:44Z" level=info msg="Begin to create s3 client ..."
time="2026-08-06T17:36:44Z" level=info msg="Checking if bucket ray-historyserver exists..."
time="2026-08-06T17:36:44Z" level=info msg="Bucket ray-historyserver already exists"
time="2026-08-06T17:36:44Z" level=info msg="Clean logdir is logs"
time="2026-08-06T17:36:44Z" level=info msg="Starting server on :8080"
time="2026-08-06T17:36:45Z" level=info msg="Received request: GET /readz"
time="2026-08-06T17:36:45Z" level=info msg="live clusters: []"
time="2026-08-06T17:36:45Z" level=info msg="[List]Returned objects in log/cluster-metadata/. length of page.Contents: 2, length of page.CommonPrefixes: 0"
time="2026-08-06T17:36:45Z" level=error msg="Failed to parse meta file path: log/cluster-metadata/raycluster/test-ns-ldlxl_raycluster-historyserver/, error: invalid path segment count for cluster metadata structure: log/cluster-metadata/raycluster/test-ns-ldlxl_raycluster-historyserver/"
time="2026-08-06T17:36:45Z" level=info msg="Parsed cluster raycluster-historyserver for session session_2026-08-06_10-35-28_835361_1 to list"
time="2026-08-06T17:36:45Z" level=info msg="live clusters: []"
time="2026-08-06T17:36:45Z" level=info msg="[List]Returned objects in log/cluster-metadata/. length of page.Contents: 2, length of page.CommonPrefixes: 0"
time="2026-08-06T17:36:45Z" level=error msg="Failed to parse meta file path: log/cluster-metadata/raycluster/test-ns-ldlxl_raycluster-historyserver/, error: invalid path segment count for cluster metadata structure: log/cluster-metadata/raycluster/test-ns-ldlxl_raycluster-historyserver/"
time="2026-08-06T17:36:45Z" level=info msg="Parsed cluster raycluster-historyserver for session session_2026-08-06_10-35-28_835361_1 to list"
time="2026-08-06T17:36:45Z" level=info msg="live clusters: []"
time="2026-08-06T17:36:45Z" level=info msg="[List]Returned objects in log/cluster-metadata/. length of page.Contents: 2, length of page.CommonPrefixes: 0"
time="2026-08-06T17:36:45Z" level=error msg="Failed to parse meta file path: log/cluster-metadata/raycluster/test-ns-ldlxl_raycluster-historyserver/, error: invalid path segment count for cluster metadata structure: log/cluster-metadata/raycluster/test-ns-ldlxl_raycluster-historyserver/"
time="2026-08-06T17:36:45Z" level=info msg="Parsed cluster raycluster-historyserver for session session_2026-08-06_10-35-28_835361_1 to list"
time="2026-08-06T17:36:45Z" level=info msg="live clusters: []"
time="2026-08-06T17:36:45Z" level=info msg="[List]Returned objects in log/cluster-metadata/. length of page.Contents: 2, length of page.CommonPrefixes: 0"
time="2026-08-06T17:36:45Z" level=error msg="Failed to parse meta file path: log/cluster-metadata/raycluster/test-ns-ldlxl_raycluster-historyserver/, error: invalid path segment count for cluster metadata structure: log/cluster-metadata/raycluster/test-ns-ldlxl_raycluster-historyserver/"
time="2026-08-06T17:36:45Z" level=info msg="Parsed cluster raycluster-historyserver for session session_2026-08-06_10-35-28_835361_1 to list"
time="2026-08-06T17:36:45Z" level=info msg="live clusters: []"
time="2026-08-06T17:36:45Z" level=info msg="[List]Returned objects in log/cluster-metadata/. length of page.Contents: 2, length of page.CommonPrefixes: 0"
time="2026-08-06T17:36:45Z" level=error msg="Failed to parse meta file path: log/cluster-metadata/raycluster/test-ns-ldlxl_raycluster-historyserver/, error: invalid path segment count for cluster metadata structure: log/cluster-metadata/raycluster/test-ns-ldlxl_raycluster-historyserver/"
time="2026-08-06T17:36:45Z" level=info msg="Parsed cluster raycluster-historyserver for session session_2026-08-06_10-35-28_835361_1 to list"
time="2026-08-06T17:36:45Z" level=info msg="Received request: GET /enter_cluster/test-ns-ldlxl/raycluster/raycluster-historyserver/session_2026-08-06_10-35-28_835361_1"
time="2026-08-06T17:36:45Z" level=info msg="[List]Returned objects in log/cluster-metadata/. length of page.Contents: 2, length of page.CommonPrefixes: 0"
time="2026-08-06T17:36:45Z" level=error msg="Failed to parse meta file path: log/cluster-metadata/raycluster/test-ns-ldlxl_raycluster-historyserver/, error: invalid path segment count for cluster metadata structure: log/cluster-metadata/raycluster/test-ns-ldlxl_raycluster-historyserver/"
time="2026-08-06T17:36:45Z" level=info msg="Parsed cluster raycluster-historyserver for session session_2026-08-06_10-35-28_835361_1 to list"
time="2026-08-06T17:36:45Z" level=info msg="[ListFiles]Returned objects in log/cluster-history/raycluster/test-ns-ldlxl/raycluster-historyserver/session_2026-08-06_10-35-28_835361_1/. length of page.Contents: 0, length of page.CommonPrefixes: 3"
time="2026-08-06T17:36:45Z" level=info msg="[ListFiles]Returned objects in log/cluster-history/raycluster/test-ns-ldlxl/raycluster-historyserver/session_2026-08-06_10-35-28_835361_1/3b1a69349976f4e0d91599a374b8e6bf26761dd5bf6a1ba512700d49/logs/events/. length of page.Contents: 13, length of page.CommonPrefixes: 0"
time="2026-08-06T17:36:45Z" level=info msg="Prepare to get object log/cluster-history/raycluster/test-ns-ldlxl/raycluster-historyserver/session_2026-08-06_10-35-28_835361_1/3b1a69349976f4e0d91599a374b8e6bf26761dd5bf6a1ba512700d49/logs/events/event_CORE_WORKER_228.log info ..."
time="2026-08-06T17:36:45Z" level=info msg="Prepare to get object log/cluster-history/raycluster/test-ns-ldlxl/raycluster-historyserver/session_2026-08-06_10-35-28_835361_1/3b1a69349976f4e0d91599a374b8e6bf26761dd5bf6a1ba512700d49/logs/events/event_CORE_WORKER_229.log info ..."
time="2026-08-06T17:36:45Z" level=info msg="Prepare to get object log/cluster-history/raycluster/test-ns-ldlxl/raycluster-historyserver/session_2026-08-06_10-35-28_835361_1/3b1a69349976f4e0d91599a374b8e6bf26761dd5bf6a1ba512700d49/logs/events/event_CORE_WORKER_309.log info ..."
time="2026-08-06T17:36:45Z" level=info msg="Prepare to get object log/cluster-history/raycluster/test-ns-ldlxl/raycluster-historyserver/session_2026-08-06_10-35-28_835361_1/3b1a69349976f4e0d91599a374b8e6bf26761dd5bf6a1ba512700d49/logs/events/event_CORE_WORKER_317.log info ..."
time="2026-08-06T17:36:45Z" level=info msg="Prepare to get object log/cluster-history/raycluster/test-ns-ldlxl/raycluster-historyserver/session_2026-08-06_10-35-28_835361_1/3b1a69349976f4e0d91599a374b8e6bf26761dd5bf6a1ba512700d49/logs/events/event_CORE_WORKER_403.log info ..."
time="2026-08-06T17:36:45Z" level=info msg="Prepare to get object log/cluster-history/raycluster/test-ns-ldlxl/raycluster-historyserver/session_2026-08-06_10-35-28_835361_1/3b1a69349976f4e0d91599a374b8e6bf26761dd5bf6a1ba512700d49/logs/events/event_CORE_WORKER_411.log info ..."
time="2026-08-06T17:36:45Z" level=info msg="Prepare to get object log/cluster-history/raycluster/test-ns-ldlxl/raycluster-historyserver/session_2026-08-06_10-35-28_835361_1/3b1a69349976f4e0d91599a374b8e6bf26761dd5bf6a1ba512700d49/logs/events/event_CORE_WORKER_505.log info ..."
time="2026-08-06T17:36:45Z" level=info msg="Prepare to get object log/cluster-history/raycluster/test-ns-ldlxl/raycluster-historyserver/session_2026-08-06_10-35-28_835361_1/3b1a69349976f4e0d91599a374b8e6bf26761dd5bf6a1ba512700d49/logs/events/event_CORE_WORKER_513.log info ..."
time="2026-08-06T17:36:45Z" level=info msg="Prepare to get object log/cluster-history/raycluster/test-ns-ldlxl/raycluster-historyserver/session_2026-08-06_10-35-28_835361_1/3b1a69349976f4e0d91599a374b8e6bf26761dd5bf6a1ba512700d49/logs/events/event_CORE_WORKER_601.log info ..."
time="2026-08-06T17:36:45Z" level=info msg="Prepare to get object log/cluster-history/raycluster/test-ns-ldlxl/raycluster-historyserver/session_2026-08-06_10-35-28_835361_1/3b1a69349976f4e0d91599a374b8e6bf26761dd5bf6a1ba512700d49/logs/events/event_CORE_WORKER_609.log info ..."
time="2026-08-06T17:36:45Z" level=info msg="Prepare to get object log/cluster-history/raycluster/test-ns-ldlxl/raycluster-historyserver/session_2026-08-06_10-35-28_835361_1/3b1a69349976f4e0d91599a374b8e6bf26761dd5bf6a1ba512700d49/logs/events/event_CORE_WORKER_682.log info ..."
time="2026-08-06T17:36:45Z" level=info msg="Prepare to get object log/cluster-history/raycluster/test-ns-ldlxl/raycluster-historyserver/session_2026-08-06_10-35-28_835361_1/3b1a69349976f4e0d91599a374b8e6bf26761dd5bf6a1ba512700d49/logs/events/event_RAYLET.log info ..."
time="2026-08-06T17:36:45Z" level=info msg="[ListFiles]Returned objects in log/cluster-history/raycluster/test-ns-ldlxl/raycluster-historyserver/session_2026-08-06_10-35-28_835361_1/d495e66ded99835cca9580bc614596be120612aee558c565538bd030/logs/events/. length of page.Contents: 11, length of page.CommonPrefixes: 0"
time="2026-08-06T17:36:45Z" level=info msg="Prepare to get object log/cluster-history/raycluster/test-ns-ldlxl/raycluster-historyserver/session_2026-08-06_10-35-28_835361_1/d495e66ded99835cca9580bc614596be120612aee558c565538bd030/logs/events/event_AUTOSCALER.log info ..."
time="2026-08-06T17:36:45Z" level=info msg="Prepare to get object log/cluster-history/raycluster/test-ns-ldlxl/raycluster-historyserver/session_2026-08-06_10-35-28_835361_1/d495e66ded99835cca9580bc614596be120612aee558c565538bd030/logs/events/event_CORE_WORKER_1018.log info ..."
time="2026-08-06T17:36:45Z" level=info msg="Prepare to get object log/cluster-history/raycluster/test-ns-ldlxl/raycluster-historyserver/session_2026-08-06_10-35-28_835361_1/d495e66ded99835cca9580bc614596be120612aee558c565538bd030/logs/events/event_CORE_WORKER_1182.log info ..."
time="2026-08-06T17:36:45Z" level=info msg="Prepare to get object log/cluster-history/raycluster/test-ns-ldlxl/raycluster-historyserver/session_2026-08-06_10-35-28_835361_1/d495e66ded99835cca9580bc614596be120612aee558c565538bd030/logs/events/event_CORE_WORKER_200.log info ..."
time="2026-08-06T17:36:45Z" level=info msg="Prepare to get object log/cluster-history/raycluster/test-ns-ldlxl/raycluster-historyserver/session_2026-08-06_10-35-28_835361_1/d495e66ded99835cca9580bc614596be120612aee558c565538bd030/logs/events/event_CORE_WORKER_205.log info ..."
time="2026-08-06T17:36:45Z" level=info msg="Prepare to get object log/cluster-history/raycluster/test-ns-ldlxl/raycluster-historyserver/session_2026-08-06_10-35-28_835361_1/d495e66ded99835cca9580bc614596be120612aee558c565538bd030/logs/events/event_CORE_WORKER_676.log info ..."
time="2026-08-06T17:36:45Z" level=info msg="Prepare to get object log/cluster-history/raycluster/test-ns-ldlxl/raycluster-historyserver/session_2026-08-06_10-35-28_835361_1/d495e66ded99835cca9580bc614596be120612aee558c565538bd030/logs/events/event_CORE_WORKER_960.log info ..."
time="2026-08-06T17:36:45Z" level=info msg="Prepare to get object log/cluster-history/raycluster/test-ns-ldlxl/raycluster-historyserver/session_2026-08-06_10-35-28_835361_1/d495e66ded99835cca9580bc614596be120612aee558c565538bd030/logs/events/event_GCS.log info ..."
gc 4 @2.458s 3%: 0.13+54+0.12 ms clock, 0.26+0.21/43/33+0.24 ms cpu, 10->11->7 MB, 12 MB goal, 0 MB stacks, 0 MB globals, 2 P
time="2026-08-06T17:36:45Z" level=info msg="Prepare to get object log/cluster-history/raycluster/test-ns-ldlxl/raycluster-historyserver/session_2026-08-06_10-35-28_835361_1/d495e66ded99835cca9580bc614596be120612aee558c565538bd030/logs/events/event_JOBS.log info ..."
time="2026-08-06T17:36:45Z" level=info msg="Prepare to get object log/cluster-history/raycluster/test-ns-ldlxl/raycluster-historyserver/session_2026-08-06_10-35-28_835361_1/d495e66ded99835cca9580bc614596be120612aee558c565538bd030/logs/events/event_RAYLET.log info ..."
time="2026-08-06T17:36:45Z" level=info msg="[ListFiles]Returned objects in log/cluster-history/raycluster/test-ns-ldlxl/raycluster-historyserver/session_2026-08-06_10-35-28_835361_1/fetched_endpoints/logs/events/. length of page.Contents: 0, length of page.CommonPrefixes: 0"
time="2026-08-06T17:36:45Z" level=info msg="[ListFiles]Returned objects in log/cluster-history/raycluster/test-ns-ldlxl/raycluster-historyserver/session_2026-08-06_10-35-28_835361_1/. length of page.Contents: 0, length of page.CommonPrefixes: 3"
time="2026-08-06T17:36:45Z" level=info msg="[ListFiles]Returned objects in log/cluster-history/raycluster/test-ns-ldlxl/raycluster-historyserver/session_2026-08-06_10-35-28_835361_1/3b1a69349976f4e0d91599a374b8e6bf26761dd5bf6a1ba512700d49/job_events/. length of page.Contents: 0, length of page.CommonPrefixes: 1"
time="2026-08-06T17:36:45Z" level=info msg="[ListFiles]Returned objects in log/cluster-history/raycluster/test-ns-ldlxl/raycluster-historyserver/session_2026-08-06_10-35-28_835361_1/3b1a69349976f4e0d91599a374b8e6bf26761dd5bf6a1ba512700d49/job_events/03000000/. length of page.Contents: 2, length of page.CommonPrefixes: 0"
time="2026-08-06T17:36:45Z" level=info msg="[ListFiles]Returned objects in log/cluster-history/raycluster/test-ns-ldlxl/raycluster-historyserver/session_2026-08-06_10-35-28_835361_1/d495e66ded99835cca9580bc614596be120612aee558c565538bd030/job_events/. length of page.Contents: 0, length of page.CommonPrefixes: 4"
time="2026-08-06T17:36:45Z" level=info msg="[ListFiles]Returned objects in log/cluster-history/raycluster/test-ns-ldlxl/raycluster-historyserver/session_2026-08-06_10-35-28_835361_1/d495e66ded99835cca9580bc614596be120612aee558c565538bd030/job_events/01000000/. length of page.Contents: 2, length of page.CommonPrefixes: 0"
time="2026-08-06T17:36:45Z" level=info msg="[ListFiles]Returned objects in log/cluster-history/raycluster/test-ns-ldlxl/raycluster-historyserver/session_2026-08-06_10-35-28_835361_1/d495e66ded99835cca9580bc614596be120612aee558c565538bd030/job_events/02000000/. length of page.Contents: 2, length of page.CommonPrefixes: 0"
time="2026-08-06T17:36:45Z" level=info msg="[ListFiles]Returned objects in log/cluster-history/raycluster/test-ns-ldlxl/raycluster-historyserver/session_2026-08-06_10-35-28_835361_1/d495e66ded99835cca9580bc614596be120612aee558c565538bd030/job_events/03000000/. length of page.Contents: 2, length of page.CommonPrefixes: 0"
time="2026-08-06T17:36:45Z" level=info msg="[ListFiles]Returned objects in log/cluster-history/raycluster/test-ns-ldlxl/raycluster-historyserver/session_2026-08-06_10-35-28_835361_1/d495e66ded99835cca9580bc614596be120612aee558c565538bd030/job_events/04000000/. length of page.Contents: 2, length of page.CommonPrefixes: 0"
time="2026-08-06T17:36:45Z" level=info msg="[ListFiles]Returned objects in log/cluster-history/raycluster/test-ns-ldlxl/raycluster-historyserver/session_2026-08-06_10-35-28_835361_1/fetched_endpoints/job_events/. length of page.Contents: 0, length of page.CommonPrefixes: 0"
time="2026-08-06T17:36:45Z" level=info msg="[ListFiles]Returned objects in log/cluster-history/raycluster/test-ns-ldlxl/raycluster-historyserver/session_2026-08-06_10-35-28_835361_1/. length of page.Contents: 0, length of page.CommonPrefixes: 3"
time="2026-08-06T17:36:45Z" level=info msg="[ListFiles]Returned objects in log/cluster-history/raycluster/test-ns-ldlxl/raycluster-historyserver/session_2026-08-06_10-35-28_835361_1/3b1a69349976f4e0d91599a374b8e6bf26761dd5bf6a1ba512700d49/node_events/. length of page.Contents: 0, length of page.CommonPrefixes: 0"
time="2026-08-06T17:36:45Z" level=info msg="[ListFiles]Returned objects in log/cluster-history/raycluster/test-ns-ldlxl/raycluster-historyserver/session_2026-08-06_10-35-28_835361_1/d495e66ded99835cca9580bc614596be120612aee558c565538bd030/node_events/. length of page.Contents: 2, length of page.CommonPrefixes: 0"
time="2026-08-06T17:36:45Z" level=info msg="[ListFiles]Returned objects in log/cluster-history/raycluster/test-ns-ldlxl/raycluster-historyserver/session_2026-08-06_10-35-28_835361_1/fetched_endpoints/node_events/. length of page.Contents: 0, length of page.CommonPrefixes: 0"
time="2026-08-06T17:36:45Z" level=info msg="Prepare to get object log/cluster-history/raycluster/test-ns-ldlxl/raycluster-historyserver/session_2026-08-06_10-35-28_835361_1/3b1a69349976f4e0d91599a374b8e6bf26761dd5bf6a1ba512700d49/job_events/03000000/3b1a69349976f4e0d91599a374b8e6bf26761dd5bf6a1ba512700d49-2026-08-06-17-1786037754030864217.jsonl info ..."
gc 5 @2.543s 3%: 0.15+68+0.082 ms clock, 0.31+1.5/25/46+0.16 ms cpu, 14->14->12 MB, 14 MB goal, 0 MB stacks, 0 MB globals, 2 P
gc 6 @2.619s 4%: 0.11+9.9+0.046 ms clock, 0.23+0.36/5.5/8.1+0.092 ms cpu, 25->25->25 MB, 25 MB goal, 0 MB stacks, 0 MB globals, 2 P
gc 7 @2.690s 4%: 0.14+33+0.043 ms clock, 0.28+0/11/25+0.086 ms cpu, 69->69->69 MB, 69 MB goal, 0 MB stacks, 0 MB globals, 2 P
gc 8 @2.812s 4%: 0.33+114+0.85 ms clock, 0.67+0/10/103+1.7 ms cpu, 163->176->82 MB, 163 MB goal, 0 MB stacks, 0 MB globals, 2 P
gc 9 @3.024s 6%: 0.16+88+0.040 ms clock, 0.32+71/73/14+0.080 ms cpu, 163->163->163 MB, 164 MB goal, 0 MB stacks, 0 MB globals, 2 P
gc 10 @5.528s 5%: 0.20+399+0.13 ms clock, 0.41+0.26/235/279+0.27 ms cpu, 292->295->120 MB, 327 MB goal, 0 MB stacks, 0 MB globals, 2 P
gc 11 @9.022s 5%: 0.15+991+0.18 ms clock, 0.30+0.22/560/622+0.36 ms cpu, 206->213->189 MB, 242 MB goal, 0 MB stacks, 0 MB globals, 2 P
gc 12 @14.917s 6%: 0.16+1802+0.078 ms clock, 0.33+0.27/912/1153+0.15 ms cpu, 323->337->298 MB, 379 MB goal, 0 MB stacks, 0 MB globals, 2 P
time="2026-08-06T17:37:02Z" level=error msg="Failed to store events for file session_2026-08-06_10-35-28_835361_1/3b1a69349976f4e0d91599a374b8e6bf26761dd5bf6a1ba512700d49/job_events/03000000/3b1a69349976f4e0d91599a374b8e6bf26761dd5bf6a1ba512700d49-2026-08-06-17-1786037754030864217.jsonl: TASK_LIFECYCLE_EVENT must have at least one state transition"
time="2026-08-06T17:37:03Z" level=error msg="Failed to store events for file session_2026-08-06_10-35-28_835361_1/3b1a69349976f4e0d91599a374b8e6bf26761dd5bf6a1ba512700d49/job_events/03000000/3b1a69349976f4e0d91599a374b8e6bf26761dd5bf6a1ba512700d49-2026-08-06-17-1786037754030864217.jsonl: TASK_LIFECYCLE_EVENT must have at least one state transition"
time="2026-08-06T17:37:03Z" level=error msg="Failed to store events for file session_2026-08-06_10-35-28_835361_1/3b1a69349976f4e0d91599a374b8e6bf26761dd5bf6a1ba512700d49/job_events/03000000/3b1a69349976f4e0d91599a374b8e6bf26761dd5bf6a1ba512700d49-2026-08-06-17-1786037754030864217.jsonl: TASK_LIFECYCLE_EVENT must have at least one state transition"
time="2026-08-06T17:37:04Z" level=error msg="Failed to store events for file session_2026-08-06_10-35-28_835361_1/3b1a69349976f4e0d91599a374b8e6bf26761dd5bf6a1ba512700d49/job_events/03000000/3b1a69349976f4e0d91599a374b8e6bf26761dd5bf6a1ba512700d49-2026-08-06-17-1786037754030864217.jsonl: TASK_LIFECYCLE_EVENT must have at least one state transition"
time="2026-08-06T17:37:04Z" level=error msg="Failed to store events for file session_2026-08-06_10-35-28_835361_1/3b1a69349976f4e0d91599a374b8e6bf26761dd5bf6a1ba512700d49/job_events/03000000/3b1a69349976f4e0d91599a374b8e6bf26761dd5bf6a1ba512700d49-2026-08-06-17-1786037754030864217.jsonl: TASK_LIFECYCLE_EVENT must have at least one state transition"
time="2026-08-06T17:37:04Z" level=error msg="Failed to store events for file session_2026-08-06_10-35-28_835361_1/3b1a69349976f4e0d91599a374b8e6bf26761dd5bf6a1ba512700d49/job_events/03000000/3b1a69349976f4e0d91599a374b8e6bf26761dd5bf6a1ba512700d49-2026-08-06-17-1786037754030864217.jsonl: TASK_LIFECYCLE_EVENT must have at least one state transition"
time="2026-08-06T17:37:06Z" level=error msg="Failed to store events for file session_2026-08-06_10-35-28_835361_1/3b1a69349976f4e0d91599a374b8e6bf26761dd5bf6a1ba512700d49/job_events/03000000/3b1a69349976f4e0d91599a374b8e6bf26761dd5bf6a1ba512700d49-2026-08-06-17-1786037754030864217.jsonl: TASK_LIFECYCLE_EVENT must have at least one state transition"
time="2026-08-06T17:37:06Z" level=error msg="Failed to store events for file session_2026-08-06_10-35-28_835361_1/3b1a69349976f4e0d91599a374b8e6bf26761dd5bf6a1ba512700d49/job_events/03000000/3b1a69349976f4e0d91599a374b8e6bf26761dd5bf6a1ba512700d49-2026-08-06-17-1786037754030864217.jsonl: TASK_LIFECYCLE_EVENT must have at least one state transition"
time="2026-08-06T17:37:06Z" level=error msg="Failed to store events for file session_2026-08-06_10-35-28_835361_1/3b1a69349976f4e0d91599a374b8e6bf26761dd5bf6a1ba512700d49/job_events/03000000/3b1a69349976f4e0d91599a374b8e6bf26761dd5bf6a1ba512700d49-2026-08-06-17-1786037754030864217.jsonl: TASK_LIFECYCLE_EVENT must have at least one state transition"
time="2026-08-06T17:37:06Z" level=error msg="Failed to store events for file session_2026-08-06_10-35-28_835361_1/3b1a69349976f4e0d91599a374b8e6bf26761dd5bf6a1ba512700d49/job_events/03000000/3b1a69349976f4e0d91599a374b8e6bf26761dd5bf6a1ba512700d49-2026-08-06-17-1786037754030864217.jsonl: TASK_LIFECYCLE_EVENT must have at least one state transition"
time="2026-08-06T17:37:06Z" level=error msg="Failed to store events for file session_2026-08-06_10-35-28_835361_1/3b1a69349976f4e0d91599a374b8e6bf26761dd5bf6a1ba512700d49/job_events/03000000/3b1a69349976f4e0d91599a374b8e6bf26761dd5bf6a1ba512700d49-2026-08-06-17-1786037754030864217.jsonl: TASK_LIFECYCLE_EVENT must have at least one state transition"
time="2026-08-06T17:37:07Z" level=error msg="Failed to store events for file session_2026-08-06_10-35-28_835361_1/3b1a69349976f4e0d91599a374b8e6bf26761dd5bf6a1ba512700d49/job_events/03000000/3b1a69349976f4e0d91599a374b8e6bf26761dd5bf6a1ba512700d49-2026-08-06-17-1786037754030864217.jsonl: TASK_LIFECYCLE_EVENT must have at least one state transition"
time="2026-08-06T17:37:07Z" level=error msg="Failed to store events for file session_2026-08-06_10-35-28_835361_1/3b1a69349976f4e0d91599a374b8e6bf26761dd5bf6a1ba512700d49/job_events/03000000/3b1a69349976f4e0d91599a374b8e6bf26761dd5bf6a1ba512700d49-2026-08-06-17-1786037754030864217.jsonl: TASK_LIFECYCLE_EVENT must have at least one state transition"
time="2026-08-06T17:37:07Z" level=error msg="Failed to store events for file session_2026-08-06_10-35-28_835361_1/3b1a69349976f4e0d91599a374b8e6bf26761dd5bf6a1ba512700d49/job_events/03000000/3b1a69349976f4e0d91599a374b8e6bf26761dd5bf6a1ba512700d49-2026-08-06-17-1786037754030864217.jsonl: TASK_LIFECYCLE_EVENT must have at least one state transition"
time="2026-08-06T17:37:07Z" level=error msg="Failed to store events for file session_2026-08-06_10-35-28_835361_1/3b1a69349976f4e0d91599a374b8e6bf26761dd5bf6a1ba512700d49/job_events/03000000/3b1a69349976f4e0d91599a374b8e6bf26761dd5bf6a1ba512700d49-2026-08-06-17-1786037754030864217.jsonl: TASK_LIFECYCLE_EVENT must have at least one state transition"
time="2026-08-06T17:37:07Z" level=error msg="Failed to store events for file session_2026-08-06_10-35-28_835361_1/3b1a69349976f4e0d91599a374b8e6bf26761dd5bf6a1ba512700d49/job_events/03000000/3b1a69349976f4e0d91599a374b8e6bf26761dd5bf6a1ba512700d49-2026-08-06-17-1786037754030864217.jsonl: TASK_LIFECYCLE_EVENT must have at least one state transition"
time="2026-08-06T17:37:09Z" level=error msg="Failed to store events for file session_2026-08-06_10-35-28_835361_1/3b1a69349976f4e0d91599a374b8e6bf26761dd5bf6a1ba512700d49/job_events/03000000/3b1a69349976f4e0d91599a374b8e6bf26761dd5bf6a1ba512700d49-2026-08-06-17-1786037754030864217.jsonl: TASK_LIFECYCLE_EVENT must have at least one state transition"
time="2026-08-06T17:37:09Z" level=error msg="Failed to store events for file session_2026-08-06_10-35-28_835361_1/3b1a69349976f4e0d91599a374b8e6bf26761dd5bf6a1ba512700d49/job_events/03000000/3b1a69349976f4e0d91599a374b8e6bf26761dd5bf6a1ba512700d49-2026-08-06-17-1786037754030864217.jsonl: TASK_LIFECYCLE_EVENT must have at least one state transition"
time="2026-08-06T17:37:09Z" level=error msg="Failed to store events for file session_2026-08-06_10-35-28_835361_1/3b1a69349976f4e0d91599a374b8e6bf26761dd5bf6a1ba512700d49/job_events/03000000/3b1a69349976f4e0d91599a374b8e6bf26761dd5bf6a1ba512700d49-2026-08-06-17-1786037754030864217.jsonl: TASK_LIFECYCLE_EVENT must have at least one state transition"
gc 13 @26.728s 5%: 0.36+2493+0.087 ms clock, 0.72+0.34/1309/1358+0.17 ms cpu, 508->523->283 MB, 597 MB goal, 0 MB stacks, 0 MB globals, 2 P
time="2026-08-06T17:37:13Z" level=error msg="Failed to store events for file session_2026-08-06_10-35-28_835361_1/3b1a69349976f4e0d91599a374b8e6bf26761dd5bf6a1ba512700d49/job_events/03000000/3b1a69349976f4e0d91599a374b8e6bf26761dd5bf6a1ba512700d49-2026-08-06-17-1786037754030864217.jsonl: TASK_LIFECYCLE_EVENT must have at least one state transition"
time="2026-08-06T17:37:14Z" level=error msg="Failed to store events for file session_2026-08-06_10-35-28_835361_1/3b1a69349976f4e0d91599a374b8e6bf26761dd5bf6a1ba512700d49/job_events/03000000/3b1a69349976f4e0d91599a374b8e6bf26761dd5bf6a1ba512700d49-2026-08-06-17-1786037754030864217.jsonl: TASK_LIFECYCLE_EVENT must have at least one state transition"
time="2026-08-06T17:37:14Z" level=error msg="Failed to store events for file session_2026-08-06_10-35-28_835361_1/3b1a69349976f4e0d91599a374b8e6bf26761dd5bf6a1ba512700d49/job_events/03000000/3b1a69349976f4e0d91599a374b8e6bf26761dd5bf6a1ba512700d49-2026-08-06-17-1786037754030864217.jsonl: TASK_LIFECYCLE_EVENT must have at least one state transition"
time="2026-08-06T17:37:14Z" level=error msg="Failed to store events for file session_2026-08-06_10-35-28_835361_1/3b1a69349976f4e0d91599a374b8e6bf26761dd5bf6a1ba512700d49/job_events/03000000/3b1a69349976f4e0d91599a374b8e6bf26761dd5bf6a1ba512700d49-2026-08-06-17-1786037754030864217.jsonl: TASK_LIFECYCLE_EVENT must have at least one state transition"
time="2026-08-06T17:37:14Z" level=error msg="Failed to store events for file session_2026-08-06_10-35-28_835361_1/3b1a69349976f4e0d91599a374b8e6bf26761dd5bf6a1ba512700d49/job_events/03000000/3b1a69349976f4e0d91599a374b8e6bf26761dd5bf6a1ba512700d49-2026-08-06-17-1786037754030864217.jsonl: TASK_LIFECYCLE_EVENT must have at least one state transition"
time="2026-08-06T17:37:14Z" level=error msg="Failed to store events for file session_2026-08-06_10-35-28_835361_1/3b1a69349976f4e0d91599a374b8e6bf26761dd5bf6a1ba512700d49/job_events/03000000/3b1a69349976f4e0d91599a374b8e6bf26761dd5bf6a1ba512700d49-2026-08-06-17-1786037754030864217.jsonl: TASK_LIFECYCLE_EVENT must have at least one state transition"
time="2026-08-06T17:37:15Z" level=error msg="Failed to store events for file session_2026-08-06_10-35-28_835361_1/3b1a69349976f4e0d91599a374b8e6bf26761dd5bf6a1ba512700d49/job_events/03000000/3b1a69349976f4e0d91599a374b8e6bf26761dd5bf6a1ba512700d49-2026-08-06-17-1786037754030864217.jsonl: TASK_LIFECYCLE_EVENT must have at least one state transition"
time="2026-08-06T17:37:15Z" level=error msg="Failed to store events for file session_2026-08-06_10-35-28_835361_1/3b1a69349976f4e0d91599a374b8e6bf26761dd5bf6a1ba512700d49/job_events/03000000/3b1a69349976f4e0d91599a374b8e6bf26761dd5bf6a1ba512700d49-2026-08-06-17-1786037754030864217.jsonl: TASK_LIFECYCLE_EVENT must have at least one state transition"
time="2026-08-06T17:37:16Z" level=error msg="Failed to store events for file session_2026-08-06_10-35-28_835361_1/3b1a69349976f4e0d91599a374b8e6bf26761dd5bf6a1ba512700d49/job_events/03000000/3b1a69349976f4e0d91599a374b8e6bf26761dd5bf6a1ba512700d49-2026-08-06-17-1786037754030864217.jsonl: TASK_LIFECYCLE_EVENT must have at least one state transition"
time="2026-08-06T17:37:16Z" level=error msg="Failed to store events for file session_2026-08-06_10-35-28_835361_1/3b1a69349976f4e0d91599a374b8e6bf26761dd5bf6a1ba512700d49/job_events/03000000/3b1a69349976f4e0d91599a374b8e6bf26761dd5bf6a1ba512700d49-2026-08-06-17-1786037754030864217.jsonl: TASK_LIFECYCLE_EVENT must have at least one state transition"
time="2026-08-06T17:37:16Z" level=error msg="Failed to store events for file session_2026-08-06_10-35-28_835361_1/3b1a69349976f4e0d91599a374b8e6bf26761dd5bf6a1ba512700d49/job_events/03000000/3b1a69349976f4e0d91599a374b8e6bf26761dd5bf6a1ba512700d49-2026-08-06-17-1786037754030864217.jsonl: TASK_LIFECYCLE_EVENT must have at least one state transition"
time="2026-08-06T17:37:16Z" level=error msg="Failed to store events for file session_2026-08-06_10-35-28_835361_1/3b1a69349976f4e0d91599a374b8e6bf26761dd5bf6a1ba512700d49/job_events/03000000/3b1a69349976f4e0d91599a374b8e6bf26761dd5bf6a1ba512700d49-2026-08-06-17-1786037754030864217.jsonl: TASK_LIFECYCLE_EVENT must have at least one state transition"
time="2026-08-06T17:37:17Z" level=error msg="Failed to store events for file session_2026-08-06_10-35-28_835361_1/3b1a69349976f4e0d91599a374b8e6bf26761dd5bf6a1ba512700d49/job_events/03000000/3b1a69349976f4e0d91599a374b8e6bf26761dd5bf6a1ba512700d49-2026-08-06-17-1786037754030864217.jsonl: TASK_LIFECYCLE_EVENT must have at least one state transition"
time="2026-08-06T17:37:18Z" level=error msg="Failed to store events for file session_2026-08-06_10-35-28_835361_1/3b1a69349976f4e0d91599a374b8e6bf26761dd5bf6a1ba512700d49/job_events/03000000/3b1a69349976f4e0d91599a374b8e6bf26761dd5bf6a1ba512700d49-2026-08-06-17-1786037754030864217.jsonl: TASK_LIFECYCLE_EVENT must have at least one state transition"
time="2026-08-06T17:37:18Z" level=error msg="Failed to store events for file session_2026-08-06_10-35-28_835361_1/3b1a69349976f4e0d91599a374b8e6bf26761dd5bf6a1ba512700d49/job_events/03000000/3b1a69349976f4e0d91599a374b8e6bf26761dd5bf6a1ba512700d49-2026-08-06-17-1786037754030864217.jsonl: TASK_LIFECYCLE_EVENT must have at least one state transition"
time="2026-08-06T17:37:18Z" level=error msg="Failed to store events for file session_2026-08-06_10-35-28_835361_1/3b1a69349976f4e0d91599a374b8e6bf26761dd5bf6a1ba512700d49/job_events/03000000/3b1a69349976f4e0d91599a374b8e6bf26761dd5bf6a1ba512700d49-2026-08-06-17-1786037754030864217.jsonl: TASK_LIFECYCLE_EVENT must have at least one state transition"
time="2026-08-06T17:37:18Z" level=error msg="Failed to store events for file session_2026-08-06_10-35-28_835361_1/3b1a69349976f4e0d91599a374b8e6bf26761dd5bf6a1ba512700d49/job_events/03000000/3b1a69349976f4e0d91599a374b8e6bf26761dd5bf6a1ba512700d49-2026-08-06-17-1786037754030864217.jsonl: TASK_LIFECYCLE_EVENT must have at least one state transition"
time="2026-08-06T17:37:18Z" level=info msg="Prepare to get object log/cluster-history/raycluster/test-ns-ldlxl/raycluster-historyserver/session_2026-08-06_10-35-28_835361_1/d495e66ded99835cca9580bc614596be120612aee558c565538bd030/job_events/01000000/d495e66ded99835cca9580bc614596be120612aee558c565538bd030-2026-08-06-17-1786037734172337333.jsonl info ..."
time="2026-08-06T17:37:18Z" level=info msg="Prepare to get object log/cluster-history/raycluster/test-ns-ldlxl/raycluster-historyserver/session_2026-08-06_10-35-28_835361_1/d495e66ded99835cca9580bc614596be120612aee558c565538bd030/job_events/02000000/d495e66ded99835cca9580bc614596be120612aee558c565538bd030-2026-08-06-17-1786037751482728341.jsonl info ..."
time="2026-08-06T17:37:18Z" level=info msg="Prepare to get object log/cluster-history/raycluster/test-ns-ldlxl/raycluster-historyserver/session_2026-08-06_10-35-28_835361_1/d495e66ded99835cca9580bc614596be120612aee558c565538bd030/job_events/03000000/d495e66ded99835cca9580bc614596be120612aee558c565538bd030-2026-08-06-17-1786037752484421258.jsonl info ..."
gc 14 @35.665s 5%: 0.21+458+0.047 ms clock, 0.43+210/244/327+0.094 ms cpu, 508->508->149 MB, 567 MB goal, 0 MB stacks, 0 MB globals, 2 P
gc 15 @36.518s 5%: 0.15+422+48 ms clock, 0.31+139/290/242+97 ms cpu, 255->299->206 MB, 300 MB goal, 0 MB stacks, 0 MB globals, 2 P
gc 16 @38.059s 6%: 0.20+765+0.10 ms clock, 0.40+0.10/385/399+0.20 ms cpu, 351->357->170 MB, 412 MB goal, 0 MB stacks, 0 MB globals, 2 P
gc 17 @42.944s 6%: 0.16+1686+0.069 ms clock, 0.32+0.13/883/1074+0.13 ms cpu, 290->304->274 MB, 341 MB goal, 0 MB stacks, 0 MB globals, 2 P
gc 18 @51.343s 6%: 0.19+3374+0.17 ms clock, 0.38+0.68/1711/2246+0.34 ms cpu, 468->493->444 MB, 550 MB goal, 0 MB stacks, 0 MB globals, 2 P
gc 19 @69.732s 6%: 0.21+4778+0.16 ms clock, 0.42+0.24/2355/2591+0.32 ms cpu, 757->779->471 MB, 889 MB goal, 0 MB stacks, 0 MB globals, 2 P
time="2026-08-06T17:38:08Z" level=info msg="Prepare to get object log/cluster-history/raycluster/test-ns-ldlxl/raycluster-historyserver/session_2026-08-06_10-35-28_835361_1/d495e66ded99835cca9580bc614596be120612aee558c565538bd030/job_events/04000000/d495e66ded99835cca9580bc614596be120612aee558c565538bd030-2026-08-06-17-1786037767555491251.jsonl info ..."
time="2026-08-06T17:38:08Z" level=info msg="Prepare to get object log/cluster-history/raycluster/test-ns-ldlxl/raycluster-historyserver/session_2026-08-06_10-35-28_835361_1/d495e66ded99835cca9580bc614596be120612aee558c565538bd030/node_events/d495e66ded99835cca9580bc614596be120612aee558c565538bd030-2026-08-06-17-1786037733942710222.jsonl info ..."
gc 20 @85.628s 6%: 0.19+1496+0.044 ms clock, 0.38+0/809/1587+0.089 ms cpu, 814->816->184 MB, 942 MB goal, 0 MB stacks, 0 MB globals, 2 P
time="2026-08-06T17:38:10Z" level=info msg="Received request: GET /enter_cluster/test-ns-ldlxl/raycluster/raycluster-historyserver/session_2026-08-06_10-35-28_835361_1"
time="2026-08-06T17:38:10Z" level=info msg="[List]Returned objects in log/cluster-metadata/. length of page.Contents: 2, length of page.CommonPrefixes: 0"
time="2026-08-06T17:38:10Z" level=error msg="Failed to parse meta file path: log/cluster-metadata/raycluster/test-ns-ldlxl_raycluster-historyserver/, error: invalid path segment count for cluster metadata structure: log/cluster-metadata/raycluster/test-ns-ldlxl_raycluster-historyserver/"
time="2026-08-06T17:38:10Z" level=info msg="Parsed cluster raycluster-historyserver for session session_2026-08-06_10-35-28_835361_1 to list"
time="2026-08-06T17:38:10Z" level=info msg="Received request: GET /api/v0/tasks?limit=50000"
time="2026-08-06T17:38:10Z" level=info msg="Request URL /api/v0/tasks?limit=50000"
time="2026-08-06T17:38:10Z" level=info msg="Received request: GET /api/v0/tasks?limit=50000"
time="2026-08-06T17:38:10Z" level=info msg="Request URL /api/v0/tasks?limit=50000"
time="2026-08-06T17:38:10Z" level=info msg="Received request: GET /api/v0/tasks?limit=50000"
time="2026-08-06T17:38:10Z" level=info msg="Request URL /api/v0/tasks?limit=50000"
time="2026-08-06T17:38:10Z" level=info msg="Received request: GET /api/v0/tasks?limit=50000"
time="2026-08-06T17:38:10Z" level=info msg="Request URL /api/v0/tasks?limit=50000"
time="2026-08-06T17:38:10Z" level=info msg="Received request: GET /api/v0/tasks?limit=50000"
time="2026-08-06T17:38:10Z" level=info msg="Request URL /api/v0/tasks?limit=50000"
time="2026-08-06T17:38:10Z" level=info msg="Received request: GET /api/v0/tasks?limit=50000"
time="2026-08-06T17:38:10Z" level=info msg="Request URL /api/v0/tasks?limit=50000"
time="2026-08-06T17:38:10Z" level=info msg="Received request: GET /api/v0/tasks?limit=50000"
time="2026-08-06T17:38:10Z" level=info msg="Request URL /api/v0/tasks?limit=50000"
time="2026-08-06T17:38:10Z" level=info msg="Received request: GET /api/v0/tasks?limit=50000"
time="2026-08-06T17:38:10Z" level=info msg="Request URL /api/v0/tasks?limit=50000"
time="2026-08-06T17:38:10Z" level=info msg="Received request: GET /api/v0/tasks?limit=50000"
time="2026-08-06T17:38:10Z" level=info msg="Request URL /api/v0/tasks?limit=50000"
time="2026-08-06T17:38:10Z" level=info msg="Received request: GET /api/v0/tasks?limit=50000"
time="2026-08-06T17:38:10Z" level=info msg="Request URL /api/v0/tasks?limit=50000"
time="2026-08-06T17:38:10Z" level=info msg="Received request: GET /api/v0/tasks/summarize"
time="2026-08-06T17:38:10Z" level=info msg="Request URL /api/v0/tasks/summarize"
time="2026-08-06T17:38:11Z" level=info msg="Received request: GET /api/v0/tasks/summarize"
time="2026-08-06T17:38:11Z" level=info msg="Request URL /api/v0/tasks/summarize"
gc 21 @88.040s 6%: 0.74+1374+0.065 ms clock, 1.4+81/741/905+0.13 ms cpu, 338->358->141 MB, 370 MB goal, 0 MB stacks, 0 MB globals, 2 P
time="2026-08-06T17:38:13Z" level=info msg="Received request: GET /api/v0/tasks/summarize"
time="2026-08-06T17:38:13Z" level=info msg="Request URL /api/v0/tasks/summarize"
gc 22 @90.244s 6%: 0.15+1487+0.18 ms clock, 0.31+0/783/932+0.37 ms cpu, 254->288->155 MB, 283 MB goal, 0 MB stacks, 0 MB globals, 2 P
time="2026-08-06T17:38:15Z" level=info msg="Received request: GET /api/v0/tasks/summarize"
time="2026-08-06T17:38:15Z" level=info msg="Request URL /api/v0/tasks/summarize"
gc 23 @92.521s 6%: 0.17+1191+0.29 ms clock, 0.34+76/563/530+0.59 ms cpu, 266->309->168 MB, 310 MB goal, 0 MB stacks, 0 MB globals, 2 P
time="2026-08-06T17:38:17Z" level=info msg="Received request: GET /api/v0/tasks/summarize"
time="2026-08-06T17:38:17Z" level=info msg="Request URL /api/v0/tasks/summarize"
gc 24 @94.444s 7%: 0.20+1409+0.091 ms clock, 0.41+193/680/700+0.18 ms cpu, 289->335->177 MB, 336 MB goal, 0 MB stacks, 0 MB globals, 2 P
time="2026-08-06T17:38:19Z" level=info msg="Received request: GET /api/v0/tasks/summarize"
time="2026-08-06T17:38:19Z" level=info msg="Request URL /api/v0/tasks/summarize"
gc 25 @96.639s 7%: 0.18+1575+0.13 ms clock, 0.36+135/810/978+0.26 ms cpu, 310->333->164 MB, 355 MB goal, 0 MB stacks, 0 MB globals, 2 P
time="2026-08-06T17:38:22Z" level=info msg="Received request: GET /api/v0/tasks/summarize"
time="2026-08-06T17:38:22Z" level=info msg="Request URL /api/v0/tasks/summarize"
gc 26 @98.927s 7%: 0.16+1603+0.087 ms clock, 0.32+0/833/877+0.17 ms cpu, 297->297->164 MB, 329 MB goal, 0 MB stacks, 0 MB globals, 2 P
time="2026-08-06T17:38:24Z" level=info msg="Received request: GET /api/v0/tasks/summarize"
time="2026-08-06T17:38:24Z" level=info msg="Request URL /api/v0/tasks/summarize"
gc 27 @101.126s 7%: 0.19+1502+0.11 ms clock, 0.38+0/773/848+0.22 ms cpu, 297->297->164 MB, 329 MB goal, 0 MB stacks, 0 MB globals, 2 P
time="2026-08-06T17:38:26Z" level=info msg="Received request: GET /api/v0/tasks/summarize"
time="2026-08-06T17:38:26Z" level=info msg="Request URL /api/v0/tasks/summarize"
gc 28 @103.253s 8%: 0.18+1677+0.085 ms clock, 0.36+0/869/807+0.17 ms cpu, 297->297->164 MB, 329 MB goal, 0 MB stacks, 0 MB globals, 2 P
time="2026-08-06T17:38:28Z" level=info msg="Received request: GET /api/v0/tasks/summarize"
time="2026-08-06T17:38:28Z" level=info msg="Request URL /api/v0/tasks/summarize"
gc 29 @105.522s 8%: 0.20+1711+0.087 ms clock, 0.40+0/876/903+0.17 ms cpu, 297->297->164 MB, 329 MB goal, 0 MB stacks, 0 MB globals, 2 P
time="2026-08-06T17:38:31Z" level=info msg="Received request: GET /api/jobs/"
time="2026-08-06T17:38:31Z" level=info msg="Request URL /api/jobs/"
time="2026-08-06T17:38:31Z" level=info msg="Received request: GET /api/jobs/"
time="2026-08-06T17:38:31Z" level=info msg="Request URL /api/jobs/"
time="2026-08-06T17:38:31Z" level=info msg="Received request: GET /api/jobs/"
time="2026-08-06T17:38:31Z" level=info msg="Request URL /api/jobs/"
time="2026-08-06T17:38:31Z" level=info msg="Received request: GET /api/jobs/"
time="2026-08-06T17:38:31Z" level=info msg="Request URL /api/jobs/"
time="2026-08-06T17:38:31Z" level=info msg="Received request: GET /api/jobs/"
time="2026-08-06T17:38:31Z" level=info msg="Request URL /api/jobs/"
time="2026-08-06T17:38:31Z" level=info msg="Received request: GET /api/jobs/"
time="2026-08-06T17:38:31Z" level=info msg="Request URL /api/jobs/"
time="2026-08-06T17:38:31Z" level=info msg="Received request: GET /api/jobs/"
time="2026-08-06T17:38:31Z" level=info msg="Request URL /api/jobs/"
time="2026-08-06T17:38:32Z" level=info msg="Received request: GET /api/jobs/"
time="2026-08-06T17:38:32Z" level=info msg="Request URL /api/jobs/"
gc 30 @107.766s 8%: 0.29+1367+0.11 ms clock, 0.58+13/593/1061+0.23 ms cpu, 286->306->142 MB, 329 MB goal, 0 MB stacks, 0 MB globals, 2 P
time="2026-08-06T17:38:32Z" level=info msg="Received request: GET /api/jobs/"
time="2026-08-06T17:38:32Z" level=info msg="Request URL /api/jobs/"
time="2026-08-06T17:38:32Z" level=info msg="Received request: GET /api/jobs/"
time="2026-08-06T17:38:32Z" level=info msg="Request URL /api/jobs/"
time="2026-08-06T17:38:32Z" level=info msg="Request URL /nodes?view=summary"
time="2026-08-06T17:38:32Z" level=info msg="Request URL /nodes?view=summary"
time="2026-08-06T17:38:33Z" level=info msg="Request URL /nodes?view=summary"
gc 31 @109.345s 8%: 0.13+888+0.14 ms clock, 0.27+0/375/507+0.28 ms cpu, 243->263->142 MB, 284 MB goal, 0 MB stacks, 0 MB globals, 2 P
time="2026-08-06T17:38:33Z" level=info msg="Request URL /nodes?view=summary"
time="2026-08-06T17:38:33Z" level=info msg="Request URL /nodes?view=summary"
time="2026-08-06T17:38:33Z" level=info msg="Request URL /nodes?view=summary"
time="2026-08-06T17:38:33Z" level=info msg="Request URL /nodes?view=summary"
time="2026-08-06T17:38:33Z" level=info msg="Request URL /nodes?view=summary"
time="2026-08-06T17:38:34Z" level=info msg="Request URL /nodes?view=summary"
time="2026-08-06T17:38:34Z" level=info msg="Request URL /nodes?view=summary"
time="2026-08-06T17:38:35Z" level=info msg="Request URL /events"
gc 32 @110.422s 8%: 0.97+1295+0.051 ms clock, 1.9+4.3/663/392+0.10 ms cpu, 243->284->162 MB, 284 MB goal, 0 MB stacks, 0 MB globals, 2 P
time="2026-08-06T17:38:35Z" level=info msg="Request URL /events"
time="2026-08-06T17:38:35Z" level=info msg="Request URL /events"
time="2026-08-06T17:38:35Z" level=info msg="Request URL /events"
time="2026-08-06T17:38:35Z" level=info msg="Request URL /events"
time="2026-08-06T17:38:35Z" level=info msg="Request URL /events"
time="2026-08-06T17:38:35Z" level=info msg="Request URL /events"
gc 33 @111.850s 8%: 0.76+986+0.12 ms clock, 1.5+0/447/471+0.25 ms cpu, 284->304->142 MB, 325 MB goal, 0 MB stacks, 0 MB globals, 2 P
time="2026-08-06T17:38:36Z" level=info msg="Request URL /events"
time="2026-08-06T17:38:36Z" level=info msg="Request URL /events"
time="2026-08-06T17:38:36Z" level=info msg="Request URL /events"
