gc 1 @0.163s 3%: 2.1+18+3.0 ms clock, 4.2+2.0/7.2/8.5+6.0 ms cpu, 3->3->2 MB, 4 MB goal, 0 MB stacks, 0 MB globals, 2 P
gc 2 @0.270s 3%: 0.12+8.3+0.69 ms clock, 0.24+0.53/2.5/5.3+1.3 ms cpu, 5->5->4 MB, 5 MB goal, 0 MB stacks, 0 MB globals, 2 P
time="2026-08-06T19:43:58Z" level=info msg="create client manager successfully, clients: 1"
time="2026-08-06T19:43:58Z" level=info msg="Begin to create s3 client ..."
time="2026-08-06T19:43:58Z" level=info msg="Checking if bucket ray-historyserver exists..."
time="2026-08-06T19:43:58Z" level=info msg="Bucket ray-historyserver already exists"
time="2026-08-06T19:43:58Z" level=info msg="Clean logdir is logs"
time="2026-08-06T19:43:58Z" level=info msg="Starting server on :8080"
gc 3 @0.454s 2%: 0.13+8.7+0.13 ms clock, 0.27+0.69/2.7/6.3+0.26 ms cpu, 8->8->5 MB, 8 MB goal, 0 MB stacks, 0 MB globals, 2 P
time="2026-08-06T19:44:00Z" level=info msg="Received request: GET /readz"
time="2026-08-06T19:44:00Z" level=info msg="live clusters: []"
time="2026-08-06T19:44:00Z" level=info msg="[List]Returned objects in log/cluster-metadata/. length of page.Contents: 2, length of page.CommonPrefixes: 0"
time="2026-08-06T19:44:00Z" level=error msg="Failed to parse meta file path: log/cluster-metadata/raycluster/test-ns-4hdkc_raycluster-historyserver/, error: invalid path segment count for cluster metadata structure: log/cluster-metadata/raycluster/test-ns-4hdkc_raycluster-historyserver/"
time="2026-08-06T19:44:00Z" level=info msg="Parsed cluster raycluster-historyserver for session session_2026-08-06_12-42-39_321285_1 to list"
time="2026-08-06T19:44:00Z" level=info msg="live clusters: []"
time="2026-08-06T19:44:00Z" level=info msg="[List]Returned objects in log/cluster-metadata/. length of page.Contents: 2, length of page.CommonPrefixes: 0"
time="2026-08-06T19:44:00Z" level=error msg="Failed to parse meta file path: log/cluster-metadata/raycluster/test-ns-4hdkc_raycluster-historyserver/, error: invalid path segment count for cluster metadata structure: log/cluster-metadata/raycluster/test-ns-4hdkc_raycluster-historyserver/"
time="2026-08-06T19:44:00Z" level=info msg="Parsed cluster raycluster-historyserver for session session_2026-08-06_12-42-39_321285_1 to list"
time="2026-08-06T19:44:00Z" level=info msg="live clusters: []"
time="2026-08-06T19:44:00Z" level=info msg="[List]Returned objects in log/cluster-metadata/. length of page.Contents: 2, length of page.CommonPrefixes: 0"
time="2026-08-06T19:44:00Z" level=error msg="Failed to parse meta file path: log/cluster-metadata/raycluster/test-ns-4hdkc_raycluster-historyserver/, error: invalid path segment count for cluster metadata structure: log/cluster-metadata/raycluster/test-ns-4hdkc_raycluster-historyserver/"
time="2026-08-06T19:44:00Z" level=info msg="Parsed cluster raycluster-historyserver for session session_2026-08-06_12-42-39_321285_1 to list"
time="2026-08-06T19:44:00Z" level=info msg="live clusters: []"
time="2026-08-06T19:44:00Z" level=info msg="[List]Returned objects in log/cluster-metadata/. length of page.Contents: 2, length of page.CommonPrefixes: 0"
time="2026-08-06T19:44:00Z" level=error msg="Failed to parse meta file path: log/cluster-metadata/raycluster/test-ns-4hdkc_raycluster-historyserver/, error: invalid path segment count for cluster metadata structure: log/cluster-metadata/raycluster/test-ns-4hdkc_raycluster-historyserver/"
time="2026-08-06T19:44:00Z" level=info msg="Parsed cluster raycluster-historyserver for session session_2026-08-06_12-42-39_321285_1 to list"
time="2026-08-06T19:44:00Z" level=info msg="live clusters: []"
time="2026-08-06T19:44:00Z" level=info msg="[List]Returned objects in log/cluster-metadata/. length of page.Contents: 2, length of page.CommonPrefixes: 0"
time="2026-08-06T19:44:00Z" level=error msg="Failed to parse meta file path: log/cluster-metadata/raycluster/test-ns-4hdkc_raycluster-historyserver/, error: invalid path segment count for cluster metadata structure: log/cluster-metadata/raycluster/test-ns-4hdkc_raycluster-historyserver/"
time="2026-08-06T19:44:00Z" level=info msg="Parsed cluster raycluster-historyserver for session session_2026-08-06_12-42-39_321285_1 to list"
time="2026-08-06T19:44:00Z" level=info msg="Received request: GET /enter_cluster/test-ns-4hdkc/raycluster/raycluster-historyserver/session_2026-08-06_12-42-39_321285_1"
time="2026-08-06T19:44:00Z" level=info msg="[List]Returned objects in log/cluster-metadata/. length of page.Contents: 2, length of page.CommonPrefixes: 0"
time="2026-08-06T19:44:00Z" level=error msg="Failed to parse meta file path: log/cluster-metadata/raycluster/test-ns-4hdkc_raycluster-historyserver/, error: invalid path segment count for cluster metadata structure: log/cluster-metadata/raycluster/test-ns-4hdkc_raycluster-historyserver/"
time="2026-08-06T19:44:00Z" level=info msg="Parsed cluster raycluster-historyserver for session session_2026-08-06_12-42-39_321285_1 to list"
time="2026-08-06T19:44:00Z" level=info msg="[ListFiles]Returned objects in log/cluster-history/raycluster/test-ns-4hdkc/raycluster-historyserver/session_2026-08-06_12-42-39_321285_1/. length of page.Contents: 0, length of page.CommonPrefixes: 3"
time="2026-08-06T19:44:00Z" level=info msg="[ListFiles]Returned objects in log/cluster-history/raycluster/test-ns-4hdkc/raycluster-historyserver/session_2026-08-06_12-42-39_321285_1/7021b3d3eb19d6870c5f08a876e7a89b05a3402e6af03ab605c251e6/logs/events/. length of page.Contents: 11, length of page.CommonPrefixes: 0"
time="2026-08-06T19:44:00Z" level=info msg="Prepare to get object log/cluster-history/raycluster/test-ns-4hdkc/raycluster-historyserver/session_2026-08-06_12-42-39_321285_1/7021b3d3eb19d6870c5f08a876e7a89b05a3402e6af03ab605c251e6/logs/events/event_AUTOSCALER.log info ..."
time="2026-08-06T19:44:00Z" level=info msg="Prepare to get object log/cluster-history/raycluster/test-ns-4hdkc/raycluster-historyserver/session_2026-08-06_12-42-39_321285_1/7021b3d3eb19d6870c5f08a876e7a89b05a3402e6af03ab605c251e6/logs/events/event_CORE_WORKER_1011.log info ..."
time="2026-08-06T19:44:00Z" level=info msg="Prepare to get object log/cluster-history/raycluster/test-ns-4hdkc/raycluster-historyserver/session_2026-08-06_12-42-39_321285_1/7021b3d3eb19d6870c5f08a876e7a89b05a3402e6af03ab605c251e6/logs/events/event_CORE_WORKER_1157.log info ..."
time="2026-08-06T19:44:00Z" level=info msg="Prepare to get object log/cluster-history/raycluster/test-ns-4hdkc/raycluster-historyserver/session_2026-08-06_12-42-39_321285_1/7021b3d3eb19d6870c5f08a876e7a89b05a3402e6af03ab605c251e6/logs/events/event_CORE_WORKER_199.log info ..."
time="2026-08-06T19:44:00Z" level=info msg="Prepare to get object log/cluster-history/raycluster/test-ns-4hdkc/raycluster-historyserver/session_2026-08-06_12-42-39_321285_1/7021b3d3eb19d6870c5f08a876e7a89b05a3402e6af03ab605c251e6/logs/events/event_CORE_WORKER_204.log info ..."
time="2026-08-06T19:44:00Z" level=info msg="Prepare to get object log/cluster-history/raycluster/test-ns-4hdkc/raycluster-historyserver/session_2026-08-06_12-42-39_321285_1/7021b3d3eb19d6870c5f08a876e7a89b05a3402e6af03ab605c251e6/logs/events/event_CORE_WORKER_670.log info ..."
time="2026-08-06T19:44:00Z" level=info msg="Prepare to get object log/cluster-history/raycluster/test-ns-4hdkc/raycluster-historyserver/session_2026-08-06_12-42-39_321285_1/7021b3d3eb19d6870c5f08a876e7a89b05a3402e6af03ab605c251e6/logs/events/event_CORE_WORKER_956.log info ..."
time="2026-08-06T19:44:00Z" level=info msg="Prepare to get object log/cluster-history/raycluster/test-ns-4hdkc/raycluster-historyserver/session_2026-08-06_12-42-39_321285_1/7021b3d3eb19d6870c5f08a876e7a89b05a3402e6af03ab605c251e6/logs/events/event_GCS.log info ..."
time="2026-08-06T19:44:00Z" level=info msg="Prepare to get object log/cluster-history/raycluster/test-ns-4hdkc/raycluster-historyserver/session_2026-08-06_12-42-39_321285_1/7021b3d3eb19d6870c5f08a876e7a89b05a3402e6af03ab605c251e6/logs/events/event_JOBS.log info ..."
time="2026-08-06T19:44:00Z" level=info msg="Prepare to get object log/cluster-history/raycluster/test-ns-4hdkc/raycluster-historyserver/session_2026-08-06_12-42-39_321285_1/7021b3d3eb19d6870c5f08a876e7a89b05a3402e6af03ab605c251e6/logs/events/event_RAYLET.log info ..."
time="2026-08-06T19:44:00Z" level=info msg="[ListFiles]Returned objects in log/cluster-history/raycluster/test-ns-4hdkc/raycluster-historyserver/session_2026-08-06_12-42-39_321285_1/e204ea920afc660d141428a4b6fa0dcb791e4d6f171d833fc50494c0/logs/events/. length of page.Contents: 13, length of page.CommonPrefixes: 0"
time="2026-08-06T19:44:00Z" level=info msg="Prepare to get object log/cluster-history/raycluster/test-ns-4hdkc/raycluster-historyserver/session_2026-08-06_12-42-39_321285_1/e204ea920afc660d141428a4b6fa0dcb791e4d6f171d833fc50494c0/logs/events/event_CORE_WORKER_227.log info ..."
time="2026-08-06T19:44:00Z" level=info msg="Prepare to get object log/cluster-history/raycluster/test-ns-4hdkc/raycluster-historyserver/session_2026-08-06_12-42-39_321285_1/e204ea920afc660d141428a4b6fa0dcb791e4d6f171d833fc50494c0/logs/events/event_CORE_WORKER_228.log info ..."
time="2026-08-06T19:44:00Z" level=info msg="Prepare to get object log/cluster-history/raycluster/test-ns-4hdkc/raycluster-historyserver/session_2026-08-06_12-42-39_321285_1/e204ea920afc660d141428a4b6fa0dcb791e4d6f171d833fc50494c0/logs/events/event_CORE_WORKER_313.log info ..."
time="2026-08-06T19:44:00Z" level=info msg="Prepare to get object log/cluster-history/raycluster/test-ns-4hdkc/raycluster-historyserver/session_2026-08-06_12-42-39_321285_1/e204ea920afc660d141428a4b6fa0dcb791e4d6f171d833fc50494c0/logs/events/event_CORE_WORKER_318.log info ..."
time="2026-08-06T19:44:00Z" level=info msg="Prepare to get object log/cluster-history/raycluster/test-ns-4hdkc/raycluster-historyserver/session_2026-08-06_12-42-39_321285_1/e204ea920afc660d141428a4b6fa0dcb791e4d6f171d833fc50494c0/logs/events/event_CORE_WORKER_402.log info ..."
time="2026-08-06T19:44:00Z" level=info msg="Prepare to get object log/cluster-history/raycluster/test-ns-4hdkc/raycluster-historyserver/session_2026-08-06_12-42-39_321285_1/e204ea920afc660d141428a4b6fa0dcb791e4d6f171d833fc50494c0/logs/events/event_CORE_WORKER_418.log info ..."
time="2026-08-06T19:44:00Z" level=info msg="Prepare to get object log/cluster-history/raycluster/test-ns-4hdkc/raycluster-historyserver/session_2026-08-06_12-42-39_321285_1/e204ea920afc660d141428a4b6fa0dcb791e4d6f171d833fc50494c0/logs/events/event_CORE_WORKER_496.log info ..."
time="2026-08-06T19:44:00Z" level=info msg="Prepare to get object log/cluster-history/raycluster/test-ns-4hdkc/raycluster-historyserver/session_2026-08-06_12-42-39_321285_1/e204ea920afc660d141428a4b6fa0dcb791e4d6f171d833fc50494c0/logs/events/event_CORE_WORKER_512.log info ..."
time="2026-08-06T19:44:00Z" level=info msg="Prepare to get object log/cluster-history/raycluster/test-ns-4hdkc/raycluster-historyserver/session_2026-08-06_12-42-39_321285_1/e204ea920afc660d141428a4b6fa0dcb791e4d6f171d833fc50494c0/logs/events/event_CORE_WORKER_600.log info ..."
time="2026-08-06T19:44:00Z" level=info msg="Prepare to get object log/cluster-history/raycluster/test-ns-4hdkc/raycluster-historyserver/session_2026-08-06_12-42-39_321285_1/e204ea920afc660d141428a4b6fa0dcb791e4d6f171d833fc50494c0/logs/events/event_CORE_WORKER_609.log info ..."
time="2026-08-06T19:44:00Z" level=info msg="Prepare to get object log/cluster-history/raycluster/test-ns-4hdkc/raycluster-historyserver/session_2026-08-06_12-42-39_321285_1/e204ea920afc660d141428a4b6fa0dcb791e4d6f171d833fc50494c0/logs/events/event_CORE_WORKER_694.log info ..."
time="2026-08-06T19:44:00Z" level=info msg="Prepare to get object log/cluster-history/raycluster/test-ns-4hdkc/raycluster-historyserver/session_2026-08-06_12-42-39_321285_1/e204ea920afc660d141428a4b6fa0dcb791e4d6f171d833fc50494c0/logs/events/event_RAYLET.log info ..."
time="2026-08-06T19:44:00Z" level=info msg="[ListFiles]Returned objects in log/cluster-history/raycluster/test-ns-4hdkc/raycluster-historyserver/session_2026-08-06_12-42-39_321285_1/fetched_endpoints/logs/events/. length of page.Contents: 0, length of page.CommonPrefixes: 0"
time="2026-08-06T19:44:00Z" level=info msg="[ListFiles]Returned objects in log/cluster-history/raycluster/test-ns-4hdkc/raycluster-historyserver/session_2026-08-06_12-42-39_321285_1/. length of page.Contents: 0, length of page.CommonPrefixes: 3"
time="2026-08-06T19:44:00Z" level=info msg="[ListFiles]Returned objects in log/cluster-history/raycluster/test-ns-4hdkc/raycluster-historyserver/session_2026-08-06_12-42-39_321285_1/7021b3d3eb19d6870c5f08a876e7a89b05a3402e6af03ab605c251e6/job_events/. length of page.Contents: 0, length of page.CommonPrefixes: 4"
time="2026-08-06T19:44:00Z" level=info msg="[ListFiles]Returned objects in log/cluster-history/raycluster/test-ns-4hdkc/raycluster-historyserver/session_2026-08-06_12-42-39_321285_1/7021b3d3eb19d6870c5f08a876e7a89b05a3402e6af03ab605c251e6/job_events/01000000/. length of page.Contents: 2, length of page.CommonPrefixes: 0"
time="2026-08-06T19:44:00Z" level=info msg="[ListFiles]Returned objects in log/cluster-history/raycluster/test-ns-4hdkc/raycluster-historyserver/session_2026-08-06_12-42-39_321285_1/7021b3d3eb19d6870c5f08a876e7a89b05a3402e6af03ab605c251e6/job_events/02000000/. length of page.Contents: 2, length of page.CommonPrefixes: 0"
time="2026-08-06T19:44:00Z" level=info msg="[ListFiles]Returned objects in log/cluster-history/raycluster/test-ns-4hdkc/raycluster-historyserver/session_2026-08-06_12-42-39_321285_1/7021b3d3eb19d6870c5f08a876e7a89b05a3402e6af03ab605c251e6/job_events/03000000/. length of page.Contents: 2, length of page.CommonPrefixes: 0"
time="2026-08-06T19:44:00Z" level=info msg="[ListFiles]Returned objects in log/cluster-history/raycluster/test-ns-4hdkc/raycluster-historyserver/session_2026-08-06_12-42-39_321285_1/7021b3d3eb19d6870c5f08a876e7a89b05a3402e6af03ab605c251e6/job_events/04000000/. length of page.Contents: 2, length of page.CommonPrefixes: 0"
time="2026-08-06T19:44:00Z" level=info msg="[ListFiles]Returned objects in log/cluster-history/raycluster/test-ns-4hdkc/raycluster-historyserver/session_2026-08-06_12-42-39_321285_1/e204ea920afc660d141428a4b6fa0dcb791e4d6f171d833fc50494c0/job_events/. length of page.Contents: 0, length of page.CommonPrefixes: 1"
time="2026-08-06T19:44:00Z" level=info msg="[ListFiles]Returned objects in log/cluster-history/raycluster/test-ns-4hdkc/raycluster-historyserver/session_2026-08-06_12-42-39_321285_1/e204ea920afc660d141428a4b6fa0dcb791e4d6f171d833fc50494c0/job_events/03000000/. length of page.Contents: 2, length of page.CommonPrefixes: 0"
time="2026-08-06T19:44:00Z" level=info msg="[ListFiles]Returned objects in log/cluster-history/raycluster/test-ns-4hdkc/raycluster-historyserver/session_2026-08-06_12-42-39_321285_1/fetched_endpoints/job_events/. length of page.Contents: 0, length of page.CommonPrefixes: 0"
time="2026-08-06T19:44:00Z" level=info msg="[ListFiles]Returned objects in log/cluster-history/raycluster/test-ns-4hdkc/raycluster-historyserver/session_2026-08-06_12-42-39_321285_1/. length of page.Contents: 0, length of page.CommonPrefixes: 3"
time="2026-08-06T19:44:00Z" level=info msg="[ListFiles]Returned objects in log/cluster-history/raycluster/test-ns-4hdkc/raycluster-historyserver/session_2026-08-06_12-42-39_321285_1/7021b3d3eb19d6870c5f08a876e7a89b05a3402e6af03ab605c251e6/node_events/. length of page.Contents: 2, length of page.CommonPrefixes: 0"
time="2026-08-06T19:44:00Z" level=info msg="[ListFiles]Returned objects in log/cluster-history/raycluster/test-ns-4hdkc/raycluster-historyserver/session_2026-08-06_12-42-39_321285_1/e204ea920afc660d141428a4b6fa0dcb791e4d6f171d833fc50494c0/node_events/. length of page.Contents: 0, length of page.CommonPrefixes: 0"
time="2026-08-06T19:44:00Z" level=info msg="[ListFiles]Returned objects in log/cluster-history/raycluster/test-ns-4hdkc/raycluster-historyserver/session_2026-08-06_12-42-39_321285_1/fetched_endpoints/node_events/. length of page.Contents: 0, length of page.CommonPrefixes: 0"
time="2026-08-06T19:44:00Z" level=info msg="Prepare to get object log/cluster-history/raycluster/test-ns-4hdkc/raycluster-historyserver/session_2026-08-06_12-42-39_321285_1/7021b3d3eb19d6870c5f08a876e7a89b05a3402e6af03ab605c251e6/job_events/01000000/7021b3d3eb19d6870c5f08a876e7a89b05a3402e6af03ab605c251e6-2026-08-06-19-1786045364677684046.jsonl info ..."
time="2026-08-06T19:44:00Z" level=info msg="Prepare to get object log/cluster-history/raycluster/test-ns-4hdkc/raycluster-historyserver/session_2026-08-06_12-42-39_321285_1/7021b3d3eb19d6870c5f08a876e7a89b05a3402e6af03ab605c251e6/job_events/02000000/7021b3d3eb19d6870c5f08a876e7a89b05a3402e6af03ab605c251e6-2026-08-06-19-1786045382558476138.jsonl info ..."
time="2026-08-06T19:44:00Z" level=info msg="Prepare to get object log/cluster-history/raycluster/test-ns-4hdkc/raycluster-historyserver/session_2026-08-06_12-42-39_321285_1/7021b3d3eb19d6870c5f08a876e7a89b05a3402e6af03ab605c251e6/job_events/03000000/7021b3d3eb19d6870c5f08a876e7a89b05a3402e6af03ab605c251e6-2026-08-06-19-1786045382711982013.jsonl info ..."
gc 4 @1.764s 0%: 0.14+10+0.081 ms clock, 0.29+0.39/3.3/7.8+0.16 ms cpu, 12->12->7 MB, 12 MB goal, 0 MB stacks, 0 MB globals, 2 P
gc 5 @1.780s 0%: 0.12+7.4+0.052 ms clock, 0.24+0.50/2.3/8.6+0.10 ms cpu, 15->15->14 MB, 15 MB goal, 0 MB stacks, 0 MB globals, 2 P
gc 6 @1.798s 0%: 0.093+9.8+0.16 ms clock, 0.18+0/5.3/8.2+0.32 ms cpu, 34->34->34 MB, 34 MB goal, 0 MB stacks, 0 MB globals, 2 P
gc 7 @1.822s 1%: 0.12+13+0.039 ms clock, 0.25+0/7.2/11+0.079 ms cpu, 69->69->69 MB, 69 MB goal, 0 MB stacks, 0 MB globals, 2 P
gc 8 @1.874s 1%: 0.17+38+0.17 ms clock, 0.35+0/11/26+0.35 ms cpu, 188->206->113 MB, 188 MB goal, 0 MB stacks, 0 MB globals, 2 P
gc 9 @1.958s 1%: 0.14+33+0.095 ms clock, 0.29+0.47/10/26+0.19 ms cpu, 275->276->182 MB, 276 MB goal, 0 MB stacks, 0 MB globals, 2 P
gc 10 @4.199s 1%: 0.12+168+0.095 ms clock, 0.24+0.20/84/124+0.19 ms cpu, 320->326->206 MB, 365 MB goal, 0 MB stacks, 0 MB globals, 2 P
gc 11 @6.722s 2%: 0.14+366+0.079 ms clock, 0.29+0.11/196/262+0.15 ms cpu, 352->362->326 MB, 413 MB goal, 0 MB stacks, 0 MB globals, 2 P
gc 12 @10.883s 2%: 0.14+600+0.084 ms clock, 0.29+0.16/305/444+0.16 ms cpu, 556->570->395 MB, 653 MB goal, 0 MB stacks, 0 MB globals, 2 P
gc 13 @16.936s 2%: 0.18+766+0.089 ms clock, 0.36+0.22/392/545+0.17 ms cpu, 673->690->446 MB, 791 MB goal, 0 MB stacks, 0 MB globals, 2 P
time="2026-08-06T19:44:18Z" level=info msg="Prepare to get object log/cluster-history/raycluster/test-ns-4hdkc/raycluster-historyserver/session_2026-08-06_12-42-39_321285_1/7021b3d3eb19d6870c5f08a876e7a89b05a3402e6af03ab605c251e6/job_events/04000000/7021b3d3eb19d6870c5f08a876e7a89b05a3402e6af03ab605c251e6-2026-08-06-19-1786045397624688672.jsonl info ..."
time="2026-08-06T19:44:18Z" level=info msg="Prepare to get object log/cluster-history/raycluster/test-ns-4hdkc/raycluster-historyserver/session_2026-08-06_12-42-39_321285_1/e204ea920afc660d141428a4b6fa0dcb791e4d6f171d833fc50494c0/job_events/03000000/e204ea920afc660d141428a4b6fa0dcb791e4d6f171d833fc50494c0-2026-08-06-19-1786045384471140680.jsonl info ..."
gc 14 @20.363s 2%: 0.16+166+0.047 ms clock, 0.32+87/90/83+0.094 ms cpu, 883->885->211 MB, 893 MB goal, 0 MB stacks, 0 MB globals, 2 P
gc 15 @24.102s 2%: 0.16+424+0.12 ms clock, 0.33+0.30/215/315+0.24 ms cpu, 413->425->307 MB, 423 MB goal, 0 MB stacks, 0 MB globals, 2 P
time="2026-08-06T19:44:25Z" level=error msg="Failed to store events for file session_2026-08-06_12-42-39_321285_1/e204ea920afc660d141428a4b6fa0dcb791e4d6f171d833fc50494c0/job_events/03000000/e204ea920afc660d141428a4b6fa0dcb791e4d6f171d833fc50494c0-2026-08-06-19-1786045384471140680.jsonl: TASK_LIFECYCLE_EVENT must have at least one state transition"
time="2026-08-06T19:44:25Z" level=error msg="Failed to store events for file session_2026-08-06_12-42-39_321285_1/e204ea920afc660d141428a4b6fa0dcb791e4d6f171d833fc50494c0/job_events/03000000/e204ea920afc660d141428a4b6fa0dcb791e4d6f171d833fc50494c0-2026-08-06-19-1786045384471140680.jsonl: TASK_LIFECYCLE_EVENT must have at least one state transition"
time="2026-08-06T19:44:25Z" level=error msg="Failed to store events for file session_2026-08-06_12-42-39_321285_1/e204ea920afc660d141428a4b6fa0dcb791e4d6f171d833fc50494c0/job_events/03000000/e204ea920afc660d141428a4b6fa0dcb791e4d6f171d833fc50494c0-2026-08-06-19-1786045384471140680.jsonl: TASK_LIFECYCLE_EVENT must have at least one state transition"
time="2026-08-06T19:44:25Z" level=error msg="Failed to store events for file session_2026-08-06_12-42-39_321285_1/e204ea920afc660d141428a4b6fa0dcb791e4d6f171d833fc50494c0/job_events/03000000/e204ea920afc660d141428a4b6fa0dcb791e4d6f171d833fc50494c0-2026-08-06-19-1786045384471140680.jsonl: TASK_LIFECYCLE_EVENT must have at least one state transition"
time="2026-08-06T19:44:25Z" level=error msg="Failed to store events for file session_2026-08-06_12-42-39_321285_1/e204ea920afc660d141428a4b6fa0dcb791e4d6f171d833fc50494c0/job_events/03000000/e204ea920afc660d141428a4b6fa0dcb791e4d6f171d833fc50494c0-2026-08-06-19-1786045384471140680.jsonl: TASK_LIFECYCLE_EVENT must have at least one state transition"
time="2026-08-06T19:44:25Z" level=error msg="Failed to store events for file session_2026-08-06_12-42-39_321285_1/e204ea920afc660d141428a4b6fa0dcb791e4d6f171d833fc50494c0/job_events/03000000/e204ea920afc660d141428a4b6fa0dcb791e4d6f171d833fc50494c0-2026-08-06-19-1786045384471140680.jsonl: TASK_LIFECYCLE_EVENT must have at least one state transition"
time="2026-08-06T19:44:25Z" level=error msg="Failed to store events for file session_2026-08-06_12-42-39_321285_1/e204ea920afc660d141428a4b6fa0dcb791e4d6f171d833fc50494c0/job_events/03000000/e204ea920afc660d141428a4b6fa0dcb791e4d6f171d833fc50494c0-2026-08-06-19-1786045384471140680.jsonl: TASK_LIFECYCLE_EVENT must have at least one state transition"
time="2026-08-06T19:44:26Z" level=error msg="Failed to store events for file session_2026-08-06_12-42-39_321285_1/e204ea920afc660d141428a4b6fa0dcb791e4d6f171d833fc50494c0/job_events/03000000/e204ea920afc660d141428a4b6fa0dcb791e4d6f171d833fc50494c0-2026-08-06-19-1786045384471140680.jsonl: TASK_LIFECYCLE_EVENT must have at least one state transition"
time="2026-08-06T19:44:26Z" level=error msg="Failed to store events for file session_2026-08-06_12-42-39_321285_1/e204ea920afc660d141428a4b6fa0dcb791e4d6f171d833fc50494c0/job_events/03000000/e204ea920afc660d141428a4b6fa0dcb791e4d6f171d833fc50494c0-2026-08-06-19-1786045384471140680.jsonl: TASK_LIFECYCLE_EVENT must have at least one state transition"
time="2026-08-06T19:44:26Z" level=error msg="Failed to store events for file session_2026-08-06_12-42-39_321285_1/e204ea920afc660d141428a4b6fa0dcb791e4d6f171d833fc50494c0/job_events/03000000/e204ea920afc660d141428a4b6fa0dcb791e4d6f171d833fc50494c0-2026-08-06-19-1786045384471140680.jsonl: TASK_LIFECYCLE_EVENT must have at least one state transition"
time="2026-08-06T19:44:26Z" level=error msg="Failed to store events for file session_2026-08-06_12-42-39_321285_1/e204ea920afc660d141428a4b6fa0dcb791e4d6f171d833fc50494c0/job_events/03000000/e204ea920afc660d141428a4b6fa0dcb791e4d6f171d833fc50494c0-2026-08-06-19-1786045384471140680.jsonl: TASK_LIFECYCLE_EVENT must have at least one state transition"
time="2026-08-06T19:44:26Z" level=error msg="Failed to store events for file session_2026-08-06_12-42-39_321285_1/e204ea920afc660d141428a4b6fa0dcb791e4d6f171d833fc50494c0/job_events/03000000/e204ea920afc660d141428a4b6fa0dcb791e4d6f171d833fc50494c0-2026-08-06-19-1786045384471140680.jsonl: TASK_LIFECYCLE_EVENT must have at least one state transition"
time="2026-08-06T19:44:26Z" level=error msg="Failed to store events for file session_2026-08-06_12-42-39_321285_1/e204ea920afc660d141428a4b6fa0dcb791e4d6f171d833fc50494c0/job_events/03000000/e204ea920afc660d141428a4b6fa0dcb791e4d6f171d833fc50494c0-2026-08-06-19-1786045384471140680.jsonl: TASK_LIFECYCLE_EVENT must have at least one state transition"
time="2026-08-06T19:44:26Z" level=error msg="Failed to store events for file session_2026-08-06_12-42-39_321285_1/e204ea920afc660d141428a4b6fa0dcb791e4d6f171d833fc50494c0/job_events/03000000/e204ea920afc660d141428a4b6fa0dcb791e4d6f171d833fc50494c0-2026-08-06-19-1786045384471140680.jsonl: TASK_LIFECYCLE_EVENT must have at least one state transition"
time="2026-08-06T19:44:27Z" level=error msg="Failed to store events for file session_2026-08-06_12-42-39_321285_1/e204ea920afc660d141428a4b6fa0dcb791e4d6f171d833fc50494c0/job_events/03000000/e204ea920afc660d141428a4b6fa0dcb791e4d6f171d833fc50494c0-2026-08-06-19-1786045384471140680.jsonl: TASK_LIFECYCLE_EVENT must have at least one state transition"
time="2026-08-06T19:44:27Z" level=error msg="Failed to store events for file session_2026-08-06_12-42-39_321285_1/e204ea920afc660d141428a4b6fa0dcb791e4d6f171d833fc50494c0/job_events/03000000/e204ea920afc660d141428a4b6fa0dcb791e4d6f171d833fc50494c0-2026-08-06-19-1786045384471140680.jsonl: TASK_LIFECYCLE_EVENT must have at least one state transition"
time="2026-08-06T19:44:27Z" level=error msg="Failed to store events for file session_2026-08-06_12-42-39_321285_1/e204ea920afc660d141428a4b6fa0dcb791e4d6f171d833fc50494c0/job_events/03000000/e204ea920afc660d141428a4b6fa0dcb791e4d6f171d833fc50494c0-2026-08-06-19-1786045384471140680.jsonl: TASK_LIFECYCLE_EVENT must have at least one state transition"
time="2026-08-06T19:44:28Z" level=error msg="Failed to store events for file session_2026-08-06_12-42-39_321285_1/e204ea920afc660d141428a4b6fa0dcb791e4d6f171d833fc50494c0/job_events/03000000/e204ea920afc660d141428a4b6fa0dcb791e4d6f171d833fc50494c0-2026-08-06-19-1786045384471140680.jsonl: TASK_LIFECYCLE_EVENT must have at least one state transition"
time="2026-08-06T19:44:28Z" level=error msg="Failed to store events for file session_2026-08-06_12-42-39_321285_1/e204ea920afc660d141428a4b6fa0dcb791e4d6f171d833fc50494c0/job_events/03000000/e204ea920afc660d141428a4b6fa0dcb791e4d6f171d833fc50494c0-2026-08-06-19-1786045384471140680.jsonl: TASK_LIFECYCLE_EVENT must have at least one state transition"
time="2026-08-06T19:44:28Z" level=error msg="Failed to store events for file session_2026-08-06_12-42-39_321285_1/e204ea920afc660d141428a4b6fa0dcb791e4d6f171d833fc50494c0/job_events/03000000/e204ea920afc660d141428a4b6fa0dcb791e4d6f171d833fc50494c0-2026-08-06-19-1786045384471140680.jsonl: TASK_LIFECYCLE_EVENT must have at least one state transition"
time="2026-08-06T19:44:28Z" level=error msg="Failed to store events for file session_2026-08-06_12-42-39_321285_1/e204ea920afc660d141428a4b6fa0dcb791e4d6f171d833fc50494c0/job_events/03000000/e204ea920afc660d141428a4b6fa0dcb791e4d6f171d833fc50494c0-2026-08-06-19-1786045384471140680.jsonl: TASK_LIFECYCLE_EVENT must have at least one state transition"
time="2026-08-06T19:44:28Z" level=error msg="Failed to store events for file session_2026-08-06_12-42-39_321285_1/e204ea920afc660d141428a4b6fa0dcb791e4d6f171d833fc50494c0/job_events/03000000/e204ea920afc660d141428a4b6fa0dcb791e4d6f171d833fc50494c0-2026-08-06-19-1786045384471140680.jsonl: TASK_LIFECYCLE_EVENT must have at least one state transition"
time="2026-08-06T19:44:28Z" level=error msg="Failed to store events for file session_2026-08-06_12-42-39_321285_1/e204ea920afc660d141428a4b6fa0dcb791e4d6f171d833fc50494c0/job_events/03000000/e204ea920afc660d141428a4b6fa0dcb791e4d6f171d833fc50494c0-2026-08-06-19-1786045384471140680.jsonl: TASK_LIFECYCLE_EVENT must have at least one state transition"
gc 16 @30.028s 2%: 0.18+607+0.084 ms clock, 0.36+0.098/317/431+0.16 ms cpu, 586->600->344 MB, 615 MB goal, 0 MB stacks, 0 MB globals, 2 P
time="2026-08-06T19:44:29Z" level=error msg="Failed to store events for file session_2026-08-06_12-42-39_321285_1/e204ea920afc660d141428a4b6fa0dcb791e4d6f171d833fc50494c0/job_events/03000000/e204ea920afc660d141428a4b6fa0dcb791e4d6f171d833fc50494c0-2026-08-06-19-1786045384471140680.jsonl: TASK_LIFECYCLE_EVENT must have at least one state transition"
time="2026-08-06T19:44:29Z" level=error msg="Failed to store events for file session_2026-08-06_12-42-39_321285_1/e204ea920afc660d141428a4b6fa0dcb791e4d6f171d833fc50494c0/job_events/03000000/e204ea920afc660d141428a4b6fa0dcb791e4d6f171d833fc50494c0-2026-08-06-19-1786045384471140680.jsonl: TASK_LIFECYCLE_EVENT must have at least one state transition"
time="2026-08-06T19:44:30Z" level=error msg="Failed to store events for file session_2026-08-06_12-42-39_321285_1/e204ea920afc660d141428a4b6fa0dcb791e4d6f171d833fc50494c0/job_events/03000000/e204ea920afc660d141428a4b6fa0dcb791e4d6f171d833fc50494c0-2026-08-06-19-1786045384471140680.jsonl: TASK_LIFECYCLE_EVENT must have at least one state transition"
time="2026-08-06T19:44:30Z" level=error msg="Failed to store events for file session_2026-08-06_12-42-39_321285_1/e204ea920afc660d141428a4b6fa0dcb791e4d6f171d833fc50494c0/job_events/03000000/e204ea920afc660d141428a4b6fa0dcb791e4d6f171d833fc50494c0-2026-08-06-19-1786045384471140680.jsonl: TASK_LIFECYCLE_EVENT must have at least one state transition"
time="2026-08-06T19:44:30Z" level=error msg="Failed to store events for file session_2026-08-06_12-42-39_321285_1/e204ea920afc660d141428a4b6fa0dcb791e4d6f171d833fc50494c0/job_events/03000000/e204ea920afc660d141428a4b6fa0dcb791e4d6f171d833fc50494c0-2026-08-06-19-1786045384471140680.jsonl: TASK_LIFECYCLE_EVENT must have at least one state transition"
time="2026-08-06T19:44:31Z" level=error msg="Failed to store events for file session_2026-08-06_12-42-39_321285_1/e204ea920afc660d141428a4b6fa0dcb791e4d6f171d833fc50494c0/job_events/03000000/e204ea920afc660d141428a4b6fa0dcb791e4d6f171d833fc50494c0-2026-08-06-19-1786045384471140680.jsonl: TASK_LIFECYCLE_EVENT must have at least one state transition"
time="2026-08-06T19:44:31Z" level=error msg="Failed to store events for file session_2026-08-06_12-42-39_321285_1/e204ea920afc660d141428a4b6fa0dcb791e4d6f171d833fc50494c0/job_events/03000000/e204ea920afc660d141428a4b6fa0dcb791e4d6f171d833fc50494c0-2026-08-06-19-1786045384471140680.jsonl: TASK_LIFECYCLE_EVENT must have at least one state transition"
time="2026-08-06T19:44:31Z" level=error msg="Failed to store events for file session_2026-08-06_12-42-39_321285_1/e204ea920afc660d141428a4b6fa0dcb791e4d6f171d833fc50494c0/job_events/03000000/e204ea920afc660d141428a4b6fa0dcb791e4d6f171d833fc50494c0-2026-08-06-19-1786045384471140680.jsonl: TASK_LIFECYCLE_EVENT must have at least one state transition"
time="2026-08-06T19:44:31Z" level=error msg="Failed to store events for file session_2026-08-06_12-42-39_321285_1/e204ea920afc660d141428a4b6fa0dcb791e4d6f171d833fc50494c0/job_events/03000000/e204ea920afc660d141428a4b6fa0dcb791e4d6f171d833fc50494c0-2026-08-06-19-1786045384471140680.jsonl: TASK_LIFECYCLE_EVENT must have at least one state transition"
time="2026-08-06T19:44:31Z" level=info msg="Prepare to get object log/cluster-history/raycluster/test-ns-4hdkc/raycluster-historyserver/session_2026-08-06_12-42-39_321285_1/7021b3d3eb19d6870c5f08a876e7a89b05a3402e6af03ab605c251e6/node_events/7021b3d3eb19d6870c5f08a876e7a89b05a3402e6af03ab605c251e6-2026-08-06-19-1786045364269629212.jsonl info ..."
time="2026-08-06T19:44:31Z" level=info msg="Received request: GET /api/v0/tasks?limit=50000"
time="2026-08-06T19:44:31Z" level=info msg="Request URL /api/v0/tasks?limit=50000"
time="2026-08-06T19:44:31Z" level=info msg="Received request: GET /api/v0/tasks?limit=50000"
time="2026-08-06T19:44:31Z" level=info msg="Request URL /api/v0/tasks?limit=50000"
time="2026-08-06T19:44:31Z" level=info msg="Received request: GET /api/v0/tasks?limit=50000"
time="2026-08-06T19:44:31Z" level=info msg="Request URL /api/v0/tasks?limit=50000"
time="2026-08-06T19:44:31Z" level=info msg="Received request: GET /api/v0/tasks?limit=50000"
time="2026-08-06T19:44:31Z" level=info msg="Request URL /api/v0/tasks?limit=50000"
time="2026-08-06T19:44:31Z" level=info msg="Received request: GET /api/v0/tasks?limit=50000"
time="2026-08-06T19:44:31Z" level=info msg="Request URL /api/v0/tasks?limit=50000"
time="2026-08-06T19:44:31Z" level=info msg="Received request: GET /api/v0/tasks?limit=50000"
time="2026-08-06T19:44:31Z" level=info msg="Request URL /api/v0/tasks?limit=50000"
time="2026-08-06T19:44:31Z" level=info msg="Received request: GET /api/v0/tasks?limit=50000"
time="2026-08-06T19:44:31Z" level=info msg="Request URL /api/v0/tasks?limit=50000"
time="2026-08-06T19:44:31Z" level=info msg="Received request: GET /api/v0/tasks?limit=50000"
time="2026-08-06T19:44:31Z" level=info msg="Request URL /api/v0/tasks?limit=50000"
time="2026-08-06T19:44:31Z" level=info msg="Received request: GET /api/v0/tasks?limit=50000"
time="2026-08-06T19:44:31Z" level=info msg="Request URL /api/v0/tasks?limit=50000"
time="2026-08-06T19:44:31Z" level=info msg="Received request: GET /api/v0/tasks?limit=50000"
time="2026-08-06T19:44:31Z" level=info msg="Request URL /api/v0/tasks?limit=50000"
time="2026-08-06T19:44:31Z" level=info msg="Received request: GET /api/v0/tasks/summarize"
time="2026-08-06T19:44:31Z" level=info msg="Request URL /api/v0/tasks/summarize"
gc 17 @33.492s 2%: 0.17+186+0.048 ms clock, 0.35+45/90/130+0.096 ms cpu, 651->665->140 MB, 689 MB goal, 0 MB stacks, 0 MB globals, 2 P
time="2026-08-06T19:44:32Z" level=info msg="Received request: GET /api/v0/tasks/summarize"
time="2026-08-06T19:44:32Z" level=info msg="Request URL /api/v0/tasks/summarize"
gc 18 @33.972s 2%: 0.16+292+0.090 ms clock, 0.32+0/144/188+0.18 ms cpu, 239->265->147 MB, 280 MB goal, 0 MB stacks, 0 MB globals, 2 P
time="2026-08-06T19:44:33Z" level=info msg="Received request: GET /api/v0/tasks/summarize"
time="2026-08-06T19:44:33Z" level=info msg="Request URL /api/v0/tasks/summarize"
gc 19 @34.515s 3%: 0.70+251+0.17 ms clock, 1.4+0/118/124+0.35 ms cpu, 254->280->147 MB, 295 MB goal, 0 MB stacks, 0 MB globals, 2 P
time="2026-08-06T19:44:33Z" level=info msg="Received request: GET /api/v0/tasks/summarize"
time="2026-08-06T19:44:33Z" level=info msg="Request URL /api/v0/tasks/summarize"
gc 20 @35.046s 3%: 0.15+196+0.087 ms clock, 0.30+0/107/103+0.17 ms cpu, 254->269->136 MB, 295 MB goal, 0 MB stacks, 0 MB globals, 2 P
gc 21 @35.301s 3%: 0.15+355+0.085 ms clock, 0.31+0/172/186+0.17 ms cpu, 234->234->164 MB, 274 MB goal, 0 MB stacks, 0 MB globals, 2 P
time="2026-08-06T19:44:34Z" level=info msg="Received request: GET /api/v0/tasks/summarize"
time="2026-08-06T19:44:34Z" level=info msg="Request URL /api/v0/tasks/summarize"
gc 22 @35.932s 3%: 0.20+353+0.10 ms clock, 0.41+0/188/203+0.20 ms cpu, 297->297->145 MB, 329 MB goal, 0 MB stacks, 0 MB globals, 2 P
time="2026-08-06T19:44:34Z" level=info msg="Received request: GET /api/v0/tasks/summarize"
time="2026-08-06T19:44:34Z" level=info msg="Request URL /api/v0/tasks/summarize"
gc 23 @36.540s 3%: 0.14+286+0.075 ms clock, 0.29+54/150/134+0.15 ms cpu, 254->278->179 MB, 291 MB goal, 0 MB stacks, 0 MB globals, 2 P
time="2026-08-06T19:44:35Z" level=info msg="Received request: GET /api/v0/tasks/summarize"
time="2026-08-06T19:44:35Z" level=info msg="Request URL /api/v0/tasks/summarize"
gc 24 @37.112s 4%: 0.13+352+0.083 ms clock, 0.27+0/186/165+0.16 ms cpu, 312->312->164 MB, 359 MB goal, 0 MB stacks, 0 MB globals, 2 P
time="2026-08-06T19:44:36Z" level=info msg="Received request: GET /api/v0/tasks/summarize"
time="2026-08-06T19:44:36Z" level=info msg="Request URL /api/v0/tasks/summarize"
gc 25 @37.704s 4%: 0.17+366+0.085 ms clock, 0.35+0/191/177+0.17 ms cpu, 297->297->164 MB, 329 MB goal, 0 MB stacks, 0 MB globals, 2 P
time="2026-08-06T19:44:36Z" level=info msg="Received request: GET /api/v0/tasks/summarize"
time="2026-08-06T19:44:36Z" level=info msg="Request URL /api/v0/tasks/summarize"
gc 26 @38.313s 4%: 0.15+282+0.085 ms clock, 0.30+0/141/186+0.17 ms cpu, 297->297->164 MB, 329 MB goal, 0 MB stacks, 0 MB globals, 2 P
time="2026-08-06T19:44:37Z" level=info msg="Received request: GET /api/v0/tasks/summarize"
time="2026-08-06T19:44:37Z" level=info msg="Request URL /api/v0/tasks/summarize"
gc 27 @38.855s 4%: 0.15+347+0.077 ms clock, 0.31+0/188/166+0.15 ms cpu, 297->297->164 MB, 329 MB goal, 0 MB stacks, 0 MB globals, 2 P
time="2026-08-06T19:44:37Z" level=info msg="Received request: GET /api/jobs/"
time="2026-08-06T19:44:37Z" level=info msg="Request URL /api/jobs/"
time="2026-08-06T19:44:37Z" level=info msg="Received request: GET /api/jobs/"
time="2026-08-06T19:44:37Z" level=info msg="Request URL /api/jobs/"
time="2026-08-06T19:44:37Z" level=info msg="Received request: GET /api/jobs/"
time="2026-08-06T19:44:37Z" level=info msg="Request URL /api/jobs/"
time="2026-08-06T19:44:37Z" level=info msg="Received request: GET /api/jobs/"
time="2026-08-06T19:44:37Z" level=info msg="Request URL /api/jobs/"
time="2026-08-06T19:44:37Z" level=info msg="Received request: GET /api/jobs/"
time="2026-08-06T19:44:37Z" level=info msg="Request URL /api/jobs/"
time="2026-08-06T19:44:37Z" level=info msg="Received request: GET /api/jobs/"
time="2026-08-06T19:44:37Z" level=info msg="Request URL /api/jobs/"
time="2026-08-06T19:44:38Z" level=info msg="Received request: GET /api/jobs/"
time="2026-08-06T19:44:38Z" level=info msg="Request URL /api/jobs/"
gc 28 @39.427s 4%: 0.47+213+0.041 ms clock, 0.95+0/73/97+0.083 ms cpu, 286->306->142 MB, 329 MB goal, 0 MB stacks, 0 MB globals, 2 P
time="2026-08-06T19:44:38Z" level=info msg="Received request: GET /api/jobs/"
time="2026-08-06T19:44:38Z" level=info msg="Request URL /api/jobs/"
time="2026-08-06T19:44:38Z" level=info msg="Received request: GET /api/jobs/"
time="2026-08-06T19:44:38Z" level=info msg="Request URL /api/jobs/"
time="2026-08-06T19:44:38Z" level=info msg="Received request: GET /api/jobs/"
time="2026-08-06T19:44:38Z" level=info msg="Request URL /api/jobs/"
time="2026-08-06T19:44:38Z" level=info msg="Request URL /nodes?view=summary"
time="2026-08-06T19:44:38Z" level=info msg="Request URL /nodes?view=summary"
time="2026-08-06T19:44:38Z" level=info msg="Request URL /nodes?view=summary"
gc 29 @39.687s 4%: 0.68+220+0.033 ms clock, 1.3+0/86/102+0.066 ms cpu, 243->263->142 MB, 284 MB goal, 0 MB stacks, 0 MB globals, 2 P
time="2026-08-06T19:44:38Z" level=info msg="Request URL /nodes?view=summary"
time="2026-08-06T19:44:38Z" level=info msg="Request URL /nodes?view=summary"
time="2026-08-06T19:44:38Z" level=info msg="Request URL /nodes?view=summary"
time="2026-08-06T19:44:38Z" level=info msg="Request URL /nodes?view=summary"
time="2026-08-06T19:44:38Z" level=info msg="Request URL /nodes?view=summary"
time="2026-08-06T19:44:38Z" level=info msg="Request URL /nodes?view=summary"
time="2026-08-06T19:44:38Z" level=info msg="Request URL /nodes?view=summary"
gc 30 @39.956s 4%: 0.98+335+0.093 ms clock, 1.9+0/125/108+0.18 ms cpu, 243->284->162 MB, 284 MB goal, 0 MB stacks, 0 MB globals, 2 P
time="2026-08-06T19:44:38Z" level=info msg="Request URL /events"
time="2026-08-06T19:44:38Z" level=info msg="Request URL /events"
time="2026-08-06T19:44:38Z" level=info msg="Request URL /events"
time="2026-08-06T19:44:38Z" level=info msg="Request URL /events"
time="2026-08-06T19:44:38Z" level=info msg="Request URL /events"
time="2026-08-06T19:44:38Z" level=info msg="Request URL /events"
time="2026-08-06T19:44:38Z" level=info msg="Request URL /events"
gc 31 @40.353s 4%: 0.54+201+0.042 ms clock, 1.0+0/76/104+0.084 ms cpu, 284->304->142 MB, 325 MB goal, 0 MB stacks, 0 MB globals, 2 P
time="2026-08-06T19:44:39Z" level=info msg="Request URL /events"
time="2026-08-06T19:44:39Z" level=info msg="Request URL /events"
time="2026-08-06T19:44:39Z" level=info msg="Request URL /events"
