gc 1 @0.118s 4%: 1.4+20+1.4 ms clock, 5.7+0/15/30+5.6 ms cpu, 3->3->2 MB, 4 MB goal, 0 MB stacks, 0 MB globals, 4 P
gc 2 @0.250s 2%: 0.10+3.2+0.11 ms clock, 0.42+0.43/2.5/3.8+0.45 ms cpu, 4->5->3 MB, 4 MB goal, 0 MB stacks, 0 MB globals, 4 P
gc 3 @0.347s 2%: 0.15+4.0+1.2 ms clock, 0.63+0.32/2.8/6.0+5.0 ms cpu, 6->7->5 MB, 7 MB goal, 0 MB stacks, 0 MB globals, 4 P
time="2026-08-06T17:34:38Z" level=info msg="create client manager successfully, clients: 1"
time="2026-08-06T17:34:38Z" level=info msg="Begin to create s3 client ..."
time="2026-08-06T17:34:38Z" level=info msg="Checking if bucket ray-historyserver exists..."
time="2026-08-06T17:34:38Z" level=info msg="Bucket ray-historyserver already exists"
time="2026-08-06T17:34:38Z" level=info msg="Clean logdir is logs"
time="2026-08-06T17:34:38Z" level=info msg="Starting server on :8080"
time="2026-08-06T17:34:40Z" level=info msg="Received request: GET /readz"
gc 4 @2.635s 0%: 0.13+4.7+0.092 ms clock, 0.55+0.12/4.0/7.7+0.37 ms cpu, 9->9->6 MB, 10 MB goal, 0 MB stacks, 0 MB globals, 4 P
time="2026-08-06T17:34:40Z" level=info msg="live clusters: []"
time="2026-08-06T17:34:40Z" level=info msg="[List]Returned objects in log/cluster-metadata/. length of page.Contents: 2, length of page.CommonPrefixes: 0"
time="2026-08-06T17:34:40Z" level=error msg="Failed to parse meta file path: log/cluster-metadata/raycluster/test-ns-vnmdf_raycluster-historyserver/, error: invalid path segment count for cluster metadata structure: log/cluster-metadata/raycluster/test-ns-vnmdf_raycluster-historyserver/"
time="2026-08-06T17:34:40Z" level=info msg="Parsed cluster raycluster-historyserver for session session_2026-08-06_10-33-23_047625_1 to list"
time="2026-08-06T17:34:40Z" level=info msg="live clusters: []"
time="2026-08-06T17:34:40Z" level=info msg="[List]Returned objects in log/cluster-metadata/. length of page.Contents: 2, length of page.CommonPrefixes: 0"
time="2026-08-06T17:34:40Z" level=error msg="Failed to parse meta file path: log/cluster-metadata/raycluster/test-ns-vnmdf_raycluster-historyserver/, error: invalid path segment count for cluster metadata structure: log/cluster-metadata/raycluster/test-ns-vnmdf_raycluster-historyserver/"
time="2026-08-06T17:34:40Z" level=info msg="Parsed cluster raycluster-historyserver for session session_2026-08-06_10-33-23_047625_1 to list"
time="2026-08-06T17:34:40Z" level=info msg="live clusters: []"
time="2026-08-06T17:34:40Z" level=info msg="[List]Returned objects in log/cluster-metadata/. length of page.Contents: 2, length of page.CommonPrefixes: 0"
time="2026-08-06T17:34:40Z" level=error msg="Failed to parse meta file path: log/cluster-metadata/raycluster/test-ns-vnmdf_raycluster-historyserver/, error: invalid path segment count for cluster metadata structure: log/cluster-metadata/raycluster/test-ns-vnmdf_raycluster-historyserver/"
time="2026-08-06T17:34:40Z" level=info msg="Parsed cluster raycluster-historyserver for session session_2026-08-06_10-33-23_047625_1 to list"
time="2026-08-06T17:34:40Z" level=info msg="live clusters: []"
time="2026-08-06T17:34:40Z" level=info msg="[List]Returned objects in log/cluster-metadata/. length of page.Contents: 2, length of page.CommonPrefixes: 0"
time="2026-08-06T17:34:40Z" level=error msg="Failed to parse meta file path: log/cluster-metadata/raycluster/test-ns-vnmdf_raycluster-historyserver/, error: invalid path segment count for cluster metadata structure: log/cluster-metadata/raycluster/test-ns-vnmdf_raycluster-historyserver/"
time="2026-08-06T17:34:40Z" level=info msg="Parsed cluster raycluster-historyserver for session session_2026-08-06_10-33-23_047625_1 to list"
time="2026-08-06T17:34:40Z" level=info msg="live clusters: []"
time="2026-08-06T17:34:40Z" level=info msg="[List]Returned objects in log/cluster-metadata/. length of page.Contents: 2, length of page.CommonPrefixes: 0"
time="2026-08-06T17:34:40Z" level=error msg="Failed to parse meta file path: log/cluster-metadata/raycluster/test-ns-vnmdf_raycluster-historyserver/, error: invalid path segment count for cluster metadata structure: log/cluster-metadata/raycluster/test-ns-vnmdf_raycluster-historyserver/"
time="2026-08-06T17:34:40Z" level=info msg="Parsed cluster raycluster-historyserver for session session_2026-08-06_10-33-23_047625_1 to list"
time="2026-08-06T17:34:40Z" level=info msg="Received request: GET /enter_cluster/test-ns-vnmdf/raycluster/raycluster-historyserver/session_2026-08-06_10-33-23_047625_1"
time="2026-08-06T17:34:40Z" level=info msg="[List]Returned objects in log/cluster-metadata/. length of page.Contents: 2, length of page.CommonPrefixes: 0"
time="2026-08-06T17:34:40Z" level=error msg="Failed to parse meta file path: log/cluster-metadata/raycluster/test-ns-vnmdf_raycluster-historyserver/, error: invalid path segment count for cluster metadata structure: log/cluster-metadata/raycluster/test-ns-vnmdf_raycluster-historyserver/"
time="2026-08-06T17:34:40Z" level=info msg="Parsed cluster raycluster-historyserver for session session_2026-08-06_10-33-23_047625_1 to list"
time="2026-08-06T17:34:40Z" level=info msg="[ListFiles]Returned objects in log/cluster-history/raycluster/test-ns-vnmdf/raycluster-historyserver/session_2026-08-06_10-33-23_047625_1/. length of page.Contents: 0, length of page.CommonPrefixes: 3"
time="2026-08-06T17:34:40Z" level=info msg="[ListFiles]Returned objects in log/cluster-history/raycluster/test-ns-vnmdf/raycluster-historyserver/session_2026-08-06_10-33-23_047625_1/3096bd46c9babd3cd98ceca3a9a09333c33fcc95939a4933e654ace4/logs/events/. length of page.Contents: 11, length of page.CommonPrefixes: 0"
time="2026-08-06T17:34:40Z" level=info msg="Prepare to get object log/cluster-history/raycluster/test-ns-vnmdf/raycluster-historyserver/session_2026-08-06_10-33-23_047625_1/3096bd46c9babd3cd98ceca3a9a09333c33fcc95939a4933e654ace4/logs/events/event_AUTOSCALER.log info ..."
time="2026-08-06T17:34:40Z" level=info msg="Prepare to get object log/cluster-history/raycluster/test-ns-vnmdf/raycluster-historyserver/session_2026-08-06_10-33-23_047625_1/3096bd46c9babd3cd98ceca3a9a09333c33fcc95939a4933e654ace4/logs/events/event_CORE_WORKER_1020.log info ..."
time="2026-08-06T17:34:40Z" level=info msg="Prepare to get object log/cluster-history/raycluster/test-ns-vnmdf/raycluster-historyserver/session_2026-08-06_10-33-23_047625_1/3096bd46c9babd3cd98ceca3a9a09333c33fcc95939a4933e654ace4/logs/events/event_CORE_WORKER_1173.log info ..."
time="2026-08-06T17:34:40Z" level=info msg="Prepare to get object log/cluster-history/raycluster/test-ns-vnmdf/raycluster-historyserver/session_2026-08-06_10-33-23_047625_1/3096bd46c9babd3cd98ceca3a9a09333c33fcc95939a4933e654ace4/logs/events/event_CORE_WORKER_201.log info ..."
time="2026-08-06T17:34:40Z" level=info msg="Prepare to get object log/cluster-history/raycluster/test-ns-vnmdf/raycluster-historyserver/session_2026-08-06_10-33-23_047625_1/3096bd46c9babd3cd98ceca3a9a09333c33fcc95939a4933e654ace4/logs/events/event_CORE_WORKER_206.log info ..."
time="2026-08-06T17:34:40Z" level=info msg="Prepare to get object log/cluster-history/raycluster/test-ns-vnmdf/raycluster-historyserver/session_2026-08-06_10-33-23_047625_1/3096bd46c9babd3cd98ceca3a9a09333c33fcc95939a4933e654ace4/logs/events/event_CORE_WORKER_678.log info ..."
time="2026-08-06T17:34:40Z" level=info msg="Prepare to get object log/cluster-history/raycluster/test-ns-vnmdf/raycluster-historyserver/session_2026-08-06_10-33-23_047625_1/3096bd46c9babd3cd98ceca3a9a09333c33fcc95939a4933e654ace4/logs/events/event_CORE_WORKER_964.log info ..."
time="2026-08-06T17:34:40Z" level=info msg="Prepare to get object log/cluster-history/raycluster/test-ns-vnmdf/raycluster-historyserver/session_2026-08-06_10-33-23_047625_1/3096bd46c9babd3cd98ceca3a9a09333c33fcc95939a4933e654ace4/logs/events/event_GCS.log info ..."
time="2026-08-06T17:34:40Z" level=info msg="Prepare to get object log/cluster-history/raycluster/test-ns-vnmdf/raycluster-historyserver/session_2026-08-06_10-33-23_047625_1/3096bd46c9babd3cd98ceca3a9a09333c33fcc95939a4933e654ace4/logs/events/event_JOBS.log info ..."
time="2026-08-06T17:34:40Z" level=info msg="Prepare to get object log/cluster-history/raycluster/test-ns-vnmdf/raycluster-historyserver/session_2026-08-06_10-33-23_047625_1/3096bd46c9babd3cd98ceca3a9a09333c33fcc95939a4933e654ace4/logs/events/event_RAYLET.log info ..."
time="2026-08-06T17:34:40Z" level=info msg="[ListFiles]Returned objects in log/cluster-history/raycluster/test-ns-vnmdf/raycluster-historyserver/session_2026-08-06_10-33-23_047625_1/4d09d158b6fca4c3c7c2c706be0a1187807be7b76a2c828759abc3f5/logs/events/. length of page.Contents: 13, length of page.CommonPrefixes: 0"
time="2026-08-06T17:34:40Z" level=info msg="Prepare to get object log/cluster-history/raycluster/test-ns-vnmdf/raycluster-historyserver/session_2026-08-06_10-33-23_047625_1/4d09d158b6fca4c3c7c2c706be0a1187807be7b76a2c828759abc3f5/logs/events/event_CORE_WORKER_236.log info ..."
time="2026-08-06T17:34:40Z" level=info msg="Prepare to get object log/cluster-history/raycluster/test-ns-vnmdf/raycluster-historyserver/session_2026-08-06_10-33-23_047625_1/4d09d158b6fca4c3c7c2c706be0a1187807be7b76a2c828759abc3f5/logs/events/event_CORE_WORKER_237.log info ..."
time="2026-08-06T17:34:40Z" level=info msg="Prepare to get object log/cluster-history/raycluster/test-ns-vnmdf/raycluster-historyserver/session_2026-08-06_10-33-23_047625_1/4d09d158b6fca4c3c7c2c706be0a1187807be7b76a2c828759abc3f5/logs/events/event_CORE_WORKER_321.log info ..."
time="2026-08-06T17:34:40Z" level=info msg="Prepare to get object log/cluster-history/raycluster/test-ns-vnmdf/raycluster-historyserver/session_2026-08-06_10-33-23_047625_1/4d09d158b6fca4c3c7c2c706be0a1187807be7b76a2c828759abc3f5/logs/events/event_CORE_WORKER_327.log info ..."
time="2026-08-06T17:34:40Z" level=info msg="Prepare to get object log/cluster-history/raycluster/test-ns-vnmdf/raycluster-historyserver/session_2026-08-06_10-33-23_047625_1/4d09d158b6fca4c3c7c2c706be0a1187807be7b76a2c828759abc3f5/logs/events/event_CORE_WORKER_416.log info ..."
time="2026-08-06T17:34:40Z" level=info msg="Prepare to get object log/cluster-history/raycluster/test-ns-vnmdf/raycluster-historyserver/session_2026-08-06_10-33-23_047625_1/4d09d158b6fca4c3c7c2c706be0a1187807be7b76a2c828759abc3f5/logs/events/event_CORE_WORKER_421.log info ..."
time="2026-08-06T17:34:40Z" level=info msg="Prepare to get object log/cluster-history/raycluster/test-ns-vnmdf/raycluster-historyserver/session_2026-08-06_10-33-23_047625_1/4d09d158b6fca4c3c7c2c706be0a1187807be7b76a2c828759abc3f5/logs/events/event_CORE_WORKER_496.log info ..."
time="2026-08-06T17:34:40Z" level=info msg="Prepare to get object log/cluster-history/raycluster/test-ns-vnmdf/raycluster-historyserver/session_2026-08-06_10-33-23_047625_1/4d09d158b6fca4c3c7c2c706be0a1187807be7b76a2c828759abc3f5/logs/events/event_CORE_WORKER_513.log info ..."
time="2026-08-06T17:34:40Z" level=info msg="Prepare to get object log/cluster-history/raycluster/test-ns-vnmdf/raycluster-historyserver/session_2026-08-06_10-33-23_047625_1/4d09d158b6fca4c3c7c2c706be0a1187807be7b76a2c828759abc3f5/logs/events/event_CORE_WORKER_592.log info ..."
time="2026-08-06T17:34:40Z" level=info msg="Prepare to get object log/cluster-history/raycluster/test-ns-vnmdf/raycluster-historyserver/session_2026-08-06_10-33-23_047625_1/4d09d158b6fca4c3c7c2c706be0a1187807be7b76a2c828759abc3f5/logs/events/event_CORE_WORKER_609.log info ..."
time="2026-08-06T17:34:40Z" level=info msg="Prepare to get object log/cluster-history/raycluster/test-ns-vnmdf/raycluster-historyserver/session_2026-08-06_10-33-23_047625_1/4d09d158b6fca4c3c7c2c706be0a1187807be7b76a2c828759abc3f5/logs/events/event_CORE_WORKER_687.log info ..."
time="2026-08-06T17:34:40Z" level=info msg="Prepare to get object log/cluster-history/raycluster/test-ns-vnmdf/raycluster-historyserver/session_2026-08-06_10-33-23_047625_1/4d09d158b6fca4c3c7c2c706be0a1187807be7b76a2c828759abc3f5/logs/events/event_RAYLET.log info ..."
time="2026-08-06T17:34:40Z" level=info msg="[ListFiles]Returned objects in log/cluster-history/raycluster/test-ns-vnmdf/raycluster-historyserver/session_2026-08-06_10-33-23_047625_1/fetched_endpoints/logs/events/. length of page.Contents: 0, length of page.CommonPrefixes: 0"
time="2026-08-06T17:34:40Z" level=info msg="[ListFiles]Returned objects in log/cluster-history/raycluster/test-ns-vnmdf/raycluster-historyserver/session_2026-08-06_10-33-23_047625_1/. length of page.Contents: 0, length of page.CommonPrefixes: 3"
time="2026-08-06T17:34:40Z" level=info msg="[ListFiles]Returned objects in log/cluster-history/raycluster/test-ns-vnmdf/raycluster-historyserver/session_2026-08-06_10-33-23_047625_1/3096bd46c9babd3cd98ceca3a9a09333c33fcc95939a4933e654ace4/job_events/. length of page.Contents: 0, length of page.CommonPrefixes: 4"
time="2026-08-06T17:34:40Z" level=info msg="[ListFiles]Returned objects in log/cluster-history/raycluster/test-ns-vnmdf/raycluster-historyserver/session_2026-08-06_10-33-23_047625_1/3096bd46c9babd3cd98ceca3a9a09333c33fcc95939a4933e654ace4/job_events/01000000/. length of page.Contents: 2, length of page.CommonPrefixes: 0"
time="2026-08-06T17:34:40Z" level=info msg="[ListFiles]Returned objects in log/cluster-history/raycluster/test-ns-vnmdf/raycluster-historyserver/session_2026-08-06_10-33-23_047625_1/3096bd46c9babd3cd98ceca3a9a09333c33fcc95939a4933e654ace4/job_events/02000000/. length of page.Contents: 2, length of page.CommonPrefixes: 0"
time="2026-08-06T17:34:40Z" level=info msg="[ListFiles]Returned objects in log/cluster-history/raycluster/test-ns-vnmdf/raycluster-historyserver/session_2026-08-06_10-33-23_047625_1/3096bd46c9babd3cd98ceca3a9a09333c33fcc95939a4933e654ace4/job_events/03000000/. length of page.Contents: 2, length of page.CommonPrefixes: 0"
time="2026-08-06T17:34:40Z" level=info msg="[ListFiles]Returned objects in log/cluster-history/raycluster/test-ns-vnmdf/raycluster-historyserver/session_2026-08-06_10-33-23_047625_1/3096bd46c9babd3cd98ceca3a9a09333c33fcc95939a4933e654ace4/job_events/04000000/. length of page.Contents: 2, length of page.CommonPrefixes: 0"
time="2026-08-06T17:34:40Z" level=info msg="[ListFiles]Returned objects in log/cluster-history/raycluster/test-ns-vnmdf/raycluster-historyserver/session_2026-08-06_10-33-23_047625_1/4d09d158b6fca4c3c7c2c706be0a1187807be7b76a2c828759abc3f5/job_events/. length of page.Contents: 0, length of page.CommonPrefixes: 1"
time="2026-08-06T17:34:40Z" level=info msg="[ListFiles]Returned objects in log/cluster-history/raycluster/test-ns-vnmdf/raycluster-historyserver/session_2026-08-06_10-33-23_047625_1/4d09d158b6fca4c3c7c2c706be0a1187807be7b76a2c828759abc3f5/job_events/03000000/. length of page.Contents: 2, length of page.CommonPrefixes: 0"
time="2026-08-06T17:34:40Z" level=info msg="[ListFiles]Returned objects in log/cluster-history/raycluster/test-ns-vnmdf/raycluster-historyserver/session_2026-08-06_10-33-23_047625_1/fetched_endpoints/job_events/. length of page.Contents: 0, length of page.CommonPrefixes: 0"
time="2026-08-06T17:34:40Z" level=info msg="[ListFiles]Returned objects in log/cluster-history/raycluster/test-ns-vnmdf/raycluster-historyserver/session_2026-08-06_10-33-23_047625_1/. length of page.Contents: 0, length of page.CommonPrefixes: 3"
time="2026-08-06T17:34:40Z" level=info msg="[ListFiles]Returned objects in log/cluster-history/raycluster/test-ns-vnmdf/raycluster-historyserver/session_2026-08-06_10-33-23_047625_1/3096bd46c9babd3cd98ceca3a9a09333c33fcc95939a4933e654ace4/node_events/. length of page.Contents: 2, length of page.CommonPrefixes: 0"
time="2026-08-06T17:34:40Z" level=info msg="[ListFiles]Returned objects in log/cluster-history/raycluster/test-ns-vnmdf/raycluster-historyserver/session_2026-08-06_10-33-23_047625_1/4d09d158b6fca4c3c7c2c706be0a1187807be7b76a2c828759abc3f5/node_events/. length of page.Contents: 0, length of page.CommonPrefixes: 0"
time="2026-08-06T17:34:40Z" level=info msg="[ListFiles]Returned objects in log/cluster-history/raycluster/test-ns-vnmdf/raycluster-historyserver/session_2026-08-06_10-33-23_047625_1/fetched_endpoints/node_events/. length of page.Contents: 0, length of page.CommonPrefixes: 0"
time="2026-08-06T17:34:40Z" level=info msg="Prepare to get object log/cluster-history/raycluster/test-ns-vnmdf/raycluster-historyserver/session_2026-08-06_10-33-23_047625_1/3096bd46c9babd3cd98ceca3a9a09333c33fcc95939a4933e654ace4/job_events/01000000/3096bd46c9babd3cd98ceca3a9a09333c33fcc95939a4933e654ace4-2026-08-06-17-1786037608611464470.jsonl info ..."
time="2026-08-06T17:34:40Z" level=info msg="Prepare to get object log/cluster-history/raycluster/test-ns-vnmdf/raycluster-historyserver/session_2026-08-06_10-33-23_047625_1/3096bd46c9babd3cd98ceca3a9a09333c33fcc95939a4933e654ace4/job_events/02000000/3096bd46c9babd3cd98ceca3a9a09333c33fcc95939a4933e654ace4-2026-08-06-17-1786037627809357006.jsonl info ..."
time="2026-08-06T17:34:40Z" level=info msg="Prepare to get object log/cluster-history/raycluster/test-ns-vnmdf/raycluster-historyserver/session_2026-08-06_10-33-23_047625_1/3096bd46c9babd3cd98ceca3a9a09333c33fcc95939a4933e654ace4/job_events/03000000/3096bd46c9babd3cd98ceca3a9a09333c33fcc95939a4933e654ace4-2026-08-06-17-1786037627809952923.jsonl info ..."
gc 5 @2.758s 0%: 0.14+5.5+0.039 ms clock, 0.57+1.1/3.5/9.6+0.15 ms cpu, 12->13->8 MB, 13 MB goal, 0 MB stacks, 0 MB globals, 4 P
gc 6 @2.767s 0%: 0.10+7.8+0.040 ms clock, 0.43+0.36/3.7/12+0.16 ms cpu, 15->15->14 MB, 16 MB goal, 0 MB stacks, 0 MB globals, 4 P
gc 7 @2.787s 0%: 0.14+6.3+0.035 ms clock, 0.58+0/6.0/11+0.14 ms cpu, 34->34->34 MB, 34 MB goal, 0 MB stacks, 0 MB globals, 4 P
gc 8 @2.815s 0%: 0.14+15+0.084 ms clock, 0.58+0/4.3/19+0.33 ms cpu, 69->69->69 MB, 69 MB goal, 0 MB stacks, 0 MB globals, 4 P
gc 9 @2.873s 0%: 0.14+38+0.12 ms clock, 0.56+0/6.2/43+0.49 ms cpu, 188->192->161 MB, 188 MB goal, 0 MB stacks, 0 MB globals, 4 P
gc 10 @2.969s 0%: 0.14+40+0.082 ms clock, 0.57+0/7.3/43+0.33 ms cpu, 339->339->183 MB, 339 MB goal, 0 MB stacks, 0 MB globals, 4 P
gc 11 @6.261s 0%: 0.15+96+0.10 ms clock, 0.62+0.089/95/191+0.42 ms cpu, 359->362->234 MB, 367 MB goal, 0 MB stacks, 0 MB globals, 4 P
gc 12 @9.350s 0%: 0.14+195+0.099 ms clock, 0.59+0.092/194/386+0.39 ms cpu, 399->405->365 MB, 468 MB goal, 0 MB stacks, 0 MB globals, 4 P
gc 13 @14.786s 1%: 0.18+278+0.079 ms clock, 0.75+0.10/277/564+0.31 ms cpu, 622->629->403 MB, 730 MB goal, 0 MB stacks, 0 MB globals, 4 P
gc 14 @21.505s 1%: 0.22+340+0.11 ms clock, 0.90+0.10/339/688+0.47 ms cpu, 686->695->451 MB, 806 MB goal, 0 MB stacks, 0 MB globals, 4 P
time="2026-08-06T17:35:01Z" level=info msg="Prepare to get object log/cluster-history/raycluster/test-ns-vnmdf/raycluster-historyserver/session_2026-08-06_10-33-23_047625_1/3096bd46c9babd3cd98ceca3a9a09333c33fcc95939a4933e654ace4/job_events/04000000/3096bd46c9babd3cd98ceca3a9a09333c33fcc95939a4933e654ace4-2026-08-06-17-1786037641922833179.jsonl info ..."
time="2026-08-06T17:35:01Z" level=info msg="Prepare to get object log/cluster-history/raycluster/test-ns-vnmdf/raycluster-historyserver/session_2026-08-06_10-33-23_047625_1/4d09d158b6fca4c3c7c2c706be0a1187807be7b76a2c828759abc3f5/job_events/03000000/4d09d158b6fca4c3c7c2c706be0a1187807be7b76a2c828759abc3f5-2026-08-06-17-1786037629856841299.jsonl info ..."
gc 15 @24.196s 1%: 0.15+98+0.12 ms clock, 0.61+0.099/97/194+0.50 ms cpu, 869->873->180 MB, 903 MB goal, 0 MB stacks, 0 MB globals, 4 P
gc 16 @27.689s 1%: 0.15+206+0.095 ms clock, 0.63+0.085/206/411+0.38 ms cpu, 351->358->311 MB, 361 MB goal, 0 MB stacks, 0 MB globals, 4 P
time="2026-08-06T17:35:08Z" level=error msg="Failed to store events for file session_2026-08-06_10-33-23_047625_1/4d09d158b6fca4c3c7c2c706be0a1187807be7b76a2c828759abc3f5/job_events/03000000/4d09d158b6fca4c3c7c2c706be0a1187807be7b76a2c828759abc3f5-2026-08-06-17-1786037629856841299.jsonl: TASK_LIFECYCLE_EVENT must have at least one state transition"
time="2026-08-06T17:35:08Z" level=error msg="Failed to store events for file session_2026-08-06_10-33-23_047625_1/4d09d158b6fca4c3c7c2c706be0a1187807be7b76a2c828759abc3f5/job_events/03000000/4d09d158b6fca4c3c7c2c706be0a1187807be7b76a2c828759abc3f5-2026-08-06-17-1786037629856841299.jsonl: TASK_LIFECYCLE_EVENT must have at least one state transition"
time="2026-08-06T17:35:08Z" level=error msg="Failed to store events for file session_2026-08-06_10-33-23_047625_1/4d09d158b6fca4c3c7c2c706be0a1187807be7b76a2c828759abc3f5/job_events/03000000/4d09d158b6fca4c3c7c2c706be0a1187807be7b76a2c828759abc3f5-2026-08-06-17-1786037629856841299.jsonl: TASK_LIFECYCLE_EVENT must have at least one state transition"
time="2026-08-06T17:35:08Z" level=error msg="Failed to store events for file session_2026-08-06_10-33-23_047625_1/4d09d158b6fca4c3c7c2c706be0a1187807be7b76a2c828759abc3f5/job_events/03000000/4d09d158b6fca4c3c7c2c706be0a1187807be7b76a2c828759abc3f5-2026-08-06-17-1786037629856841299.jsonl: TASK_LIFECYCLE_EVENT must have at least one state transition"
time="2026-08-06T17:35:08Z" level=error msg="Failed to store events for file session_2026-08-06_10-33-23_047625_1/4d09d158b6fca4c3c7c2c706be0a1187807be7b76a2c828759abc3f5/job_events/03000000/4d09d158b6fca4c3c7c2c706be0a1187807be7b76a2c828759abc3f5-2026-08-06-17-1786037629856841299.jsonl: TASK_LIFECYCLE_EVENT must have at least one state transition"
time="2026-08-06T17:35:09Z" level=error msg="Failed to store events for file session_2026-08-06_10-33-23_047625_1/4d09d158b6fca4c3c7c2c706be0a1187807be7b76a2c828759abc3f5/job_events/03000000/4d09d158b6fca4c3c7c2c706be0a1187807be7b76a2c828759abc3f5-2026-08-06-17-1786037629856841299.jsonl: TASK_LIFECYCLE_EVENT must have at least one state transition"
time="2026-08-06T17:35:09Z" level=error msg="Failed to store events for file session_2026-08-06_10-33-23_047625_1/4d09d158b6fca4c3c7c2c706be0a1187807be7b76a2c828759abc3f5/job_events/03000000/4d09d158b6fca4c3c7c2c706be0a1187807be7b76a2c828759abc3f5-2026-08-06-17-1786037629856841299.jsonl: TASK_LIFECYCLE_EVENT must have at least one state transition"
time="2026-08-06T17:35:09Z" level=error msg="Failed to store events for file session_2026-08-06_10-33-23_047625_1/4d09d158b6fca4c3c7c2c706be0a1187807be7b76a2c828759abc3f5/job_events/03000000/4d09d158b6fca4c3c7c2c706be0a1187807be7b76a2c828759abc3f5-2026-08-06-17-1786037629856841299.jsonl: TASK_LIFECYCLE_EVENT must have at least one state transition"
time="2026-08-06T17:35:09Z" level=error msg="Failed to store events for file session_2026-08-06_10-33-23_047625_1/4d09d158b6fca4c3c7c2c706be0a1187807be7b76a2c828759abc3f5/job_events/03000000/4d09d158b6fca4c3c7c2c706be0a1187807be7b76a2c828759abc3f5-2026-08-06-17-1786037629856841299.jsonl: TASK_LIFECYCLE_EVENT must have at least one state transition"
time="2026-08-06T17:35:09Z" level=error msg="Failed to store events for file session_2026-08-06_10-33-23_047625_1/4d09d158b6fca4c3c7c2c706be0a1187807be7b76a2c828759abc3f5/job_events/03000000/4d09d158b6fca4c3c7c2c706be0a1187807be7b76a2c828759abc3f5-2026-08-06-17-1786037629856841299.jsonl: TASK_LIFECYCLE_EVENT must have at least one state transition"
time="2026-08-06T17:35:10Z" level=error msg="Failed to store events for file session_2026-08-06_10-33-23_047625_1/4d09d158b6fca4c3c7c2c706be0a1187807be7b76a2c828759abc3f5/job_events/03000000/4d09d158b6fca4c3c7c2c706be0a1187807be7b76a2c828759abc3f5-2026-08-06-17-1786037629856841299.jsonl: TASK_LIFECYCLE_EVENT must have at least one state transition"
time="2026-08-06T17:35:10Z" level=error msg="Failed to store events for file session_2026-08-06_10-33-23_047625_1/4d09d158b6fca4c3c7c2c706be0a1187807be7b76a2c828759abc3f5/job_events/03000000/4d09d158b6fca4c3c7c2c706be0a1187807be7b76a2c828759abc3f5-2026-08-06-17-1786037629856841299.jsonl: TASK_LIFECYCLE_EVENT must have at least one state transition"
time="2026-08-06T17:35:11Z" level=error msg="Failed to store events for file session_2026-08-06_10-33-23_047625_1/4d09d158b6fca4c3c7c2c706be0a1187807be7b76a2c828759abc3f5/job_events/03000000/4d09d158b6fca4c3c7c2c706be0a1187807be7b76a2c828759abc3f5-2026-08-06-17-1786037629856841299.jsonl: TASK_LIFECYCLE_EVENT must have at least one state transition"
time="2026-08-06T17:35:11Z" level=error msg="Failed to store events for file session_2026-08-06_10-33-23_047625_1/4d09d158b6fca4c3c7c2c706be0a1187807be7b76a2c828759abc3f5/job_events/03000000/4d09d158b6fca4c3c7c2c706be0a1187807be7b76a2c828759abc3f5-2026-08-06-17-1786037629856841299.jsonl: TASK_LIFECYCLE_EVENT must have at least one state transition"
time="2026-08-06T17:35:11Z" level=error msg="Failed to store events for file session_2026-08-06_10-33-23_047625_1/4d09d158b6fca4c3c7c2c706be0a1187807be7b76a2c828759abc3f5/job_events/03000000/4d09d158b6fca4c3c7c2c706be0a1187807be7b76a2c828759abc3f5-2026-08-06-17-1786037629856841299.jsonl: TASK_LIFECYCLE_EVENT must have at least one state transition"
time="2026-08-06T17:35:11Z" level=error msg="Failed to store events for file session_2026-08-06_10-33-23_047625_1/4d09d158b6fca4c3c7c2c706be0a1187807be7b76a2c828759abc3f5/job_events/03000000/4d09d158b6fca4c3c7c2c706be0a1187807be7b76a2c828759abc3f5-2026-08-06-17-1786037629856841299.jsonl: TASK_LIFECYCLE_EVENT must have at least one state transition"
time="2026-08-06T17:35:11Z" level=error msg="Failed to store events for file session_2026-08-06_10-33-23_047625_1/4d09d158b6fca4c3c7c2c706be0a1187807be7b76a2c828759abc3f5/job_events/03000000/4d09d158b6fca4c3c7c2c706be0a1187807be7b76a2c828759abc3f5-2026-08-06-17-1786037629856841299.jsonl: TASK_LIFECYCLE_EVENT must have at least one state transition"
time="2026-08-06T17:35:12Z" level=error msg="Failed to store events for file session_2026-08-06_10-33-23_047625_1/4d09d158b6fca4c3c7c2c706be0a1187807be7b76a2c828759abc3f5/job_events/03000000/4d09d158b6fca4c3c7c2c706be0a1187807be7b76a2c828759abc3f5-2026-08-06-17-1786037629856841299.jsonl: TASK_LIFECYCLE_EVENT must have at least one state transition"
time="2026-08-06T17:35:12Z" level=error msg="Failed to store events for file session_2026-08-06_10-33-23_047625_1/4d09d158b6fca4c3c7c2c706be0a1187807be7b76a2c828759abc3f5/job_events/03000000/4d09d158b6fca4c3c7c2c706be0a1187807be7b76a2c828759abc3f5-2026-08-06-17-1786037629856841299.jsonl: TASK_LIFECYCLE_EVENT must have at least one state transition"
time="2026-08-06T17:35:12Z" level=error msg="Failed to store events for file session_2026-08-06_10-33-23_047625_1/4d09d158b6fca4c3c7c2c706be0a1187807be7b76a2c828759abc3f5/job_events/03000000/4d09d158b6fca4c3c7c2c706be0a1187807be7b76a2c828759abc3f5-2026-08-06-17-1786037629856841299.jsonl: TASK_LIFECYCLE_EVENT must have at least one state transition"
gc 17 @34.470s 1%: 0.23+265+0.080 ms clock, 0.92+0.50/265/540+0.32 ms cpu, 602->609->339 MB, 623 MB goal, 0 MB stacks, 0 MB globals, 4 P
time="2026-08-06T17:35:13Z" level=error msg="Failed to store events for file session_2026-08-06_10-33-23_047625_1/4d09d158b6fca4c3c7c2c706be0a1187807be7b76a2c828759abc3f5/job_events/03000000/4d09d158b6fca4c3c7c2c706be0a1187807be7b76a2c828759abc3f5-2026-08-06-17-1786037629856841299.jsonl: TASK_LIFECYCLE_EVENT must have at least one state transition"
time="2026-08-06T17:35:13Z" level=error msg="Failed to store events for file session_2026-08-06_10-33-23_047625_1/4d09d158b6fca4c3c7c2c706be0a1187807be7b76a2c828759abc3f5/job_events/03000000/4d09d158b6fca4c3c7c2c706be0a1187807be7b76a2c828759abc3f5-2026-08-06-17-1786037629856841299.jsonl: TASK_LIFECYCLE_EVENT must have at least one state transition"
time="2026-08-06T17:35:13Z" level=error msg="Failed to store events for file session_2026-08-06_10-33-23_047625_1/4d09d158b6fca4c3c7c2c706be0a1187807be7b76a2c828759abc3f5/job_events/03000000/4d09d158b6fca4c3c7c2c706be0a1187807be7b76a2c828759abc3f5-2026-08-06-17-1786037629856841299.jsonl: TASK_LIFECYCLE_EVENT must have at least one state transition"
time="2026-08-06T17:35:13Z" level=error msg="Failed to store events for file session_2026-08-06_10-33-23_047625_1/4d09d158b6fca4c3c7c2c706be0a1187807be7b76a2c828759abc3f5/job_events/03000000/4d09d158b6fca4c3c7c2c706be0a1187807be7b76a2c828759abc3f5-2026-08-06-17-1786037629856841299.jsonl: TASK_LIFECYCLE_EVENT must have at least one state transition"
time="2026-08-06T17:35:13Z" level=error msg="Failed to store events for file session_2026-08-06_10-33-23_047625_1/4d09d158b6fca4c3c7c2c706be0a1187807be7b76a2c828759abc3f5/job_events/03000000/4d09d158b6fca4c3c7c2c706be0a1187807be7b76a2c828759abc3f5-2026-08-06-17-1786037629856841299.jsonl: TASK_LIFECYCLE_EVENT must have at least one state transition"
time="2026-08-06T17:35:14Z" level=error msg="Failed to store events for file session_2026-08-06_10-33-23_047625_1/4d09d158b6fca4c3c7c2c706be0a1187807be7b76a2c828759abc3f5/job_events/03000000/4d09d158b6fca4c3c7c2c706be0a1187807be7b76a2c828759abc3f5-2026-08-06-17-1786037629856841299.jsonl: TASK_LIFECYCLE_EVENT must have at least one state transition"
time="2026-08-06T17:35:14Z" level=error msg="Failed to store events for file session_2026-08-06_10-33-23_047625_1/4d09d158b6fca4c3c7c2c706be0a1187807be7b76a2c828759abc3f5/job_events/03000000/4d09d158b6fca4c3c7c2c706be0a1187807be7b76a2c828759abc3f5-2026-08-06-17-1786037629856841299.jsonl: TASK_LIFECYCLE_EVENT must have at least one state transition"
time="2026-08-06T17:35:14Z" level=error msg="Failed to store events for file session_2026-08-06_10-33-23_047625_1/4d09d158b6fca4c3c7c2c706be0a1187807be7b76a2c828759abc3f5/job_events/03000000/4d09d158b6fca4c3c7c2c706be0a1187807be7b76a2c828759abc3f5-2026-08-06-17-1786037629856841299.jsonl: TASK_LIFECYCLE_EVENT must have at least one state transition"
time="2026-08-06T17:35:14Z" level=error msg="Failed to store events for file session_2026-08-06_10-33-23_047625_1/4d09d158b6fca4c3c7c2c706be0a1187807be7b76a2c828759abc3f5/job_events/03000000/4d09d158b6fca4c3c7c2c706be0a1187807be7b76a2c828759abc3f5-2026-08-06-17-1786037629856841299.jsonl: TASK_LIFECYCLE_EVENT must have at least one state transition"
time="2026-08-06T17:35:15Z" level=error msg="Failed to store events for file session_2026-08-06_10-33-23_047625_1/4d09d158b6fca4c3c7c2c706be0a1187807be7b76a2c828759abc3f5/job_events/03000000/4d09d158b6fca4c3c7c2c706be0a1187807be7b76a2c828759abc3f5-2026-08-06-17-1786037629856841299.jsonl: TASK_LIFECYCLE_EVENT must have at least one state transition"
time="2026-08-06T17:35:15Z" level=error msg="Failed to store events for file session_2026-08-06_10-33-23_047625_1/4d09d158b6fca4c3c7c2c706be0a1187807be7b76a2c828759abc3f5/job_events/03000000/4d09d158b6fca4c3c7c2c706be0a1187807be7b76a2c828759abc3f5-2026-08-06-17-1786037629856841299.jsonl: TASK_LIFECYCLE_EVENT must have at least one state transition"
time="2026-08-06T17:35:15Z" level=error msg="Failed to store events for file session_2026-08-06_10-33-23_047625_1/4d09d158b6fca4c3c7c2c706be0a1187807be7b76a2c828759abc3f5/job_events/03000000/4d09d158b6fca4c3c7c2c706be0a1187807be7b76a2c828759abc3f5-2026-08-06-17-1786037629856841299.jsonl: TASK_LIFECYCLE_EVENT must have at least one state transition"
time="2026-08-06T17:35:15Z" level=info msg="Prepare to get object log/cluster-history/raycluster/test-ns-vnmdf/raycluster-historyserver/session_2026-08-06_10-33-23_047625_1/3096bd46c9babd3cd98ceca3a9a09333c33fcc95939a4933e654ace4/node_events/3096bd46c9babd3cd98ceca3a9a09333c33fcc95939a4933e654ace4-2026-08-06-17-1786037608503410303.jsonl info ..."
time="2026-08-06T17:35:15Z" level=info msg="Received request: GET /api/v0/tasks?limit=50000"
time="2026-08-06T17:35:15Z" level=info msg="Request URL /api/v0/tasks?limit=50000"
time="2026-08-06T17:35:15Z" level=info msg="Received request: GET /api/v0/tasks?limit=50000"
time="2026-08-06T17:35:15Z" level=info msg="Request URL /api/v0/tasks?limit=50000"
time="2026-08-06T17:35:15Z" level=info msg="Received request: GET /api/v0/tasks?limit=50000"
time="2026-08-06T17:35:15Z" level=info msg="Request URL /api/v0/tasks?limit=50000"
time="2026-08-06T17:35:15Z" level=info msg="Received request: GET /api/v0/tasks?limit=50000"
time="2026-08-06T17:35:15Z" level=info msg="Request URL /api/v0/tasks?limit=50000"
time="2026-08-06T17:35:15Z" level=info msg="Received request: GET /api/v0/tasks?limit=50000"
time="2026-08-06T17:35:15Z" level=info msg="Request URL /api/v0/tasks?limit=50000"
time="2026-08-06T17:35:15Z" level=info msg="Received request: GET /api/v0/tasks?limit=50000"
time="2026-08-06T17:35:15Z" level=info msg="Request URL /api/v0/tasks?limit=50000"
time="2026-08-06T17:35:15Z" level=info msg="Received request: GET /api/v0/tasks?limit=50000"
time="2026-08-06T17:35:15Z" level=info msg="Request URL /api/v0/tasks?limit=50000"
time="2026-08-06T17:35:15Z" level=info msg="Received request: GET /api/v0/tasks?limit=50000"
time="2026-08-06T17:35:15Z" level=info msg="Request URL /api/v0/tasks?limit=50000"
time="2026-08-06T17:35:15Z" level=info msg="Received request: GET /api/v0/tasks?limit=50000"
time="2026-08-06T17:35:15Z" level=info msg="Request URL /api/v0/tasks?limit=50000"
time="2026-08-06T17:35:15Z" level=info msg="Received request: GET /api/v0/tasks?limit=50000"
time="2026-08-06T17:35:15Z" level=info msg="Request URL /api/v0/tasks?limit=50000"
time="2026-08-06T17:35:15Z" level=info msg="Received request: GET /api/v0/tasks/summarize"
time="2026-08-06T17:35:15Z" level=info msg="Request URL /api/v0/tasks/summarize"
gc 18 @37.687s 1%: 0.16+89+0.057 ms clock, 0.64+36/88/168+0.23 ms cpu, 658->658->131 MB, 678 MB goal, 0 MB stacks, 0 MB globals, 4 P
time="2026-08-06T17:35:16Z" level=info msg="Received request: GET /api/v0/tasks/summarize"
time="2026-08-06T17:35:16Z" level=info msg="Request URL /api/v0/tasks/summarize"
gc 19 @38.082s 1%: 0.20+105+0.049 ms clock, 0.82+56/71/177+0.19 ms cpu, 254->254->129 MB, 263 MB goal, 0 MB stacks, 0 MB globals, 4 P
time="2026-08-06T17:35:16Z" level=info msg="Received request: GET /api/v0/tasks/summarize"
time="2026-08-06T17:35:16Z" level=info msg="Request URL /api/v0/tasks/summarize"
gc 20 @38.505s 1%: 0.18+86+0.10 ms clock, 0.73+23/85/167+0.40 ms cpu, 248->254->132 MB, 259 MB goal, 0 MB stacks, 0 MB globals, 4 P
time="2026-08-06T17:35:16Z" level=info msg="Received request: GET /api/v0/tasks/summarize"
time="2026-08-06T17:35:16Z" level=info msg="Request URL /api/v0/tasks/summarize"
gc 21 @38.875s 1%: 0.14+81+0.11 ms clock, 0.57+0/79/155+0.44 ms cpu, 246->259->137 MB, 265 MB goal, 0 MB stacks, 0 MB globals, 4 P
time="2026-08-06T17:35:17Z" level=info msg="Received request: GET /api/v0/tasks/summarize"
time="2026-08-06T17:35:17Z" level=info msg="Request URL /api/v0/tasks/summarize"
gc 22 @39.269s 1%: 0.89+119+0.085 ms clock, 3.5+0/73/141+0.34 ms cpu, 250->250->122 MB, 275 MB goal, 0 MB stacks, 0 MB globals, 4 P
gc 23 @39.456s 1%: 0.15+203+0.11 ms clock, 0.62+0/127/250+0.44 ms cpu, 210->234->179 MB, 245 MB goal, 0 MB stacks, 0 MB globals, 4 P
time="2026-08-06T17:35:17Z" level=info msg="Received request: GET /api/v0/tasks/summarize"
time="2026-08-06T17:35:17Z" level=info msg="Request URL /api/v0/tasks/summarize"
gc 24 @39.933s 1%: 0.14+184+0.099 ms clock, 0.57+0/104/287+0.39 ms cpu, 312->312->145 MB, 360 MB goal, 0 MB stacks, 0 MB globals, 4 P
time="2026-08-06T17:35:18Z" level=info msg="Received request: GET /api/v0/tasks/summarize"
time="2026-08-06T17:35:18Z" level=info msg="Request URL /api/v0/tasks/summarize"
gc 25 @40.415s 1%: 0.18+186+0.080 ms clock, 0.72+0/98/194+0.32 ms cpu, 254->278->179 MB, 291 MB goal, 0 MB stacks, 0 MB globals, 4 P
time="2026-08-06T17:35:18Z" level=info msg="Received request: GET /api/v0/tasks/summarize"
time="2026-08-06T17:35:18Z" level=info msg="Request URL /api/v0/tasks/summarize"
gc 26 @40.873s 1%: 0.16+106+0.086 ms clock, 0.64+0/105/209+0.34 ms cpu, 312->312->164 MB, 359 MB goal, 0 MB stacks, 0 MB globals, 4 P
time="2026-08-06T17:35:19Z" level=info msg="Received request: GET /api/v0/tasks/summarize"
time="2026-08-06T17:35:19Z" level=info msg="Request URL /api/v0/tasks/summarize"
gc 27 @41.258s 1%: 0.15+111+0.11 ms clock, 0.63+0/110/218+0.45 ms cpu, 297->297->164 MB, 329 MB goal, 0 MB stacks, 0 MB globals, 4 P
time="2026-08-06T17:35:19Z" level=info msg="Received request: GET /api/v0/tasks/summarize"
time="2026-08-06T17:35:19Z" level=info msg="Request URL /api/v0/tasks/summarize"
gc 28 @41.648s 1%: 0.16+102+0.063 ms clock, 0.65+0/102/203+0.25 ms cpu, 297->297->164 MB, 329 MB goal, 0 MB stacks, 0 MB globals, 4 P
time="2026-08-06T17:35:20Z" level=info msg="Received request: GET /api/jobs/"
time="2026-08-06T17:35:20Z" level=info msg="Request URL /api/jobs/"
time="2026-08-06T17:35:20Z" level=info msg="Received request: GET /api/jobs/"
time="2026-08-06T17:35:20Z" level=info msg="Request URL /api/jobs/"
time="2026-08-06T17:35:20Z" level=info msg="Received request: GET /api/jobs/"
time="2026-08-06T17:35:20Z" level=info msg="Request URL /api/jobs/"
time="2026-08-06T17:35:20Z" level=info msg="Received request: GET /api/jobs/"
time="2026-08-06T17:35:20Z" level=info msg="Request URL /api/jobs/"
time="2026-08-06T17:35:20Z" level=info msg="Received request: GET /api/jobs/"
time="2026-08-06T17:35:20Z" level=info msg="Request URL /api/jobs/"
time="2026-08-06T17:35:20Z" level=info msg="Received request: GET /api/jobs/"
time="2026-08-06T17:35:20Z" level=info msg="Request URL /api/jobs/"
time="2026-08-06T17:35:20Z" level=info msg="Received request: GET /api/jobs/"
time="2026-08-06T17:35:20Z" level=info msg="Request URL /api/jobs/"
gc 29 @42.001s 1%: 0.69+105+0.12 ms clock, 2.7+0/63/123+0.51 ms cpu, 286->306->142 MB, 329 MB goal, 0 MB stacks, 0 MB globals, 4 P
time="2026-08-06T17:35:20Z" level=info msg="Received request: GET /api/jobs/"
time="2026-08-06T17:35:20Z" level=info msg="Request URL /api/jobs/"
time="2026-08-06T17:35:20Z" level=info msg="Received request: GET /api/jobs/"
time="2026-08-06T17:35:20Z" level=info msg="Request URL /api/jobs/"
time="2026-08-06T17:35:20Z" level=info msg="Received request: GET /api/jobs/"
time="2026-08-06T17:35:20Z" level=info msg="Request URL /api/jobs/"
time="2026-08-06T17:35:20Z" level=info msg="Request URL /nodes?view=summary"
time="2026-08-06T17:35:20Z" level=info msg="Request URL /nodes?view=summary"
gc 30 @42.171s 1%: 0.27+108+0.098 ms clock, 1.1+0/69/136+0.39 ms cpu, 244->244->121 MB, 284 MB goal, 0 MB stacks, 0 MB globals, 4 P
time="2026-08-06T17:35:20Z" level=info msg="Request URL /nodes?view=summary"
time="2026-08-06T17:35:20Z" level=info msg="Request URL /nodes?view=summary"
time="2026-08-06T17:35:20Z" level=info msg="Request URL /nodes?view=summary"
time="2026-08-06T17:35:20Z" level=info msg="Request URL /nodes?view=summary"
time="2026-08-06T17:35:20Z" level=info msg="Request URL /nodes?view=summary"
time="2026-08-06T17:35:20Z" level=info msg="Request URL /nodes?view=summary"
gc 31 @42.333s 1%: 0.22+113+0.032 ms clock, 0.90+0/72/140+0.13 ms cpu, 223->223->121 MB, 244 MB goal, 0 MB stacks, 0 MB globals, 4 P
time="2026-08-06T17:35:20Z" level=info msg="Request URL /nodes?view=summary"
time="2026-08-06T17:35:20Z" level=info msg="Request URL /nodes?view=summary"
time="2026-08-06T17:35:20Z" level=info msg="Request URL /events"
time="2026-08-06T17:35:20Z" level=info msg="Request URL /events"
time="2026-08-06T17:35:20Z" level=info msg="Request URL /events"
gc 32 @42.500s 1%: 0.72+113+0.18 ms clock, 2.9+0/62/126+0.73 ms cpu, 223->243->142 MB, 244 MB goal, 0 MB stacks, 0 MB globals, 4 P
time="2026-08-06T17:35:20Z" level=info msg="Request URL /events"
time="2026-08-06T17:35:20Z" level=info msg="Request URL /events"
time="2026-08-06T17:35:20Z" level=info msg="Request URL /events"
time="2026-08-06T17:35:20Z" level=info msg="Request URL /events"
time="2026-08-06T17:35:20Z" level=info msg="Request URL /events"
gc 33 @42.672s 1%: 1.0+110+0.031 ms clock, 4.1+0/63/126+0.12 ms cpu, 243->243->121 MB, 284 MB goal, 0 MB stacks, 0 MB globals, 4 P
time="2026-08-06T17:35:20Z" level=info msg="Request URL /events"
time="2026-08-06T17:35:20Z" level=info msg="Request URL /events"
