gc 1 @0.390s 2%: 1.2+23+0.70 ms clock, 1.2+2.7/6.0/0+0.70 ms cpu, 3->3->2 MB, 4 MB goal, 0 MB stacks, 0 MB globals, 1 P
gc 2 @0.631s 9%: 0.11+60+0.044 ms clock, 0.11+43/14/0+0.044 ms cpu, 6->6->4 MB, 6 MB goal, 0 MB stacks, 0 MB globals, 1 P
time="2026-08-06T19:52:01Z" level=info msg="create client manager successfully, clients: 1"
time="2026-08-06T19:52:01Z" level=info msg="Begin to create s3 client ..."
time="2026-08-06T19:52:01Z" level=info msg="Checking if bucket ray-historyserver exists..."
time="2026-08-06T19:52:01Z" level=info msg="Bucket ray-historyserver already exists"
time="2026-08-06T19:52:01Z" level=info msg="Clean logdir is logs"
time="2026-08-06T19:52:01Z" level=info msg="Starting server on :8080"
time="2026-08-06T19:52:03Z" level=info msg="Received request: GET /readz"
gc 3 @2.591s 2%: 0.14+32+0.065 ms clock, 0.14+1.1/8.5/1.0+0.065 ms cpu, 8->9->6 MB, 9 MB goal, 0 MB stacks, 0 MB globals, 1 P
time="2026-08-06T19:52:03Z" level=info msg="live clusters: []"
time="2026-08-06T19:52:03Z" level=info msg="[List]Returned objects in log/cluster-metadata/. length of page.Contents: 2, length of page.CommonPrefixes: 0"
time="2026-08-06T19:52:03Z" level=error msg="Failed to parse meta file path: log/cluster-metadata/raycluster/test-ns-tgxt9_raycluster-historyserver/, error: invalid path segment count for cluster metadata structure: log/cluster-metadata/raycluster/test-ns-tgxt9_raycluster-historyserver/"
time="2026-08-06T19:52:03Z" level=info msg="Parsed cluster raycluster-historyserver for session session_2026-08-06_12-50-46_745753_1 to list"
time="2026-08-06T19:52:03Z" level=info msg="live clusters: []"
time="2026-08-06T19:52:03Z" level=info msg="[List]Returned objects in log/cluster-metadata/. length of page.Contents: 2, length of page.CommonPrefixes: 0"
time="2026-08-06T19:52:03Z" level=error msg="Failed to parse meta file path: log/cluster-metadata/raycluster/test-ns-tgxt9_raycluster-historyserver/, error: invalid path segment count for cluster metadata structure: log/cluster-metadata/raycluster/test-ns-tgxt9_raycluster-historyserver/"
time="2026-08-06T19:52:03Z" level=info msg="Parsed cluster raycluster-historyserver for session session_2026-08-06_12-50-46_745753_1 to list"
time="2026-08-06T19:52:03Z" level=info msg="live clusters: []"
time="2026-08-06T19:52:03Z" level=info msg="[List]Returned objects in log/cluster-metadata/. length of page.Contents: 2, length of page.CommonPrefixes: 0"
time="2026-08-06T19:52:03Z" level=error msg="Failed to parse meta file path: log/cluster-metadata/raycluster/test-ns-tgxt9_raycluster-historyserver/, error: invalid path segment count for cluster metadata structure: log/cluster-metadata/raycluster/test-ns-tgxt9_raycluster-historyserver/"
time="2026-08-06T19:52:03Z" level=info msg="Parsed cluster raycluster-historyserver for session session_2026-08-06_12-50-46_745753_1 to list"
time="2026-08-06T19:52:03Z" level=info msg="live clusters: []"
time="2026-08-06T19:52:03Z" level=info msg="[List]Returned objects in log/cluster-metadata/. length of page.Contents: 2, length of page.CommonPrefixes: 0"
time="2026-08-06T19:52:03Z" level=error msg="Failed to parse meta file path: log/cluster-metadata/raycluster/test-ns-tgxt9_raycluster-historyserver/, error: invalid path segment count for cluster metadata structure: log/cluster-metadata/raycluster/test-ns-tgxt9_raycluster-historyserver/"
time="2026-08-06T19:52:03Z" level=info msg="Parsed cluster raycluster-historyserver for session session_2026-08-06_12-50-46_745753_1 to list"
time="2026-08-06T19:52:03Z" level=info msg="live clusters: []"
time="2026-08-06T19:52:03Z" level=info msg="[List]Returned objects in log/cluster-metadata/. length of page.Contents: 2, length of page.CommonPrefixes: 0"
time="2026-08-06T19:52:03Z" level=error msg="Failed to parse meta file path: log/cluster-metadata/raycluster/test-ns-tgxt9_raycluster-historyserver/, error: invalid path segment count for cluster metadata structure: log/cluster-metadata/raycluster/test-ns-tgxt9_raycluster-historyserver/"
time="2026-08-06T19:52:03Z" level=info msg="Parsed cluster raycluster-historyserver for session session_2026-08-06_12-50-46_745753_1 to list"
time="2026-08-06T19:52:03Z" level=info msg="Received request: GET /enter_cluster/test-ns-tgxt9/raycluster/raycluster-historyserver/session_2026-08-06_12-50-46_745753_1"
time="2026-08-06T19:52:03Z" level=info msg="[List]Returned objects in log/cluster-metadata/. length of page.Contents: 2, length of page.CommonPrefixes: 0"
time="2026-08-06T19:52:03Z" level=error msg="Failed to parse meta file path: log/cluster-metadata/raycluster/test-ns-tgxt9_raycluster-historyserver/, error: invalid path segment count for cluster metadata structure: log/cluster-metadata/raycluster/test-ns-tgxt9_raycluster-historyserver/"
time="2026-08-06T19:52:03Z" level=info msg="Parsed cluster raycluster-historyserver for session session_2026-08-06_12-50-46_745753_1 to list"
time="2026-08-06T19:52:03Z" level=info msg="[ListFiles]Returned objects in log/cluster-history/raycluster/test-ns-tgxt9/raycluster-historyserver/session_2026-08-06_12-50-46_745753_1/. length of page.Contents: 0, length of page.CommonPrefixes: 3"
time="2026-08-06T19:52:03Z" level=info msg="[ListFiles]Returned objects in log/cluster-history/raycluster/test-ns-tgxt9/raycluster-historyserver/session_2026-08-06_12-50-46_745753_1/12e88598328ea8a16a1bd457dcfdc8a4bbfdddc4bc61bbdeb9c58d44/logs/events/. length of page.Contents: 11, length of page.CommonPrefixes: 0"
time="2026-08-06T19:52:03Z" level=info msg="Prepare to get object log/cluster-history/raycluster/test-ns-tgxt9/raycluster-historyserver/session_2026-08-06_12-50-46_745753_1/12e88598328ea8a16a1bd457dcfdc8a4bbfdddc4bc61bbdeb9c58d44/logs/events/event_AUTOSCALER.log info ..."
time="2026-08-06T19:52:03Z" level=info msg="Prepare to get object log/cluster-history/raycluster/test-ns-tgxt9/raycluster-historyserver/session_2026-08-06_12-50-46_745753_1/12e88598328ea8a16a1bd457dcfdc8a4bbfdddc4bc61bbdeb9c58d44/logs/events/event_CORE_WORKER_1011.log info ..."
time="2026-08-06T19:52:03Z" level=info msg="Prepare to get object log/cluster-history/raycluster/test-ns-tgxt9/raycluster-historyserver/session_2026-08-06_12-50-46_745753_1/12e88598328ea8a16a1bd457dcfdc8a4bbfdddc4bc61bbdeb9c58d44/logs/events/event_CORE_WORKER_1174.log info ..."
time="2026-08-06T19:52:03Z" level=info msg="Prepare to get object log/cluster-history/raycluster/test-ns-tgxt9/raycluster-historyserver/session_2026-08-06_12-50-46_745753_1/12e88598328ea8a16a1bd457dcfdc8a4bbfdddc4bc61bbdeb9c58d44/logs/events/event_CORE_WORKER_199.log info ..."
time="2026-08-06T19:52:03Z" level=info msg="Prepare to get object log/cluster-history/raycluster/test-ns-tgxt9/raycluster-historyserver/session_2026-08-06_12-50-46_745753_1/12e88598328ea8a16a1bd457dcfdc8a4bbfdddc4bc61bbdeb9c58d44/logs/events/event_CORE_WORKER_204.log info ..."
time="2026-08-06T19:52:03Z" level=info msg="Prepare to get object log/cluster-history/raycluster/test-ns-tgxt9/raycluster-historyserver/session_2026-08-06_12-50-46_745753_1/12e88598328ea8a16a1bd457dcfdc8a4bbfdddc4bc61bbdeb9c58d44/logs/events/event_CORE_WORKER_669.log info ..."
time="2026-08-06T19:52:03Z" level=info msg="Prepare to get object log/cluster-history/raycluster/test-ns-tgxt9/raycluster-historyserver/session_2026-08-06_12-50-46_745753_1/12e88598328ea8a16a1bd457dcfdc8a4bbfdddc4bc61bbdeb9c58d44/logs/events/event_CORE_WORKER_953.log info ..."
time="2026-08-06T19:52:03Z" level=info msg="Prepare to get object log/cluster-history/raycluster/test-ns-tgxt9/raycluster-historyserver/session_2026-08-06_12-50-46_745753_1/12e88598328ea8a16a1bd457dcfdc8a4bbfdddc4bc61bbdeb9c58d44/logs/events/event_GCS.log info ..."
time="2026-08-06T19:52:03Z" level=info msg="Prepare to get object log/cluster-history/raycluster/test-ns-tgxt9/raycluster-historyserver/session_2026-08-06_12-50-46_745753_1/12e88598328ea8a16a1bd457dcfdc8a4bbfdddc4bc61bbdeb9c58d44/logs/events/event_JOBS.log info ..."
time="2026-08-06T19:52:03Z" level=info msg="Prepare to get object log/cluster-history/raycluster/test-ns-tgxt9/raycluster-historyserver/session_2026-08-06_12-50-46_745753_1/12e88598328ea8a16a1bd457dcfdc8a4bbfdddc4bc61bbdeb9c58d44/logs/events/event_RAYLET.log info ..."
time="2026-08-06T19:52:03Z" level=info msg="[ListFiles]Returned objects in log/cluster-history/raycluster/test-ns-tgxt9/raycluster-historyserver/session_2026-08-06_12-50-46_745753_1/f2bfeb13f06f149b041d9257d4a9759af23578db54d5536a503e6a0b/logs/events/. length of page.Contents: 13, length of page.CommonPrefixes: 0"
time="2026-08-06T19:52:03Z" level=info msg="Prepare to get object log/cluster-history/raycluster/test-ns-tgxt9/raycluster-historyserver/session_2026-08-06_12-50-46_745753_1/f2bfeb13f06f149b041d9257d4a9759af23578db54d5536a503e6a0b/logs/events/event_CORE_WORKER_228.log info ..."
time="2026-08-06T19:52:03Z" level=info msg="Prepare to get object log/cluster-history/raycluster/test-ns-tgxt9/raycluster-historyserver/session_2026-08-06_12-50-46_745753_1/f2bfeb13f06f149b041d9257d4a9759af23578db54d5536a503e6a0b/logs/events/event_CORE_WORKER_229.log info ..."
time="2026-08-06T19:52:03Z" level=info msg="Prepare to get object log/cluster-history/raycluster/test-ns-tgxt9/raycluster-historyserver/session_2026-08-06_12-50-46_745753_1/f2bfeb13f06f149b041d9257d4a9759af23578db54d5536a503e6a0b/logs/events/event_CORE_WORKER_314.log info ..."
time="2026-08-06T19:52:03Z" level=info msg="Prepare to get object log/cluster-history/raycluster/test-ns-tgxt9/raycluster-historyserver/session_2026-08-06_12-50-46_745753_1/f2bfeb13f06f149b041d9257d4a9759af23578db54d5536a503e6a0b/logs/events/event_CORE_WORKER_319.log info ..."
time="2026-08-06T19:52:03Z" level=info msg="Prepare to get object log/cluster-history/raycluster/test-ns-tgxt9/raycluster-historyserver/session_2026-08-06_12-50-46_745753_1/f2bfeb13f06f149b041d9257d4a9759af23578db54d5536a503e6a0b/logs/events/event_CORE_WORKER_403.log info ..."
time="2026-08-06T19:52:03Z" level=info msg="Prepare to get object log/cluster-history/raycluster/test-ns-tgxt9/raycluster-historyserver/session_2026-08-06_12-50-46_745753_1/f2bfeb13f06f149b041d9257d4a9759af23578db54d5536a503e6a0b/logs/events/event_CORE_WORKER_411.log info ..."
time="2026-08-06T19:52:03Z" level=info msg="Prepare to get object log/cluster-history/raycluster/test-ns-tgxt9/raycluster-historyserver/session_2026-08-06_12-50-46_745753_1/f2bfeb13f06f149b041d9257d4a9759af23578db54d5536a503e6a0b/logs/events/event_CORE_WORKER_510.log info ..."
time="2026-08-06T19:52:03Z" level=info msg="Prepare to get object log/cluster-history/raycluster/test-ns-tgxt9/raycluster-historyserver/session_2026-08-06_12-50-46_745753_1/f2bfeb13f06f149b041d9257d4a9759af23578db54d5536a503e6a0b/logs/events/event_CORE_WORKER_511.log info ..."
time="2026-08-06T19:52:03Z" level=info msg="Prepare to get object log/cluster-history/raycluster/test-ns-tgxt9/raycluster-historyserver/session_2026-08-06_12-50-46_745753_1/f2bfeb13f06f149b041d9257d4a9759af23578db54d5536a503e6a0b/logs/events/event_CORE_WORKER_590.log info ..."
time="2026-08-06T19:52:03Z" level=info msg="Prepare to get object log/cluster-history/raycluster/test-ns-tgxt9/raycluster-historyserver/session_2026-08-06_12-50-46_745753_1/f2bfeb13f06f149b041d9257d4a9759af23578db54d5536a503e6a0b/logs/events/event_CORE_WORKER_611.log info ..."
time="2026-08-06T19:52:03Z" level=info msg="Prepare to get object log/cluster-history/raycluster/test-ns-tgxt9/raycluster-historyserver/session_2026-08-06_12-50-46_745753_1/f2bfeb13f06f149b041d9257d4a9759af23578db54d5536a503e6a0b/logs/events/event_CORE_WORKER_700.log info ..."
time="2026-08-06T19:52:03Z" level=info msg="Prepare to get object log/cluster-history/raycluster/test-ns-tgxt9/raycluster-historyserver/session_2026-08-06_12-50-46_745753_1/f2bfeb13f06f149b041d9257d4a9759af23578db54d5536a503e6a0b/logs/events/event_RAYLET.log info ..."
time="2026-08-06T19:52:03Z" level=info msg="[ListFiles]Returned objects in log/cluster-history/raycluster/test-ns-tgxt9/raycluster-historyserver/session_2026-08-06_12-50-46_745753_1/fetched_endpoints/logs/events/. length of page.Contents: 0, length of page.CommonPrefixes: 0"
time="2026-08-06T19:52:03Z" level=info msg="[ListFiles]Returned objects in log/cluster-history/raycluster/test-ns-tgxt9/raycluster-historyserver/session_2026-08-06_12-50-46_745753_1/. length of page.Contents: 0, length of page.CommonPrefixes: 3"
time="2026-08-06T19:52:03Z" level=info msg="[ListFiles]Returned objects in log/cluster-history/raycluster/test-ns-tgxt9/raycluster-historyserver/session_2026-08-06_12-50-46_745753_1/12e88598328ea8a16a1bd457dcfdc8a4bbfdddc4bc61bbdeb9c58d44/job_events/. length of page.Contents: 0, length of page.CommonPrefixes: 4"
time="2026-08-06T19:52:03Z" level=info msg="[ListFiles]Returned objects in log/cluster-history/raycluster/test-ns-tgxt9/raycluster-historyserver/session_2026-08-06_12-50-46_745753_1/12e88598328ea8a16a1bd457dcfdc8a4bbfdddc4bc61bbdeb9c58d44/job_events/01000000/. length of page.Contents: 2, length of page.CommonPrefixes: 0"
time="2026-08-06T19:52:03Z" level=info msg="[ListFiles]Returned objects in log/cluster-history/raycluster/test-ns-tgxt9/raycluster-historyserver/session_2026-08-06_12-50-46_745753_1/12e88598328ea8a16a1bd457dcfdc8a4bbfdddc4bc61bbdeb9c58d44/job_events/02000000/. length of page.Contents: 2, length of page.CommonPrefixes: 0"
time="2026-08-06T19:52:03Z" level=info msg="[ListFiles]Returned objects in log/cluster-history/raycluster/test-ns-tgxt9/raycluster-historyserver/session_2026-08-06_12-50-46_745753_1/12e88598328ea8a16a1bd457dcfdc8a4bbfdddc4bc61bbdeb9c58d44/job_events/03000000/. length of page.Contents: 2, length of page.CommonPrefixes: 0"
time="2026-08-06T19:52:03Z" level=info msg="[ListFiles]Returned objects in log/cluster-history/raycluster/test-ns-tgxt9/raycluster-historyserver/session_2026-08-06_12-50-46_745753_1/12e88598328ea8a16a1bd457dcfdc8a4bbfdddc4bc61bbdeb9c58d44/job_events/04000000/. length of page.Contents: 2, length of page.CommonPrefixes: 0"
time="2026-08-06T19:52:03Z" level=info msg="[ListFiles]Returned objects in log/cluster-history/raycluster/test-ns-tgxt9/raycluster-historyserver/session_2026-08-06_12-50-46_745753_1/f2bfeb13f06f149b041d9257d4a9759af23578db54d5536a503e6a0b/job_events/. length of page.Contents: 0, length of page.CommonPrefixes: 1"
time="2026-08-06T19:52:03Z" level=info msg="[ListFiles]Returned objects in log/cluster-history/raycluster/test-ns-tgxt9/raycluster-historyserver/session_2026-08-06_12-50-46_745753_1/f2bfeb13f06f149b041d9257d4a9759af23578db54d5536a503e6a0b/job_events/03000000/. length of page.Contents: 2, length of page.CommonPrefixes: 0"
time="2026-08-06T19:52:03Z" level=info msg="[ListFiles]Returned objects in log/cluster-history/raycluster/test-ns-tgxt9/raycluster-historyserver/session_2026-08-06_12-50-46_745753_1/fetched_endpoints/job_events/. length of page.Contents: 0, length of page.CommonPrefixes: 0"
time="2026-08-06T19:52:03Z" level=info msg="[ListFiles]Returned objects in log/cluster-history/raycluster/test-ns-tgxt9/raycluster-historyserver/session_2026-08-06_12-50-46_745753_1/. length of page.Contents: 0, length of page.CommonPrefixes: 3"
time="2026-08-06T19:52:03Z" level=info msg="[ListFiles]Returned objects in log/cluster-history/raycluster/test-ns-tgxt9/raycluster-historyserver/session_2026-08-06_12-50-46_745753_1/12e88598328ea8a16a1bd457dcfdc8a4bbfdddc4bc61bbdeb9c58d44/node_events/. length of page.Contents: 2, length of page.CommonPrefixes: 0"
time="2026-08-06T19:52:03Z" level=info msg="[ListFiles]Returned objects in log/cluster-history/raycluster/test-ns-tgxt9/raycluster-historyserver/session_2026-08-06_12-50-46_745753_1/f2bfeb13f06f149b041d9257d4a9759af23578db54d5536a503e6a0b/node_events/. length of page.Contents: 0, length of page.CommonPrefixes: 0"
time="2026-08-06T19:52:03Z" level=info msg="[ListFiles]Returned objects in log/cluster-history/raycluster/test-ns-tgxt9/raycluster-historyserver/session_2026-08-06_12-50-46_745753_1/fetched_endpoints/node_events/. length of page.Contents: 0, length of page.CommonPrefixes: 0"
time="2026-08-06T19:52:03Z" level=info msg="Prepare to get object log/cluster-history/raycluster/test-ns-tgxt9/raycluster-historyserver/session_2026-08-06_12-50-46_745753_1/12e88598328ea8a16a1bd457dcfdc8a4bbfdddc4bc61bbdeb9c58d44/job_events/01000000/12e88598328ea8a16a1bd457dcfdc8a4bbfdddc4bc61bbdeb9c58d44-2026-08-06-19-1786045852118863383.jsonl info ..."
time="2026-08-06T19:52:03Z" level=info msg="Prepare to get object log/cluster-history/raycluster/test-ns-tgxt9/raycluster-historyserver/session_2026-08-06_12-50-46_745753_1/12e88598328ea8a16a1bd457dcfdc8a4bbfdddc4bc61bbdeb9c58d44/job_events/02000000/12e88598328ea8a16a1bd457dcfdc8a4bbfdddc4bc61bbdeb9c58d44-2026-08-06-19-1786045869108803960.jsonl info ..."
time="2026-08-06T19:52:03Z" level=info msg="Prepare to get object log/cluster-history/raycluster/test-ns-tgxt9/raycluster-historyserver/session_2026-08-06_12-50-46_745753_1/12e88598328ea8a16a1bd457dcfdc8a4bbfdddc4bc61bbdeb9c58d44/job_events/03000000/12e88598328ea8a16a1bd457dcfdc8a4bbfdddc4bc61bbdeb9c58d44-2026-08-06-19-1786045870109029960.jsonl info ..."
gc 4 @2.823s 3%: 0.15+13+0.047 ms clock, 0.15+7.8/4.1/0+0.047 ms cpu, 12->13->9 MB, 14 MB goal, 0 MB stacks, 0 MB globals, 1 P
gc 5 @2.878s 3%: 0.10+22+0.041 ms clock, 0.10+5.9/4.6/0.60+0.041 ms cpu, 19->19->19 MB, 19 MB goal, 0 MB stacks, 0 MB globals, 1 P
gc 6 @2.908s 3%: 0.082+18+0.056 ms clock, 0.082+2.2/4.4/5.2+0.056 ms cpu, 34->34->34 MB, 38 MB goal, 0 MB stacks, 0 MB globals, 1 P
gc 7 @2.991s 3%: 0.10+22+0.041 ms clock, 0.10+0/6.7/4.5+0.041 ms cpu, 69->69->69 MB, 69 MB goal, 0 MB stacks, 0 MB globals, 1 P
gc 8 @3.090s 4%: 0.12+37+0.13 ms clock, 0.12+0/10/0+0.13 ms cpu, 187->187->94 MB, 187 MB goal, 0 MB stacks, 0 MB globals, 1 P
gc 9 @3.216s 5%: 0.050+80+0.029 ms clock, 0.050+43/20/0+0.029 ms cpu, 187->187->187 MB, 188 MB goal, 0 MB stacks, 0 MB globals, 1 P
gc 10 @5.901s 5%: 0.10+628+0.064 ms clock, 0.10+0.78/159/0+0.064 ms cpu, 352->360->161 MB, 376 MB goal, 0 MB stacks, 0 MB globals, 1 P
gc 11 @10.292s 7%: 0.12+2132+0.025 ms clock, 0.12+1.9/535/0+0.025 ms cpu, 275->306->277 MB, 323 MB goal, 0 MB stacks, 0 MB globals, 1 P
gc 12 @18.778s 8%: 0.12+4824+0.042 ms clock, 0.12+1.4/1209/0+0.042 ms cpu, 473->538->483 MB, 555 MB goal, 0 MB stacks, 0 MB globals, 1 P
gc 13 @39.907s 8%: 0.14+7903+0.034 ms clock, 0.14+1.1/1973/0+0.034 ms cpu, 823->903->507 MB, 966 MB goal, 0 MB stacks, 0 MB globals, 1 P
time="2026-08-06T19:52:50Z" level=info msg="Prepare to get object log/cluster-history/raycluster/test-ns-tgxt9/raycluster-historyserver/session_2026-08-06_12-50-46_745753_1/12e88598328ea8a16a1bd457dcfdc8a4bbfdddc4bc61bbdeb9c58d44/job_events/04000000/12e88598328ea8a16a1bd457dcfdc8a4bbfdddc4bc61bbdeb9c58d44-2026-08-06-19-1786045886465852093.jsonl info ..."
time="2026-08-06T19:52:50Z" level=info msg="Prepare to get object log/cluster-history/raycluster/test-ns-tgxt9/raycluster-historyserver/session_2026-08-06_12-50-46_745753_1/f2bfeb13f06f149b041d9257d4a9759af23578db54d5536a503e6a0b/job_events/03000000/f2bfeb13f06f149b041d9257d4a9759af23578db54d5536a503e6a0b-2026-08-06-19-1786045871846358753.jsonl info ..."
gc 14 @52.828s 8%: 0.13+2066+0.048 ms clock, 0.13+283/529/0+0.048 ms cpu, 931->954->216 MB, 1016 MB goal, 0 MB stacks, 0 MB globals, 1 P
gc 15 @61.231s 9%: 44+5924+0.036 ms clock, 44+0.084/1490/0+0.036 ms cpu, 388->466->412 MB, 432 MB goal, 0 MB stacks, 0 MB globals, 1 P
time="2026-08-06T19:53:08Z" level=error msg="Failed to store events for file session_2026-08-06_12-50-46_745753_1/f2bfeb13f06f149b041d9257d4a9759af23578db54d5536a503e6a0b/job_events/03000000/f2bfeb13f06f149b041d9257d4a9759af23578db54d5536a503e6a0b-2026-08-06-19-1786045871846358753.jsonl: TASK_LIFECYCLE_EVENT must have at least one state transition"
time="2026-08-06T19:53:09Z" level=error msg="Failed to store events for file session_2026-08-06_12-50-46_745753_1/f2bfeb13f06f149b041d9257d4a9759af23578db54d5536a503e6a0b/job_events/03000000/f2bfeb13f06f149b041d9257d4a9759af23578db54d5536a503e6a0b-2026-08-06-19-1786045871846358753.jsonl: TASK_LIFECYCLE_EVENT must have at least one state transition"
time="2026-08-06T19:53:10Z" level=error msg="Failed to store events for file session_2026-08-06_12-50-46_745753_1/f2bfeb13f06f149b041d9257d4a9759af23578db54d5536a503e6a0b/job_events/03000000/f2bfeb13f06f149b041d9257d4a9759af23578db54d5536a503e6a0b-2026-08-06-19-1786045871846358753.jsonl: TASK_LIFECYCLE_EVENT must have at least one state transition"
time="2026-08-06T19:53:11Z" level=error msg="Failed to store events for file session_2026-08-06_12-50-46_745753_1/f2bfeb13f06f149b041d9257d4a9759af23578db54d5536a503e6a0b/job_events/03000000/f2bfeb13f06f149b041d9257d4a9759af23578db54d5536a503e6a0b-2026-08-06-19-1786045871846358753.jsonl: TASK_LIFECYCLE_EVENT must have at least one state transition"
time="2026-08-06T19:53:11Z" level=error msg="Failed to store events for file session_2026-08-06_12-50-46_745753_1/f2bfeb13f06f149b041d9257d4a9759af23578db54d5536a503e6a0b/job_events/03000000/f2bfeb13f06f149b041d9257d4a9759af23578db54d5536a503e6a0b-2026-08-06-19-1786045871846358753.jsonl: TASK_LIFECYCLE_EVENT must have at least one state transition"
time="2026-08-06T19:53:11Z" level=error msg="Failed to store events for file session_2026-08-06_12-50-46_745753_1/f2bfeb13f06f149b041d9257d4a9759af23578db54d5536a503e6a0b/job_events/03000000/f2bfeb13f06f149b041d9257d4a9759af23578db54d5536a503e6a0b-2026-08-06-19-1786045871846358753.jsonl: TASK_LIFECYCLE_EVENT must have at least one state transition"
time="2026-08-06T19:53:11Z" level=error msg="Failed to store events for file session_2026-08-06_12-50-46_745753_1/f2bfeb13f06f149b041d9257d4a9759af23578db54d5536a503e6a0b/job_events/03000000/f2bfeb13f06f149b041d9257d4a9759af23578db54d5536a503e6a0b-2026-08-06-19-1786045871846358753.jsonl: TASK_LIFECYCLE_EVENT must have at least one state transition"
time="2026-08-06T19:53:11Z" level=error msg="Failed to store events for file session_2026-08-06_12-50-46_745753_1/f2bfeb13f06f149b041d9257d4a9759af23578db54d5536a503e6a0b/job_events/03000000/f2bfeb13f06f149b041d9257d4a9759af23578db54d5536a503e6a0b-2026-08-06-19-1786045871846358753.jsonl: TASK_LIFECYCLE_EVENT must have at least one state transition"
time="2026-08-06T19:53:11Z" level=error msg="Failed to store events for file session_2026-08-06_12-50-46_745753_1/f2bfeb13f06f149b041d9257d4a9759af23578db54d5536a503e6a0b/job_events/03000000/f2bfeb13f06f149b041d9257d4a9759af23578db54d5536a503e6a0b-2026-08-06-19-1786045871846358753.jsonl: TASK_LIFECYCLE_EVENT must have at least one state transition"
time="2026-08-06T19:53:12Z" level=error msg="Failed to store events for file session_2026-08-06_12-50-46_745753_1/f2bfeb13f06f149b041d9257d4a9759af23578db54d5536a503e6a0b/job_events/03000000/f2bfeb13f06f149b041d9257d4a9759af23578db54d5536a503e6a0b-2026-08-06-19-1786045871846358753.jsonl: TASK_LIFECYCLE_EVENT must have at least one state transition"
time="2026-08-06T19:53:12Z" level=error msg="Failed to store events for file session_2026-08-06_12-50-46_745753_1/f2bfeb13f06f149b041d9257d4a9759af23578db54d5536a503e6a0b/job_events/03000000/f2bfeb13f06f149b041d9257d4a9759af23578db54d5536a503e6a0b-2026-08-06-19-1786045871846358753.jsonl: TASK_LIFECYCLE_EVENT must have at least one state transition"
time="2026-08-06T19:53:13Z" level=error msg="Failed to store events for file session_2026-08-06_12-50-46_745753_1/f2bfeb13f06f149b041d9257d4a9759af23578db54d5536a503e6a0b/job_events/03000000/f2bfeb13f06f149b041d9257d4a9759af23578db54d5536a503e6a0b-2026-08-06-19-1786045871846358753.jsonl: TASK_LIFECYCLE_EVENT must have at least one state transition"
time="2026-08-06T19:53:16Z" level=error msg="Failed to store events for file session_2026-08-06_12-50-46_745753_1/f2bfeb13f06f149b041d9257d4a9759af23578db54d5536a503e6a0b/job_events/03000000/f2bfeb13f06f149b041d9257d4a9759af23578db54d5536a503e6a0b-2026-08-06-19-1786045871846358753.jsonl: TASK_LIFECYCLE_EVENT must have at least one state transition"
time="2026-08-06T19:53:17Z" level=error msg="Failed to store events for file session_2026-08-06_12-50-46_745753_1/f2bfeb13f06f149b041d9257d4a9759af23578db54d5536a503e6a0b/job_events/03000000/f2bfeb13f06f149b041d9257d4a9759af23578db54d5536a503e6a0b-2026-08-06-19-1786045871846358753.jsonl: TASK_LIFECYCLE_EVENT must have at least one state transition"
time="2026-08-06T19:53:17Z" level=error msg="Failed to store events for file session_2026-08-06_12-50-46_745753_1/f2bfeb13f06f149b041d9257d4a9759af23578db54d5536a503e6a0b/job_events/03000000/f2bfeb13f06f149b041d9257d4a9759af23578db54d5536a503e6a0b-2026-08-06-19-1786045871846358753.jsonl: TASK_LIFECYCLE_EVENT must have at least one state transition"
time="2026-08-06T19:53:19Z" level=error msg="Failed to store events for file session_2026-08-06_12-50-46_745753_1/f2bfeb13f06f149b041d9257d4a9759af23578db54d5536a503e6a0b/job_events/03000000/f2bfeb13f06f149b041d9257d4a9759af23578db54d5536a503e6a0b-2026-08-06-19-1786045871846358753.jsonl: TASK_LIFECYCLE_EVENT must have at least one state transition"
time="2026-08-06T19:53:20Z" level=error msg="Failed to store events for file session_2026-08-06_12-50-46_745753_1/f2bfeb13f06f149b041d9257d4a9759af23578db54d5536a503e6a0b/job_events/03000000/f2bfeb13f06f149b041d9257d4a9759af23578db54d5536a503e6a0b-2026-08-06-19-1786045871846358753.jsonl: TASK_LIFECYCLE_EVENT must have at least one state transition"
time="2026-08-06T19:53:20Z" level=error msg="Failed to store events for file session_2026-08-06_12-50-46_745753_1/f2bfeb13f06f149b041d9257d4a9759af23578db54d5536a503e6a0b/job_events/03000000/f2bfeb13f06f149b041d9257d4a9759af23578db54d5536a503e6a0b-2026-08-06-19-1786045871846358753.jsonl: TASK_LIFECYCLE_EVENT must have at least one state transition"
time="2026-08-06T19:53:20Z" level=error msg="Failed to store events for file session_2026-08-06_12-50-46_745753_1/f2bfeb13f06f149b041d9257d4a9759af23578db54d5536a503e6a0b/job_events/03000000/f2bfeb13f06f149b041d9257d4a9759af23578db54d5536a503e6a0b-2026-08-06-19-1786045871846358753.jsonl: TASK_LIFECYCLE_EVENT must have at least one state transition"
time="2026-08-06T19:53:20Z" level=error msg="Failed to store events for file session_2026-08-06_12-50-46_745753_1/f2bfeb13f06f149b041d9257d4a9759af23578db54d5536a503e6a0b/job_events/03000000/f2bfeb13f06f149b041d9257d4a9759af23578db54d5536a503e6a0b-2026-08-06-19-1786045871846358753.jsonl: TASK_LIFECYCLE_EVENT must have at least one state transition"
time="2026-08-06T19:53:21Z" level=error msg="Failed to store events for file session_2026-08-06_12-50-46_745753_1/f2bfeb13f06f149b041d9257d4a9759af23578db54d5536a503e6a0b/job_events/03000000/f2bfeb13f06f149b041d9257d4a9759af23578db54d5536a503e6a0b-2026-08-06-19-1786045871846358753.jsonl: TASK_LIFECYCLE_EVENT must have at least one state transition"
time="2026-08-06T19:53:21Z" level=error msg="Failed to store events for file session_2026-08-06_12-50-46_745753_1/f2bfeb13f06f149b041d9257d4a9759af23578db54d5536a503e6a0b/job_events/03000000/f2bfeb13f06f149b041d9257d4a9759af23578db54d5536a503e6a0b-2026-08-06-19-1786045871846358753.jsonl: TASK_LIFECYCLE_EVENT must have at least one state transition"
time="2026-08-06T19:53:21Z" level=error msg="Failed to store events for file session_2026-08-06_12-50-46_745753_1/f2bfeb13f06f149b041d9257d4a9759af23578db54d5536a503e6a0b/job_events/03000000/f2bfeb13f06f149b041d9257d4a9759af23578db54d5536a503e6a0b-2026-08-06-19-1786045871846358753.jsonl: TASK_LIFECYCLE_EVENT must have at least one state transition"
time="2026-08-06T19:53:22Z" level=error msg="Failed to store events for file session_2026-08-06_12-50-46_745753_1/f2bfeb13f06f149b041d9257d4a9759af23578db54d5536a503e6a0b/job_events/03000000/f2bfeb13f06f149b041d9257d4a9759af23578db54d5536a503e6a0b-2026-08-06-19-1786045871846358753.jsonl: TASK_LIFECYCLE_EVENT must have at least one state transition"
time="2026-08-06T19:53:22Z" level=error msg="Failed to store events for file session_2026-08-06_12-50-46_745753_1/f2bfeb13f06f149b041d9257d4a9759af23578db54d5536a503e6a0b/job_events/03000000/f2bfeb13f06f149b041d9257d4a9759af23578db54d5536a503e6a0b-2026-08-06-19-1786045871846358753.jsonl: TASK_LIFECYCLE_EVENT must have at least one state transition"
time="2026-08-06T19:53:22Z" level=info msg="Prepare to get object log/cluster-history/raycluster/test-ns-tgxt9/raycluster-historyserver/session_2026-08-06_12-50-46_745753_1/12e88598328ea8a16a1bd457dcfdc8a4bbfdddc4bc61bbdeb9c58d44/node_events/12e88598328ea8a16a1bd457dcfdc8a4bbfdddc4bc61bbdeb9c58d44-2026-08-06-19-1786045851626434883.jsonl info ..."
gc 16 @81.931s 8%: 0.19+1446+0.041 ms clock, 0.19+504/357/0+0.041 ms cpu, 732->771->161 MB, 824 MB goal, 0 MB stacks, 0 MB globals, 1 P
time="2026-08-06T19:53:25Z" level=info msg="Received request: GET /enter_cluster/test-ns-tgxt9/raycluster/raycluster-historyserver/session_2026-08-06_12-50-46_745753_1"
time="2026-08-06T19:53:25Z" level=info msg="[List]Returned objects in log/cluster-metadata/. length of page.Contents: 2, length of page.CommonPrefixes: 0"
time="2026-08-06T19:53:25Z" level=error msg="Failed to parse meta file path: log/cluster-metadata/raycluster/test-ns-tgxt9_raycluster-historyserver/, error: invalid path segment count for cluster metadata structure: log/cluster-metadata/raycluster/test-ns-tgxt9_raycluster-historyserver/"
time="2026-08-06T19:53:25Z" level=info msg="Parsed cluster raycluster-historyserver for session session_2026-08-06_12-50-46_745753_1 to list"
time="2026-08-06T19:53:25Z" level=info msg="Received request: GET /api/v0/tasks?limit=50000"
time="2026-08-06T19:53:25Z" level=info msg="Request URL /api/v0/tasks?limit=50000"
time="2026-08-06T19:53:25Z" level=info msg="Received request: GET /api/v0/tasks?limit=50000"
time="2026-08-06T19:53:25Z" level=info msg="Request URL /api/v0/tasks?limit=50000"
time="2026-08-06T19:53:25Z" level=info msg="Received request: GET /api/v0/tasks?limit=50000"
time="2026-08-06T19:53:25Z" level=info msg="Request URL /api/v0/tasks?limit=50000"
time="2026-08-06T19:53:25Z" level=info msg="Received request: GET /api/v0/tasks?limit=50000"
time="2026-08-06T19:53:25Z" level=info msg="Request URL /api/v0/tasks?limit=50000"
time="2026-08-06T19:53:25Z" level=info msg="Received request: GET /api/v0/tasks?limit=50000"
time="2026-08-06T19:53:25Z" level=info msg="Request URL /api/v0/tasks?limit=50000"
time="2026-08-06T19:53:25Z" level=info msg="Received request: GET /api/v0/tasks?limit=50000"
time="2026-08-06T19:53:25Z" level=info msg="Request URL /api/v0/tasks?limit=50000"
time="2026-08-06T19:53:25Z" level=info msg="Received request: GET /api/v0/tasks?limit=50000"
time="2026-08-06T19:53:25Z" level=info msg="Request URL /api/v0/tasks?limit=50000"
time="2026-08-06T19:53:25Z" level=info msg="Received request: GET /api/v0/tasks?limit=50000"
time="2026-08-06T19:53:25Z" level=info msg="Request URL /api/v0/tasks?limit=50000"
time="2026-08-06T19:53:25Z" level=info msg="Received request: GET /api/v0/tasks?limit=50000"
time="2026-08-06T19:53:25Z" level=info msg="Request URL /api/v0/tasks?limit=50000"
time="2026-08-06T19:53:25Z" level=info msg="Received request: GET /api/v0/tasks?limit=50000"
time="2026-08-06T19:53:25Z" level=info msg="Request URL /api/v0/tasks?limit=50000"
time="2026-08-06T19:53:25Z" level=info msg="Received request: GET /api/v0/tasks/summarize"
time="2026-08-06T19:53:25Z" level=info msg="Request URL /api/v0/tasks/summarize"
gc 17 @84.832s 9%: 0.14+1178+0.052 ms clock, 0.14+167/311/0+0.052 ms cpu, 279->323->171 MB, 324 MB goal, 0 MB stacks, 0 MB globals, 1 P
time="2026-08-06T19:53:27Z" level=info msg="Received request: GET /api/v0/tasks/summarize"
time="2026-08-06T19:53:27Z" level=info msg="Request URL /api/v0/tasks/summarize"
gc 18 @86.808s 9%: 0.10+1197+0.041 ms clock, 0.10+317/265/0+0.041 ms cpu, 304->347->179 MB, 344 MB goal, 0 MB stacks, 0 MB globals, 1 P
time="2026-08-06T19:53:29Z" level=info msg="Received request: GET /api/v0/tasks/summarize"
time="2026-08-06T19:53:29Z" level=info msg="Request URL /api/v0/tasks/summarize"
gc 19 @88.791s 9%: 0.11+3132+0.11 ms clock, 0.11+0/785/0+0.11 ms cpu, 312->312->145 MB, 359 MB goal, 0 MB stacks, 0 MB globals, 1 P
time="2026-08-06T19:53:33Z" level=info msg="Received request: GET /api/v0/tasks/summarize"
time="2026-08-06T19:53:33Z" level=info msg="Request URL /api/v0/tasks/summarize"
gc 20 @92.397s 10%: 0.073+2098+0.041 ms clock, 0.073+342/525/0+0.041 ms cpu, 254->278->164 MB, 291 MB goal, 0 MB stacks, 0 MB globals, 1 P
time="2026-08-06T19:53:35Z" level=info msg="Received request: GET /api/v0/tasks/summarize"
time="2026-08-06T19:53:35Z" level=info msg="Request URL /api/v0/tasks/summarize"
gc 21 @95.097s 11%: 0.080+3306+0.034 ms clock, 0.080+0/837/0+0.034 ms cpu, 297->297->145 MB, 329 MB goal, 0 MB stacks, 0 MB globals, 1 P
time="2026-08-06T19:53:39Z" level=info msg="Received request: GET /api/v0/tasks/summarize"
time="2026-08-06T19:53:39Z" level=info msg="Request URL /api/v0/tasks/summarize"
gc 22 @98.815s 11%: 0.076+2185+0.038 ms clock, 0.076+313/545/0+0.038 ms cpu, 254->278->164 MB, 291 MB goal, 0 MB stacks, 0 MB globals, 1 P
time="2026-08-06T19:53:42Z" level=info msg="Received request: GET /api/v0/tasks/summarize"
time="2026-08-06T19:53:42Z" level=info msg="Request URL /api/v0/tasks/summarize"
gc 23 @101.519s 11%: 0.10+2688+0.049 ms clock, 0.10+0/675/0+0.049 ms cpu, 297->297->145 MB, 329 MB goal, 0 MB stacks, 0 MB globals, 1 P
time="2026-08-06T19:53:45Z" level=info msg="Received request: GET /api/v0/tasks/summarize"
time="2026-08-06T19:53:45Z" level=info msg="Request URL /api/v0/tasks/summarize"
gc 24 @104.633s 12%: 0.072+2401+0.048 ms clock, 0.072+292/597/0+0.048 ms cpu, 254->278->179 MB, 291 MB goal, 0 MB stacks, 0 MB globals, 1 P
time="2026-08-06T19:53:48Z" level=info msg="Received request: GET /api/v0/tasks/summarize"
time="2026-08-06T19:53:48Z" level=info msg="Request URL /api/v0/tasks/summarize"
gc 25 @107.631s 12%: 0.066+3864+0.039 ms clock, 0.066+0/968/0+0.039 ms cpu, 312->312->164 MB, 359 MB goal, 0 MB stacks, 0 MB globals, 1 P
time="2026-08-06T19:53:52Z" level=info msg="Received request: GET /api/v0/tasks/summarize"
time="2026-08-06T19:53:52Z" level=info msg="Request URL /api/v0/tasks/summarize"
gc 26 @111.830s 13%: 0.077+3086+0.048 ms clock, 0.077+0/778/0+0.048 ms cpu, 297->297->145 MB, 329 MB goal, 0 MB stacks, 0 MB globals, 1 P
time="2026-08-06T19:53:56Z" level=info msg="Received request: GET /api/jobs/"
time="2026-08-06T19:53:56Z" level=info msg="Request URL /api/jobs/"
time="2026-08-06T19:53:56Z" level=info msg="Received request: GET /api/jobs/"
time="2026-08-06T19:53:56Z" level=info msg="Request URL /api/jobs/"
time="2026-08-06T19:53:56Z" level=info msg="Received request: GET /api/jobs/"
time="2026-08-06T19:53:56Z" level=info msg="Request URL /api/jobs/"
time="2026-08-06T19:53:56Z" level=info msg="Received request: GET /api/jobs/"
time="2026-08-06T19:53:56Z" level=info msg="Request URL /api/jobs/"
time="2026-08-06T19:53:56Z" level=info msg="Received request: GET /api/jobs/"
time="2026-08-06T19:53:56Z" level=info msg="Request URL /api/jobs/"
time="2026-08-06T19:53:56Z" level=info msg="Received request: GET /api/jobs/"
time="2026-08-06T19:53:56Z" level=info msg="Request URL /api/jobs/"
time="2026-08-06T19:53:56Z" level=info msg="Received request: GET /api/jobs/"
time="2026-08-06T19:53:56Z" level=info msg="Request URL /api/jobs/"
gc 27 @115.306s 13%: 0.14+1093+0.047 ms clock, 0.14+308/225/2.3+0.047 ms cpu, 267->287->142 MB, 291 MB goal, 0 MB stacks, 0 MB globals, 1 P
time="2026-08-06T19:53:57Z" level=info msg="Received request: GET /api/jobs/"
time="2026-08-06T19:53:57Z" level=info msg="Request URL /api/jobs/"
time="2026-08-06T19:53:57Z" level=info msg="Received request: GET /api/jobs/"
time="2026-08-06T19:53:57Z" level=info msg="Request URL /api/jobs/"
time="2026-08-06T19:53:57Z" level=info msg="Received request: GET /api/jobs/"
time="2026-08-06T19:53:57Z" level=info msg="Request URL /api/jobs/"
time="2026-08-06T19:53:57Z" level=info msg="Request URL /nodes?view=summary"
time="2026-08-06T19:53:57Z" level=info msg="Request URL /nodes?view=summary"
time="2026-08-06T19:53:57Z" level=info msg="Request URL /nodes?view=summary"
time="2026-08-06T19:53:58Z" level=info msg="Request URL /nodes?view=summary"
gc 28 @116.526s 13%: 0.10+1251+0.033 ms clock, 0.10+143/315/13+0.033 ms cpu, 243->283->162 MB, 284 MB goal, 0 MB stacks, 0 MB globals, 1 P
time="2026-08-06T19:53:58Z" level=info msg="Request URL /nodes?view=summary"
time="2026-08-06T19:53:58Z" level=info msg="Request URL /nodes?view=summary"
time="2026-08-06T19:53:58Z" level=info msg="Request URL /nodes?view=summary"
time="2026-08-06T19:53:58Z" level=info msg="Request URL /nodes?view=summary"
time="2026-08-06T19:53:58Z" level=info msg="Request URL /nodes?view=summary"
time="2026-08-06T19:53:58Z" level=info msg="Request URL /nodes?view=summary"
time="2026-08-06T19:53:59Z" level=info msg="Request URL /events"
time="2026-08-06T19:53:59Z" level=info msg="Request URL /events"
gc 29 @117.920s 13%: 0.10+1276+0.041 ms clock, 0.10+198/329/2.5+0.041 ms cpu, 284->324->162 MB, 325 MB goal, 0 MB stacks, 0 MB globals, 1 P
time="2026-08-06T19:54:00Z" level=info msg="Request URL /events"
time="2026-08-06T19:54:00Z" level=info msg="Request URL /events"
time="2026-08-06T19:54:00Z" level=info msg="Request URL /events"
time="2026-08-06T19:54:00Z" level=info msg="Request URL /events"
time="2026-08-06T19:54:00Z" level=info msg="Request URL /events"
time="2026-08-06T19:54:00Z" level=info msg="Request URL /events"
time="2026-08-06T19:54:00Z" level=info msg="Request URL /events"
time="2026-08-06T19:54:01Z" level=info msg="Request URL /events"
gc 30 @119.328s 14%: 0.14+1284+0.057 ms clock, 0.14+256/327/2.9+0.057 ms cpu, 283->324->162 MB, 325 MB goal, 0 MB stacks, 0 MB globals, 1 P
