gc 1 @0.127s 4%: 1.9+21+1.2 ms clock, 27+0/63/77+17 ms cpu, 3->4->2 MB, 4 MB goal, 0 MB stacks, 0 MB globals, 14 P
gc 2 @0.246s 3%: 0.11+1.8+1.0 ms clock, 1.6+0.18/4.1/2.4+15 ms cpu, 4->5->3 MB, 5 MB goal, 0 MB stacks, 0 MB globals, 14 P
gc 3 @0.334s 2%: 0.21+3.6+0.11 ms clock, 3.0+0/8.2/0.85+1.5 ms cpu, 6->6->4 MB, 7 MB goal, 0 MB stacks, 0 MB globals, 14 P
time="2026-08-06T21:44:54Z" level=info msg="create client manager successfully, clients: 1"
time="2026-08-06T21:44:54Z" level=info msg="Begin to create s3 client ..."
time="2026-08-06T21:44:54Z" level=info msg="Checking if bucket ray-historyserver exists..."
time="2026-08-06T21:44:54Z" level=info msg="Bucket ray-historyserver already exists"
time="2026-08-06T21:44:54Z" level=info msg="Clean logdir is logs"
time="2026-08-06T21:44:54Z" level=info msg="Starting server on :8080"
gc 4 @0.470s 2%: 0.14+3.4+0.039 ms clock, 2.0+0.49/9.0/4.4+0.55 ms cpu, 9->9->6 MB, 10 MB goal, 0 MB stacks, 0 MB globals, 14 P
time="2026-08-06T21:44:56Z" level=info msg="Received request: GET /readz"
time="2026-08-06T21:44:56Z" level=info msg="live clusters: []"
time="2026-08-06T21:44:56Z" level=info msg="[List]Returned objects in log/cluster-metadata/. length of page.Contents: 2, length of page.CommonPrefixes: 0"
time="2026-08-06T21:44:56Z" level=error msg="Failed to parse meta file path: log/cluster-metadata/raycluster/test-ns-md2s2_raycluster-historyserver/, error: invalid path segment count for cluster metadata structure: log/cluster-metadata/raycluster/test-ns-md2s2_raycluster-historyserver/"
time="2026-08-06T21:44:56Z" level=info msg="Parsed cluster raycluster-historyserver for session session_2026-08-06_14-35-51_963761_1 to list"
time="2026-08-06T21:44:56Z" level=info msg="live clusters: []"
time="2026-08-06T21:44:56Z" level=info msg="[List]Returned objects in log/cluster-metadata/. length of page.Contents: 2, length of page.CommonPrefixes: 0"
time="2026-08-06T21:44:56Z" level=error msg="Failed to parse meta file path: log/cluster-metadata/raycluster/test-ns-md2s2_raycluster-historyserver/, error: invalid path segment count for cluster metadata structure: log/cluster-metadata/raycluster/test-ns-md2s2_raycluster-historyserver/"
time="2026-08-06T21:44:56Z" level=info msg="Parsed cluster raycluster-historyserver for session session_2026-08-06_14-35-51_963761_1 to list"
time="2026-08-06T21:44:56Z" level=info msg="live clusters: []"
time="2026-08-06T21:44:56Z" level=info msg="[List]Returned objects in log/cluster-metadata/. length of page.Contents: 2, length of page.CommonPrefixes: 0"
time="2026-08-06T21:44:56Z" level=error msg="Failed to parse meta file path: log/cluster-metadata/raycluster/test-ns-md2s2_raycluster-historyserver/, error: invalid path segment count for cluster metadata structure: log/cluster-metadata/raycluster/test-ns-md2s2_raycluster-historyserver/"
time="2026-08-06T21:44:56Z" level=info msg="Parsed cluster raycluster-historyserver for session session_2026-08-06_14-35-51_963761_1 to list"
time="2026-08-06T21:44:56Z" level=info msg="live clusters: []"
time="2026-08-06T21:44:56Z" level=info msg="[List]Returned objects in log/cluster-metadata/. length of page.Contents: 2, length of page.CommonPrefixes: 0"
time="2026-08-06T21:44:56Z" level=error msg="Failed to parse meta file path: log/cluster-metadata/raycluster/test-ns-md2s2_raycluster-historyserver/, error: invalid path segment count for cluster metadata structure: log/cluster-metadata/raycluster/test-ns-md2s2_raycluster-historyserver/"
time="2026-08-06T21:44:56Z" level=info msg="Parsed cluster raycluster-historyserver for session session_2026-08-06_14-35-51_963761_1 to list"
time="2026-08-06T21:44:56Z" level=info msg="live clusters: []"
time="2026-08-06T21:44:56Z" level=info msg="[List]Returned objects in log/cluster-metadata/. length of page.Contents: 2, length of page.CommonPrefixes: 0"
time="2026-08-06T21:44:56Z" level=error msg="Failed to parse meta file path: log/cluster-metadata/raycluster/test-ns-md2s2_raycluster-historyserver/, error: invalid path segment count for cluster metadata structure: log/cluster-metadata/raycluster/test-ns-md2s2_raycluster-historyserver/"
time="2026-08-06T21:44:56Z" level=info msg="Parsed cluster raycluster-historyserver for session session_2026-08-06_14-35-51_963761_1 to list"
time="2026-08-06T21:44:56Z" level=info msg="Received request: GET /enter_cluster/test-ns-md2s2/raycluster/raycluster-historyserver/session_2026-08-06_14-35-51_963761_1"
time="2026-08-06T21:44:56Z" level=info msg="[List]Returned objects in log/cluster-metadata/. length of page.Contents: 2, length of page.CommonPrefixes: 0"
time="2026-08-06T21:44:56Z" level=error msg="Failed to parse meta file path: log/cluster-metadata/raycluster/test-ns-md2s2_raycluster-historyserver/, error: invalid path segment count for cluster metadata structure: log/cluster-metadata/raycluster/test-ns-md2s2_raycluster-historyserver/"
time="2026-08-06T21:44:56Z" level=info msg="Parsed cluster raycluster-historyserver for session session_2026-08-06_14-35-51_963761_1 to list"
time="2026-08-06T21:44:56Z" level=info msg="[ListFiles]Returned objects in log/cluster-history/raycluster/test-ns-md2s2/raycluster-historyserver/session_2026-08-06_14-35-51_963761_1/. length of page.Contents: 0, length of page.CommonPrefixes: 3"
time="2026-08-06T21:44:56Z" level=info msg="[ListFiles]Returned objects in log/cluster-history/raycluster/test-ns-md2s2/raycluster-historyserver/session_2026-08-06_14-35-51_963761_1/233e17c28342cf36fd1d41ccb4c405d03155629dd63bee783cf1378e/logs/events/. length of page.Contents: 11, length of page.CommonPrefixes: 0"
time="2026-08-06T21:44:56Z" level=info msg="Prepare to get object log/cluster-history/raycluster/test-ns-md2s2/raycluster-historyserver/session_2026-08-06_14-35-51_963761_1/233e17c28342cf36fd1d41ccb4c405d03155629dd63bee783cf1378e/logs/events/event_AUTOSCALER.log info ..."
time="2026-08-06T21:44:56Z" level=info msg="Prepare to get object log/cluster-history/raycluster/test-ns-md2s2/raycluster-historyserver/session_2026-08-06_14-35-51_963761_1/233e17c28342cf36fd1d41ccb4c405d03155629dd63bee783cf1378e/logs/events/event_CORE_WORKER_1022.log info ..."
time="2026-08-06T21:44:56Z" level=info msg="Prepare to get object log/cluster-history/raycluster/test-ns-md2s2/raycluster-historyserver/session_2026-08-06_14-35-51_963761_1/233e17c28342cf36fd1d41ccb4c405d03155629dd63bee783cf1378e/logs/events/event_CORE_WORKER_1186.log info ..."
time="2026-08-06T21:44:56Z" level=info msg="Prepare to get object log/cluster-history/raycluster/test-ns-md2s2/raycluster-historyserver/session_2026-08-06_14-35-51_963761_1/233e17c28342cf36fd1d41ccb4c405d03155629dd63bee783cf1378e/logs/events/event_CORE_WORKER_202.log info ..."
time="2026-08-06T21:44:56Z" level=info msg="Prepare to get object log/cluster-history/raycluster/test-ns-md2s2/raycluster-historyserver/session_2026-08-06_14-35-51_963761_1/233e17c28342cf36fd1d41ccb4c405d03155629dd63bee783cf1378e/logs/events/event_CORE_WORKER_207.log info ..."
time="2026-08-06T21:44:56Z" level=info msg="Prepare to get object log/cluster-history/raycluster/test-ns-md2s2/raycluster-historyserver/session_2026-08-06_14-35-51_963761_1/233e17c28342cf36fd1d41ccb4c405d03155629dd63bee783cf1378e/logs/events/event_CORE_WORKER_680.log info ..."
time="2026-08-06T21:44:56Z" level=info msg="Prepare to get object log/cluster-history/raycluster/test-ns-md2s2/raycluster-historyserver/session_2026-08-06_14-35-51_963761_1/233e17c28342cf36fd1d41ccb4c405d03155629dd63bee783cf1378e/logs/events/event_CORE_WORKER_966.log info ..."
time="2026-08-06T21:44:56Z" level=info msg="Prepare to get object log/cluster-history/raycluster/test-ns-md2s2/raycluster-historyserver/session_2026-08-06_14-35-51_963761_1/233e17c28342cf36fd1d41ccb4c405d03155629dd63bee783cf1378e/logs/events/event_GCS.log info ..."
time="2026-08-06T21:44:56Z" level=info msg="Prepare to get object log/cluster-history/raycluster/test-ns-md2s2/raycluster-historyserver/session_2026-08-06_14-35-51_963761_1/233e17c28342cf36fd1d41ccb4c405d03155629dd63bee783cf1378e/logs/events/event_JOBS.log info ..."
time="2026-08-06T21:44:56Z" level=info msg="Prepare to get object log/cluster-history/raycluster/test-ns-md2s2/raycluster-historyserver/session_2026-08-06_14-35-51_963761_1/233e17c28342cf36fd1d41ccb4c405d03155629dd63bee783cf1378e/logs/events/event_RAYLET.log info ..."
time="2026-08-06T21:44:56Z" level=info msg="[ListFiles]Returned objects in log/cluster-history/raycluster/test-ns-md2s2/raycluster-historyserver/session_2026-08-06_14-35-51_963761_1/9431d235d70e6a97efd532473fb6b5e7fab758f46861051c96d90352/logs/events/. length of page.Contents: 13, length of page.CommonPrefixes: 0"
time="2026-08-06T21:44:56Z" level=info msg="Prepare to get object log/cluster-history/raycluster/test-ns-md2s2/raycluster-historyserver/session_2026-08-06_14-35-51_963761_1/9431d235d70e6a97efd532473fb6b5e7fab758f46861051c96d90352/logs/events/event_CORE_WORKER_228.log info ..."
time="2026-08-06T21:44:56Z" level=info msg="Prepare to get object log/cluster-history/raycluster/test-ns-md2s2/raycluster-historyserver/session_2026-08-06_14-35-51_963761_1/9431d235d70e6a97efd532473fb6b5e7fab758f46861051c96d90352/logs/events/event_CORE_WORKER_229.log info ..."
time="2026-08-06T21:44:56Z" level=info msg="Prepare to get object log/cluster-history/raycluster/test-ns-md2s2/raycluster-historyserver/session_2026-08-06_14-35-51_963761_1/9431d235d70e6a97efd532473fb6b5e7fab758f46861051c96d90352/logs/events/event_CORE_WORKER_309.log info ..."
time="2026-08-06T21:44:56Z" level=info msg="Prepare to get object log/cluster-history/raycluster/test-ns-md2s2/raycluster-historyserver/session_2026-08-06_14-35-51_963761_1/9431d235d70e6a97efd532473fb6b5e7fab758f46861051c96d90352/logs/events/event_CORE_WORKER_317.log info ..."
time="2026-08-06T21:44:56Z" level=info msg="Prepare to get object log/cluster-history/raycluster/test-ns-md2s2/raycluster-historyserver/session_2026-08-06_14-35-51_963761_1/9431d235d70e6a97efd532473fb6b5e7fab758f46861051c96d90352/logs/events/event_CORE_WORKER_416.log info ..."
time="2026-08-06T21:44:56Z" level=info msg="Prepare to get object log/cluster-history/raycluster/test-ns-md2s2/raycluster-historyserver/session_2026-08-06_14-35-51_963761_1/9431d235d70e6a97efd532473fb6b5e7fab758f46861051c96d90352/logs/events/event_CORE_WORKER_421.log info ..."
time="2026-08-06T21:44:56Z" level=info msg="Prepare to get object log/cluster-history/raycluster/test-ns-md2s2/raycluster-historyserver/session_2026-08-06_14-35-51_963761_1/9431d235d70e6a97efd532473fb6b5e7fab758f46861051c96d90352/logs/events/event_CORE_WORKER_510.log info ..."
time="2026-08-06T21:44:56Z" level=info msg="Prepare to get object log/cluster-history/raycluster/test-ns-md2s2/raycluster-historyserver/session_2026-08-06_14-35-51_963761_1/9431d235d70e6a97efd532473fb6b5e7fab758f46861051c96d90352/logs/events/event_CORE_WORKER_515.log info ..."
time="2026-08-06T21:44:56Z" level=info msg="Prepare to get object log/cluster-history/raycluster/test-ns-md2s2/raycluster-historyserver/session_2026-08-06_14-35-51_963761_1/9431d235d70e6a97efd532473fb6b5e7fab758f46861051c96d90352/logs/events/event_CORE_WORKER_589.log info ..."
time="2026-08-06T21:44:56Z" level=info msg="Prepare to get object log/cluster-history/raycluster/test-ns-md2s2/raycluster-historyserver/session_2026-08-06_14-35-51_963761_1/9431d235d70e6a97efd532473fb6b5e7fab758f46861051c96d90352/logs/events/event_CORE_WORKER_610.log info ..."
time="2026-08-06T21:44:56Z" level=info msg="Prepare to get object log/cluster-history/raycluster/test-ns-md2s2/raycluster-historyserver/session_2026-08-06_14-35-51_963761_1/9431d235d70e6a97efd532473fb6b5e7fab758f46861051c96d90352/logs/events/event_CORE_WORKER_683.log info ..."
time="2026-08-06T21:44:56Z" level=info msg="Prepare to get object log/cluster-history/raycluster/test-ns-md2s2/raycluster-historyserver/session_2026-08-06_14-35-51_963761_1/9431d235d70e6a97efd532473fb6b5e7fab758f46861051c96d90352/logs/events/event_RAYLET.log info ..."
gc 5 @2.791s 0%: 0.18+4.5+0.10 ms clock, 2.5+0.15/11/3.3+1.4 ms cpu, 11->11->7 MB, 12 MB goal, 0 MB stacks, 0 MB globals, 14 P
time="2026-08-06T21:44:56Z" level=info msg="[ListFiles]Returned objects in log/cluster-history/raycluster/test-ns-md2s2/raycluster-historyserver/session_2026-08-06_14-35-51_963761_1/fetched_endpoints/logs/events/. length of page.Contents: 0, length of page.CommonPrefixes: 0"
time="2026-08-06T21:44:56Z" level=info msg="[ListFiles]Returned objects in log/cluster-history/raycluster/test-ns-md2s2/raycluster-historyserver/session_2026-08-06_14-35-51_963761_1/. length of page.Contents: 0, length of page.CommonPrefixes: 3"
time="2026-08-06T21:44:56Z" level=info msg="[ListFiles]Returned objects in log/cluster-history/raycluster/test-ns-md2s2/raycluster-historyserver/session_2026-08-06_14-35-51_963761_1/233e17c28342cf36fd1d41ccb4c405d03155629dd63bee783cf1378e/job_events/. length of page.Contents: 0, length of page.CommonPrefixes: 4"
time="2026-08-06T21:44:56Z" level=info msg="[ListFiles]Returned objects in log/cluster-history/raycluster/test-ns-md2s2/raycluster-historyserver/session_2026-08-06_14-35-51_963761_1/233e17c28342cf36fd1d41ccb4c405d03155629dd63bee783cf1378e/job_events/01000000/. length of page.Contents: 2, length of page.CommonPrefixes: 0"
time="2026-08-06T21:44:56Z" level=info msg="[ListFiles]Returned objects in log/cluster-history/raycluster/test-ns-md2s2/raycluster-historyserver/session_2026-08-06_14-35-51_963761_1/233e17c28342cf36fd1d41ccb4c405d03155629dd63bee783cf1378e/job_events/02000000/. length of page.Contents: 2, length of page.CommonPrefixes: 0"
time="2026-08-06T21:44:56Z" level=info msg="[ListFiles]Returned objects in log/cluster-history/raycluster/test-ns-md2s2/raycluster-historyserver/session_2026-08-06_14-35-51_963761_1/233e17c28342cf36fd1d41ccb4c405d03155629dd63bee783cf1378e/job_events/03000000/. length of page.Contents: 2, length of page.CommonPrefixes: 0"
time="2026-08-06T21:44:56Z" level=info msg="[ListFiles]Returned objects in log/cluster-history/raycluster/test-ns-md2s2/raycluster-historyserver/session_2026-08-06_14-35-51_963761_1/233e17c28342cf36fd1d41ccb4c405d03155629dd63bee783cf1378e/job_events/04000000/. length of page.Contents: 2, length of page.CommonPrefixes: 0"
time="2026-08-06T21:44:56Z" level=info msg="[ListFiles]Returned objects in log/cluster-history/raycluster/test-ns-md2s2/raycluster-historyserver/session_2026-08-06_14-35-51_963761_1/9431d235d70e6a97efd532473fb6b5e7fab758f46861051c96d90352/job_events/. length of page.Contents: 0, length of page.CommonPrefixes: 1"
time="2026-08-06T21:44:56Z" level=info msg="[ListFiles]Returned objects in log/cluster-history/raycluster/test-ns-md2s2/raycluster-historyserver/session_2026-08-06_14-35-51_963761_1/9431d235d70e6a97efd532473fb6b5e7fab758f46861051c96d90352/job_events/03000000/. length of page.Contents: 2, length of page.CommonPrefixes: 0"
time="2026-08-06T21:44:56Z" level=info msg="[ListFiles]Returned objects in log/cluster-history/raycluster/test-ns-md2s2/raycluster-historyserver/session_2026-08-06_14-35-51_963761_1/fetched_endpoints/job_events/. length of page.Contents: 0, length of page.CommonPrefixes: 0"
time="2026-08-06T21:44:56Z" level=info msg="[ListFiles]Returned objects in log/cluster-history/raycluster/test-ns-md2s2/raycluster-historyserver/session_2026-08-06_14-35-51_963761_1/. length of page.Contents: 0, length of page.CommonPrefixes: 3"
time="2026-08-06T21:44:56Z" level=info msg="[ListFiles]Returned objects in log/cluster-history/raycluster/test-ns-md2s2/raycluster-historyserver/session_2026-08-06_14-35-51_963761_1/233e17c28342cf36fd1d41ccb4c405d03155629dd63bee783cf1378e/node_events/. length of page.Contents: 2, length of page.CommonPrefixes: 0"
time="2026-08-06T21:44:56Z" level=info msg="[ListFiles]Returned objects in log/cluster-history/raycluster/test-ns-md2s2/raycluster-historyserver/session_2026-08-06_14-35-51_963761_1/9431d235d70e6a97efd532473fb6b5e7fab758f46861051c96d90352/node_events/. length of page.Contents: 0, length of page.CommonPrefixes: 0"
time="2026-08-06T21:44:56Z" level=info msg="[ListFiles]Returned objects in log/cluster-history/raycluster/test-ns-md2s2/raycluster-historyserver/session_2026-08-06_14-35-51_963761_1/fetched_endpoints/node_events/. length of page.Contents: 0, length of page.CommonPrefixes: 0"
time="2026-08-06T21:44:56Z" level=info msg="Prepare to get object log/cluster-history/raycluster/test-ns-md2s2/raycluster-historyserver/session_2026-08-06_14-35-51_963761_1/233e17c28342cf36fd1d41ccb4c405d03155629dd63bee783cf1378e/job_events/01000000/233e17c28342cf36fd1d41ccb4c405d03155629dd63bee783cf1378e-2026-08-06-21-1786052157192018385.jsonl info ..."
time="2026-08-06T21:44:56Z" level=info msg="Prepare to get object log/cluster-history/raycluster/test-ns-md2s2/raycluster-historyserver/session_2026-08-06_14-35-51_963761_1/233e17c28342cf36fd1d41ccb4c405d03155629dd63bee783cf1378e/job_events/02000000/233e17c28342cf36fd1d41ccb4c405d03155629dd63bee783cf1378e-2026-08-06-21-1786052176255445838.jsonl info ..."
time="2026-08-06T21:44:56Z" level=info msg="Prepare to get object log/cluster-history/raycluster/test-ns-md2s2/raycluster-historyserver/session_2026-08-06_14-35-51_963761_1/233e17c28342cf36fd1d41ccb4c405d03155629dd63bee783cf1378e/job_events/03000000/233e17c28342cf36fd1d41ccb4c405d03155629dd63bee783cf1378e-2026-08-06-21-1786052177259732380.jsonl info ..."
gc 6 @2.836s 0%: 0.17+4.2+0.046 ms clock, 2.4+0.10/10/4.7+0.64 ms cpu, 13->13->10 MB, 14 MB goal, 0 MB stacks, 0 MB globals, 14 P
gc 7 @2.850s 0%: 0.20+6.9+0.16 ms clock, 2.9+0/12/4.1+2.3 ms cpu, 25->25->25 MB, 25 MB goal, 0 MB stacks, 0 MB globals, 14 P
gc 8 @2.885s 0%: 0.20+13+0.055 ms clock, 2.8+0/21/4.8+0.77 ms cpu, 69->69->69 MB, 69 MB goal, 0 MB stacks, 0 MB globals, 14 P
gc 9 @2.940s 0%: 0.74+33+0.16 ms clock, 10+0/11/34+2.3 ms cpu, 187->187->94 MB, 187 MB goal, 0 MB stacks, 0 MB globals, 14 P
gc 10 @3.011s 0%: 0.16+19+0.23 ms clock, 2.2+0.059/32/5.0+3.3 ms cpu, 187->187->187 MB, 188 MB goal, 0 MB stacks, 0 MB globals, 14 P
gc 11 @4.592s 0%: 0.18+17+0.12 ms clock, 2.5+0.33/65/143+1.7 ms cpu, 372->372->169 MB, 376 MB goal, 0 MB stacks, 0 MB globals, 14 P
gc 12 @7.328s 0%: 0.16+41+0.069 ms clock, 2.2+0.17/160/349+0.96 ms cpu, 336->337->298 MB, 340 MB goal, 0 MB stacks, 0 MB globals, 14 P
gc 13 @12.608s 0%: 0.63+97+0.10 ms clock, 8.9+0.50/377/698+1.4 ms cpu, 589->592->387 MB, 597 MB goal, 0 MB stacks, 0 MB globals, 14 P
gc 14 @21.671s 0%: 0.19+97+0.090 ms clock, 2.7+0.24/387/839+1.2 ms cpu, 764->767->449 MB, 776 MB goal, 0 MB stacks, 0 MB globals, 14 P
time="2026-08-06T21:45:15Z" level=info msg="Prepare to get object log/cluster-history/raycluster/test-ns-md2s2/raycluster-historyserver/session_2026-08-06_14-35-51_963761_1/233e17c28342cf36fd1d41ccb4c405d03155629dd63bee783cf1378e/job_events/04000000/233e17c28342cf36fd1d41ccb4c405d03155629dd63bee783cf1378e-2026-08-06-21-1786052191213515220.jsonl info ..."
time="2026-08-06T21:45:15Z" level=info msg="Prepare to get object log/cluster-history/raycluster/test-ns-md2s2/raycluster-historyserver/session_2026-08-06_14-35-51_963761_1/9431d235d70e6a97efd532473fb6b5e7fab758f46861051c96d90352/job_events/03000000/9431d235d70e6a97efd532473fb6b5e7fab758f46861051c96d90352-2026-08-06-21-1786052178370981047.jsonl info ..."
gc 15 @24.424s 0%: 0.23+59+0.10 ms clock, 3.2+0.34/224/474+1.4 ms cpu, 886->888->224 MB, 899 MB goal, 0 MB stacks, 0 MB globals, 14 P
gc 16 @29.018s 0%: 0.22+84+0.11 ms clock, 3.0+0.20/321/678+1.5 ms cpu, 442->444->318 MB, 449 MB goal, 0 MB stacks, 0 MB globals, 14 P
time="2026-08-06T21:45:23Z" level=error msg="Failed to store events for file session_2026-08-06_14-35-51_963761_1/9431d235d70e6a97efd532473fb6b5e7fab758f46861051c96d90352/job_events/03000000/9431d235d70e6a97efd532473fb6b5e7fab758f46861051c96d90352-2026-08-06-21-1786052178370981047.jsonl: TASK_LIFECYCLE_EVENT must have at least one state transition"
time="2026-08-06T21:45:23Z" level=error msg="Failed to store events for file session_2026-08-06_14-35-51_963761_1/9431d235d70e6a97efd532473fb6b5e7fab758f46861051c96d90352/job_events/03000000/9431d235d70e6a97efd532473fb6b5e7fab758f46861051c96d90352-2026-08-06-21-1786052178370981047.jsonl: TASK_LIFECYCLE_EVENT must have at least one state transition"
time="2026-08-06T21:45:23Z" level=error msg="Failed to store events for file session_2026-08-06_14-35-51_963761_1/9431d235d70e6a97efd532473fb6b5e7fab758f46861051c96d90352/job_events/03000000/9431d235d70e6a97efd532473fb6b5e7fab758f46861051c96d90352-2026-08-06-21-1786052178370981047.jsonl: TASK_LIFECYCLE_EVENT must have at least one state transition"
time="2026-08-06T21:45:23Z" level=error msg="Failed to store events for file session_2026-08-06_14-35-51_963761_1/9431d235d70e6a97efd532473fb6b5e7fab758f46861051c96d90352/job_events/03000000/9431d235d70e6a97efd532473fb6b5e7fab758f46861051c96d90352-2026-08-06-21-1786052178370981047.jsonl: TASK_LIFECYCLE_EVENT must have at least one state transition"
time="2026-08-06T21:45:23Z" level=error msg="Failed to store events for file session_2026-08-06_14-35-51_963761_1/9431d235d70e6a97efd532473fb6b5e7fab758f46861051c96d90352/job_events/03000000/9431d235d70e6a97efd532473fb6b5e7fab758f46861051c96d90352-2026-08-06-21-1786052178370981047.jsonl: TASK_LIFECYCLE_EVENT must have at least one state transition"
time="2026-08-06T21:45:23Z" level=error msg="Failed to store events for file session_2026-08-06_14-35-51_963761_1/9431d235d70e6a97efd532473fb6b5e7fab758f46861051c96d90352/job_events/03000000/9431d235d70e6a97efd532473fb6b5e7fab758f46861051c96d90352-2026-08-06-21-1786052178370981047.jsonl: TASK_LIFECYCLE_EVENT must have at least one state transition"
time="2026-08-06T21:45:23Z" level=error msg="Failed to store events for file session_2026-08-06_14-35-51_963761_1/9431d235d70e6a97efd532473fb6b5e7fab758f46861051c96d90352/job_events/03000000/9431d235d70e6a97efd532473fb6b5e7fab758f46861051c96d90352-2026-08-06-21-1786052178370981047.jsonl: TASK_LIFECYCLE_EVENT must have at least one state transition"
time="2026-08-06T21:45:24Z" level=error msg="Failed to store events for file session_2026-08-06_14-35-51_963761_1/9431d235d70e6a97efd532473fb6b5e7fab758f46861051c96d90352/job_events/03000000/9431d235d70e6a97efd532473fb6b5e7fab758f46861051c96d90352-2026-08-06-21-1786052178370981047.jsonl: TASK_LIFECYCLE_EVENT must have at least one state transition"
time="2026-08-06T21:45:24Z" level=error msg="Failed to store events for file session_2026-08-06_14-35-51_963761_1/9431d235d70e6a97efd532473fb6b5e7fab758f46861051c96d90352/job_events/03000000/9431d235d70e6a97efd532473fb6b5e7fab758f46861051c96d90352-2026-08-06-21-1786052178370981047.jsonl: TASK_LIFECYCLE_EVENT must have at least one state transition"
time="2026-08-06T21:45:24Z" level=error msg="Failed to store events for file session_2026-08-06_14-35-51_963761_1/9431d235d70e6a97efd532473fb6b5e7fab758f46861051c96d90352/job_events/03000000/9431d235d70e6a97efd532473fb6b5e7fab758f46861051c96d90352-2026-08-06-21-1786052178370981047.jsonl: TASK_LIFECYCLE_EVENT must have at least one state transition"
time="2026-08-06T21:45:24Z" level=error msg="Failed to store events for file session_2026-08-06_14-35-51_963761_1/9431d235d70e6a97efd532473fb6b5e7fab758f46861051c96d90352/job_events/03000000/9431d235d70e6a97efd532473fb6b5e7fab758f46861051c96d90352-2026-08-06-21-1786052178370981047.jsonl: TASK_LIFECYCLE_EVENT must have at least one state transition"
time="2026-08-06T21:45:24Z" level=error msg="Failed to store events for file session_2026-08-06_14-35-51_963761_1/9431d235d70e6a97efd532473fb6b5e7fab758f46861051c96d90352/job_events/03000000/9431d235d70e6a97efd532473fb6b5e7fab758f46861051c96d90352-2026-08-06-21-1786052178370981047.jsonl: TASK_LIFECYCLE_EVENT must have at least one state transition"
time="2026-08-06T21:45:24Z" level=error msg="Failed to store events for file session_2026-08-06_14-35-51_963761_1/9431d235d70e6a97efd532473fb6b5e7fab758f46861051c96d90352/job_events/03000000/9431d235d70e6a97efd532473fb6b5e7fab758f46861051c96d90352-2026-08-06-21-1786052178370981047.jsonl: TASK_LIFECYCLE_EVENT must have at least one state transition"
time="2026-08-06T21:45:25Z" level=error msg="Failed to store events for file session_2026-08-06_14-35-51_963761_1/9431d235d70e6a97efd532473fb6b5e7fab758f46861051c96d90352/job_events/03000000/9431d235d70e6a97efd532473fb6b5e7fab758f46861051c96d90352-2026-08-06-21-1786052178370981047.jsonl: TASK_LIFECYCLE_EVENT must have at least one state transition"
time="2026-08-06T21:45:25Z" level=error msg="Failed to store events for file session_2026-08-06_14-35-51_963761_1/9431d235d70e6a97efd532473fb6b5e7fab758f46861051c96d90352/job_events/03000000/9431d235d70e6a97efd532473fb6b5e7fab758f46861051c96d90352-2026-08-06-21-1786052178370981047.jsonl: TASK_LIFECYCLE_EVENT must have at least one state transition"
time="2026-08-06T21:45:25Z" level=error msg="Failed to store events for file session_2026-08-06_14-35-51_963761_1/9431d235d70e6a97efd532473fb6b5e7fab758f46861051c96d90352/job_events/03000000/9431d235d70e6a97efd532473fb6b5e7fab758f46861051c96d90352-2026-08-06-21-1786052178370981047.jsonl: TASK_LIFECYCLE_EVENT must have at least one state transition"
time="2026-08-06T21:45:25Z" level=error msg="Failed to store events for file session_2026-08-06_14-35-51_963761_1/9431d235d70e6a97efd532473fb6b5e7fab758f46861051c96d90352/job_events/03000000/9431d235d70e6a97efd532473fb6b5e7fab758f46861051c96d90352-2026-08-06-21-1786052178370981047.jsonl: TASK_LIFECYCLE_EVENT must have at least one state transition"
time="2026-08-06T21:45:25Z" level=error msg="Failed to store events for file session_2026-08-06_14-35-51_963761_1/9431d235d70e6a97efd532473fb6b5e7fab758f46861051c96d90352/job_events/03000000/9431d235d70e6a97efd532473fb6b5e7fab758f46861051c96d90352-2026-08-06-21-1786052178370981047.jsonl: TASK_LIFECYCLE_EVENT must have at least one state transition"
time="2026-08-06T21:45:25Z" level=error msg="Failed to store events for file session_2026-08-06_14-35-51_963761_1/9431d235d70e6a97efd532473fb6b5e7fab758f46861051c96d90352/job_events/03000000/9431d235d70e6a97efd532473fb6b5e7fab758f46861051c96d90352-2026-08-06-21-1786052178370981047.jsonl: TASK_LIFECYCLE_EVENT must have at least one state transition"
time="2026-08-06T21:45:25Z" level=error msg="Failed to store events for file session_2026-08-06_14-35-51_963761_1/9431d235d70e6a97efd532473fb6b5e7fab758f46861051c96d90352/job_events/03000000/9431d235d70e6a97efd532473fb6b5e7fab758f46861051c96d90352-2026-08-06-21-1786052178370981047.jsonl: TASK_LIFECYCLE_EVENT must have at least one state transition"
time="2026-08-06T21:45:25Z" level=error msg="Failed to store events for file session_2026-08-06_14-35-51_963761_1/9431d235d70e6a97efd532473fb6b5e7fab758f46861051c96d90352/job_events/03000000/9431d235d70e6a97efd532473fb6b5e7fab758f46861051c96d90352-2026-08-06-21-1786052178370981047.jsonl: TASK_LIFECYCLE_EVENT must have at least one state transition"
time="2026-08-06T21:45:26Z" level=error msg="Failed to store events for file session_2026-08-06_14-35-51_963761_1/9431d235d70e6a97efd532473fb6b5e7fab758f46861051c96d90352/job_events/03000000/9431d235d70e6a97efd532473fb6b5e7fab758f46861051c96d90352-2026-08-06-21-1786052178370981047.jsonl: TASK_LIFECYCLE_EVENT must have at least one state transition"
time="2026-08-06T21:45:26Z" level=error msg="Failed to store events for file session_2026-08-06_14-35-51_963761_1/9431d235d70e6a97efd532473fb6b5e7fab758f46861051c96d90352/job_events/03000000/9431d235d70e6a97efd532473fb6b5e7fab758f46861051c96d90352-2026-08-06-21-1786052178370981047.jsonl: TASK_LIFECYCLE_EVENT must have at least one state transition"
time="2026-08-06T21:45:26Z" level=error msg="Failed to store events for file session_2026-08-06_14-35-51_963761_1/9431d235d70e6a97efd532473fb6b5e7fab758f46861051c96d90352/job_events/03000000/9431d235d70e6a97efd532473fb6b5e7fab758f46861051c96d90352-2026-08-06-21-1786052178370981047.jsonl: TASK_LIFECYCLE_EVENT must have at least one state transition"
time="2026-08-06T21:45:26Z" level=error msg="Failed to store events for file session_2026-08-06_14-35-51_963761_1/9431d235d70e6a97efd532473fb6b5e7fab758f46861051c96d90352/job_events/03000000/9431d235d70e6a97efd532473fb6b5e7fab758f46861051c96d90352-2026-08-06-21-1786052178370981047.jsonl: TASK_LIFECYCLE_EVENT must have at least one state transition"
time="2026-08-06T21:45:26Z" level=error msg="Failed to store events for file session_2026-08-06_14-35-51_963761_1/9431d235d70e6a97efd532473fb6b5e7fab758f46861051c96d90352/job_events/03000000/9431d235d70e6a97efd532473fb6b5e7fab758f46861051c96d90352-2026-08-06-21-1786052178370981047.jsonl: TASK_LIFECYCLE_EVENT must have at least one state transition"
time="2026-08-06T21:45:27Z" level=error msg="Failed to store events for file session_2026-08-06_14-35-51_963761_1/9431d235d70e6a97efd532473fb6b5e7fab758f46861051c96d90352/job_events/03000000/9431d235d70e6a97efd532473fb6b5e7fab758f46861051c96d90352-2026-08-06-21-1786052178370981047.jsonl: TASK_LIFECYCLE_EVENT must have at least one state transition"
time="2026-08-06T21:45:27Z" level=error msg="Failed to store events for file session_2026-08-06_14-35-51_963761_1/9431d235d70e6a97efd532473fb6b5e7fab758f46861051c96d90352/job_events/03000000/9431d235d70e6a97efd532473fb6b5e7fab758f46861051c96d90352-2026-08-06-21-1786052178370981047.jsonl: TASK_LIFECYCLE_EVENT must have at least one state transition"
time="2026-08-06T21:45:27Z" level=error msg="Failed to store events for file session_2026-08-06_14-35-51_963761_1/9431d235d70e6a97efd532473fb6b5e7fab758f46861051c96d90352/job_events/03000000/9431d235d70e6a97efd532473fb6b5e7fab758f46861051c96d90352-2026-08-06-21-1786052178370981047.jsonl: TASK_LIFECYCLE_EVENT must have at least one state transition"
time="2026-08-06T21:45:27Z" level=error msg="Failed to store events for file session_2026-08-06_14-35-51_963761_1/9431d235d70e6a97efd532473fb6b5e7fab758f46861051c96d90352/job_events/03000000/9431d235d70e6a97efd532473fb6b5e7fab758f46861051c96d90352-2026-08-06-21-1786052178370981047.jsonl: TASK_LIFECYCLE_EVENT must have at least one state transition"
time="2026-08-06T21:45:27Z" level=error msg="Failed to store events for file session_2026-08-06_14-35-51_963761_1/9431d235d70e6a97efd532473fb6b5e7fab758f46861051c96d90352/job_events/03000000/9431d235d70e6a97efd532473fb6b5e7fab758f46861051c96d90352-2026-08-06-21-1786052178370981047.jsonl: TASK_LIFECYCLE_EVENT must have at least one state transition"
time="2026-08-06T21:45:27Z" level=error msg="Failed to store events for file session_2026-08-06_14-35-51_963761_1/9431d235d70e6a97efd532473fb6b5e7fab758f46861051c96d90352/job_events/03000000/9431d235d70e6a97efd532473fb6b5e7fab758f46861051c96d90352-2026-08-06-21-1786052178370981047.jsonl: TASK_LIFECYCLE_EVENT must have at least one state transition"
time="2026-08-06T21:45:27Z" level=error msg="Failed to store events for file session_2026-08-06_14-35-51_963761_1/9431d235d70e6a97efd532473fb6b5e7fab758f46861051c96d90352/job_events/03000000/9431d235d70e6a97efd532473fb6b5e7fab758f46861051c96d90352-2026-08-06-21-1786052178370981047.jsonl: TASK_LIFECYCLE_EVENT must have at least one state transition"
time="2026-08-06T21:45:28Z" level=error msg="Failed to store events for file session_2026-08-06_14-35-51_963761_1/9431d235d70e6a97efd532473fb6b5e7fab758f46861051c96d90352/job_events/03000000/9431d235d70e6a97efd532473fb6b5e7fab758f46861051c96d90352-2026-08-06-21-1786052178370981047.jsonl: TASK_LIFECYCLE_EVENT must have at least one state transition"
time="2026-08-06T21:45:28Z" level=error msg="Failed to store events for file session_2026-08-06_14-35-51_963761_1/9431d235d70e6a97efd532473fb6b5e7fab758f46861051c96d90352/job_events/03000000/9431d235d70e6a97efd532473fb6b5e7fab758f46861051c96d90352-2026-08-06-21-1786052178370981047.jsonl: TASK_LIFECYCLE_EVENT must have at least one state transition"
time="2026-08-06T21:45:28Z" level=error msg="Failed to store events for file session_2026-08-06_14-35-51_963761_1/9431d235d70e6a97efd532473fb6b5e7fab758f46861051c96d90352/job_events/03000000/9431d235d70e6a97efd532473fb6b5e7fab758f46861051c96d90352-2026-08-06-21-1786052178370981047.jsonl: TASK_LIFECYCLE_EVENT must have at least one state transition"
time="2026-08-06T21:45:28Z" level=error msg="Failed to store events for file session_2026-08-06_14-35-51_963761_1/9431d235d70e6a97efd532473fb6b5e7fab758f46861051c96d90352/job_events/03000000/9431d235d70e6a97efd532473fb6b5e7fab758f46861051c96d90352-2026-08-06-21-1786052178370981047.jsonl: TASK_LIFECYCLE_EVENT must have at least one state transition"
time="2026-08-06T21:45:29Z" level=error msg="Failed to store events for file session_2026-08-06_14-35-51_963761_1/9431d235d70e6a97efd532473fb6b5e7fab758f46861051c96d90352/job_events/03000000/9431d235d70e6a97efd532473fb6b5e7fab758f46861051c96d90352-2026-08-06-21-1786052178370981047.jsonl: TASK_LIFECYCLE_EVENT must have at least one state transition"
time="2026-08-06T21:45:29Z" level=error msg="Failed to store events for file session_2026-08-06_14-35-51_963761_1/9431d235d70e6a97efd532473fb6b5e7fab758f46861051c96d90352/job_events/03000000/9431d235d70e6a97efd532473fb6b5e7fab758f46861051c96d90352-2026-08-06-21-1786052178370981047.jsonl: TASK_LIFECYCLE_EVENT must have at least one state transition"
time="2026-08-06T21:45:29Z" level=error msg="Failed to store events for file session_2026-08-06_14-35-51_963761_1/9431d235d70e6a97efd532473fb6b5e7fab758f46861051c96d90352/job_events/03000000/9431d235d70e6a97efd532473fb6b5e7fab758f46861051c96d90352-2026-08-06-21-1786052178370981047.jsonl: TASK_LIFECYCLE_EVENT must have at least one state transition"
time="2026-08-06T21:45:29Z" level=error msg="Failed to store events for file session_2026-08-06_14-35-51_963761_1/9431d235d70e6a97efd532473fb6b5e7fab758f46861051c96d90352/job_events/03000000/9431d235d70e6a97efd532473fb6b5e7fab758f46861051c96d90352-2026-08-06-21-1786052178370981047.jsonl: TASK_LIFECYCLE_EVENT must have at least one state transition"
time="2026-08-06T21:45:30Z" level=error msg="Failed to store events for file session_2026-08-06_14-35-51_963761_1/9431d235d70e6a97efd532473fb6b5e7fab758f46861051c96d90352/job_events/03000000/9431d235d70e6a97efd532473fb6b5e7fab758f46861051c96d90352-2026-08-06-21-1786052178370981047.jsonl: TASK_LIFECYCLE_EVENT must have at least one state transition"
time="2026-08-06T21:45:30Z" level=error msg="Failed to store events for file session_2026-08-06_14-35-51_963761_1/9431d235d70e6a97efd532473fb6b5e7fab758f46861051c96d90352/job_events/03000000/9431d235d70e6a97efd532473fb6b5e7fab758f46861051c96d90352-2026-08-06-21-1786052178370981047.jsonl: TASK_LIFECYCLE_EVENT must have at least one state transition"
time="2026-08-06T21:45:30Z" level=error msg="Failed to store events for file session_2026-08-06_14-35-51_963761_1/9431d235d70e6a97efd532473fb6b5e7fab758f46861051c96d90352/job_events/03000000/9431d235d70e6a97efd532473fb6b5e7fab758f46861051c96d90352-2026-08-06-21-1786052178370981047.jsonl: TASK_LIFECYCLE_EVENT must have at least one state transition"
time="2026-08-06T21:45:30Z" level=info msg="Prepare to get object log/cluster-history/raycluster/test-ns-md2s2/raycluster-historyserver/session_2026-08-06_14-35-51_963761_1/233e17c28342cf36fd1d41ccb4c405d03155629dd63bee783cf1378e/node_events/233e17c28342cf36fd1d41ccb4c405d03155629dd63bee783cf1378e-2026-08-06-21-1786052156520112551.jsonl info ..."
gc 17 @36.631s 0%: 0.18+27+0.11 ms clock, 2.6+18/98/211+1.6 ms cpu, 624->625->111 MB, 637 MB goal, 0 MB stacks, 0 MB globals, 14 P
gc 18 @36.849s 0%: 0.20+113+0.14 ms clock, 2.8+0/170/408+2.0 ms cpu, 219->221->152 MB, 224 MB goal, 0 MB stacks, 0 MB globals, 14 P
time="2026-08-06T21:45:30Z" level=info msg="Received request: GET /api/v0/tasks?limit=50000"
time="2026-08-06T21:45:30Z" level=info msg="Request URL /api/v0/tasks?limit=50000"
time="2026-08-06T21:45:30Z" level=info msg="Received request: GET /api/v0/tasks?limit=50000"
time="2026-08-06T21:45:30Z" level=info msg="Request URL /api/v0/tasks?limit=50000"
time="2026-08-06T21:45:30Z" level=info msg="Received request: GET /api/v0/tasks?limit=50000"
time="2026-08-06T21:45:30Z" level=info msg="Request URL /api/v0/tasks?limit=50000"
time="2026-08-06T21:45:30Z" level=info msg="Received request: GET /api/v0/tasks/summarize"
time="2026-08-06T21:45:30Z" level=info msg="Request URL /api/v0/tasks/summarize"
gc 19 @37.106s 0%: 0.25+129+0.11 ms clock, 3.5+0/242/234+1.6 ms cpu, 316->316->145 MB, 316 MB goal, 0 MB stacks, 0 MB globals, 14 P
time="2026-08-06T21:45:31Z" level=info msg="Received request: GET /api/v0/tasks/summarize"
time="2026-08-06T21:45:31Z" level=info msg="Request URL /api/v0/tasks/summarize"
time="2026-08-06T21:45:31Z" level=info msg="Received request: GET /api/v0/tasks/summarize"
time="2026-08-06T21:45:31Z" level=info msg="Request URL /api/v0/tasks/summarize"
gc 20 @37.755s 0%: 0.17+127+0.10 ms clock, 2.5+0/125/306+1.4 ms cpu, 299->301->124 MB, 299 MB goal, 0 MB stacks, 0 MB globals, 14 P
time="2026-08-06T21:45:32Z" level=info msg="Received request: GET /api/jobs/"
time="2026-08-06T21:45:32Z" level=info msg="Request URL /api/jobs/"
time="2026-08-06T21:45:32Z" level=info msg="Received request: GET /api/jobs/"
time="2026-08-06T21:45:32Z" level=info msg="Request URL /api/jobs/"
gc 21 @38.175s 0%: 0.19+115+0.77 ms clock, 2.6+0/97/205+10 ms cpu, 255->255->122 MB, 255 MB goal, 0 MB stacks, 0 MB globals, 14 P
time="2026-08-06T21:45:32Z" level=info msg="Received request: GET /api/jobs/"
time="2026-08-06T21:45:32Z" level=info msg="Request URL /api/jobs/"
time="2026-08-06T21:45:32Z" level=info msg="Request URL /nodes?view=summary"
time="2026-08-06T21:45:32Z" level=info msg="Request URL /nodes?view=summary"
time="2026-08-06T21:45:32Z" level=info msg="Request URL /nodes?view=summary"
time="2026-08-06T21:45:32Z" level=info msg="Request URL /events"
time="2026-08-06T21:45:32Z" level=info msg="Request URL /events"
gc 22 @38.349s 0%: 0.96+121+0.051 ms clock, 13+1.2/104/145+0.71 ms cpu, 244->244->122 MB, 244 MB goal, 0 MB stacks, 0 MB globals, 14 P
time="2026-08-06T21:45:32Z" level=info msg="Request URL /events"
