gc 1 @0.179s 3%: 1.7+16+1.2 ms clock, 3.5+2.6/8.2/5.0+2.5 ms cpu, 3->3->2 MB, 4 MB goal, 0 MB stacks, 0 MB globals, 2 P
gc 2 @0.274s 3%: 0.13+8.8+0.19 ms clock, 0.26+0.22/3.9/3.7+0.38 ms cpu, 5->5->3 MB, 5 MB goal, 0 MB stacks, 0 MB globals, 2 P
time="2026-08-06T19:32:37Z" level=info msg="create client manager successfully, clients: 1"
time="2026-08-06T19:32:37Z" level=info msg="Begin to create s3 client ..."
time="2026-08-06T19:32:37Z" level=info msg="Checking if bucket ray-historyserver exists..."
time="2026-08-06T19:32:37Z" level=info msg="Bucket ray-historyserver already exists"
time="2026-08-06T19:32:37Z" level=info msg="Clean logdir is logs"
gc 3 @0.469s 2%: 0.44+8.7+0.086 ms clock, 0.88+0.32/3.2/5.5+0.17 ms cpu, 8->8->5 MB, 8 MB goal, 0 MB stacks, 0 MB globals, 2 P
time="2026-08-06T19:32:37Z" level=info msg="Starting server on :8080"
time="2026-08-06T19:32:38Z" level=info msg="Received request: GET /readz"
time="2026-08-06T19:32:38Z" level=info msg="live clusters: []"
time="2026-08-06T19:32:38Z" level=info msg="[List]Returned objects in log/cluster-metadata/. length of page.Contents: 2, length of page.CommonPrefixes: 0"
time="2026-08-06T19:32:38Z" level=error msg="Failed to parse meta file path: log/cluster-metadata/raycluster/test-ns-hhlqh_raycluster-historyserver/, error: invalid path segment count for cluster metadata structure: log/cluster-metadata/raycluster/test-ns-hhlqh_raycluster-historyserver/"
time="2026-08-06T19:32:38Z" level=info msg="Parsed cluster raycluster-historyserver for session session_2026-08-06_12-30-51_276018_1 to list"
time="2026-08-06T19:32:38Z" level=info msg="live clusters: []"
time="2026-08-06T19:32:38Z" level=info msg="[List]Returned objects in log/cluster-metadata/. length of page.Contents: 2, length of page.CommonPrefixes: 0"
time="2026-08-06T19:32:38Z" level=error msg="Failed to parse meta file path: log/cluster-metadata/raycluster/test-ns-hhlqh_raycluster-historyserver/, error: invalid path segment count for cluster metadata structure: log/cluster-metadata/raycluster/test-ns-hhlqh_raycluster-historyserver/"
time="2026-08-06T19:32:38Z" level=info msg="Parsed cluster raycluster-historyserver for session session_2026-08-06_12-30-51_276018_1 to list"
time="2026-08-06T19:32:38Z" level=info msg="live clusters: []"
time="2026-08-06T19:32:38Z" level=info msg="[List]Returned objects in log/cluster-metadata/. length of page.Contents: 2, length of page.CommonPrefixes: 0"
time="2026-08-06T19:32:38Z" level=error msg="Failed to parse meta file path: log/cluster-metadata/raycluster/test-ns-hhlqh_raycluster-historyserver/, error: invalid path segment count for cluster metadata structure: log/cluster-metadata/raycluster/test-ns-hhlqh_raycluster-historyserver/"
time="2026-08-06T19:32:38Z" level=info msg="Parsed cluster raycluster-historyserver for session session_2026-08-06_12-30-51_276018_1 to list"
time="2026-08-06T19:32:38Z" level=info msg="live clusters: []"
time="2026-08-06T19:32:38Z" level=info msg="[List]Returned objects in log/cluster-metadata/. length of page.Contents: 2, length of page.CommonPrefixes: 0"
time="2026-08-06T19:32:38Z" level=error msg="Failed to parse meta file path: log/cluster-metadata/raycluster/test-ns-hhlqh_raycluster-historyserver/, error: invalid path segment count for cluster metadata structure: log/cluster-metadata/raycluster/test-ns-hhlqh_raycluster-historyserver/"
time="2026-08-06T19:32:38Z" level=info msg="Parsed cluster raycluster-historyserver for session session_2026-08-06_12-30-51_276018_1 to list"
time="2026-08-06T19:32:38Z" level=info msg="live clusters: []"
time="2026-08-06T19:32:38Z" level=info msg="[List]Returned objects in log/cluster-metadata/. length of page.Contents: 2, length of page.CommonPrefixes: 0"
time="2026-08-06T19:32:38Z" level=error msg="Failed to parse meta file path: log/cluster-metadata/raycluster/test-ns-hhlqh_raycluster-historyserver/, error: invalid path segment count for cluster metadata structure: log/cluster-metadata/raycluster/test-ns-hhlqh_raycluster-historyserver/"
time="2026-08-06T19:32:38Z" level=info msg="Parsed cluster raycluster-historyserver for session session_2026-08-06_12-30-51_276018_1 to list"
time="2026-08-06T19:32:38Z" level=info msg="Received request: GET /enter_cluster/test-ns-hhlqh/raycluster/raycluster-historyserver/session_2026-08-06_12-30-51_276018_1"
time="2026-08-06T19:32:38Z" level=info msg="[List]Returned objects in log/cluster-metadata/. length of page.Contents: 2, length of page.CommonPrefixes: 0"
time="2026-08-06T19:32:38Z" level=error msg="Failed to parse meta file path: log/cluster-metadata/raycluster/test-ns-hhlqh_raycluster-historyserver/, error: invalid path segment count for cluster metadata structure: log/cluster-metadata/raycluster/test-ns-hhlqh_raycluster-historyserver/"
time="2026-08-06T19:32:38Z" level=info msg="Parsed cluster raycluster-historyserver for session session_2026-08-06_12-30-51_276018_1 to list"
time="2026-08-06T19:32:38Z" level=info msg="[ListFiles]Returned objects in log/cluster-history/raycluster/test-ns-hhlqh/raycluster-historyserver/session_2026-08-06_12-30-51_276018_1/. length of page.Contents: 0, length of page.CommonPrefixes: 3"
time="2026-08-06T19:32:38Z" level=info msg="[ListFiles]Returned objects in log/cluster-history/raycluster/test-ns-hhlqh/raycluster-historyserver/session_2026-08-06_12-30-51_276018_1/1001fe5d3cb251e6e03a6b9421b493905e42f223ef80329dbb92550f/logs/events/. length of page.Contents: 11, length of page.CommonPrefixes: 0"
time="2026-08-06T19:32:38Z" level=info msg="Prepare to get object log/cluster-history/raycluster/test-ns-hhlqh/raycluster-historyserver/session_2026-08-06_12-30-51_276018_1/1001fe5d3cb251e6e03a6b9421b493905e42f223ef80329dbb92550f/logs/events/event_AUTOSCALER.log info ..."
time="2026-08-06T19:32:38Z" level=info msg="Prepare to get object log/cluster-history/raycluster/test-ns-hhlqh/raycluster-historyserver/session_2026-08-06_12-30-51_276018_1/1001fe5d3cb251e6e03a6b9421b493905e42f223ef80329dbb92550f/logs/events/event_CORE_WORKER_1011.log info ..."
time="2026-08-06T19:32:38Z" level=info msg="Prepare to get object log/cluster-history/raycluster/test-ns-hhlqh/raycluster-historyserver/session_2026-08-06_12-30-51_276018_1/1001fe5d3cb251e6e03a6b9421b493905e42f223ef80329dbb92550f/logs/events/event_CORE_WORKER_1155.log info ..."
time="2026-08-06T19:32:38Z" level=info msg="Prepare to get object log/cluster-history/raycluster/test-ns-hhlqh/raycluster-historyserver/session_2026-08-06_12-30-51_276018_1/1001fe5d3cb251e6e03a6b9421b493905e42f223ef80329dbb92550f/logs/events/event_CORE_WORKER_199.log info ..."
time="2026-08-06T19:32:38Z" level=info msg="Prepare to get object log/cluster-history/raycluster/test-ns-hhlqh/raycluster-historyserver/session_2026-08-06_12-30-51_276018_1/1001fe5d3cb251e6e03a6b9421b493905e42f223ef80329dbb92550f/logs/events/event_CORE_WORKER_204.log info ..."
time="2026-08-06T19:32:38Z" level=info msg="Prepare to get object log/cluster-history/raycluster/test-ns-hhlqh/raycluster-historyserver/session_2026-08-06_12-30-51_276018_1/1001fe5d3cb251e6e03a6b9421b493905e42f223ef80329dbb92550f/logs/events/event_CORE_WORKER_669.log info ..."
time="2026-08-06T19:32:38Z" level=info msg="Prepare to get object log/cluster-history/raycluster/test-ns-hhlqh/raycluster-historyserver/session_2026-08-06_12-30-51_276018_1/1001fe5d3cb251e6e03a6b9421b493905e42f223ef80329dbb92550f/logs/events/event_CORE_WORKER_955.log info ..."
time="2026-08-06T19:32:38Z" level=info msg="Prepare to get object log/cluster-history/raycluster/test-ns-hhlqh/raycluster-historyserver/session_2026-08-06_12-30-51_276018_1/1001fe5d3cb251e6e03a6b9421b493905e42f223ef80329dbb92550f/logs/events/event_GCS.log info ..."
time="2026-08-06T19:32:38Z" level=info msg="Prepare to get object log/cluster-history/raycluster/test-ns-hhlqh/raycluster-historyserver/session_2026-08-06_12-30-51_276018_1/1001fe5d3cb251e6e03a6b9421b493905e42f223ef80329dbb92550f/logs/events/event_JOBS.log info ..."
time="2026-08-06T19:32:38Z" level=info msg="Prepare to get object log/cluster-history/raycluster/test-ns-hhlqh/raycluster-historyserver/session_2026-08-06_12-30-51_276018_1/1001fe5d3cb251e6e03a6b9421b493905e42f223ef80329dbb92550f/logs/events/event_RAYLET.log info ..."
time="2026-08-06T19:32:38Z" level=info msg="[ListFiles]Returned objects in log/cluster-history/raycluster/test-ns-hhlqh/raycluster-historyserver/session_2026-08-06_12-30-51_276018_1/87ef53c376700f238251ec0b73a7257b9ce77a461e7223a2c51a618a/logs/events/. length of page.Contents: 13, length of page.CommonPrefixes: 0"
time="2026-08-06T19:32:38Z" level=info msg="Prepare to get object log/cluster-history/raycluster/test-ns-hhlqh/raycluster-historyserver/session_2026-08-06_12-30-51_276018_1/87ef53c376700f238251ec0b73a7257b9ce77a461e7223a2c51a618a/logs/events/event_CORE_WORKER_236.log info ..."
time="2026-08-06T19:32:38Z" level=info msg="Prepare to get object log/cluster-history/raycluster/test-ns-hhlqh/raycluster-historyserver/session_2026-08-06_12-30-51_276018_1/87ef53c376700f238251ec0b73a7257b9ce77a461e7223a2c51a618a/logs/events/event_CORE_WORKER_237.log info ..."
time="2026-08-06T19:32:38Z" level=info msg="Prepare to get object log/cluster-history/raycluster/test-ns-hhlqh/raycluster-historyserver/session_2026-08-06_12-30-51_276018_1/87ef53c376700f238251ec0b73a7257b9ce77a461e7223a2c51a618a/logs/events/event_CORE_WORKER_321.log info ..."
time="2026-08-06T19:32:38Z" level=info msg="Prepare to get object log/cluster-history/raycluster/test-ns-hhlqh/raycluster-historyserver/session_2026-08-06_12-30-51_276018_1/87ef53c376700f238251ec0b73a7257b9ce77a461e7223a2c51a618a/logs/events/event_CORE_WORKER_325.log info ..."
time="2026-08-06T19:32:38Z" level=info msg="Prepare to get object log/cluster-history/raycluster/test-ns-hhlqh/raycluster-historyserver/session_2026-08-06_12-30-51_276018_1/87ef53c376700f238251ec0b73a7257b9ce77a461e7223a2c51a618a/logs/events/event_CORE_WORKER_411.log info ..."
time="2026-08-06T19:32:38Z" level=info msg="Prepare to get object log/cluster-history/raycluster/test-ns-hhlqh/raycluster-historyserver/session_2026-08-06_12-30-51_276018_1/87ef53c376700f238251ec0b73a7257b9ce77a461e7223a2c51a618a/logs/events/event_CORE_WORKER_419.log info ..."
time="2026-08-06T19:32:38Z" level=info msg="Prepare to get object log/cluster-history/raycluster/test-ns-hhlqh/raycluster-historyserver/session_2026-08-06_12-30-51_276018_1/87ef53c376700f238251ec0b73a7257b9ce77a461e7223a2c51a618a/logs/events/event_CORE_WORKER_509.log info ..."
time="2026-08-06T19:32:38Z" level=info msg="Prepare to get object log/cluster-history/raycluster/test-ns-hhlqh/raycluster-historyserver/session_2026-08-06_12-30-51_276018_1/87ef53c376700f238251ec0b73a7257b9ce77a461e7223a2c51a618a/logs/events/event_CORE_WORKER_511.log info ..."
time="2026-08-06T19:32:38Z" level=info msg="Prepare to get object log/cluster-history/raycluster/test-ns-hhlqh/raycluster-historyserver/session_2026-08-06_12-30-51_276018_1/87ef53c376700f238251ec0b73a7257b9ce77a461e7223a2c51a618a/logs/events/event_CORE_WORKER_608.log info ..."
time="2026-08-06T19:32:38Z" level=info msg="Prepare to get object log/cluster-history/raycluster/test-ns-hhlqh/raycluster-historyserver/session_2026-08-06_12-30-51_276018_1/87ef53c376700f238251ec0b73a7257b9ce77a461e7223a2c51a618a/logs/events/event_CORE_WORKER_611.log info ..."
time="2026-08-06T19:32:38Z" level=info msg="Prepare to get object log/cluster-history/raycluster/test-ns-hhlqh/raycluster-historyserver/session_2026-08-06_12-30-51_276018_1/87ef53c376700f238251ec0b73a7257b9ce77a461e7223a2c51a618a/logs/events/event_CORE_WORKER_700.log info ..."
time="2026-08-06T19:32:38Z" level=info msg="Prepare to get object log/cluster-history/raycluster/test-ns-hhlqh/raycluster-historyserver/session_2026-08-06_12-30-51_276018_1/87ef53c376700f238251ec0b73a7257b9ce77a461e7223a2c51a618a/logs/events/event_RAYLET.log info ..."
time="2026-08-06T19:32:38Z" level=info msg="[ListFiles]Returned objects in log/cluster-history/raycluster/test-ns-hhlqh/raycluster-historyserver/session_2026-08-06_12-30-51_276018_1/fetched_endpoints/logs/events/. length of page.Contents: 0, length of page.CommonPrefixes: 0"
time="2026-08-06T19:32:38Z" level=info msg="[ListFiles]Returned objects in log/cluster-history/raycluster/test-ns-hhlqh/raycluster-historyserver/session_2026-08-06_12-30-51_276018_1/. length of page.Contents: 0, length of page.CommonPrefixes: 3"
time="2026-08-06T19:32:38Z" level=info msg="[ListFiles]Returned objects in log/cluster-history/raycluster/test-ns-hhlqh/raycluster-historyserver/session_2026-08-06_12-30-51_276018_1/1001fe5d3cb251e6e03a6b9421b493905e42f223ef80329dbb92550f/job_events/. length of page.Contents: 0, length of page.CommonPrefixes: 4"
time="2026-08-06T19:32:38Z" level=info msg="[ListFiles]Returned objects in log/cluster-history/raycluster/test-ns-hhlqh/raycluster-historyserver/session_2026-08-06_12-30-51_276018_1/1001fe5d3cb251e6e03a6b9421b493905e42f223ef80329dbb92550f/job_events/01000000/. length of page.Contents: 2, length of page.CommonPrefixes: 0"
time="2026-08-06T19:32:38Z" level=info msg="[ListFiles]Returned objects in log/cluster-history/raycluster/test-ns-hhlqh/raycluster-historyserver/session_2026-08-06_12-30-51_276018_1/1001fe5d3cb251e6e03a6b9421b493905e42f223ef80329dbb92550f/job_events/02000000/. length of page.Contents: 2, length of page.CommonPrefixes: 0"
time="2026-08-06T19:32:38Z" level=info msg="[ListFiles]Returned objects in log/cluster-history/raycluster/test-ns-hhlqh/raycluster-historyserver/session_2026-08-06_12-30-51_276018_1/1001fe5d3cb251e6e03a6b9421b493905e42f223ef80329dbb92550f/job_events/03000000/. length of page.Contents: 3, length of page.CommonPrefixes: 0"
time="2026-08-06T19:32:38Z" level=info msg="[ListFiles]Returned objects in log/cluster-history/raycluster/test-ns-hhlqh/raycluster-historyserver/session_2026-08-06_12-30-51_276018_1/1001fe5d3cb251e6e03a6b9421b493905e42f223ef80329dbb92550f/job_events/04000000/. length of page.Contents: 2, length of page.CommonPrefixes: 0"
time="2026-08-06T19:32:38Z" level=info msg="[ListFiles]Returned objects in log/cluster-history/raycluster/test-ns-hhlqh/raycluster-historyserver/session_2026-08-06_12-30-51_276018_1/87ef53c376700f238251ec0b73a7257b9ce77a461e7223a2c51a618a/job_events/. length of page.Contents: 0, length of page.CommonPrefixes: 1"
time="2026-08-06T19:32:38Z" level=info msg="[ListFiles]Returned objects in log/cluster-history/raycluster/test-ns-hhlqh/raycluster-historyserver/session_2026-08-06_12-30-51_276018_1/87ef53c376700f238251ec0b73a7257b9ce77a461e7223a2c51a618a/job_events/03000000/. length of page.Contents: 3, length of page.CommonPrefixes: 0"
time="2026-08-06T19:32:38Z" level=info msg="[ListFiles]Returned objects in log/cluster-history/raycluster/test-ns-hhlqh/raycluster-historyserver/session_2026-08-06_12-30-51_276018_1/fetched_endpoints/job_events/. length of page.Contents: 0, length of page.CommonPrefixes: 0"
time="2026-08-06T19:32:38Z" level=info msg="[ListFiles]Returned objects in log/cluster-history/raycluster/test-ns-hhlqh/raycluster-historyserver/session_2026-08-06_12-30-51_276018_1/. length of page.Contents: 0, length of page.CommonPrefixes: 3"
time="2026-08-06T19:32:38Z" level=info msg="[ListFiles]Returned objects in log/cluster-history/raycluster/test-ns-hhlqh/raycluster-historyserver/session_2026-08-06_12-30-51_276018_1/1001fe5d3cb251e6e03a6b9421b493905e42f223ef80329dbb92550f/node_events/. length of page.Contents: 2, length of page.CommonPrefixes: 0"
time="2026-08-06T19:32:38Z" level=info msg="[ListFiles]Returned objects in log/cluster-history/raycluster/test-ns-hhlqh/raycluster-historyserver/session_2026-08-06_12-30-51_276018_1/87ef53c376700f238251ec0b73a7257b9ce77a461e7223a2c51a618a/node_events/. length of page.Contents: 0, length of page.CommonPrefixes: 0"
time="2026-08-06T19:32:38Z" level=info msg="[ListFiles]Returned objects in log/cluster-history/raycluster/test-ns-hhlqh/raycluster-historyserver/session_2026-08-06_12-30-51_276018_1/fetched_endpoints/node_events/. length of page.Contents: 0, length of page.CommonPrefixes: 0"
time="2026-08-06T19:32:38Z" level=info msg="Prepare to get object log/cluster-history/raycluster/test-ns-hhlqh/raycluster-historyserver/session_2026-08-06_12-30-51_276018_1/1001fe5d3cb251e6e03a6b9421b493905e42f223ef80329dbb92550f/job_events/01000000/1001fe5d3cb251e6e03a6b9421b493905e42f223ef80329dbb92550f-2026-08-06-19-1786044656678716260.jsonl info ..."
gc 4 @1.752s 0%: 0.21+11+0.25 ms clock, 0.42+0.22/2.4/10+0.51 ms cpu, 11->12->6 MB, 12 MB goal, 0 MB stacks, 0 MB globals, 2 P
time="2026-08-06T19:32:38Z" level=info msg="Prepare to get object log/cluster-history/raycluster/test-ns-hhlqh/raycluster-historyserver/session_2026-08-06_12-30-51_276018_1/1001fe5d3cb251e6e03a6b9421b493905e42f223ef80329dbb92550f/job_events/02000000/1001fe5d3cb251e6e03a6b9421b493905e42f223ef80329dbb92550f-2026-08-06-19-1786044675615724671.jsonl info ..."
time="2026-08-06T19:32:38Z" level=info msg="Prepare to get object log/cluster-history/raycluster/test-ns-hhlqh/raycluster-historyserver/session_2026-08-06_12-30-51_276018_1/1001fe5d3cb251e6e03a6b9421b493905e42f223ef80329dbb92550f/job_events/03000000/1001fe5d3cb251e6e03a6b9421b493905e42f223ef80329dbb92550f-2026-08-06-19-1786044676618071338.jsonl info ..."
gc 5 @1.782s 1%: 0.15+8.3+0.037 ms clock, 0.31+5.3/2.9/5.1+0.075 ms cpu, 16->16->14 MB, 16 MB goal, 0 MB stacks, 0 MB globals, 2 P
gc 6 @1.802s 1%: 0.15+11+0.029 ms clock, 0.31+0/6.2/9.5+0.059 ms cpu, 34->34->34 MB, 34 MB goal, 0 MB stacks, 0 MB globals, 2 P
gc 7 @1.831s 1%: 0.19+17+0.044 ms clock, 0.38+0/9.2/12+0.088 ms cpu, 69->69->69 MB, 69 MB goal, 0 MB stacks, 0 MB globals, 2 P
gc 8 @1.890s 1%: 0.13+17+0.064 ms clock, 0.26+0/9.7/12+0.12 ms cpu, 147->147->147 MB, 147 MB goal, 0 MB stacks, 0 MB globals, 2 P
gc 9 @1.984s 1%: 0.13+12+0.10 ms clock, 0.27+3.1/6.0/6.9+0.20 ms cpu, 295->295->155 MB, 295 MB goal, 0 MB stacks, 0 MB globals, 2 P
gc 10 @2.044s 2%: 0.12+53+0.065 ms clock, 0.24+0.007/12/44+0.13 ms cpu, 388->388->248 MB, 388 MB goal, 0 MB stacks, 0 MB globals, 2 P
gc 11 @6.018s 2%: 0.15+396+0.068 ms clock, 0.30+0.10/215/281+0.13 ms cpu, 493->502->325 MB, 497 MB goal, 0 MB stacks, 0 MB globals, 2 P
gc 12 @11.178s 3%: 0.13+989+0.072 ms clock, 0.27+3.2/531/686+0.14 ms cpu, 629->653->578 MB, 651 MB goal, 0 MB stacks, 0 MB globals, 2 P
gc 13 @22.154s 3%: 0.14+1482+0.073 ms clock, 0.28+0.10/746/938+0.14 ms cpu, 1100->1128->611 MB, 1158 MB goal, 0 MB stacks, 0 MB globals, 2 P
time="2026-08-06T19:33:04Z" level=info msg="Prepare to get object log/cluster-history/raycluster/test-ns-hhlqh/raycluster-historyserver/session_2026-08-06_12-30-51_276018_1/1001fe5d3cb251e6e03a6b9421b493905e42f223ef80329dbb92550f/job_events/03000000/1001fe5d3cb251e6e03a6b9421b493905e42f223ef80329dbb92550f-2026-08-06-19-1786044716504515218.jsonl info ..."
gc 14 @29.284s 3%: 0.14+589+0.12 ms clock, 0.28+0.50/303/433+0.25 ms cpu, 1147->1161->266 MB, 1223 MB goal, 0 MB stacks, 0 MB globals, 2 P
gc 15 @33.889s 3%: 0.16+904+0.073 ms clock, 0.33+0.12/447/677+0.14 ms cpu, 497->511->363 MB, 533 MB goal, 0 MB stacks, 0 MB globals, 2 P
time="2026-08-06T19:33:16Z" level=info msg="Prepare to get object log/cluster-history/raycluster/test-ns-hhlqh/raycluster-historyserver/session_2026-08-06_12-30-51_276018_1/1001fe5d3cb251e6e03a6b9421b493905e42f223ef80329dbb92550f/job_events/04000000/1001fe5d3cb251e6e03a6b9421b493905e42f223ef80329dbb92550f-2026-08-06-19-1786044690103692720.jsonl info ..."
time="2026-08-06T19:33:16Z" level=info msg="Prepare to get object log/cluster-history/raycluster/test-ns-hhlqh/raycluster-historyserver/session_2026-08-06_12-30-51_276018_1/87ef53c376700f238251ec0b73a7257b9ce77a461e7223a2c51a618a/job_events/03000000/87ef53c376700f238251ec0b73a7257b9ce77a461e7223a2c51a618a-2026-08-06-19-1786044677744060089.jsonl info ..."
gc 16 @39.366s 3%: 0.25+361+0.042 ms clock, 0.50+260/195/237+0.085 ms cpu, 675->675->253 MB, 727 MB goal, 0 MB stacks, 0 MB globals, 2 P
gc 17 @39.898s 3%: 0.18+326+0.056 ms clock, 0.36+233/175/225+0.11 ms cpu, 483->483->342 MB, 507 MB goal, 0 MB stacks, 0 MB globals, 2 P
gc 18 @42.342s 4%: 0.18+858+0.11 ms clock, 0.37+0.098/448/465+0.23 ms cpu, 658->681->388 MB, 686 MB goal, 0 MB stacks, 0 MB globals, 2 P
gc 19 @49.102s 4%: 0.15+1569+0.10 ms clock, 0.31+0/794/954+0.21 ms cpu, 729->769->670 MB, 777 MB goal, 0 MB stacks, 0 MB globals, 2 P
time="2026-08-06T19:33:29Z" level=error msg="Failed to store events for file session_2026-08-06_12-30-51_276018_1/87ef53c376700f238251ec0b73a7257b9ce77a461e7223a2c51a618a/job_events/03000000/87ef53c376700f238251ec0b73a7257b9ce77a461e7223a2c51a618a-2026-08-06-19-1786044677744060089.jsonl: TASK_LIFECYCLE_EVENT must have at least one state transition"
time="2026-08-06T19:33:29Z" level=error msg="Failed to store events for file session_2026-08-06_12-30-51_276018_1/87ef53c376700f238251ec0b73a7257b9ce77a461e7223a2c51a618a/job_events/03000000/87ef53c376700f238251ec0b73a7257b9ce77a461e7223a2c51a618a-2026-08-06-19-1786044677744060089.jsonl: TASK_LIFECYCLE_EVENT must have at least one state transition"
time="2026-08-06T19:33:29Z" level=error msg="Failed to store events for file session_2026-08-06_12-30-51_276018_1/87ef53c376700f238251ec0b73a7257b9ce77a461e7223a2c51a618a/job_events/03000000/87ef53c376700f238251ec0b73a7257b9ce77a461e7223a2c51a618a-2026-08-06-19-1786044677744060089.jsonl: TASK_LIFECYCLE_EVENT must have at least one state transition"
time="2026-08-06T19:33:29Z" level=error msg="Failed to store events for file session_2026-08-06_12-30-51_276018_1/87ef53c376700f238251ec0b73a7257b9ce77a461e7223a2c51a618a/job_events/03000000/87ef53c376700f238251ec0b73a7257b9ce77a461e7223a2c51a618a-2026-08-06-19-1786044677744060089.jsonl: TASK_LIFECYCLE_EVENT must have at least one state transition"
time="2026-08-06T19:33:30Z" level=error msg="Failed to store events for file session_2026-08-06_12-30-51_276018_1/87ef53c376700f238251ec0b73a7257b9ce77a461e7223a2c51a618a/job_events/03000000/87ef53c376700f238251ec0b73a7257b9ce77a461e7223a2c51a618a-2026-08-06-19-1786044677744060089.jsonl: TASK_LIFECYCLE_EVENT must have at least one state transition"
time="2026-08-06T19:33:30Z" level=error msg="Failed to store events for file session_2026-08-06_12-30-51_276018_1/87ef53c376700f238251ec0b73a7257b9ce77a461e7223a2c51a618a/job_events/03000000/87ef53c376700f238251ec0b73a7257b9ce77a461e7223a2c51a618a-2026-08-06-19-1786044677744060089.jsonl: TASK_LIFECYCLE_EVENT must have at least one state transition"
time="2026-08-06T19:33:30Z" level=error msg="Failed to store events for file session_2026-08-06_12-30-51_276018_1/87ef53c376700f238251ec0b73a7257b9ce77a461e7223a2c51a618a/job_events/03000000/87ef53c376700f238251ec0b73a7257b9ce77a461e7223a2c51a618a-2026-08-06-19-1786044677744060089.jsonl: TASK_LIFECYCLE_EVENT must have at least one state transition"
time="2026-08-06T19:33:30Z" level=error msg="Failed to store events for file session_2026-08-06_12-30-51_276018_1/87ef53c376700f238251ec0b73a7257b9ce77a461e7223a2c51a618a/job_events/03000000/87ef53c376700f238251ec0b73a7257b9ce77a461e7223a2c51a618a-2026-08-06-19-1786044677744060089.jsonl: TASK_LIFECYCLE_EVENT must have at least one state transition"
time="2026-08-06T19:33:30Z" level=error msg="Failed to store events for file session_2026-08-06_12-30-51_276018_1/87ef53c376700f238251ec0b73a7257b9ce77a461e7223a2c51a618a/job_events/03000000/87ef53c376700f238251ec0b73a7257b9ce77a461e7223a2c51a618a-2026-08-06-19-1786044677744060089.jsonl: TASK_LIFECYCLE_EVENT must have at least one state transition"
time="2026-08-06T19:33:30Z" level=error msg="Failed to store events for file session_2026-08-06_12-30-51_276018_1/87ef53c376700f238251ec0b73a7257b9ce77a461e7223a2c51a618a/job_events/03000000/87ef53c376700f238251ec0b73a7257b9ce77a461e7223a2c51a618a-2026-08-06-19-1786044677744060089.jsonl: TASK_LIFECYCLE_EVENT must have at least one state transition"
time="2026-08-06T19:33:30Z" level=error msg="Failed to store events for file session_2026-08-06_12-30-51_276018_1/87ef53c376700f238251ec0b73a7257b9ce77a461e7223a2c51a618a/job_events/03000000/87ef53c376700f238251ec0b73a7257b9ce77a461e7223a2c51a618a-2026-08-06-19-1786044677744060089.jsonl: TASK_LIFECYCLE_EVENT must have at least one state transition"
time="2026-08-06T19:33:30Z" level=error msg="Failed to store events for file session_2026-08-06_12-30-51_276018_1/87ef53c376700f238251ec0b73a7257b9ce77a461e7223a2c51a618a/job_events/03000000/87ef53c376700f238251ec0b73a7257b9ce77a461e7223a2c51a618a-2026-08-06-19-1786044677744060089.jsonl: TASK_LIFECYCLE_EVENT must have at least one state transition"
time="2026-08-06T19:33:31Z" level=error msg="Failed to store events for file session_2026-08-06_12-30-51_276018_1/87ef53c376700f238251ec0b73a7257b9ce77a461e7223a2c51a618a/job_events/03000000/87ef53c376700f238251ec0b73a7257b9ce77a461e7223a2c51a618a-2026-08-06-19-1786044677744060089.jsonl: TASK_LIFECYCLE_EVENT must have at least one state transition"
time="2026-08-06T19:33:31Z" level=error msg="Failed to store events for file session_2026-08-06_12-30-51_276018_1/87ef53c376700f238251ec0b73a7257b9ce77a461e7223a2c51a618a/job_events/03000000/87ef53c376700f238251ec0b73a7257b9ce77a461e7223a2c51a618a-2026-08-06-19-1786044677744060089.jsonl: TASK_LIFECYCLE_EVENT must have at least one state transition"
time="2026-08-06T19:33:31Z" level=error msg="Failed to store events for file session_2026-08-06_12-30-51_276018_1/87ef53c376700f238251ec0b73a7257b9ce77a461e7223a2c51a618a/job_events/03000000/87ef53c376700f238251ec0b73a7257b9ce77a461e7223a2c51a618a-2026-08-06-19-1786044677744060089.jsonl: TASK_LIFECYCLE_EVENT must have at least one state transition"
time="2026-08-06T19:33:31Z" level=error msg="Failed to store events for file session_2026-08-06_12-30-51_276018_1/87ef53c376700f238251ec0b73a7257b9ce77a461e7223a2c51a618a/job_events/03000000/87ef53c376700f238251ec0b73a7257b9ce77a461e7223a2c51a618a-2026-08-06-19-1786044677744060089.jsonl: TASK_LIFECYCLE_EVENT must have at least one state transition"
time="2026-08-06T19:33:31Z" level=error msg="Failed to store events for file session_2026-08-06_12-30-51_276018_1/87ef53c376700f238251ec0b73a7257b9ce77a461e7223a2c51a618a/job_events/03000000/87ef53c376700f238251ec0b73a7257b9ce77a461e7223a2c51a618a-2026-08-06-19-1786044677744060089.jsonl: TASK_LIFECYCLE_EVENT must have at least one state transition"
time="2026-08-06T19:33:32Z" level=error msg="Failed to store events for file session_2026-08-06_12-30-51_276018_1/87ef53c376700f238251ec0b73a7257b9ce77a461e7223a2c51a618a/job_events/03000000/87ef53c376700f238251ec0b73a7257b9ce77a461e7223a2c51a618a-2026-08-06-19-1786044677744060089.jsonl: TASK_LIFECYCLE_EVENT must have at least one state transition"
time="2026-08-06T19:33:32Z" level=error msg="Failed to store events for file session_2026-08-06_12-30-51_276018_1/87ef53c376700f238251ec0b73a7257b9ce77a461e7223a2c51a618a/job_events/03000000/87ef53c376700f238251ec0b73a7257b9ce77a461e7223a2c51a618a-2026-08-06-19-1786044677744060089.jsonl: TASK_LIFECYCLE_EVENT must have at least one state transition"
time="2026-08-06T19:33:32Z" level=error msg="Failed to store events for file session_2026-08-06_12-30-51_276018_1/87ef53c376700f238251ec0b73a7257b9ce77a461e7223a2c51a618a/job_events/03000000/87ef53c376700f238251ec0b73a7257b9ce77a461e7223a2c51a618a-2026-08-06-19-1786044677744060089.jsonl: TASK_LIFECYCLE_EVENT must have at least one state transition"
time="2026-08-06T19:33:32Z" level=error msg="Failed to store events for file session_2026-08-06_12-30-51_276018_1/87ef53c376700f238251ec0b73a7257b9ce77a461e7223a2c51a618a/job_events/03000000/87ef53c376700f238251ec0b73a7257b9ce77a461e7223a2c51a618a-2026-08-06-19-1786044677744060089.jsonl: TASK_LIFECYCLE_EVENT must have at least one state transition"
time="2026-08-06T19:33:33Z" level=error msg="Failed to store events for file session_2026-08-06_12-30-51_276018_1/87ef53c376700f238251ec0b73a7257b9ce77a461e7223a2c51a618a/job_events/03000000/87ef53c376700f238251ec0b73a7257b9ce77a461e7223a2c51a618a-2026-08-06-19-1786044677744060089.jsonl: TASK_LIFECYCLE_EVENT must have at least one state transition"
time="2026-08-06T19:33:33Z" level=error msg="Failed to store events for file session_2026-08-06_12-30-51_276018_1/87ef53c376700f238251ec0b73a7257b9ce77a461e7223a2c51a618a/job_events/03000000/87ef53c376700f238251ec0b73a7257b9ce77a461e7223a2c51a618a-2026-08-06-19-1786044677744060089.jsonl: TASK_LIFECYCLE_EVENT must have at least one state transition"
time="2026-08-06T19:33:33Z" level=error msg="Failed to store events for file session_2026-08-06_12-30-51_276018_1/87ef53c376700f238251ec0b73a7257b9ce77a461e7223a2c51a618a/job_events/03000000/87ef53c376700f238251ec0b73a7257b9ce77a461e7223a2c51a618a-2026-08-06-19-1786044677744060089.jsonl: TASK_LIFECYCLE_EVENT must have at least one state transition"
time="2026-08-06T19:33:33Z" level=error msg="Failed to store events for file session_2026-08-06_12-30-51_276018_1/87ef53c376700f238251ec0b73a7257b9ce77a461e7223a2c51a618a/job_events/03000000/87ef53c376700f238251ec0b73a7257b9ce77a461e7223a2c51a618a-2026-08-06-19-1786044677744060089.jsonl: TASK_LIFECYCLE_EVENT must have at least one state transition"
time="2026-08-06T19:33:33Z" level=error msg="Failed to store events for file session_2026-08-06_12-30-51_276018_1/87ef53c376700f238251ec0b73a7257b9ce77a461e7223a2c51a618a/job_events/03000000/87ef53c376700f238251ec0b73a7257b9ce77a461e7223a2c51a618a-2026-08-06-19-1786044677744060089.jsonl: TASK_LIFECYCLE_EVENT must have at least one state transition"
time="2026-08-06T19:33:34Z" level=error msg="Failed to store events for file session_2026-08-06_12-30-51_276018_1/87ef53c376700f238251ec0b73a7257b9ce77a461e7223a2c51a618a/job_events/03000000/87ef53c376700f238251ec0b73a7257b9ce77a461e7223a2c51a618a-2026-08-06-19-1786044677744060089.jsonl: TASK_LIFECYCLE_EVENT must have at least one state transition"
time="2026-08-06T19:33:34Z" level=error msg="Failed to store events for file session_2026-08-06_12-30-51_276018_1/87ef53c376700f238251ec0b73a7257b9ce77a461e7223a2c51a618a/job_events/03000000/87ef53c376700f238251ec0b73a7257b9ce77a461e7223a2c51a618a-2026-08-06-19-1786044677744060089.jsonl: TASK_LIFECYCLE_EVENT must have at least one state transition"
time="2026-08-06T19:33:34Z" level=error msg="Failed to store events for file session_2026-08-06_12-30-51_276018_1/87ef53c376700f238251ec0b73a7257b9ce77a461e7223a2c51a618a/job_events/03000000/87ef53c376700f238251ec0b73a7257b9ce77a461e7223a2c51a618a-2026-08-06-19-1786044677744060089.jsonl: TASK_LIFECYCLE_EVENT must have at least one state transition"
time="2026-08-06T19:33:35Z" level=error msg="Failed to store events for file session_2026-08-06_12-30-51_276018_1/87ef53c376700f238251ec0b73a7257b9ce77a461e7223a2c51a618a/job_events/03000000/87ef53c376700f238251ec0b73a7257b9ce77a461e7223a2c51a618a-2026-08-06-19-1786044677744060089.jsonl: TASK_LIFECYCLE_EVENT must have at least one state transition"
time="2026-08-06T19:33:35Z" level=error msg="Failed to store events for file session_2026-08-06_12-30-51_276018_1/87ef53c376700f238251ec0b73a7257b9ce77a461e7223a2c51a618a/job_events/03000000/87ef53c376700f238251ec0b73a7257b9ce77a461e7223a2c51a618a-2026-08-06-19-1786044677744060089.jsonl: TASK_LIFECYCLE_EVENT must have at least one state transition"
time="2026-08-06T19:33:35Z" level=error msg="Failed to store events for file session_2026-08-06_12-30-51_276018_1/87ef53c376700f238251ec0b73a7257b9ce77a461e7223a2c51a618a/job_events/03000000/87ef53c376700f238251ec0b73a7257b9ce77a461e7223a2c51a618a-2026-08-06-19-1786044677744060089.jsonl: TASK_LIFECYCLE_EVENT must have at least one state transition"
time="2026-08-06T19:33:35Z" level=error msg="Failed to store events for file session_2026-08-06_12-30-51_276018_1/87ef53c376700f238251ec0b73a7257b9ce77a461e7223a2c51a618a/job_events/03000000/87ef53c376700f238251ec0b73a7257b9ce77a461e7223a2c51a618a-2026-08-06-19-1786044677744060089.jsonl: TASK_LIFECYCLE_EVENT must have at least one state transition"
time="2026-08-06T19:33:35Z" level=error msg="Failed to store events for file session_2026-08-06_12-30-51_276018_1/87ef53c376700f238251ec0b73a7257b9ce77a461e7223a2c51a618a/job_events/03000000/87ef53c376700f238251ec0b73a7257b9ce77a461e7223a2c51a618a-2026-08-06-19-1786044677744060089.jsonl: TASK_LIFECYCLE_EVENT must have at least one state transition"
time="2026-08-06T19:33:36Z" level=error msg="Failed to store events for file session_2026-08-06_12-30-51_276018_1/87ef53c376700f238251ec0b73a7257b9ce77a461e7223a2c51a618a/job_events/03000000/87ef53c376700f238251ec0b73a7257b9ce77a461e7223a2c51a618a-2026-08-06-19-1786044677744060089.jsonl: TASK_LIFECYCLE_EVENT must have at least one state transition"
time="2026-08-06T19:33:36Z" level=error msg="Failed to store events for file session_2026-08-06_12-30-51_276018_1/87ef53c376700f238251ec0b73a7257b9ce77a461e7223a2c51a618a/job_events/03000000/87ef53c376700f238251ec0b73a7257b9ce77a461e7223a2c51a618a-2026-08-06-19-1786044677744060089.jsonl: TASK_LIFECYCLE_EVENT must have at least one state transition"
time="2026-08-06T19:33:36Z" level=error msg="Failed to store events for file session_2026-08-06_12-30-51_276018_1/87ef53c376700f238251ec0b73a7257b9ce77a461e7223a2c51a618a/job_events/03000000/87ef53c376700f238251ec0b73a7257b9ce77a461e7223a2c51a618a-2026-08-06-19-1786044677744060089.jsonl: TASK_LIFECYCLE_EVENT must have at least one state transition"
time="2026-08-06T19:33:36Z" level=error msg="Failed to store events for file session_2026-08-06_12-30-51_276018_1/87ef53c376700f238251ec0b73a7257b9ce77a461e7223a2c51a618a/job_events/03000000/87ef53c376700f238251ec0b73a7257b9ce77a461e7223a2c51a618a-2026-08-06-19-1786044677744060089.jsonl: TASK_LIFECYCLE_EVENT must have at least one state transition"
time="2026-08-06T19:33:37Z" level=error msg="Failed to store events for file session_2026-08-06_12-30-51_276018_1/87ef53c376700f238251ec0b73a7257b9ce77a461e7223a2c51a618a/job_events/03000000/87ef53c376700f238251ec0b73a7257b9ce77a461e7223a2c51a618a-2026-08-06-19-1786044677744060089.jsonl: TASK_LIFECYCLE_EVENT must have at least one state transition"
time="2026-08-06T19:33:37Z" level=error msg="Failed to store events for file session_2026-08-06_12-30-51_276018_1/87ef53c376700f238251ec0b73a7257b9ce77a461e7223a2c51a618a/job_events/03000000/87ef53c376700f238251ec0b73a7257b9ce77a461e7223a2c51a618a-2026-08-06-19-1786044677744060089.jsonl: TASK_LIFECYCLE_EVENT must have at least one state transition"
time="2026-08-06T19:33:37Z" level=error msg="Failed to store events for file session_2026-08-06_12-30-51_276018_1/87ef53c376700f238251ec0b73a7257b9ce77a461e7223a2c51a618a/job_events/03000000/87ef53c376700f238251ec0b73a7257b9ce77a461e7223a2c51a618a-2026-08-06-19-1786044677744060089.jsonl: TASK_LIFECYCLE_EVENT must have at least one state transition"
time="2026-08-06T19:33:37Z" level=error msg="Failed to store events for file session_2026-08-06_12-30-51_276018_1/87ef53c376700f238251ec0b73a7257b9ce77a461e7223a2c51a618a/job_events/03000000/87ef53c376700f238251ec0b73a7257b9ce77a461e7223a2c51a618a-2026-08-06-19-1786044677744060089.jsonl: TASK_LIFECYCLE_EVENT must have at least one state transition"
time="2026-08-06T19:33:38Z" level=error msg="Failed to store events for file session_2026-08-06_12-30-51_276018_1/87ef53c376700f238251ec0b73a7257b9ce77a461e7223a2c51a618a/job_events/03000000/87ef53c376700f238251ec0b73a7257b9ce77a461e7223a2c51a618a-2026-08-06-19-1786044677744060089.jsonl: TASK_LIFECYCLE_EVENT must have at least one state transition"
time="2026-08-06T19:33:39Z" level=error msg="Failed to store events for file session_2026-08-06_12-30-51_276018_1/87ef53c376700f238251ec0b73a7257b9ce77a461e7223a2c51a618a/job_events/03000000/87ef53c376700f238251ec0b73a7257b9ce77a461e7223a2c51a618a-2026-08-06-19-1786044677744060089.jsonl: TASK_LIFECYCLE_EVENT must have at least one state transition"
time="2026-08-06T19:33:39Z" level=error msg="Failed to store events for file session_2026-08-06_12-30-51_276018_1/87ef53c376700f238251ec0b73a7257b9ce77a461e7223a2c51a618a/job_events/03000000/87ef53c376700f238251ec0b73a7257b9ce77a461e7223a2c51a618a-2026-08-06-19-1786044677744060089.jsonl: TASK_LIFECYCLE_EVENT must have at least one state transition"
time="2026-08-06T19:33:40Z" level=error msg="Failed to store events for file session_2026-08-06_12-30-51_276018_1/87ef53c376700f238251ec0b73a7257b9ce77a461e7223a2c51a618a/job_events/03000000/87ef53c376700f238251ec0b73a7257b9ce77a461e7223a2c51a618a-2026-08-06-19-1786044677744060089.jsonl: TASK_LIFECYCLE_EVENT must have at least one state transition"
time="2026-08-06T19:33:40Z" level=error msg="Failed to store events for file session_2026-08-06_12-30-51_276018_1/87ef53c376700f238251ec0b73a7257b9ce77a461e7223a2c51a618a/job_events/03000000/87ef53c376700f238251ec0b73a7257b9ce77a461e7223a2c51a618a-2026-08-06-19-1786044677744060089.jsonl: TASK_LIFECYCLE_EVENT must have at least one state transition"
time="2026-08-06T19:33:40Z" level=error msg="Failed to store events for file session_2026-08-06_12-30-51_276018_1/87ef53c376700f238251ec0b73a7257b9ce77a461e7223a2c51a618a/job_events/03000000/87ef53c376700f238251ec0b73a7257b9ce77a461e7223a2c51a618a-2026-08-06-19-1786044677744060089.jsonl: TASK_LIFECYCLE_EVENT must have at least one state transition"
gc 20 @62.679s 4%: 0.17+1947+0.089 ms clock, 0.35+0.12/998/1206+0.17 ms cpu, 1242->1279->680 MB, 1341 MB goal, 0 MB stacks, 0 MB globals, 2 P
time="2026-08-06T19:33:41Z" level=error msg="Failed to store events for file session_2026-08-06_12-30-51_276018_1/87ef53c376700f238251ec0b73a7257b9ce77a461e7223a2c51a618a/job_events/03000000/87ef53c376700f238251ec0b73a7257b9ce77a461e7223a2c51a618a-2026-08-06-19-1786044677744060089.jsonl: TASK_LIFECYCLE_EVENT must have at least one state transition"
time="2026-08-06T19:33:41Z" level=error msg="Failed to store events for file session_2026-08-06_12-30-51_276018_1/87ef53c376700f238251ec0b73a7257b9ce77a461e7223a2c51a618a/job_events/03000000/87ef53c376700f238251ec0b73a7257b9ce77a461e7223a2c51a618a-2026-08-06-19-1786044677744060089.jsonl: TASK_LIFECYCLE_EVENT must have at least one state transition"
time="2026-08-06T19:33:42Z" level=error msg="Failed to store events for file session_2026-08-06_12-30-51_276018_1/87ef53c376700f238251ec0b73a7257b9ce77a461e7223a2c51a618a/job_events/03000000/87ef53c376700f238251ec0b73a7257b9ce77a461e7223a2c51a618a-2026-08-06-19-1786044677744060089.jsonl: TASK_LIFECYCLE_EVENT must have at least one state transition"
time="2026-08-06T19:33:42Z" level=error msg="Failed to store events for file session_2026-08-06_12-30-51_276018_1/87ef53c376700f238251ec0b73a7257b9ce77a461e7223a2c51a618a/job_events/03000000/87ef53c376700f238251ec0b73a7257b9ce77a461e7223a2c51a618a-2026-08-06-19-1786044677744060089.jsonl: TASK_LIFECYCLE_EVENT must have at least one state transition"
time="2026-08-06T19:33:42Z" level=error msg="Failed to store events for file session_2026-08-06_12-30-51_276018_1/87ef53c376700f238251ec0b73a7257b9ce77a461e7223a2c51a618a/job_events/03000000/87ef53c376700f238251ec0b73a7257b9ce77a461e7223a2c51a618a-2026-08-06-19-1786044677744060089.jsonl: TASK_LIFECYCLE_EVENT must have at least one state transition"
time="2026-08-06T19:33:42Z" level=info msg="Prepare to get object log/cluster-history/raycluster/test-ns-hhlqh/raycluster-historyserver/session_2026-08-06_12-30-51_276018_1/87ef53c376700f238251ec0b73a7257b9ce77a461e7223a2c51a618a/job_events/03000000/87ef53c376700f238251ec0b73a7257b9ce77a461e7223a2c51a618a-2026-08-06-19-1786044725099858916.jsonl info ..."
time="2026-08-06T19:33:43Z" level=error msg="Failed to store events for file session_2026-08-06_12-30-51_276018_1/87ef53c376700f238251ec0b73a7257b9ce77a461e7223a2c51a618a/job_events/03000000/87ef53c376700f238251ec0b73a7257b9ce77a461e7223a2c51a618a-2026-08-06-19-1786044725099858916.jsonl: TASK_LIFECYCLE_EVENT must have at least one state transition"
time="2026-08-06T19:33:43Z" level=error msg="Failed to store events for file session_2026-08-06_12-30-51_276018_1/87ef53c376700f238251ec0b73a7257b9ce77a461e7223a2c51a618a/job_events/03000000/87ef53c376700f238251ec0b73a7257b9ce77a461e7223a2c51a618a-2026-08-06-19-1786044725099858916.jsonl: TASK_LIFECYCLE_EVENT must have at least one state transition"
time="2026-08-06T19:33:43Z" level=error msg="Failed to store events for file session_2026-08-06_12-30-51_276018_1/87ef53c376700f238251ec0b73a7257b9ce77a461e7223a2c51a618a/job_events/03000000/87ef53c376700f238251ec0b73a7257b9ce77a461e7223a2c51a618a-2026-08-06-19-1786044725099858916.jsonl: TASK_LIFECYCLE_EVENT must have at least one state transition"
time="2026-08-06T19:33:43Z" level=error msg="Failed to store events for file session_2026-08-06_12-30-51_276018_1/87ef53c376700f238251ec0b73a7257b9ce77a461e7223a2c51a618a/job_events/03000000/87ef53c376700f238251ec0b73a7257b9ce77a461e7223a2c51a618a-2026-08-06-19-1786044725099858916.jsonl: TASK_LIFECYCLE_EVENT must have at least one state transition"
time="2026-08-06T19:33:43Z" level=error msg="Failed to store events for file session_2026-08-06_12-30-51_276018_1/87ef53c376700f238251ec0b73a7257b9ce77a461e7223a2c51a618a/job_events/03000000/87ef53c376700f238251ec0b73a7257b9ce77a461e7223a2c51a618a-2026-08-06-19-1786044725099858916.jsonl: TASK_LIFECYCLE_EVENT must have at least one state transition"
time="2026-08-06T19:33:44Z" level=error msg="Failed to store events for file session_2026-08-06_12-30-51_276018_1/87ef53c376700f238251ec0b73a7257b9ce77a461e7223a2c51a618a/job_events/03000000/87ef53c376700f238251ec0b73a7257b9ce77a461e7223a2c51a618a-2026-08-06-19-1786044725099858916.jsonl: TASK_LIFECYCLE_EVENT must have at least one state transition"
time="2026-08-06T19:33:44Z" level=info msg="Prepare to get object log/cluster-history/raycluster/test-ns-hhlqh/raycluster-historyserver/session_2026-08-06_12-30-51_276018_1/1001fe5d3cb251e6e03a6b9421b493905e42f223ef80329dbb92550f/node_events/1001fe5d3cb251e6e03a6b9421b493905e42f223ef80329dbb92550f-2026-08-06-19-1786044655974913426.jsonl info ..."
time="2026-08-06T19:33:45Z" level=info msg="Received request: GET /enter_cluster/test-ns-hhlqh/raycluster/raycluster-historyserver/session_2026-08-06_12-30-51_276018_1"
time="2026-08-06T19:33:45Z" level=info msg="[List]Returned objects in log/cluster-metadata/. length of page.Contents: 2, length of page.CommonPrefixes: 0"
time="2026-08-06T19:33:45Z" level=error msg="Failed to parse meta file path: log/cluster-metadata/raycluster/test-ns-hhlqh_raycluster-historyserver/, error: invalid path segment count for cluster metadata structure: log/cluster-metadata/raycluster/test-ns-hhlqh_raycluster-historyserver/"
time="2026-08-06T19:33:45Z" level=info msg="Parsed cluster raycluster-historyserver for session session_2026-08-06_12-30-51_276018_1 to list"
time="2026-08-06T19:33:45Z" level=info msg="Received request: GET /api/v0/tasks?limit=100000"
time="2026-08-06T19:33:45Z" level=info msg="Request URL /api/v0/tasks?limit=100000"
time="2026-08-06T19:33:45Z" level=info msg="Received request: GET /api/v0/tasks?limit=100000"
time="2026-08-06T19:33:45Z" level=info msg="Request URL /api/v0/tasks?limit=100000"
time="2026-08-06T19:33:45Z" level=info msg="Received request: GET /api/v0/tasks?limit=100000"
time="2026-08-06T19:33:45Z" level=info msg="Request URL /api/v0/tasks?limit=100000"
time="2026-08-06T19:33:45Z" level=info msg="Received request: GET /api/v0/tasks?limit=100000"
time="2026-08-06T19:33:45Z" level=info msg="Request URL /api/v0/tasks?limit=100000"
time="2026-08-06T19:33:45Z" level=info msg="Received request: GET /api/v0/tasks?limit=100000"
time="2026-08-06T19:33:45Z" level=info msg="Request URL /api/v0/tasks?limit=100000"
time="2026-08-06T19:33:45Z" level=info msg="Received request: GET /api/v0/tasks?limit=100000"
time="2026-08-06T19:33:45Z" level=info msg="Request URL /api/v0/tasks?limit=100000"
time="2026-08-06T19:33:45Z" level=info msg="Received request: GET /api/v0/tasks?limit=100000"
time="2026-08-06T19:33:45Z" level=info msg="Request URL /api/v0/tasks?limit=100000"
time="2026-08-06T19:33:45Z" level=info msg="Received request: GET /api/v0/tasks?limit=100000"
time="2026-08-06T19:33:45Z" level=info msg="Request URL /api/v0/tasks?limit=100000"
time="2026-08-06T19:33:45Z" level=info msg="Received request: GET /api/v0/tasks?limit=100000"
time="2026-08-06T19:33:45Z" level=info msg="Request URL /api/v0/tasks?limit=100000"
time="2026-08-06T19:33:45Z" level=info msg="Received request: GET /api/v0/tasks?limit=100000"
time="2026-08-06T19:33:45Z" level=info msg="Request URL /api/v0/tasks?limit=100000"
time="2026-08-06T19:33:45Z" level=info msg="Received request: GET /api/v0/tasks/summarize"
time="2026-08-06T19:33:45Z" level=info msg="Request URL /api/v0/tasks/summarize"
gc 21 @68.946s 4%: 0.21+635+0.082 ms clock, 0.43+149/321/391+0.16 ms cpu, 1243->1286->293 MB, 1361 MB goal, 0 MB stacks, 0 MB globals, 2 P
time="2026-08-06T19:33:46Z" level=info msg="Received request: GET /api/v0/tasks/summarize"
time="2026-08-06T19:33:46Z" level=info msg="Request URL /api/v0/tasks/summarize"
gc 22 @70.249s 4%: 0.18+782+0.080 ms clock, 0.37+142/335/328+0.16 ms cpu, 502->590->345 MB, 588 MB goal, 0 MB stacks, 0 MB globals, 2 P
time="2026-08-06T19:33:48Z" level=info msg="Received request: GET /api/v0/tasks/summarize"
time="2026-08-06T19:33:48Z" level=info msg="Request URL /api/v0/tasks/summarize"
gc 23 @71.668s 4%: 0.18+963+0.091 ms clock, 0.37+222/380/426+0.18 ms cpu, 611->695->349 MB, 690 MB goal, 0 MB stacks, 0 MB globals, 2 P
time="2026-08-06T19:33:49Z" level=info msg="Received request: GET /api/v0/tasks/summarize"
time="2026-08-06T19:33:49Z" level=info msg="Request URL /api/v0/tasks/summarize"
gc 24 @73.258s 5%: 0.17+1046+0.095 ms clock, 0.34+0/543/547+0.19 ms cpu, 616->616->320 MB, 700 MB goal, 0 MB stacks, 0 MB globals, 2 P
time="2026-08-06T19:33:51Z" level=info msg="Received request: GET /api/v0/tasks/summarize"
time="2026-08-06T19:33:51Z" level=info msg="Request URL /api/v0/tasks/summarize"
gc 25 @74.910s 5%: 0.15+1030+0.093 ms clock, 0.31+0/525/602+0.18 ms cpu, 586->586->320 MB, 640 MB goal, 0 MB stacks, 0 MB globals, 2 P
time="2026-08-06T19:33:53Z" level=info msg="Received request: GET /api/v0/tasks/summarize"
time="2026-08-06T19:33:53Z" level=info msg="Request URL /api/v0/tasks/summarize"
gc 26 @76.535s 5%: 0.18+1000+0.081 ms clock, 0.37+0/512/545+0.16 ms cpu, 586->586->320 MB, 640 MB goal, 0 MB stacks, 0 MB globals, 2 P
time="2026-08-06T19:33:54Z" level=info msg="Received request: GET /api/v0/tasks/summarize"
time="2026-08-06T19:33:54Z" level=info msg="Request URL /api/v0/tasks/summarize"
gc 27 @78.127s 5%: 0.16+1119+0.11 ms clock, 0.32+0/563/627+0.23 ms cpu, 586->586->320 MB, 640 MB goal, 0 MB stacks, 0 MB globals, 2 P
time="2026-08-06T19:33:56Z" level=info msg="Received request: GET /api/v0/tasks/summarize"
time="2026-08-06T19:33:56Z" level=info msg="Request URL /api/v0/tasks/summarize"
gc 28 @79.820s 5%: 0.15+1099+0.10 ms clock, 0.30+0/564/590+0.20 ms cpu, 586->586->320 MB, 640 MB goal, 0 MB stacks, 0 MB globals, 2 P
time="2026-08-06T19:33:58Z" level=info msg="Received request: GET /api/v0/tasks/summarize"
time="2026-08-06T19:33:58Z" level=info msg="Request URL /api/v0/tasks/summarize"
gc 29 @81.502s 6%: 0.15+1071+0.077 ms clock, 0.31+0/546/589+0.15 ms cpu, 586->586->320 MB, 640 MB goal, 0 MB stacks, 0 MB globals, 2 P
time="2026-08-06T19:33:59Z" level=info msg="Received request: GET /api/v0/tasks/summarize"
time="2026-08-06T19:33:59Z" level=info msg="Request URL /api/v0/tasks/summarize"
gc 30 @83.138s 6%: 0.19+1066+0.084 ms clock, 0.38+0/552/536+0.16 ms cpu, 586->586->320 MB, 640 MB goal, 0 MB stacks, 0 MB globals, 2 P
time="2026-08-06T19:34:01Z" level=info msg="Received request: GET /api/jobs/"
time="2026-08-06T19:34:01Z" level=info msg="Request URL /api/jobs/"
time="2026-08-06T19:34:01Z" level=info msg="Received request: GET /api/jobs/"
time="2026-08-06T19:34:01Z" level=info msg="Request URL /api/jobs/"
time="2026-08-06T19:34:01Z" level=info msg="Received request: GET /api/jobs/"
time="2026-08-06T19:34:01Z" level=info msg="Request URL /api/jobs/"
time="2026-08-06T19:34:01Z" level=info msg="Received request: GET /api/jobs/"
time="2026-08-06T19:34:01Z" level=info msg="Request URL /api/jobs/"
time="2026-08-06T19:34:01Z" level=info msg="Received request: GET /api/jobs/"
time="2026-08-06T19:34:01Z" level=info msg="Request URL /api/jobs/"
time="2026-08-06T19:34:01Z" level=info msg="Received request: GET /api/jobs/"
time="2026-08-06T19:34:01Z" level=info msg="Request URL /api/jobs/"
time="2026-08-06T19:34:01Z" level=info msg="Received request: GET /api/jobs/"
time="2026-08-06T19:34:01Z" level=info msg="Request URL /api/jobs/"
gc 31 @84.727s 6%: 0.14+581+0.045 ms clock, 0.29+0/221/300+0.090 ms cpu, 563->603->276 MB, 640 MB goal, 0 MB stacks, 0 MB globals, 2 P
time="2026-08-06T19:34:02Z" level=info msg="Received request: GET /api/jobs/"
time="2026-08-06T19:34:02Z" level=info msg="Request URL /api/jobs/"
time="2026-08-06T19:34:02Z" level=info msg="Received request: GET /api/jobs/"
time="2026-08-06T19:34:02Z" level=info msg="Request URL /api/jobs/"
time="2026-08-06T19:34:02Z" level=info msg="Received request: GET /api/jobs/"
time="2026-08-06T19:34:02Z" level=info msg="Request URL /api/jobs/"
time="2026-08-06T19:34:02Z" level=info msg="Request URL /nodes?view=summary"
time="2026-08-06T19:34:02Z" level=info msg="Request URL /nodes?view=summary"
time="2026-08-06T19:34:02Z" level=info msg="Request URL /nodes?view=summary"
time="2026-08-06T19:34:02Z" level=info msg="Request URL /nodes?view=summary"
gc 32 @85.394s 6%: time="2026-08-06T19:34:03Z" level=info msg="Request URL /nodes?view=summary"
1.0+929+0.10 ms clock, 2.0+0/378/238+0.21 ms cpu, 479->560->317 MB, 553 MB goal, 0 MB stacks, 0 MB globals, 2 P
time="2026-08-06T19:34:03Z" level=info msg="Request URL /nodes?view=summary"
time="2026-08-06T19:34:03Z" level=info msg="Request URL /nodes?view=summary"
time="2026-08-06T19:34:03Z" level=info msg="Request URL /nodes?view=summary"
time="2026-08-06T19:34:03Z" level=info msg="Request URL /nodes?view=summary"
time="2026-08-06T19:34:03Z" level=info msg="Request URL /nodes?view=summary"
time="2026-08-06T19:34:03Z" level=info msg="Request URL /events"
time="2026-08-06T19:34:03Z" level=info msg="Request URL /events"
gc 33 @86.433s 6%: 0.83+959+0.043 ms clock, 1.6+0/386/301+0.087 ms cpu, 560->641->317 MB, 634 MB goal, 0 MB stacks, 0 MB globals, 2 P
time="2026-08-06T19:34:04Z" level=info msg="Request URL /events"
time="2026-08-06T19:34:04Z" level=info msg="Request URL /events"
time="2026-08-06T19:34:04Z" level=info msg="Request URL /events"
time="2026-08-06T19:34:04Z" level=info msg="Request URL /events"
time="2026-08-06T19:34:04Z" level=info msg="Request URL /events"
time="2026-08-06T19:34:04Z" level=info msg="Request URL /events"
time="2026-08-06T19:34:04Z" level=info msg="Request URL /events"
time="2026-08-06T19:34:04Z" level=info msg="Request URL /events"
gc 34 @87.495s 6%: 0.80+918+0.038 ms clock, 1.6+0/321/388+0.076 ms cpu, 560->641->317 MB, 634 MB goal, 0 MB stacks, 0 MB globals, 2 P
