gc 1 @0.125s 3%: 1.1+13+1.6 ms clock, 4.5+5.7/9.5/19+6.7 ms cpu, 3->3->2 MB, 4 MB goal, 0 MB stacks, 0 MB globals, 4 P
gc 2 @0.240s 2%: 0.11+2.5+0.13 ms clock, 0.47+0.30/1.8/3.8+0.54 ms cpu, 5->5->3 MB, 5 MB goal, 0 MB stacks, 0 MB globals, 4 P
gc 3 @0.375s 1%: 0.14+4.0+0.098 ms clock, 0.59+0.18/2.6/6.6+0.39 ms cpu, 7->7->5 MB, 7 MB goal, 0 MB stacks, 0 MB globals, 4 P
time="2026-08-06T19:55:48Z" level=info msg="create client manager successfully, clients: 1"
time="2026-08-06T19:55:48Z" level=info msg="Begin to create s3 client ..."
time="2026-08-06T19:55:48Z" level=info msg="Checking if bucket ray-historyserver exists..."
time="2026-08-06T19:55:48Z" level=info msg="Bucket ray-historyserver already exists"
time="2026-08-06T19:55:48Z" level=info msg="Clean logdir is logs"
time="2026-08-06T19:55:48Z" level=info msg="Starting server on :8080"
time="2026-08-06T19:55:50Z" level=info msg="Received request: GET /readz"
time="2026-08-06T19:55:51Z" level=info msg="live clusters: []"
time="2026-08-06T19:55:51Z" level=info msg="[List]Returned objects in log/cluster-metadata/. length of page.Contents: 2, length of page.CommonPrefixes: 0"
time="2026-08-06T19:55:51Z" level=error msg="Failed to parse meta file path: log/cluster-metadata/raycluster/test-ns-4rtkr_raycluster-historyserver/, error: invalid path segment count for cluster metadata structure: log/cluster-metadata/raycluster/test-ns-4rtkr_raycluster-historyserver/"
time="2026-08-06T19:55:51Z" level=info msg="Parsed cluster raycluster-historyserver for session session_2026-08-06_12-54-08_819368_1 to list"
time="2026-08-06T19:55:51Z" level=info msg="live clusters: []"
time="2026-08-06T19:55:51Z" level=info msg="[List]Returned objects in log/cluster-metadata/. length of page.Contents: 2, length of page.CommonPrefixes: 0"
time="2026-08-06T19:55:51Z" level=error msg="Failed to parse meta file path: log/cluster-metadata/raycluster/test-ns-4rtkr_raycluster-historyserver/, error: invalid path segment count for cluster metadata structure: log/cluster-metadata/raycluster/test-ns-4rtkr_raycluster-historyserver/"
time="2026-08-06T19:55:51Z" level=info msg="Parsed cluster raycluster-historyserver for session session_2026-08-06_12-54-08_819368_1 to list"
time="2026-08-06T19:55:51Z" level=info msg="live clusters: []"
time="2026-08-06T19:55:51Z" level=info msg="[List]Returned objects in log/cluster-metadata/. length of page.Contents: 2, length of page.CommonPrefixes: 0"
time="2026-08-06T19:55:51Z" level=error msg="Failed to parse meta file path: log/cluster-metadata/raycluster/test-ns-4rtkr_raycluster-historyserver/, error: invalid path segment count for cluster metadata structure: log/cluster-metadata/raycluster/test-ns-4rtkr_raycluster-historyserver/"
time="2026-08-06T19:55:51Z" level=info msg="Parsed cluster raycluster-historyserver for session session_2026-08-06_12-54-08_819368_1 to list"
time="2026-08-06T19:55:51Z" level=info msg="live clusters: []"
time="2026-08-06T19:55:51Z" level=info msg="[List]Returned objects in log/cluster-metadata/. length of page.Contents: 2, length of page.CommonPrefixes: 0"
time="2026-08-06T19:55:51Z" level=error msg="Failed to parse meta file path: log/cluster-metadata/raycluster/test-ns-4rtkr_raycluster-historyserver/, error: invalid path segment count for cluster metadata structure: log/cluster-metadata/raycluster/test-ns-4rtkr_raycluster-historyserver/"
time="2026-08-06T19:55:51Z" level=info msg="Parsed cluster raycluster-historyserver for session session_2026-08-06_12-54-08_819368_1 to list"
time="2026-08-06T19:55:51Z" level=info msg="live clusters: []"
time="2026-08-06T19:55:51Z" level=info msg="[List]Returned objects in log/cluster-metadata/. length of page.Contents: 2, length of page.CommonPrefixes: 0"
time="2026-08-06T19:55:51Z" level=error msg="Failed to parse meta file path: log/cluster-metadata/raycluster/test-ns-4rtkr_raycluster-historyserver/, error: invalid path segment count for cluster metadata structure: log/cluster-metadata/raycluster/test-ns-4rtkr_raycluster-historyserver/"
time="2026-08-06T19:55:51Z" level=info msg="Parsed cluster raycluster-historyserver for session session_2026-08-06_12-54-08_819368_1 to list"
time="2026-08-06T19:55:51Z" level=info msg="Received request: GET /enter_cluster/test-ns-4rtkr/raycluster/raycluster-historyserver/session_2026-08-06_12-54-08_819368_1"
time="2026-08-06T19:55:51Z" level=info msg="[List]Returned objects in log/cluster-metadata/. length of page.Contents: 2, length of page.CommonPrefixes: 0"
time="2026-08-06T19:55:51Z" level=error msg="Failed to parse meta file path: log/cluster-metadata/raycluster/test-ns-4rtkr_raycluster-historyserver/, error: invalid path segment count for cluster metadata structure: log/cluster-metadata/raycluster/test-ns-4rtkr_raycluster-historyserver/"
time="2026-08-06T19:55:51Z" level=info msg="Parsed cluster raycluster-historyserver for session session_2026-08-06_12-54-08_819368_1 to list"
time="2026-08-06T19:55:51Z" level=info msg="[ListFiles]Returned objects in log/cluster-history/raycluster/test-ns-4rtkr/raycluster-historyserver/session_2026-08-06_12-54-08_819368_1/. length of page.Contents: 0, length of page.CommonPrefixes: 3"
time="2026-08-06T19:55:51Z" level=info msg="[ListFiles]Returned objects in log/cluster-history/raycluster/test-ns-4rtkr/raycluster-historyserver/session_2026-08-06_12-54-08_819368_1/68971b40ae6eba0fa7bf142727e826088839cc90d37c3f91499ba1c7/logs/events/. length of page.Contents: 11, length of page.CommonPrefixes: 0"
time="2026-08-06T19:55:51Z" level=info msg="Prepare to get object log/cluster-history/raycluster/test-ns-4rtkr/raycluster-historyserver/session_2026-08-06_12-54-08_819368_1/68971b40ae6eba0fa7bf142727e826088839cc90d37c3f91499ba1c7/logs/events/event_AUTOSCALER.log info ..."
time="2026-08-06T19:55:51Z" level=info msg="Prepare to get object log/cluster-history/raycluster/test-ns-4rtkr/raycluster-historyserver/session_2026-08-06_12-54-08_819368_1/68971b40ae6eba0fa7bf142727e826088839cc90d37c3f91499ba1c7/logs/events/event_CORE_WORKER_1015.log info ..."
time="2026-08-06T19:55:51Z" level=info msg="Prepare to get object log/cluster-history/raycluster/test-ns-4rtkr/raycluster-historyserver/session_2026-08-06_12-54-08_819368_1/68971b40ae6eba0fa7bf142727e826088839cc90d37c3f91499ba1c7/logs/events/event_CORE_WORKER_1171.log info ..."
time="2026-08-06T19:55:51Z" level=info msg="Prepare to get object log/cluster-history/raycluster/test-ns-4rtkr/raycluster-historyserver/session_2026-08-06_12-54-08_819368_1/68971b40ae6eba0fa7bf142727e826088839cc90d37c3f91499ba1c7/logs/events/event_CORE_WORKER_200.log info ..."
time="2026-08-06T19:55:51Z" level=info msg="Prepare to get object log/cluster-history/raycluster/test-ns-4rtkr/raycluster-historyserver/session_2026-08-06_12-54-08_819368_1/68971b40ae6eba0fa7bf142727e826088839cc90d37c3f91499ba1c7/logs/events/event_CORE_WORKER_205.log info ..."
gc 4 @2.672s 0%: 0.12+6.6+0.087 ms clock, 0.51+0.081/6.0/9.4+0.34 ms cpu, 11->11->6 MB, 11 MB goal, 0 MB stacks, 0 MB globals, 4 P
time="2026-08-06T19:55:51Z" level=info msg="Prepare to get object log/cluster-history/raycluster/test-ns-4rtkr/raycluster-historyserver/session_2026-08-06_12-54-08_819368_1/68971b40ae6eba0fa7bf142727e826088839cc90d37c3f91499ba1c7/logs/events/event_CORE_WORKER_673.log info ..."
time="2026-08-06T19:55:51Z" level=info msg="Prepare to get object log/cluster-history/raycluster/test-ns-4rtkr/raycluster-historyserver/session_2026-08-06_12-54-08_819368_1/68971b40ae6eba0fa7bf142727e826088839cc90d37c3f91499ba1c7/logs/events/event_CORE_WORKER_957.log info ..."
time="2026-08-06T19:55:51Z" level=info msg="Prepare to get object log/cluster-history/raycluster/test-ns-4rtkr/raycluster-historyserver/session_2026-08-06_12-54-08_819368_1/68971b40ae6eba0fa7bf142727e826088839cc90d37c3f91499ba1c7/logs/events/event_GCS.log info ..."
time="2026-08-06T19:55:51Z" level=info msg="Prepare to get object log/cluster-history/raycluster/test-ns-4rtkr/raycluster-historyserver/session_2026-08-06_12-54-08_819368_1/68971b40ae6eba0fa7bf142727e826088839cc90d37c3f91499ba1c7/logs/events/event_JOBS.log info ..."
time="2026-08-06T19:55:51Z" level=info msg="Prepare to get object log/cluster-history/raycluster/test-ns-4rtkr/raycluster-historyserver/session_2026-08-06_12-54-08_819368_1/68971b40ae6eba0fa7bf142727e826088839cc90d37c3f91499ba1c7/logs/events/event_RAYLET.log info ..."
time="2026-08-06T19:55:51Z" level=info msg="[ListFiles]Returned objects in log/cluster-history/raycluster/test-ns-4rtkr/raycluster-historyserver/session_2026-08-06_12-54-08_819368_1/e036c20d734d78e8614e412aece6cdaa74d7b5d1232b328b7a76e887/logs/events/. length of page.Contents: 13, length of page.CommonPrefixes: 0"
time="2026-08-06T19:55:51Z" level=info msg="Prepare to get object log/cluster-history/raycluster/test-ns-4rtkr/raycluster-historyserver/session_2026-08-06_12-54-08_819368_1/e036c20d734d78e8614e412aece6cdaa74d7b5d1232b328b7a76e887/logs/events/event_CORE_WORKER_228.log info ..."
time="2026-08-06T19:55:51Z" level=info msg="Prepare to get object log/cluster-history/raycluster/test-ns-4rtkr/raycluster-historyserver/session_2026-08-06_12-54-08_819368_1/e036c20d734d78e8614e412aece6cdaa74d7b5d1232b328b7a76e887/logs/events/event_CORE_WORKER_229.log info ..."
time="2026-08-06T19:55:51Z" level=info msg="Prepare to get object log/cluster-history/raycluster/test-ns-4rtkr/raycluster-historyserver/session_2026-08-06_12-54-08_819368_1/e036c20d734d78e8614e412aece6cdaa74d7b5d1232b328b7a76e887/logs/events/event_CORE_WORKER_316.log info ..."
time="2026-08-06T19:55:51Z" level=info msg="Prepare to get object log/cluster-history/raycluster/test-ns-4rtkr/raycluster-historyserver/session_2026-08-06_12-54-08_819368_1/e036c20d734d78e8614e412aece6cdaa74d7b5d1232b328b7a76e887/logs/events/event_CORE_WORKER_319.log info ..."
time="2026-08-06T19:55:51Z" level=info msg="Prepare to get object log/cluster-history/raycluster/test-ns-4rtkr/raycluster-historyserver/session_2026-08-06_12-54-08_819368_1/e036c20d734d78e8614e412aece6cdaa74d7b5d1232b328b7a76e887/logs/events/event_CORE_WORKER_411.log info ..."
time="2026-08-06T19:55:51Z" level=info msg="Prepare to get object log/cluster-history/raycluster/test-ns-4rtkr/raycluster-historyserver/session_2026-08-06_12-54-08_819368_1/e036c20d734d78e8614e412aece6cdaa74d7b5d1232b328b7a76e887/logs/events/event_CORE_WORKER_419.log info ..."
time="2026-08-06T19:55:51Z" level=info msg="Prepare to get object log/cluster-history/raycluster/test-ns-4rtkr/raycluster-historyserver/session_2026-08-06_12-54-08_819368_1/e036c20d734d78e8614e412aece6cdaa74d7b5d1232b328b7a76e887/logs/events/event_CORE_WORKER_493.log info ..."
time="2026-08-06T19:55:51Z" level=info msg="Prepare to get object log/cluster-history/raycluster/test-ns-4rtkr/raycluster-historyserver/session_2026-08-06_12-54-08_819368_1/e036c20d734d78e8614e412aece6cdaa74d7b5d1232b328b7a76e887/logs/events/event_CORE_WORKER_515.log info ..."
time="2026-08-06T19:55:51Z" level=info msg="Prepare to get object log/cluster-history/raycluster/test-ns-4rtkr/raycluster-historyserver/session_2026-08-06_12-54-08_819368_1/e036c20d734d78e8614e412aece6cdaa74d7b5d1232b328b7a76e887/logs/events/event_CORE_WORKER_589.log info ..."
time="2026-08-06T19:55:51Z" level=info msg="Prepare to get object log/cluster-history/raycluster/test-ns-4rtkr/raycluster-historyserver/session_2026-08-06_12-54-08_819368_1/e036c20d734d78e8614e412aece6cdaa74d7b5d1232b328b7a76e887/logs/events/event_CORE_WORKER_608.log info ..."
time="2026-08-06T19:55:51Z" level=info msg="Prepare to get object log/cluster-history/raycluster/test-ns-4rtkr/raycluster-historyserver/session_2026-08-06_12-54-08_819368_1/e036c20d734d78e8614e412aece6cdaa74d7b5d1232b328b7a76e887/logs/events/event_CORE_WORKER_683.log info ..."
time="2026-08-06T19:55:51Z" level=info msg="Prepare to get object log/cluster-history/raycluster/test-ns-4rtkr/raycluster-historyserver/session_2026-08-06_12-54-08_819368_1/e036c20d734d78e8614e412aece6cdaa74d7b5d1232b328b7a76e887/logs/events/event_RAYLET.log info ..."
time="2026-08-06T19:55:51Z" level=info msg="[ListFiles]Returned objects in log/cluster-history/raycluster/test-ns-4rtkr/raycluster-historyserver/session_2026-08-06_12-54-08_819368_1/fetched_endpoints/logs/events/. length of page.Contents: 0, length of page.CommonPrefixes: 0"
time="2026-08-06T19:55:51Z" level=info msg="[ListFiles]Returned objects in log/cluster-history/raycluster/test-ns-4rtkr/raycluster-historyserver/session_2026-08-06_12-54-08_819368_1/. length of page.Contents: 0, length of page.CommonPrefixes: 3"
time="2026-08-06T19:55:51Z" level=info msg="[ListFiles]Returned objects in log/cluster-history/raycluster/test-ns-4rtkr/raycluster-historyserver/session_2026-08-06_12-54-08_819368_1/68971b40ae6eba0fa7bf142727e826088839cc90d37c3f91499ba1c7/job_events/. length of page.Contents: 0, length of page.CommonPrefixes: 4"
time="2026-08-06T19:55:51Z" level=info msg="[ListFiles]Returned objects in log/cluster-history/raycluster/test-ns-4rtkr/raycluster-historyserver/session_2026-08-06_12-54-08_819368_1/68971b40ae6eba0fa7bf142727e826088839cc90d37c3f91499ba1c7/job_events/01000000/. length of page.Contents: 2, length of page.CommonPrefixes: 0"
time="2026-08-06T19:55:51Z" level=info msg="[ListFiles]Returned objects in log/cluster-history/raycluster/test-ns-4rtkr/raycluster-historyserver/session_2026-08-06_12-54-08_819368_1/68971b40ae6eba0fa7bf142727e826088839cc90d37c3f91499ba1c7/job_events/02000000/. length of page.Contents: 2, length of page.CommonPrefixes: 0"
time="2026-08-06T19:55:51Z" level=info msg="[ListFiles]Returned objects in log/cluster-history/raycluster/test-ns-4rtkr/raycluster-historyserver/session_2026-08-06_12-54-08_819368_1/68971b40ae6eba0fa7bf142727e826088839cc90d37c3f91499ba1c7/job_events/03000000/. length of page.Contents: 3, length of page.CommonPrefixes: 0"
time="2026-08-06T19:55:51Z" level=info msg="[ListFiles]Returned objects in log/cluster-history/raycluster/test-ns-4rtkr/raycluster-historyserver/session_2026-08-06_12-54-08_819368_1/68971b40ae6eba0fa7bf142727e826088839cc90d37c3f91499ba1c7/job_events/04000000/. length of page.Contents: 2, length of page.CommonPrefixes: 0"
time="2026-08-06T19:55:51Z" level=info msg="[ListFiles]Returned objects in log/cluster-history/raycluster/test-ns-4rtkr/raycluster-historyserver/session_2026-08-06_12-54-08_819368_1/e036c20d734d78e8614e412aece6cdaa74d7b5d1232b328b7a76e887/job_events/. length of page.Contents: 0, length of page.CommonPrefixes: 1"
time="2026-08-06T19:55:51Z" level=info msg="[ListFiles]Returned objects in log/cluster-history/raycluster/test-ns-4rtkr/raycluster-historyserver/session_2026-08-06_12-54-08_819368_1/e036c20d734d78e8614e412aece6cdaa74d7b5d1232b328b7a76e887/job_events/03000000/. length of page.Contents: 2, length of page.CommonPrefixes: 0"
time="2026-08-06T19:55:51Z" level=info msg="[ListFiles]Returned objects in log/cluster-history/raycluster/test-ns-4rtkr/raycluster-historyserver/session_2026-08-06_12-54-08_819368_1/fetched_endpoints/job_events/. length of page.Contents: 0, length of page.CommonPrefixes: 0"
time="2026-08-06T19:55:51Z" level=info msg="[ListFiles]Returned objects in log/cluster-history/raycluster/test-ns-4rtkr/raycluster-historyserver/session_2026-08-06_12-54-08_819368_1/. length of page.Contents: 0, length of page.CommonPrefixes: 3"
time="2026-08-06T19:55:51Z" level=info msg="[ListFiles]Returned objects in log/cluster-history/raycluster/test-ns-4rtkr/raycluster-historyserver/session_2026-08-06_12-54-08_819368_1/68971b40ae6eba0fa7bf142727e826088839cc90d37c3f91499ba1c7/node_events/. length of page.Contents: 2, length of page.CommonPrefixes: 0"
time="2026-08-06T19:55:51Z" level=info msg="[ListFiles]Returned objects in log/cluster-history/raycluster/test-ns-4rtkr/raycluster-historyserver/session_2026-08-06_12-54-08_819368_1/e036c20d734d78e8614e412aece6cdaa74d7b5d1232b328b7a76e887/node_events/. length of page.Contents: 0, length of page.CommonPrefixes: 0"
time="2026-08-06T19:55:51Z" level=info msg="[ListFiles]Returned objects in log/cluster-history/raycluster/test-ns-4rtkr/raycluster-historyserver/session_2026-08-06_12-54-08_819368_1/fetched_endpoints/node_events/. length of page.Contents: 0, length of page.CommonPrefixes: 0"
time="2026-08-06T19:55:51Z" level=info msg="Prepare to get object log/cluster-history/raycluster/test-ns-4rtkr/raycluster-historyserver/session_2026-08-06_12-54-08_819368_1/68971b40ae6eba0fa7bf142727e826088839cc90d37c3f91499ba1c7/job_events/01000000/68971b40ae6eba0fa7bf142727e826088839cc90d37c3f91499ba1c7-2026-08-06-19-1786046054133186712.jsonl info ..."
time="2026-08-06T19:55:51Z" level=info msg="Prepare to get object log/cluster-history/raycluster/test-ns-4rtkr/raycluster-historyserver/session_2026-08-06_12-54-08_819368_1/68971b40ae6eba0fa7bf142727e826088839cc90d37c3f91499ba1c7/job_events/02000000/68971b40ae6eba0fa7bf142727e826088839cc90d37c3f91499ba1c7-2026-08-06-19-1786046071277015179.jsonl info ..."
time="2026-08-06T19:55:51Z" level=info msg="Prepare to get object log/cluster-history/raycluster/test-ns-4rtkr/raycluster-historyserver/session_2026-08-06_12-54-08_819368_1/68971b40ae6eba0fa7bf142727e826088839cc90d37c3f91499ba1c7/job_events/03000000/68971b40ae6eba0fa7bf142727e826088839cc90d37c3f91499ba1c7-2026-08-06-19-1786046072278641263.jsonl info ..."
gc 5 @2.750s 0%: 0.17+5.0+0.043 ms clock, 0.69+0.27/4.7/8.3+0.17 ms cpu, 14->14->10 MB, 14 MB goal, 0 MB stacks, 0 MB globals, 4 P
gc 6 @2.763s 0%: 0.18+6.5+0.034 ms clock, 0.74+0/4.7/10+0.13 ms cpu, 25->25->25 MB, 25 MB goal, 0 MB stacks, 0 MB globals, 4 P
gc 7 @2.792s 0%: 0.17+9.6+0.047 ms clock, 0.70+0/6.1/14+0.19 ms cpu, 69->69->69 MB, 69 MB goal, 0 MB stacks, 0 MB globals, 4 P
gc 8 @2.838s 0%: 0.12+6.4+0.046 ms clock, 0.48+0/5.3/12+0.18 ms cpu, 147->147->147 MB, 147 MB goal, 0 MB stacks, 0 MB globals, 4 P
gc 9 @2.884s 0%: 0.30+51+0.10 ms clock, 1.2+0/5.7/55+0.41 ms cpu, 357->357->146 MB, 357 MB goal, 0 MB stacks, 0 MB globals, 4 P
gc 10 @3.004s 0%: 0.16+7.8+0.12 ms clock, 0.65+0.58/5.1/12+0.51 ms cpu, 357->357->357 MB, 357 MB goal, 0 MB stacks, 0 MB globals, 4 P
gc 11 @6.383s 0%: 0.14+155+0.065 ms clock, 0.56+0.41/155/308+0.26 ms cpu, 711->716->316 MB, 715 MB goal, 0 MB stacks, 0 MB globals, 4 P
gc 12 @11.391s 1%: 0.13+524+0.13 ms clock, 0.55+0.46/519/985+0.52 ms cpu, 619->630->557 MB, 633 MB goal, 0 MB stacks, 0 MB globals, 4 P
gc 13 @21.431s 1%: 0.17+886+0.10 ms clock, 0.71+0.10/885/1769+0.40 ms cpu, 1083->1096->654 MB, 1116 MB goal, 0 MB stacks, 0 MB globals, 4 P
time="2026-08-06T19:56:19Z" level=info msg="Prepare to get object log/cluster-history/raycluster/test-ns-4rtkr/raycluster-historyserver/session_2026-08-06_12-54-08_819368_1/68971b40ae6eba0fa7bf142727e826088839cc90d37c3f91499ba1c7/job_events/03000000/68971b40ae6eba0fa7bf142727e826088839cc90d37c3f91499ba1c7-2026-08-06-19-1786046113405181212.jsonl info ..."
gc 14 @31.584s 1%: 0.16+243+0.11 ms clock, 0.66+0/243/472+0.45 ms cpu, 1265->1271->204 MB, 1310 MB goal, 0 MB stacks, 0 MB globals, 4 P
gc 15 @34.927s 1%: 0.15+412+0.094 ms clock, 0.61+0.53/412/822+0.37 ms cpu, 394->401->283 MB, 410 MB goal, 0 MB stacks, 0 MB globals, 4 P
time="2026-08-06T19:56:27Z" level=info msg="Prepare to get object log/cluster-history/raycluster/test-ns-4rtkr/raycluster-historyserver/session_2026-08-06_12-54-08_819368_1/68971b40ae6eba0fa7bf142727e826088839cc90d37c3f91499ba1c7/job_events/04000000/68971b40ae6eba0fa7bf142727e826088839cc90d37c3f91499ba1c7-2026-08-06-19-1786046087402025297.jsonl info ..."
time="2026-08-06T19:56:27Z" level=info msg="Prepare to get object log/cluster-history/raycluster/test-ns-4rtkr/raycluster-historyserver/session_2026-08-06_12-54-08_819368_1/e036c20d734d78e8614e412aece6cdaa74d7b5d1232b328b7a76e887/job_events/03000000/e036c20d734d78e8614e412aece6cdaa74d7b5d1232b328b7a76e887-2026-08-06-19-1786046073804140097.jsonl info ..."
gc 16 @38.930s 1%: 0.24+211+0.091 ms clock, 0.99+178/211/366+0.36 ms cpu, 549->549->253 MB, 566 MB goal, 0 MB stacks, 0 MB globals, 4 P
gc 17 @39.295s 1%: 0.17+228+0.042 ms clock, 0.68+215/225/451+0.16 ms cpu, 489->489->348 MB, 507 MB goal, 0 MB stacks, 0 MB globals, 4 P
gc 18 @41.773s 2%: 0.17+371+1.2 ms clock, 0.69+0.50/371/741+5.1 ms cpu, 678->686->386 MB, 697 MB goal, 0 MB stacks, 0 MB globals, 4 P
gc 19 @48.366s 2%: 0.16+762+0.075 ms clock, 0.67+0.45/762/1521+0.30 ms cpu, 742->757->659 MB, 772 MB goal, 0 MB stacks, 0 MB globals, 4 P
time="2026-08-06T19:56:40Z" level=error msg="Failed to store events for file session_2026-08-06_12-54-08_819368_1/e036c20d734d78e8614e412aece6cdaa74d7b5d1232b328b7a76e887/job_events/03000000/e036c20d734d78e8614e412aece6cdaa74d7b5d1232b328b7a76e887-2026-08-06-19-1786046073804140097.jsonl: TASK_LIFECYCLE_EVENT must have at least one state transition"
time="2026-08-06T19:56:41Z" level=error msg="Failed to store events for file session_2026-08-06_12-54-08_819368_1/e036c20d734d78e8614e412aece6cdaa74d7b5d1232b328b7a76e887/job_events/03000000/e036c20d734d78e8614e412aece6cdaa74d7b5d1232b328b7a76e887-2026-08-06-19-1786046073804140097.jsonl: TASK_LIFECYCLE_EVENT must have at least one state transition"
time="2026-08-06T19:56:41Z" level=error msg="Failed to store events for file session_2026-08-06_12-54-08_819368_1/e036c20d734d78e8614e412aece6cdaa74d7b5d1232b328b7a76e887/job_events/03000000/e036c20d734d78e8614e412aece6cdaa74d7b5d1232b328b7a76e887-2026-08-06-19-1786046073804140097.jsonl: TASK_LIFECYCLE_EVENT must have at least one state transition"
time="2026-08-06T19:56:41Z" level=error msg="Failed to store events for file session_2026-08-06_12-54-08_819368_1/e036c20d734d78e8614e412aece6cdaa74d7b5d1232b328b7a76e887/job_events/03000000/e036c20d734d78e8614e412aece6cdaa74d7b5d1232b328b7a76e887-2026-08-06-19-1786046073804140097.jsonl: TASK_LIFECYCLE_EVENT must have at least one state transition"
time="2026-08-06T19:56:41Z" level=error msg="Failed to store events for file session_2026-08-06_12-54-08_819368_1/e036c20d734d78e8614e412aece6cdaa74d7b5d1232b328b7a76e887/job_events/03000000/e036c20d734d78e8614e412aece6cdaa74d7b5d1232b328b7a76e887-2026-08-06-19-1786046073804140097.jsonl: TASK_LIFECYCLE_EVENT must have at least one state transition"
time="2026-08-06T19:56:42Z" level=error msg="Failed to store events for file session_2026-08-06_12-54-08_819368_1/e036c20d734d78e8614e412aece6cdaa74d7b5d1232b328b7a76e887/job_events/03000000/e036c20d734d78e8614e412aece6cdaa74d7b5d1232b328b7a76e887-2026-08-06-19-1786046073804140097.jsonl: TASK_LIFECYCLE_EVENT must have at least one state transition"
time="2026-08-06T19:56:42Z" level=error msg="Failed to store events for file session_2026-08-06_12-54-08_819368_1/e036c20d734d78e8614e412aece6cdaa74d7b5d1232b328b7a76e887/job_events/03000000/e036c20d734d78e8614e412aece6cdaa74d7b5d1232b328b7a76e887-2026-08-06-19-1786046073804140097.jsonl: TASK_LIFECYCLE_EVENT must have at least one state transition"
time="2026-08-06T19:56:42Z" level=error msg="Failed to store events for file session_2026-08-06_12-54-08_819368_1/e036c20d734d78e8614e412aece6cdaa74d7b5d1232b328b7a76e887/job_events/03000000/e036c20d734d78e8614e412aece6cdaa74d7b5d1232b328b7a76e887-2026-08-06-19-1786046073804140097.jsonl: TASK_LIFECYCLE_EVENT must have at least one state transition"
time="2026-08-06T19:56:42Z" level=error msg="Failed to store events for file session_2026-08-06_12-54-08_819368_1/e036c20d734d78e8614e412aece6cdaa74d7b5d1232b328b7a76e887/job_events/03000000/e036c20d734d78e8614e412aece6cdaa74d7b5d1232b328b7a76e887-2026-08-06-19-1786046073804140097.jsonl: TASK_LIFECYCLE_EVENT must have at least one state transition"
time="2026-08-06T19:56:42Z" level=error msg="Failed to store events for file session_2026-08-06_12-54-08_819368_1/e036c20d734d78e8614e412aece6cdaa74d7b5d1232b328b7a76e887/job_events/03000000/e036c20d734d78e8614e412aece6cdaa74d7b5d1232b328b7a76e887-2026-08-06-19-1786046073804140097.jsonl: TASK_LIFECYCLE_EVENT must have at least one state transition"
time="2026-08-06T19:56:43Z" level=error msg="Failed to store events for file session_2026-08-06_12-54-08_819368_1/e036c20d734d78e8614e412aece6cdaa74d7b5d1232b328b7a76e887/job_events/03000000/e036c20d734d78e8614e412aece6cdaa74d7b5d1232b328b7a76e887-2026-08-06-19-1786046073804140097.jsonl: TASK_LIFECYCLE_EVENT must have at least one state transition"
time="2026-08-06T19:56:43Z" level=error msg="Failed to store events for file session_2026-08-06_12-54-08_819368_1/e036c20d734d78e8614e412aece6cdaa74d7b5d1232b328b7a76e887/job_events/03000000/e036c20d734d78e8614e412aece6cdaa74d7b5d1232b328b7a76e887-2026-08-06-19-1786046073804140097.jsonl: TASK_LIFECYCLE_EVENT must have at least one state transition"
time="2026-08-06T19:56:43Z" level=error msg="Failed to store events for file session_2026-08-06_12-54-08_819368_1/e036c20d734d78e8614e412aece6cdaa74d7b5d1232b328b7a76e887/job_events/03000000/e036c20d734d78e8614e412aece6cdaa74d7b5d1232b328b7a76e887-2026-08-06-19-1786046073804140097.jsonl: TASK_LIFECYCLE_EVENT must have at least one state transition"
time="2026-08-06T19:56:43Z" level=error msg="Failed to store events for file session_2026-08-06_12-54-08_819368_1/e036c20d734d78e8614e412aece6cdaa74d7b5d1232b328b7a76e887/job_events/03000000/e036c20d734d78e8614e412aece6cdaa74d7b5d1232b328b7a76e887-2026-08-06-19-1786046073804140097.jsonl: TASK_LIFECYCLE_EVENT must have at least one state transition"
time="2026-08-06T19:56:43Z" level=error msg="Failed to store events for file session_2026-08-06_12-54-08_819368_1/e036c20d734d78e8614e412aece6cdaa74d7b5d1232b328b7a76e887/job_events/03000000/e036c20d734d78e8614e412aece6cdaa74d7b5d1232b328b7a76e887-2026-08-06-19-1786046073804140097.jsonl: TASK_LIFECYCLE_EVENT must have at least one state transition"
time="2026-08-06T19:56:43Z" level=error msg="Failed to store events for file session_2026-08-06_12-54-08_819368_1/e036c20d734d78e8614e412aece6cdaa74d7b5d1232b328b7a76e887/job_events/03000000/e036c20d734d78e8614e412aece6cdaa74d7b5d1232b328b7a76e887-2026-08-06-19-1786046073804140097.jsonl: TASK_LIFECYCLE_EVENT must have at least one state transition"
time="2026-08-06T19:56:44Z" level=error msg="Failed to store events for file session_2026-08-06_12-54-08_819368_1/e036c20d734d78e8614e412aece6cdaa74d7b5d1232b328b7a76e887/job_events/03000000/e036c20d734d78e8614e412aece6cdaa74d7b5d1232b328b7a76e887-2026-08-06-19-1786046073804140097.jsonl: TASK_LIFECYCLE_EVENT must have at least one state transition"
time="2026-08-06T19:56:44Z" level=error msg="Failed to store events for file session_2026-08-06_12-54-08_819368_1/e036c20d734d78e8614e412aece6cdaa74d7b5d1232b328b7a76e887/job_events/03000000/e036c20d734d78e8614e412aece6cdaa74d7b5d1232b328b7a76e887-2026-08-06-19-1786046073804140097.jsonl: TASK_LIFECYCLE_EVENT must have at least one state transition"
time="2026-08-06T19:56:44Z" level=error msg="Failed to store events for file session_2026-08-06_12-54-08_819368_1/e036c20d734d78e8614e412aece6cdaa74d7b5d1232b328b7a76e887/job_events/03000000/e036c20d734d78e8614e412aece6cdaa74d7b5d1232b328b7a76e887-2026-08-06-19-1786046073804140097.jsonl: TASK_LIFECYCLE_EVENT must have at least one state transition"
time="2026-08-06T19:56:44Z" level=error msg="Failed to store events for file session_2026-08-06_12-54-08_819368_1/e036c20d734d78e8614e412aece6cdaa74d7b5d1232b328b7a76e887/job_events/03000000/e036c20d734d78e8614e412aece6cdaa74d7b5d1232b328b7a76e887-2026-08-06-19-1786046073804140097.jsonl: TASK_LIFECYCLE_EVENT must have at least one state transition"
time="2026-08-06T19:56:44Z" level=error msg="Failed to store events for file session_2026-08-06_12-54-08_819368_1/e036c20d734d78e8614e412aece6cdaa74d7b5d1232b328b7a76e887/job_events/03000000/e036c20d734d78e8614e412aece6cdaa74d7b5d1232b328b7a76e887-2026-08-06-19-1786046073804140097.jsonl: TASK_LIFECYCLE_EVENT must have at least one state transition"
time="2026-08-06T19:56:44Z" level=error msg="Failed to store events for file session_2026-08-06_12-54-08_819368_1/e036c20d734d78e8614e412aece6cdaa74d7b5d1232b328b7a76e887/job_events/03000000/e036c20d734d78e8614e412aece6cdaa74d7b5d1232b328b7a76e887-2026-08-06-19-1786046073804140097.jsonl: TASK_LIFECYCLE_EVENT must have at least one state transition"
time="2026-08-06T19:56:44Z" level=error msg="Failed to store events for file session_2026-08-06_12-54-08_819368_1/e036c20d734d78e8614e412aece6cdaa74d7b5d1232b328b7a76e887/job_events/03000000/e036c20d734d78e8614e412aece6cdaa74d7b5d1232b328b7a76e887-2026-08-06-19-1786046073804140097.jsonl: TASK_LIFECYCLE_EVENT must have at least one state transition"
time="2026-08-06T19:56:44Z" level=error msg="Failed to store events for file session_2026-08-06_12-54-08_819368_1/e036c20d734d78e8614e412aece6cdaa74d7b5d1232b328b7a76e887/job_events/03000000/e036c20d734d78e8614e412aece6cdaa74d7b5d1232b328b7a76e887-2026-08-06-19-1786046073804140097.jsonl: TASK_LIFECYCLE_EVENT must have at least one state transition"
time="2026-08-06T19:56:45Z" level=error msg="Failed to store events for file session_2026-08-06_12-54-08_819368_1/e036c20d734d78e8614e412aece6cdaa74d7b5d1232b328b7a76e887/job_events/03000000/e036c20d734d78e8614e412aece6cdaa74d7b5d1232b328b7a76e887-2026-08-06-19-1786046073804140097.jsonl: TASK_LIFECYCLE_EVENT must have at least one state transition"
time="2026-08-06T19:56:45Z" level=error msg="Failed to store events for file session_2026-08-06_12-54-08_819368_1/e036c20d734d78e8614e412aece6cdaa74d7b5d1232b328b7a76e887/job_events/03000000/e036c20d734d78e8614e412aece6cdaa74d7b5d1232b328b7a76e887-2026-08-06-19-1786046073804140097.jsonl: TASK_LIFECYCLE_EVENT must have at least one state transition"
time="2026-08-06T19:56:45Z" level=error msg="Failed to store events for file session_2026-08-06_12-54-08_819368_1/e036c20d734d78e8614e412aece6cdaa74d7b5d1232b328b7a76e887/job_events/03000000/e036c20d734d78e8614e412aece6cdaa74d7b5d1232b328b7a76e887-2026-08-06-19-1786046073804140097.jsonl: TASK_LIFECYCLE_EVENT must have at least one state transition"
time="2026-08-06T19:56:45Z" level=error msg="Failed to store events for file session_2026-08-06_12-54-08_819368_1/e036c20d734d78e8614e412aece6cdaa74d7b5d1232b328b7a76e887/job_events/03000000/e036c20d734d78e8614e412aece6cdaa74d7b5d1232b328b7a76e887-2026-08-06-19-1786046073804140097.jsonl: TASK_LIFECYCLE_EVENT must have at least one state transition"
time="2026-08-06T19:56:45Z" level=error msg="Failed to store events for file session_2026-08-06_12-54-08_819368_1/e036c20d734d78e8614e412aece6cdaa74d7b5d1232b328b7a76e887/job_events/03000000/e036c20d734d78e8614e412aece6cdaa74d7b5d1232b328b7a76e887-2026-08-06-19-1786046073804140097.jsonl: TASK_LIFECYCLE_EVENT must have at least one state transition"
time="2026-08-06T19:56:46Z" level=error msg="Failed to store events for file session_2026-08-06_12-54-08_819368_1/e036c20d734d78e8614e412aece6cdaa74d7b5d1232b328b7a76e887/job_events/03000000/e036c20d734d78e8614e412aece6cdaa74d7b5d1232b328b7a76e887-2026-08-06-19-1786046073804140097.jsonl: TASK_LIFECYCLE_EVENT must have at least one state transition"
time="2026-08-06T19:56:46Z" level=error msg="Failed to store events for file session_2026-08-06_12-54-08_819368_1/e036c20d734d78e8614e412aece6cdaa74d7b5d1232b328b7a76e887/job_events/03000000/e036c20d734d78e8614e412aece6cdaa74d7b5d1232b328b7a76e887-2026-08-06-19-1786046073804140097.jsonl: TASK_LIFECYCLE_EVENT must have at least one state transition"
time="2026-08-06T19:56:46Z" level=error msg="Failed to store events for file session_2026-08-06_12-54-08_819368_1/e036c20d734d78e8614e412aece6cdaa74d7b5d1232b328b7a76e887/job_events/03000000/e036c20d734d78e8614e412aece6cdaa74d7b5d1232b328b7a76e887-2026-08-06-19-1786046073804140097.jsonl: TASK_LIFECYCLE_EVENT must have at least one state transition"
time="2026-08-06T19:56:46Z" level=error msg="Failed to store events for file session_2026-08-06_12-54-08_819368_1/e036c20d734d78e8614e412aece6cdaa74d7b5d1232b328b7a76e887/job_events/03000000/e036c20d734d78e8614e412aece6cdaa74d7b5d1232b328b7a76e887-2026-08-06-19-1786046073804140097.jsonl: TASK_LIFECYCLE_EVENT must have at least one state transition"
time="2026-08-06T19:56:46Z" level=error msg="Failed to store events for file session_2026-08-06_12-54-08_819368_1/e036c20d734d78e8614e412aece6cdaa74d7b5d1232b328b7a76e887/job_events/03000000/e036c20d734d78e8614e412aece6cdaa74d7b5d1232b328b7a76e887-2026-08-06-19-1786046073804140097.jsonl: TASK_LIFECYCLE_EVENT must have at least one state transition"
time="2026-08-06T19:56:47Z" level=error msg="Failed to store events for file session_2026-08-06_12-54-08_819368_1/e036c20d734d78e8614e412aece6cdaa74d7b5d1232b328b7a76e887/job_events/03000000/e036c20d734d78e8614e412aece6cdaa74d7b5d1232b328b7a76e887-2026-08-06-19-1786046073804140097.jsonl: TASK_LIFECYCLE_EVENT must have at least one state transition"
time="2026-08-06T19:56:48Z" level=error msg="Failed to store events for file session_2026-08-06_12-54-08_819368_1/e036c20d734d78e8614e412aece6cdaa74d7b5d1232b328b7a76e887/job_events/03000000/e036c20d734d78e8614e412aece6cdaa74d7b5d1232b328b7a76e887-2026-08-06-19-1786046073804140097.jsonl: TASK_LIFECYCLE_EVENT must have at least one state transition"
time="2026-08-06T19:56:48Z" level=error msg="Failed to store events for file session_2026-08-06_12-54-08_819368_1/e036c20d734d78e8614e412aece6cdaa74d7b5d1232b328b7a76e887/job_events/03000000/e036c20d734d78e8614e412aece6cdaa74d7b5d1232b328b7a76e887-2026-08-06-19-1786046073804140097.jsonl: TASK_LIFECYCLE_EVENT must have at least one state transition"
time="2026-08-06T19:56:48Z" level=error msg="Failed to store events for file session_2026-08-06_12-54-08_819368_1/e036c20d734d78e8614e412aece6cdaa74d7b5d1232b328b7a76e887/job_events/03000000/e036c20d734d78e8614e412aece6cdaa74d7b5d1232b328b7a76e887-2026-08-06-19-1786046073804140097.jsonl: TASK_LIFECYCLE_EVENT must have at least one state transition"
time="2026-08-06T19:56:48Z" level=error msg="Failed to store events for file session_2026-08-06_12-54-08_819368_1/e036c20d734d78e8614e412aece6cdaa74d7b5d1232b328b7a76e887/job_events/03000000/e036c20d734d78e8614e412aece6cdaa74d7b5d1232b328b7a76e887-2026-08-06-19-1786046073804140097.jsonl: TASK_LIFECYCLE_EVENT must have at least one state transition"
time="2026-08-06T19:56:48Z" level=error msg="Failed to store events for file session_2026-08-06_12-54-08_819368_1/e036c20d734d78e8614e412aece6cdaa74d7b5d1232b328b7a76e887/job_events/03000000/e036c20d734d78e8614e412aece6cdaa74d7b5d1232b328b7a76e887-2026-08-06-19-1786046073804140097.jsonl: TASK_LIFECYCLE_EVENT must have at least one state transition"
time="2026-08-06T19:56:49Z" level=error msg="Failed to store events for file session_2026-08-06_12-54-08_819368_1/e036c20d734d78e8614e412aece6cdaa74d7b5d1232b328b7a76e887/job_events/03000000/e036c20d734d78e8614e412aece6cdaa74d7b5d1232b328b7a76e887-2026-08-06-19-1786046073804140097.jsonl: TASK_LIFECYCLE_EVENT must have at least one state transition"
time="2026-08-06T19:56:49Z" level=error msg="Failed to store events for file session_2026-08-06_12-54-08_819368_1/e036c20d734d78e8614e412aece6cdaa74d7b5d1232b328b7a76e887/job_events/03000000/e036c20d734d78e8614e412aece6cdaa74d7b5d1232b328b7a76e887-2026-08-06-19-1786046073804140097.jsonl: TASK_LIFECYCLE_EVENT must have at least one state transition"
time="2026-08-06T19:56:49Z" level=error msg="Failed to store events for file session_2026-08-06_12-54-08_819368_1/e036c20d734d78e8614e412aece6cdaa74d7b5d1232b328b7a76e887/job_events/03000000/e036c20d734d78e8614e412aece6cdaa74d7b5d1232b328b7a76e887-2026-08-06-19-1786046073804140097.jsonl: TASK_LIFECYCLE_EVENT must have at least one state transition"
time="2026-08-06T19:56:49Z" level=error msg="Failed to store events for file session_2026-08-06_12-54-08_819368_1/e036c20d734d78e8614e412aece6cdaa74d7b5d1232b328b7a76e887/job_events/03000000/e036c20d734d78e8614e412aece6cdaa74d7b5d1232b328b7a76e887-2026-08-06-19-1786046073804140097.jsonl: TASK_LIFECYCLE_EVENT must have at least one state transition"
time="2026-08-06T19:56:50Z" level=error msg="Failed to store events for file session_2026-08-06_12-54-08_819368_1/e036c20d734d78e8614e412aece6cdaa74d7b5d1232b328b7a76e887/job_events/03000000/e036c20d734d78e8614e412aece6cdaa74d7b5d1232b328b7a76e887-2026-08-06-19-1786046073804140097.jsonl: TASK_LIFECYCLE_EVENT must have at least one state transition"
gc 20 @61.591s 2%: 0.17+1044+0.080 ms clock, 0.70+0.092/1044/2085+0.32 ms cpu, 1255->1272->679 MB, 1318 MB goal, 0 MB stacks, 0 MB globals, 4 P
time="2026-08-06T19:56:51Z" level=error msg="Failed to store events for file session_2026-08-06_12-54-08_819368_1/e036c20d734d78e8614e412aece6cdaa74d7b5d1232b328b7a76e887/job_events/03000000/e036c20d734d78e8614e412aece6cdaa74d7b5d1232b328b7a76e887-2026-08-06-19-1786046073804140097.jsonl: TASK_LIFECYCLE_EVENT must have at least one state transition"
time="2026-08-06T19:56:51Z" level=error msg="Failed to store events for file session_2026-08-06_12-54-08_819368_1/e036c20d734d78e8614e412aece6cdaa74d7b5d1232b328b7a76e887/job_events/03000000/e036c20d734d78e8614e412aece6cdaa74d7b5d1232b328b7a76e887-2026-08-06-19-1786046073804140097.jsonl: TASK_LIFECYCLE_EVENT must have at least one state transition"
time="2026-08-06T19:56:51Z" level=error msg="Failed to store events for file session_2026-08-06_12-54-08_819368_1/e036c20d734d78e8614e412aece6cdaa74d7b5d1232b328b7a76e887/job_events/03000000/e036c20d734d78e8614e412aece6cdaa74d7b5d1232b328b7a76e887-2026-08-06-19-1786046073804140097.jsonl: TASK_LIFECYCLE_EVENT must have at least one state transition"
time="2026-08-06T19:56:52Z" level=error msg="Failed to store events for file session_2026-08-06_12-54-08_819368_1/e036c20d734d78e8614e412aece6cdaa74d7b5d1232b328b7a76e887/job_events/03000000/e036c20d734d78e8614e412aece6cdaa74d7b5d1232b328b7a76e887-2026-08-06-19-1786046073804140097.jsonl: TASK_LIFECYCLE_EVENT must have at least one state transition"
time="2026-08-06T19:56:52Z" level=error msg="Failed to store events for file session_2026-08-06_12-54-08_819368_1/e036c20d734d78e8614e412aece6cdaa74d7b5d1232b328b7a76e887/job_events/03000000/e036c20d734d78e8614e412aece6cdaa74d7b5d1232b328b7a76e887-2026-08-06-19-1786046073804140097.jsonl: TASK_LIFECYCLE_EVENT must have at least one state transition"
time="2026-08-06T19:56:53Z" level=error msg="Failed to store events for file session_2026-08-06_12-54-08_819368_1/e036c20d734d78e8614e412aece6cdaa74d7b5d1232b328b7a76e887/job_events/03000000/e036c20d734d78e8614e412aece6cdaa74d7b5d1232b328b7a76e887-2026-08-06-19-1786046073804140097.jsonl: TASK_LIFECYCLE_EVENT must have at least one state transition"
time="2026-08-06T19:56:53Z" level=error msg="Failed to store events for file session_2026-08-06_12-54-08_819368_1/e036c20d734d78e8614e412aece6cdaa74d7b5d1232b328b7a76e887/job_events/03000000/e036c20d734d78e8614e412aece6cdaa74d7b5d1232b328b7a76e887-2026-08-06-19-1786046073804140097.jsonl: TASK_LIFECYCLE_EVENT must have at least one state transition"
time="2026-08-06T19:56:53Z" level=error msg="Failed to store events for file session_2026-08-06_12-54-08_819368_1/e036c20d734d78e8614e412aece6cdaa74d7b5d1232b328b7a76e887/job_events/03000000/e036c20d734d78e8614e412aece6cdaa74d7b5d1232b328b7a76e887-2026-08-06-19-1786046073804140097.jsonl: TASK_LIFECYCLE_EVENT must have at least one state transition"
time="2026-08-06T19:56:53Z" level=error msg="Failed to store events for file session_2026-08-06_12-54-08_819368_1/e036c20d734d78e8614e412aece6cdaa74d7b5d1232b328b7a76e887/job_events/03000000/e036c20d734d78e8614e412aece6cdaa74d7b5d1232b328b7a76e887-2026-08-06-19-1786046073804140097.jsonl: TASK_LIFECYCLE_EVENT must have at least one state transition"
time="2026-08-06T19:56:54Z" level=info msg="Prepare to get object log/cluster-history/raycluster/test-ns-4rtkr/raycluster-historyserver/session_2026-08-06_12-54-08_819368_1/68971b40ae6eba0fa7bf142727e826088839cc90d37c3f91499ba1c7/node_events/68971b40ae6eba0fa7bf142727e826088839cc90d37c3f91499ba1c7-2026-08-06-19-1786046053748465712.jsonl info ..."
time="2026-08-06T19:56:55Z" level=info msg="Received request: GET /enter_cluster/test-ns-4rtkr/raycluster/raycluster-historyserver/session_2026-08-06_12-54-08_819368_1"
time="2026-08-06T19:56:55Z" level=info msg="[List]Returned objects in log/cluster-metadata/. length of page.Contents: 2, length of page.CommonPrefixes: 0"
time="2026-08-06T19:56:55Z" level=error msg="Failed to parse meta file path: log/cluster-metadata/raycluster/test-ns-4rtkr_raycluster-historyserver/, error: invalid path segment count for cluster metadata structure: log/cluster-metadata/raycluster/test-ns-4rtkr_raycluster-historyserver/"
time="2026-08-06T19:56:55Z" level=info msg="Parsed cluster raycluster-historyserver for session session_2026-08-06_12-54-08_819368_1 to list"
time="2026-08-06T19:56:55Z" level=info msg="Received request: GET /api/v0/tasks?limit=100000"
time="2026-08-06T19:56:55Z" level=info msg="Request URL /api/v0/tasks?limit=100000"
time="2026-08-06T19:56:55Z" level=info msg="Received request: GET /api/v0/tasks?limit=100000"
time="2026-08-06T19:56:55Z" level=info msg="Request URL /api/v0/tasks?limit=100000"
time="2026-08-06T19:56:55Z" level=info msg="Received request: GET /api/v0/tasks?limit=100000"
time="2026-08-06T19:56:55Z" level=info msg="Request URL /api/v0/tasks?limit=100000"
time="2026-08-06T19:56:55Z" level=info msg="Received request: GET /api/v0/tasks?limit=100000"
time="2026-08-06T19:56:55Z" level=info msg="Request URL /api/v0/tasks?limit=100000"
time="2026-08-06T19:56:55Z" level=info msg="Received request: GET /api/v0/tasks?limit=100000"
time="2026-08-06T19:56:55Z" level=info msg="Request URL /api/v0/tasks?limit=100000"
time="2026-08-06T19:56:55Z" level=info msg="Received request: GET /api/v0/tasks?limit=100000"
time="2026-08-06T19:56:55Z" level=info msg="Request URL /api/v0/tasks?limit=100000"
time="2026-08-06T19:56:55Z" level=info msg="Received request: GET /api/v0/tasks?limit=100000"
time="2026-08-06T19:56:55Z" level=info msg="Request URL /api/v0/tasks?limit=100000"
time="2026-08-06T19:56:55Z" level=info msg="Received request: GET /api/v0/tasks?limit=100000"
time="2026-08-06T19:56:55Z" level=info msg="Request URL /api/v0/tasks?limit=100000"
time="2026-08-06T19:56:55Z" level=info msg="Received request: GET /api/v0/tasks?limit=100000"
time="2026-08-06T19:56:55Z" level=info msg="Request URL /api/v0/tasks?limit=100000"
time="2026-08-06T19:56:55Z" level=info msg="Received request: GET /api/v0/tasks?limit=100000"
time="2026-08-06T19:56:55Z" level=info msg="Request URL /api/v0/tasks?limit=100000"
time="2026-08-06T19:56:55Z" level=info msg="Received request: GET /api/v0/tasks/summarize"
time="2026-08-06T19:56:55Z" level=info msg="Request URL /api/v0/tasks/summarize"
gc 21 @67.364s 2%: 0.20+357+0.046 ms clock, 0.80+93/357/714+0.18 ms cpu, 1298->1298->289 MB, 1359 MB goal, 0 MB stacks, 0 MB globals, 4 P
time="2026-08-06T19:56:56Z" level=info msg="Received request: GET /api/v0/tasks/summarize"
time="2026-08-06T19:56:56Z" level=info msg="Request URL /api/v0/tasks/summarize"
gc 22 @68.337s 2%: 0.19+396+0.051 ms clock, 0.78+110/396/791+0.20 ms cpu, 556->556->265 MB, 580 MB goal, 0 MB stacks, 0 MB globals, 4 P
time="2026-08-06T19:56:57Z" level=info msg="Received request: GET /api/v0/tasks/summarize"
time="2026-08-06T19:56:57Z" level=info msg="Request URL /api/v0/tasks/summarize"
gc 23 @69.317s 2%: 0.18+448+0.083 ms clock, 0.72+98/326/640+0.33 ms cpu, 503->532->308 MB, 532 MB goal, 0 MB stacks, 0 MB globals, 4 P
time="2026-08-06T19:56:58Z" level=info msg="Received request: GET /api/v0/tasks/summarize"
time="2026-08-06T19:56:58Z" level=info msg="Request URL /api/v0/tasks/summarize"
gc 24 @70.344s 2%: 0.17+419+0.085 ms clock, 0.68+0/382/762+0.34 ms cpu, 545->575->308 MB, 617 MB goal, 0 MB stacks, 0 MB globals, 4 P
time="2026-08-06T19:56:59Z" level=info msg="Received request: GET /api/v0/tasks/summarize"
time="2026-08-06T19:56:59Z" level=info msg="Request URL /api/v0/tasks/summarize"
gc 25 @71.372s 2%: 0.15+388+0.094 ms clock, 0.63+0/347/693+0.37 ms cpu, 545->575->308 MB, 617 MB goal, 0 MB stacks, 0 MB globals, 4 P
time="2026-08-06T19:57:00Z" level=info msg="Received request: GET /api/v0/tasks/summarize"
time="2026-08-06T19:57:00Z" level=info msg="Request URL /api/v0/tasks/summarize"
gc 26 @72.339s 2%: 0.16+427+0.074 ms clock, 0.65+0/388/773+0.29 ms cpu, 545->575->308 MB, 617 MB goal, 0 MB stacks, 0 MB globals, 4 P
time="2026-08-06T19:57:01Z" level=info msg="Received request: GET /api/v0/tasks/summarize"
time="2026-08-06T19:57:01Z" level=info msg="Request URL /api/v0/tasks/summarize"
gc 27 @73.352s 2%: 0.15+413+0.093 ms clock, 0.62+0/383/763+0.37 ms cpu, 545->575->308 MB, 617 MB goal, 0 MB stacks, 0 MB globals, 4 P
time="2026-08-06T19:57:02Z" level=info msg="Received request: GET /api/v0/tasks/summarize"
time="2026-08-06T19:57:02Z" level=info msg="Request URL /api/v0/tasks/summarize"
gc 28 @74.362s 2%: 0.15+408+0.10 ms clock, 0.60+0/297/635+0.41 ms cpu, 545->575->308 MB, 617 MB goal, 0 MB stacks, 0 MB globals, 4 P
time="2026-08-06T19:57:03Z" level=info msg="Received request: GET /api/v0/tasks/summarize"
time="2026-08-06T19:57:03Z" level=info msg="Request URL /api/v0/tasks/summarize"
gc 29 @75.387s 2%: 0.20+422+0.092 ms clock, 0.81+0/365/788+0.36 ms cpu, 545->575->309 MB, 617 MB goal, 0 MB stacks, 0 MB globals, 4 P
time="2026-08-06T19:57:04Z" level=info msg="Received request: GET /api/v0/tasks/summarize"
time="2026-08-06T19:57:04Z" level=info msg="Request URL /api/v0/tasks/summarize"
gc 30 @76.394s 3%: 0.15+427+0.095 ms clock, 0.61+0/354/707+0.38 ms cpu, 546->576->308 MB, 619 MB goal, 0 MB stacks, 0 MB globals, 4 P
time="2026-08-06T19:57:05Z" level=info msg="Received request: GET /api/jobs/"
time="2026-08-06T19:57:05Z" level=info msg="Request URL /api/jobs/"
time="2026-08-06T19:57:05Z" level=info msg="Received request: GET /api/jobs/"
time="2026-08-06T19:57:05Z" level=info msg="Request URL /api/jobs/"
time="2026-08-06T19:57:05Z" level=info msg="Received request: GET /api/jobs/"
time="2026-08-06T19:57:05Z" level=info msg="Request URL /api/jobs/"
time="2026-08-06T19:57:05Z" level=info msg="Received request: GET /api/jobs/"
time="2026-08-06T19:57:05Z" level=info msg="Request URL /api/jobs/"
time="2026-08-06T19:57:06Z" level=info msg="Received request: GET /api/jobs/"
time="2026-08-06T19:57:06Z" level=info msg="Request URL /api/jobs/"
gc 31 @77.400s 3%: 0.56+550+0.63 ms clock, 2.2+0/216/428+2.5 ms cpu, 554->595->276 MB, 617 MB goal, 0 MB stacks, 0 MB globals, 4 P
time="2026-08-06T19:57:06Z" level=info msg="Received request: GET /api/jobs/"
time="2026-08-06T19:57:06Z" level=info msg="Request URL /api/jobs/"
time="2026-08-06T19:57:06Z" level=info msg="Received request: GET /api/jobs/"
time="2026-08-06T19:57:06Z" level=info msg="Request URL /api/jobs/"
time="2026-08-06T19:57:06Z" level=info msg="Received request: GET /api/jobs/"
time="2026-08-06T19:57:06Z" level=info msg="Request URL /api/jobs/"
time="2026-08-06T19:57:06Z" level=info msg="Received request: GET /api/jobs/"
time="2026-08-06T19:57:06Z" level=info msg="Request URL /api/jobs/"
time="2026-08-06T19:57:06Z" level=info msg="Received request: GET /api/jobs/"
time="2026-08-06T19:57:06Z" level=info msg="Request URL /api/jobs/"
time="2026-08-06T19:57:06Z" level=info msg="Request URL /nodes?view=summary"
gc 32 @78.059s 3%: 0.89+322+0.073 ms clock, 3.5+0/199/491+0.29 ms cpu, 519->520->236 MB, 554 MB goal, 0 MB stacks, 0 MB globals, 4 P
time="2026-08-06T19:57:06Z" level=info msg="Request URL /nodes?view=summary"
time="2026-08-06T19:57:06Z" level=info msg="Request URL /nodes?view=summary"
time="2026-08-06T19:57:06Z" level=info msg="Request URL /nodes?view=summary"
time="2026-08-06T19:57:06Z" level=info msg="Request URL /nodes?view=summary"
time="2026-08-06T19:57:06Z" level=info msg="Request URL /nodes?view=summary"
gc 33 @78.466s 3%: 0.70+320+0.037 ms clock, 2.8+0/185/367+0.15 ms cpu, 439->439->236 MB, 473 MB goal, 0 MB stacks, 0 MB globals, 4 P
time="2026-08-06T19:57:07Z" level=info msg="Request URL /nodes?view=summary"
time="2026-08-06T19:57:07Z" level=info msg="Request URL /nodes?view=summary"
time="2026-08-06T19:57:07Z" level=info msg="Request URL /nodes?view=summary"
time="2026-08-06T19:57:07Z" level=info msg="Request URL /nodes?view=summary"
time="2026-08-06T19:57:07Z" level=info msg="Request URL /events"
gc 34 @78.875s 3%: 0.38+315+0.041 ms clock, 1.5+0/230/363+0.16 ms cpu, 439->439->236 MB, 473 MB goal, 0 MB stacks, 0 MB globals, 4 P
time="2026-08-06T19:57:07Z" level=info msg="Request URL /events"
time="2026-08-06T19:57:07Z" level=info msg="Request URL /events"
time="2026-08-06T19:57:07Z" level=info msg="Request URL /events"
time="2026-08-06T19:57:07Z" level=info msg="Request URL /events"
time="2026-08-06T19:57:07Z" level=info msg="Request URL /events"
time="2026-08-06T19:57:08Z" level=info msg="Request URL /events"
gc 35 @79.280s 3%: 0.15+314+0.032 ms clock, 0.60+0/178/399+0.13 ms cpu, 439->439->236 MB, 473 MB goal, 0 MB stacks, 0 MB globals, 4 P
time="2026-08-06T19:57:08Z" level=info msg="Request URL /events"
time="2026-08-06T19:57:08Z" level=info msg="Request URL /events"
time="2026-08-06T19:57:08Z" level=info msg="Request URL /events"
