gc 1 @0.156s 3%: 1.1+15+0.91 ms clock, 2.3+1.8/6.3/6.0+1.8 ms cpu, 3->3->2 MB, 4 MB goal, 0 MB stacks, 0 MB globals, 2 P
gc 2 @0.262s 3%: 0.10+8.9+3.4 ms clock, 0.21+0.22/4.7/4.9+6.9 ms cpu, 5->5->3 MB, 5 MB goal, 0 MB stacks, 0 MB globals, 2 P
time="2026-08-06T22:06:16Z" level=info msg="create client manager successfully, clients: 1"
time="2026-08-06T22:06:16Z" level=info msg="Begin to create s3 client ..."
time="2026-08-06T22:06:16Z" level=info msg="Checking if bucket ray-historyserver exists..."
time="2026-08-06T22:06:16Z" level=info msg="Bucket ray-historyserver already exists"
time="2026-08-06T22:06:16Z" level=info msg="Clean logdir is logs"
time="2026-08-06T22:06:16Z" level=info msg="Starting server on :8080"
gc 3 @0.470s 2%: 0.14+12+0.068 ms clock, 0.28+0.72/4.7/6.3+0.13 ms cpu, 8->8->5 MB, 8 MB goal, 0 MB stacks, 0 MB globals, 2 P
time="2026-08-06T22:06:17Z" level=info msg="Received request: GET /readz"
time="2026-08-06T22:06:17Z" level=info msg="live clusters: []"
time="2026-08-06T22:06:17Z" level=info msg="[List]Returned objects in log/cluster-metadata/. length of page.Contents: 2, length of page.CommonPrefixes: 0"
time="2026-08-06T22:06:17Z" level=error msg="Failed to parse meta file path: log/cluster-metadata/raycluster/test-ns-md2s2_raycluster-historyserver/, error: invalid path segment count for cluster metadata structure: log/cluster-metadata/raycluster/test-ns-md2s2_raycluster-historyserver/"
time="2026-08-06T22:06:17Z" level=info msg="Parsed cluster raycluster-historyserver for session session_2026-08-06_14-35-51_963761_1 to list"
time="2026-08-06T22:06:17Z" level=info msg="live clusters: []"
time="2026-08-06T22:06:17Z" level=info msg="[List]Returned objects in log/cluster-metadata/. length of page.Contents: 2, length of page.CommonPrefixes: 0"
time="2026-08-06T22:06:17Z" level=error msg="Failed to parse meta file path: log/cluster-metadata/raycluster/test-ns-md2s2_raycluster-historyserver/, error: invalid path segment count for cluster metadata structure: log/cluster-metadata/raycluster/test-ns-md2s2_raycluster-historyserver/"
time="2026-08-06T22:06:17Z" level=info msg="Parsed cluster raycluster-historyserver for session session_2026-08-06_14-35-51_963761_1 to list"
time="2026-08-06T22:06:17Z" level=info msg="live clusters: []"
time="2026-08-06T22:06:17Z" level=info msg="[List]Returned objects in log/cluster-metadata/. length of page.Contents: 2, length of page.CommonPrefixes: 0"
time="2026-08-06T22:06:17Z" level=error msg="Failed to parse meta file path: log/cluster-metadata/raycluster/test-ns-md2s2_raycluster-historyserver/, error: invalid path segment count for cluster metadata structure: log/cluster-metadata/raycluster/test-ns-md2s2_raycluster-historyserver/"
time="2026-08-06T22:06:17Z" level=info msg="Parsed cluster raycluster-historyserver for session session_2026-08-06_14-35-51_963761_1 to list"
time="2026-08-06T22:06:17Z" level=info msg="live clusters: []"
time="2026-08-06T22:06:17Z" level=info msg="[List]Returned objects in log/cluster-metadata/. length of page.Contents: 2, length of page.CommonPrefixes: 0"
time="2026-08-06T22:06:17Z" level=error msg="Failed to parse meta file path: log/cluster-metadata/raycluster/test-ns-md2s2_raycluster-historyserver/, error: invalid path segment count for cluster metadata structure: log/cluster-metadata/raycluster/test-ns-md2s2_raycluster-historyserver/"
time="2026-08-06T22:06:17Z" level=info msg="Parsed cluster raycluster-historyserver for session session_2026-08-06_14-35-51_963761_1 to list"
time="2026-08-06T22:06:17Z" level=info msg="live clusters: []"
time="2026-08-06T22:06:17Z" level=info msg="[List]Returned objects in log/cluster-metadata/. length of page.Contents: 2, length of page.CommonPrefixes: 0"
time="2026-08-06T22:06:17Z" level=error msg="Failed to parse meta file path: log/cluster-metadata/raycluster/test-ns-md2s2_raycluster-historyserver/, error: invalid path segment count for cluster metadata structure: log/cluster-metadata/raycluster/test-ns-md2s2_raycluster-historyserver/"
time="2026-08-06T22:06:17Z" level=info msg="Parsed cluster raycluster-historyserver for session session_2026-08-06_14-35-51_963761_1 to list"
time="2026-08-06T22:06:17Z" level=info msg="Received request: GET /enter_cluster/test-ns-md2s2/raycluster/raycluster-historyserver/session_2026-08-06_14-35-51_963761_1"
time="2026-08-06T22:06:17Z" level=info msg="[List]Returned objects in log/cluster-metadata/. length of page.Contents: 2, length of page.CommonPrefixes: 0"
time="2026-08-06T22:06:17Z" level=error msg="Failed to parse meta file path: log/cluster-metadata/raycluster/test-ns-md2s2_raycluster-historyserver/, error: invalid path segment count for cluster metadata structure: log/cluster-metadata/raycluster/test-ns-md2s2_raycluster-historyserver/"
time="2026-08-06T22:06:17Z" level=info msg="Parsed cluster raycluster-historyserver for session session_2026-08-06_14-35-51_963761_1 to list"
time="2026-08-06T22:06:17Z" level=info msg="[ListFiles]Returned objects in log/cluster-history/raycluster/test-ns-md2s2/raycluster-historyserver/session_2026-08-06_14-35-51_963761_1/. length of page.Contents: 0, length of page.CommonPrefixes: 3"
time="2026-08-06T22:06:17Z" level=info msg="[ListFiles]Returned objects in log/cluster-history/raycluster/test-ns-md2s2/raycluster-historyserver/session_2026-08-06_14-35-51_963761_1/233e17c28342cf36fd1d41ccb4c405d03155629dd63bee783cf1378e/logs/events/. length of page.Contents: 11, length of page.CommonPrefixes: 0"
time="2026-08-06T22:06:17Z" level=info msg="Prepare to get object log/cluster-history/raycluster/test-ns-md2s2/raycluster-historyserver/session_2026-08-06_14-35-51_963761_1/233e17c28342cf36fd1d41ccb4c405d03155629dd63bee783cf1378e/logs/events/event_AUTOSCALER.log info ..."
time="2026-08-06T22:06:17Z" level=info msg="Prepare to get object log/cluster-history/raycluster/test-ns-md2s2/raycluster-historyserver/session_2026-08-06_14-35-51_963761_1/233e17c28342cf36fd1d41ccb4c405d03155629dd63bee783cf1378e/logs/events/event_CORE_WORKER_1022.log info ..."
time="2026-08-06T22:06:17Z" level=info msg="Prepare to get object log/cluster-history/raycluster/test-ns-md2s2/raycluster-historyserver/session_2026-08-06_14-35-51_963761_1/233e17c28342cf36fd1d41ccb4c405d03155629dd63bee783cf1378e/logs/events/event_CORE_WORKER_1186.log info ..."
time="2026-08-06T22:06:17Z" level=info msg="Prepare to get object log/cluster-history/raycluster/test-ns-md2s2/raycluster-historyserver/session_2026-08-06_14-35-51_963761_1/233e17c28342cf36fd1d41ccb4c405d03155629dd63bee783cf1378e/logs/events/event_CORE_WORKER_202.log info ..."
time="2026-08-06T22:06:17Z" level=info msg="Prepare to get object log/cluster-history/raycluster/test-ns-md2s2/raycluster-historyserver/session_2026-08-06_14-35-51_963761_1/233e17c28342cf36fd1d41ccb4c405d03155629dd63bee783cf1378e/logs/events/event_CORE_WORKER_207.log info ..."
time="2026-08-06T22:06:17Z" level=info msg="Prepare to get object log/cluster-history/raycluster/test-ns-md2s2/raycluster-historyserver/session_2026-08-06_14-35-51_963761_1/233e17c28342cf36fd1d41ccb4c405d03155629dd63bee783cf1378e/logs/events/event_CORE_WORKER_680.log info ..."
time="2026-08-06T22:06:17Z" level=info msg="Prepare to get object log/cluster-history/raycluster/test-ns-md2s2/raycluster-historyserver/session_2026-08-06_14-35-51_963761_1/233e17c28342cf36fd1d41ccb4c405d03155629dd63bee783cf1378e/logs/events/event_CORE_WORKER_966.log info ..."
time="2026-08-06T22:06:17Z" level=info msg="Prepare to get object log/cluster-history/raycluster/test-ns-md2s2/raycluster-historyserver/session_2026-08-06_14-35-51_963761_1/233e17c28342cf36fd1d41ccb4c405d03155629dd63bee783cf1378e/logs/events/event_GCS.log info ..."
time="2026-08-06T22:06:17Z" level=info msg="Prepare to get object log/cluster-history/raycluster/test-ns-md2s2/raycluster-historyserver/session_2026-08-06_14-35-51_963761_1/233e17c28342cf36fd1d41ccb4c405d03155629dd63bee783cf1378e/logs/events/event_JOBS.log info ..."
time="2026-08-06T22:06:17Z" level=info msg="Prepare to get object log/cluster-history/raycluster/test-ns-md2s2/raycluster-historyserver/session_2026-08-06_14-35-51_963761_1/233e17c28342cf36fd1d41ccb4c405d03155629dd63bee783cf1378e/logs/events/event_RAYLET.log info ..."
time="2026-08-06T22:06:17Z" level=info msg="[ListFiles]Returned objects in log/cluster-history/raycluster/test-ns-md2s2/raycluster-historyserver/session_2026-08-06_14-35-51_963761_1/9431d235d70e6a97efd532473fb6b5e7fab758f46861051c96d90352/logs/events/. length of page.Contents: 13, length of page.CommonPrefixes: 0"
time="2026-08-06T22:06:17Z" level=info msg="Prepare to get object log/cluster-history/raycluster/test-ns-md2s2/raycluster-historyserver/session_2026-08-06_14-35-51_963761_1/9431d235d70e6a97efd532473fb6b5e7fab758f46861051c96d90352/logs/events/event_CORE_WORKER_228.log info ..."
time="2026-08-06T22:06:17Z" level=info msg="Prepare to get object log/cluster-history/raycluster/test-ns-md2s2/raycluster-historyserver/session_2026-08-06_14-35-51_963761_1/9431d235d70e6a97efd532473fb6b5e7fab758f46861051c96d90352/logs/events/event_CORE_WORKER_229.log info ..."
time="2026-08-06T22:06:17Z" level=info msg="Prepare to get object log/cluster-history/raycluster/test-ns-md2s2/raycluster-historyserver/session_2026-08-06_14-35-51_963761_1/9431d235d70e6a97efd532473fb6b5e7fab758f46861051c96d90352/logs/events/event_CORE_WORKER_309.log info ..."
time="2026-08-06T22:06:17Z" level=info msg="Prepare to get object log/cluster-history/raycluster/test-ns-md2s2/raycluster-historyserver/session_2026-08-06_14-35-51_963761_1/9431d235d70e6a97efd532473fb6b5e7fab758f46861051c96d90352/logs/events/event_CORE_WORKER_317.log info ..."
time="2026-08-06T22:06:17Z" level=info msg="Prepare to get object log/cluster-history/raycluster/test-ns-md2s2/raycluster-historyserver/session_2026-08-06_14-35-51_963761_1/9431d235d70e6a97efd532473fb6b5e7fab758f46861051c96d90352/logs/events/event_CORE_WORKER_416.log info ..."
time="2026-08-06T22:06:17Z" level=info msg="Prepare to get object log/cluster-history/raycluster/test-ns-md2s2/raycluster-historyserver/session_2026-08-06_14-35-51_963761_1/9431d235d70e6a97efd532473fb6b5e7fab758f46861051c96d90352/logs/events/event_CORE_WORKER_421.log info ..."
time="2026-08-06T22:06:17Z" level=info msg="Prepare to get object log/cluster-history/raycluster/test-ns-md2s2/raycluster-historyserver/session_2026-08-06_14-35-51_963761_1/9431d235d70e6a97efd532473fb6b5e7fab758f46861051c96d90352/logs/events/event_CORE_WORKER_510.log info ..."
time="2026-08-06T22:06:17Z" level=info msg="Prepare to get object log/cluster-history/raycluster/test-ns-md2s2/raycluster-historyserver/session_2026-08-06_14-35-51_963761_1/9431d235d70e6a97efd532473fb6b5e7fab758f46861051c96d90352/logs/events/event_CORE_WORKER_515.log info ..."
time="2026-08-06T22:06:17Z" level=info msg="Prepare to get object log/cluster-history/raycluster/test-ns-md2s2/raycluster-historyserver/session_2026-08-06_14-35-51_963761_1/9431d235d70e6a97efd532473fb6b5e7fab758f46861051c96d90352/logs/events/event_CORE_WORKER_589.log info ..."
time="2026-08-06T22:06:17Z" level=info msg="Prepare to get object log/cluster-history/raycluster/test-ns-md2s2/raycluster-historyserver/session_2026-08-06_14-35-51_963761_1/9431d235d70e6a97efd532473fb6b5e7fab758f46861051c96d90352/logs/events/event_CORE_WORKER_610.log info ..."
time="2026-08-06T22:06:17Z" level=info msg="Prepare to get object log/cluster-history/raycluster/test-ns-md2s2/raycluster-historyserver/session_2026-08-06_14-35-51_963761_1/9431d235d70e6a97efd532473fb6b5e7fab758f46861051c96d90352/logs/events/event_CORE_WORKER_683.log info ..."
time="2026-08-06T22:06:17Z" level=info msg="Prepare to get object log/cluster-history/raycluster/test-ns-md2s2/raycluster-historyserver/session_2026-08-06_14-35-51_963761_1/9431d235d70e6a97efd532473fb6b5e7fab758f46861051c96d90352/logs/events/event_RAYLET.log info ..."
time="2026-08-06T22:06:17Z" level=info msg="[ListFiles]Returned objects in log/cluster-history/raycluster/test-ns-md2s2/raycluster-historyserver/session_2026-08-06_14-35-51_963761_1/fetched_endpoints/logs/events/. length of page.Contents: 0, length of page.CommonPrefixes: 0"
time="2026-08-06T22:06:17Z" level=info msg="[ListFiles]Returned objects in log/cluster-history/raycluster/test-ns-md2s2/raycluster-historyserver/session_2026-08-06_14-35-51_963761_1/. length of page.Contents: 0, length of page.CommonPrefixes: 3"
time="2026-08-06T22:06:17Z" level=info msg="[ListFiles]Returned objects in log/cluster-history/raycluster/test-ns-md2s2/raycluster-historyserver/session_2026-08-06_14-35-51_963761_1/233e17c28342cf36fd1d41ccb4c405d03155629dd63bee783cf1378e/job_events/. length of page.Contents: 0, length of page.CommonPrefixes: 4"
time="2026-08-06T22:06:17Z" level=info msg="[ListFiles]Returned objects in log/cluster-history/raycluster/test-ns-md2s2/raycluster-historyserver/session_2026-08-06_14-35-51_963761_1/233e17c28342cf36fd1d41ccb4c405d03155629dd63bee783cf1378e/job_events/01000000/. length of page.Contents: 2, length of page.CommonPrefixes: 0"
time="2026-08-06T22:06:17Z" level=info msg="[ListFiles]Returned objects in log/cluster-history/raycluster/test-ns-md2s2/raycluster-historyserver/session_2026-08-06_14-35-51_963761_1/233e17c28342cf36fd1d41ccb4c405d03155629dd63bee783cf1378e/job_events/02000000/. length of page.Contents: 2, length of page.CommonPrefixes: 0"
time="2026-08-06T22:06:17Z" level=info msg="[ListFiles]Returned objects in log/cluster-history/raycluster/test-ns-md2s2/raycluster-historyserver/session_2026-08-06_14-35-51_963761_1/233e17c28342cf36fd1d41ccb4c405d03155629dd63bee783cf1378e/job_events/03000000/. length of page.Contents: 2, length of page.CommonPrefixes: 0"
time="2026-08-06T22:06:17Z" level=info msg="[ListFiles]Returned objects in log/cluster-history/raycluster/test-ns-md2s2/raycluster-historyserver/session_2026-08-06_14-35-51_963761_1/233e17c28342cf36fd1d41ccb4c405d03155629dd63bee783cf1378e/job_events/04000000/. length of page.Contents: 2, length of page.CommonPrefixes: 0"
time="2026-08-06T22:06:17Z" level=info msg="[ListFiles]Returned objects in log/cluster-history/raycluster/test-ns-md2s2/raycluster-historyserver/session_2026-08-06_14-35-51_963761_1/9431d235d70e6a97efd532473fb6b5e7fab758f46861051c96d90352/job_events/. length of page.Contents: 0, length of page.CommonPrefixes: 1"
time="2026-08-06T22:06:17Z" level=info msg="[ListFiles]Returned objects in log/cluster-history/raycluster/test-ns-md2s2/raycluster-historyserver/session_2026-08-06_14-35-51_963761_1/9431d235d70e6a97efd532473fb6b5e7fab758f46861051c96d90352/job_events/03000000/. length of page.Contents: 2, length of page.CommonPrefixes: 0"
time="2026-08-06T22:06:17Z" level=info msg="[ListFiles]Returned objects in log/cluster-history/raycluster/test-ns-md2s2/raycluster-historyserver/session_2026-08-06_14-35-51_963761_1/fetched_endpoints/job_events/. length of page.Contents: 0, length of page.CommonPrefixes: 0"
time="2026-08-06T22:06:17Z" level=info msg="[ListFiles]Returned objects in log/cluster-history/raycluster/test-ns-md2s2/raycluster-historyserver/session_2026-08-06_14-35-51_963761_1/. length of page.Contents: 0, length of page.CommonPrefixes: 3"
time="2026-08-06T22:06:17Z" level=info msg="[ListFiles]Returned objects in log/cluster-history/raycluster/test-ns-md2s2/raycluster-historyserver/session_2026-08-06_14-35-51_963761_1/233e17c28342cf36fd1d41ccb4c405d03155629dd63bee783cf1378e/node_events/. length of page.Contents: 2, length of page.CommonPrefixes: 0"
time="2026-08-06T22:06:17Z" level=info msg="[ListFiles]Returned objects in log/cluster-history/raycluster/test-ns-md2s2/raycluster-historyserver/session_2026-08-06_14-35-51_963761_1/9431d235d70e6a97efd532473fb6b5e7fab758f46861051c96d90352/node_events/. length of page.Contents: 0, length of page.CommonPrefixes: 0"
time="2026-08-06T22:06:17Z" level=info msg="[ListFiles]Returned objects in log/cluster-history/raycluster/test-ns-md2s2/raycluster-historyserver/session_2026-08-06_14-35-51_963761_1/fetched_endpoints/node_events/. length of page.Contents: 0, length of page.CommonPrefixes: 0"
time="2026-08-06T22:06:17Z" level=info msg="Prepare to get object log/cluster-history/raycluster/test-ns-md2s2/raycluster-historyserver/session_2026-08-06_14-35-51_963761_1/233e17c28342cf36fd1d41ccb4c405d03155629dd63bee783cf1378e/job_events/01000000/233e17c28342cf36fd1d41ccb4c405d03155629dd63bee783cf1378e-2026-08-06-21-1786052157192018385.jsonl info ..."
time="2026-08-06T22:06:17Z" level=info msg="Prepare to get object log/cluster-history/raycluster/test-ns-md2s2/raycluster-historyserver/session_2026-08-06_14-35-51_963761_1/233e17c28342cf36fd1d41ccb4c405d03155629dd63bee783cf1378e/job_events/02000000/233e17c28342cf36fd1d41ccb4c405d03155629dd63bee783cf1378e-2026-08-06-21-1786052176255445838.jsonl info ..."
gc 4 @1.836s 0%: 0.15+10+0.10 ms clock, 0.30+2.2/3.3/8.6+0.20 ms cpu, 12->12->7 MB, 12 MB goal, 0 MB stacks, 0 MB globals, 2 P
time="2026-08-06T22:06:17Z" level=info msg="Prepare to get object log/cluster-history/raycluster/test-ns-md2s2/raycluster-historyserver/session_2026-08-06_14-35-51_963761_1/233e17c28342cf36fd1d41ccb4c405d03155629dd63bee783cf1378e/job_events/03000000/233e17c28342cf36fd1d41ccb4c405d03155629dd63bee783cf1378e-2026-08-06-21-1786052177259732380.jsonl info ..."
gc 5 @1.858s 1%: 0.16+7.8+0.048 ms clock, 0.32+2.5/3.2/7.0+0.097 ms cpu, 15->15->14 MB, 16 MB goal, 0 MB stacks, 0 MB globals, 2 P
gc 6 @1.880s 1%: 0.14+11+0.19 ms clock, 0.29+0/5.8/10+0.39 ms cpu, 34->34->34 MB, 34 MB goal, 0 MB stacks, 0 MB globals, 2 P
gc 7 @1.909s 1%: 0.14+15+0.031 ms clock, 0.28+0/8.4/11+0.062 ms cpu, 69->69->69 MB, 69 MB goal, 0 MB stacks, 0 MB globals, 2 P
gc 8 @1.965s 1%: 0.39+40+2.6 ms clock, 0.79+0.95/10/29+5.2 ms cpu, 187->206->174 MB, 187 MB goal, 0 MB stacks, 0 MB globals, 2 P
gc 9 @2.054s 1%: 0.14+38+0.072 ms clock, 0.29+0/12/28+0.14 ms cpu, 337->337->181 MB, 350 MB goal, 0 MB stacks, 0 MB globals, 2 P
gc 10 @4.644s 1%: 0.15+183+0.092 ms clock, 0.30+0.89/96/132+0.18 ms cpu, 315->320->202 MB, 362 MB goal, 0 MB stacks, 0 MB globals, 2 P
gc 11 @7.493s 2%: 0.13+408+0.084 ms clock, 0.26+0.082/207/300+0.16 ms cpu, 345->356->320 MB, 405 MB goal, 0 MB stacks, 0 MB globals, 2 P
gc 12 @12.235s 2%: 0.12+667+0.084 ms clock, 0.25+0.093/340/493+0.16 ms cpu, 546->559->391 MB, 642 MB goal, 0 MB stacks, 0 MB globals, 2 P
gc 13 @19.425s 3%: 0.15+998+0.14 ms clock, 0.30+0.10/506/510+0.28 ms cpu, 667->692->450 MB, 783 MB goal, 0 MB stacks, 0 MB globals, 2 P
time="2026-08-06T22:06:39Z" level=info msg="Prepare to get object log/cluster-history/raycluster/test-ns-md2s2/raycluster-historyserver/session_2026-08-06_14-35-51_963761_1/233e17c28342cf36fd1d41ccb4c405d03155629dd63bee783cf1378e/job_events/04000000/233e17c28342cf36fd1d41ccb4c405d03155629dd63bee783cf1378e-2026-08-06-21-1786052191213515220.jsonl info ..."
time="2026-08-06T22:06:39Z" level=info msg="Prepare to get object log/cluster-history/raycluster/test-ns-md2s2/raycluster-historyserver/session_2026-08-06_14-35-51_963761_1/9431d235d70e6a97efd532473fb6b5e7fab758f46861051c96d90352/job_events/03000000/9431d235d70e6a97efd532473fb6b5e7fab758f46861051c96d90352-2026-08-06-21-1786052178370981047.jsonl info ..."
gc 14 @23.487s 2%: 0.16+189+0.13 ms clock, 0.32+57/110/105+0.26 ms cpu, 887->890->212 MB, 901 MB goal, 0 MB stacks, 0 MB globals, 2 P
gc 15 @27.854s 2%: 0.16+478+0.094 ms clock, 0.32+0.32/256/283+0.18 ms cpu, 414->428->310 MB, 424 MB goal, 0 MB stacks, 0 MB globals, 2 P
time="2026-08-06T22:06:46Z" level=error msg="Failed to store events for file session_2026-08-06_14-35-51_963761_1/9431d235d70e6a97efd532473fb6b5e7fab758f46861051c96d90352/job_events/03000000/9431d235d70e6a97efd532473fb6b5e7fab758f46861051c96d90352-2026-08-06-21-1786052178370981047.jsonl: TASK_LIFECYCLE_EVENT must have at least one state transition"
time="2026-08-06T22:06:46Z" level=error msg="Failed to store events for file session_2026-08-06_14-35-51_963761_1/9431d235d70e6a97efd532473fb6b5e7fab758f46861051c96d90352/job_events/03000000/9431d235d70e6a97efd532473fb6b5e7fab758f46861051c96d90352-2026-08-06-21-1786052178370981047.jsonl: TASK_LIFECYCLE_EVENT must have at least one state transition"
time="2026-08-06T22:06:47Z" level=error msg="Failed to store events for file session_2026-08-06_14-35-51_963761_1/9431d235d70e6a97efd532473fb6b5e7fab758f46861051c96d90352/job_events/03000000/9431d235d70e6a97efd532473fb6b5e7fab758f46861051c96d90352-2026-08-06-21-1786052178370981047.jsonl: TASK_LIFECYCLE_EVENT must have at least one state transition"
time="2026-08-06T22:06:47Z" level=error msg="Failed to store events for file session_2026-08-06_14-35-51_963761_1/9431d235d70e6a97efd532473fb6b5e7fab758f46861051c96d90352/job_events/03000000/9431d235d70e6a97efd532473fb6b5e7fab758f46861051c96d90352-2026-08-06-21-1786052178370981047.jsonl: TASK_LIFECYCLE_EVENT must have at least one state transition"
time="2026-08-06T22:06:47Z" level=error msg="Failed to store events for file session_2026-08-06_14-35-51_963761_1/9431d235d70e6a97efd532473fb6b5e7fab758f46861051c96d90352/job_events/03000000/9431d235d70e6a97efd532473fb6b5e7fab758f46861051c96d90352-2026-08-06-21-1786052178370981047.jsonl: TASK_LIFECYCLE_EVENT must have at least one state transition"
time="2026-08-06T22:06:47Z" level=error msg="Failed to store events for file session_2026-08-06_14-35-51_963761_1/9431d235d70e6a97efd532473fb6b5e7fab758f46861051c96d90352/job_events/03000000/9431d235d70e6a97efd532473fb6b5e7fab758f46861051c96d90352-2026-08-06-21-1786052178370981047.jsonl: TASK_LIFECYCLE_EVENT must have at least one state transition"
time="2026-08-06T22:06:47Z" level=error msg="Failed to store events for file session_2026-08-06_14-35-51_963761_1/9431d235d70e6a97efd532473fb6b5e7fab758f46861051c96d90352/job_events/03000000/9431d235d70e6a97efd532473fb6b5e7fab758f46861051c96d90352-2026-08-06-21-1786052178370981047.jsonl: TASK_LIFECYCLE_EVENT must have at least one state transition"
time="2026-08-06T22:06:47Z" level=error msg="Failed to store events for file session_2026-08-06_14-35-51_963761_1/9431d235d70e6a97efd532473fb6b5e7fab758f46861051c96d90352/job_events/03000000/9431d235d70e6a97efd532473fb6b5e7fab758f46861051c96d90352-2026-08-06-21-1786052178370981047.jsonl: TASK_LIFECYCLE_EVENT must have at least one state transition"
time="2026-08-06T22:06:47Z" level=error msg="Failed to store events for file session_2026-08-06_14-35-51_963761_1/9431d235d70e6a97efd532473fb6b5e7fab758f46861051c96d90352/job_events/03000000/9431d235d70e6a97efd532473fb6b5e7fab758f46861051c96d90352-2026-08-06-21-1786052178370981047.jsonl: TASK_LIFECYCLE_EVENT must have at least one state transition"
time="2026-08-06T22:06:47Z" level=error msg="Failed to store events for file session_2026-08-06_14-35-51_963761_1/9431d235d70e6a97efd532473fb6b5e7fab758f46861051c96d90352/job_events/03000000/9431d235d70e6a97efd532473fb6b5e7fab758f46861051c96d90352-2026-08-06-21-1786052178370981047.jsonl: TASK_LIFECYCLE_EVENT must have at least one state transition"
time="2026-08-06T22:06:48Z" level=error msg="Failed to store events for file session_2026-08-06_14-35-51_963761_1/9431d235d70e6a97efd532473fb6b5e7fab758f46861051c96d90352/job_events/03000000/9431d235d70e6a97efd532473fb6b5e7fab758f46861051c96d90352-2026-08-06-21-1786052178370981047.jsonl: TASK_LIFECYCLE_EVENT must have at least one state transition"
time="2026-08-06T22:06:48Z" level=error msg="Failed to store events for file session_2026-08-06_14-35-51_963761_1/9431d235d70e6a97efd532473fb6b5e7fab758f46861051c96d90352/job_events/03000000/9431d235d70e6a97efd532473fb6b5e7fab758f46861051c96d90352-2026-08-06-21-1786052178370981047.jsonl: TASK_LIFECYCLE_EVENT must have at least one state transition"
time="2026-08-06T22:06:48Z" level=error msg="Failed to store events for file session_2026-08-06_14-35-51_963761_1/9431d235d70e6a97efd532473fb6b5e7fab758f46861051c96d90352/job_events/03000000/9431d235d70e6a97efd532473fb6b5e7fab758f46861051c96d90352-2026-08-06-21-1786052178370981047.jsonl: TASK_LIFECYCLE_EVENT must have at least one state transition"
time="2026-08-06T22:06:48Z" level=error msg="Failed to store events for file session_2026-08-06_14-35-51_963761_1/9431d235d70e6a97efd532473fb6b5e7fab758f46861051c96d90352/job_events/03000000/9431d235d70e6a97efd532473fb6b5e7fab758f46861051c96d90352-2026-08-06-21-1786052178370981047.jsonl: TASK_LIFECYCLE_EVENT must have at least one state transition"
time="2026-08-06T22:06:48Z" level=error msg="Failed to store events for file session_2026-08-06_14-35-51_963761_1/9431d235d70e6a97efd532473fb6b5e7fab758f46861051c96d90352/job_events/03000000/9431d235d70e6a97efd532473fb6b5e7fab758f46861051c96d90352-2026-08-06-21-1786052178370981047.jsonl: TASK_LIFECYCLE_EVENT must have at least one state transition"
time="2026-08-06T22:06:48Z" level=error msg="Failed to store events for file session_2026-08-06_14-35-51_963761_1/9431d235d70e6a97efd532473fb6b5e7fab758f46861051c96d90352/job_events/03000000/9431d235d70e6a97efd532473fb6b5e7fab758f46861051c96d90352-2026-08-06-21-1786052178370981047.jsonl: TASK_LIFECYCLE_EVENT must have at least one state transition"
time="2026-08-06T22:06:48Z" level=error msg="Failed to store events for file session_2026-08-06_14-35-51_963761_1/9431d235d70e6a97efd532473fb6b5e7fab758f46861051c96d90352/job_events/03000000/9431d235d70e6a97efd532473fb6b5e7fab758f46861051c96d90352-2026-08-06-21-1786052178370981047.jsonl: TASK_LIFECYCLE_EVENT must have at least one state transition"
time="2026-08-06T22:06:48Z" level=error msg="Failed to store events for file session_2026-08-06_14-35-51_963761_1/9431d235d70e6a97efd532473fb6b5e7fab758f46861051c96d90352/job_events/03000000/9431d235d70e6a97efd532473fb6b5e7fab758f46861051c96d90352-2026-08-06-21-1786052178370981047.jsonl: TASK_LIFECYCLE_EVENT must have at least one state transition"
time="2026-08-06T22:06:49Z" level=error msg="Failed to store events for file session_2026-08-06_14-35-51_963761_1/9431d235d70e6a97efd532473fb6b5e7fab758f46861051c96d90352/job_events/03000000/9431d235d70e6a97efd532473fb6b5e7fab758f46861051c96d90352-2026-08-06-21-1786052178370981047.jsonl: TASK_LIFECYCLE_EVENT must have at least one state transition"
time="2026-08-06T22:06:49Z" level=error msg="Failed to store events for file session_2026-08-06_14-35-51_963761_1/9431d235d70e6a97efd532473fb6b5e7fab758f46861051c96d90352/job_events/03000000/9431d235d70e6a97efd532473fb6b5e7fab758f46861051c96d90352-2026-08-06-21-1786052178370981047.jsonl: TASK_LIFECYCLE_EVENT must have at least one state transition"
time="2026-08-06T22:06:49Z" level=error msg="Failed to store events for file session_2026-08-06_14-35-51_963761_1/9431d235d70e6a97efd532473fb6b5e7fab758f46861051c96d90352/job_events/03000000/9431d235d70e6a97efd532473fb6b5e7fab758f46861051c96d90352-2026-08-06-21-1786052178370981047.jsonl: TASK_LIFECYCLE_EVENT must have at least one state transition"
time="2026-08-06T22:06:49Z" level=error msg="Failed to store events for file session_2026-08-06_14-35-51_963761_1/9431d235d70e6a97efd532473fb6b5e7fab758f46861051c96d90352/job_events/03000000/9431d235d70e6a97efd532473fb6b5e7fab758f46861051c96d90352-2026-08-06-21-1786052178370981047.jsonl: TASK_LIFECYCLE_EVENT must have at least one state transition"
time="2026-08-06T22:06:50Z" level=error msg="Failed to store events for file session_2026-08-06_14-35-51_963761_1/9431d235d70e6a97efd532473fb6b5e7fab758f46861051c96d90352/job_events/03000000/9431d235d70e6a97efd532473fb6b5e7fab758f46861051c96d90352-2026-08-06-21-1786052178370981047.jsonl: TASK_LIFECYCLE_EVENT must have at least one state transition"
time="2026-08-06T22:06:50Z" level=error msg="Failed to store events for file session_2026-08-06_14-35-51_963761_1/9431d235d70e6a97efd532473fb6b5e7fab758f46861051c96d90352/job_events/03000000/9431d235d70e6a97efd532473fb6b5e7fab758f46861051c96d90352-2026-08-06-21-1786052178370981047.jsonl: TASK_LIFECYCLE_EVENT must have at least one state transition"
time="2026-08-06T22:06:50Z" level=error msg="Failed to store events for file session_2026-08-06_14-35-51_963761_1/9431d235d70e6a97efd532473fb6b5e7fab758f46861051c96d90352/job_events/03000000/9431d235d70e6a97efd532473fb6b5e7fab758f46861051c96d90352-2026-08-06-21-1786052178370981047.jsonl: TASK_LIFECYCLE_EVENT must have at least one state transition"
time="2026-08-06T22:06:50Z" level=error msg="Failed to store events for file session_2026-08-06_14-35-51_963761_1/9431d235d70e6a97efd532473fb6b5e7fab758f46861051c96d90352/job_events/03000000/9431d235d70e6a97efd532473fb6b5e7fab758f46861051c96d90352-2026-08-06-21-1786052178370981047.jsonl: TASK_LIFECYCLE_EVENT must have at least one state transition"
time="2026-08-06T22:06:50Z" level=error msg="Failed to store events for file session_2026-08-06_14-35-51_963761_1/9431d235d70e6a97efd532473fb6b5e7fab758f46861051c96d90352/job_events/03000000/9431d235d70e6a97efd532473fb6b5e7fab758f46861051c96d90352-2026-08-06-21-1786052178370981047.jsonl: TASK_LIFECYCLE_EVENT must have at least one state transition"
time="2026-08-06T22:06:50Z" level=error msg="Failed to store events for file session_2026-08-06_14-35-51_963761_1/9431d235d70e6a97efd532473fb6b5e7fab758f46861051c96d90352/job_events/03000000/9431d235d70e6a97efd532473fb6b5e7fab758f46861051c96d90352-2026-08-06-21-1786052178370981047.jsonl: TASK_LIFECYCLE_EVENT must have at least one state transition"
time="2026-08-06T22:06:51Z" level=error msg="Failed to store events for file session_2026-08-06_14-35-51_963761_1/9431d235d70e6a97efd532473fb6b5e7fab758f46861051c96d90352/job_events/03000000/9431d235d70e6a97efd532473fb6b5e7fab758f46861051c96d90352-2026-08-06-21-1786052178370981047.jsonl: TASK_LIFECYCLE_EVENT must have at least one state transition"
time="2026-08-06T22:06:51Z" level=error msg="Failed to store events for file session_2026-08-06_14-35-51_963761_1/9431d235d70e6a97efd532473fb6b5e7fab758f46861051c96d90352/job_events/03000000/9431d235d70e6a97efd532473fb6b5e7fab758f46861051c96d90352-2026-08-06-21-1786052178370981047.jsonl: TASK_LIFECYCLE_EVENT must have at least one state transition"
time="2026-08-06T22:06:51Z" level=error msg="Failed to store events for file session_2026-08-06_14-35-51_963761_1/9431d235d70e6a97efd532473fb6b5e7fab758f46861051c96d90352/job_events/03000000/9431d235d70e6a97efd532473fb6b5e7fab758f46861051c96d90352-2026-08-06-21-1786052178370981047.jsonl: TASK_LIFECYCLE_EVENT must have at least one state transition"
gc 16 @34.877s 2%: 0.20+657+0.077 ms clock, 0.41+0.27/341/483+0.15 ms cpu, 591->604->343 MB, 622 MB goal, 0 MB stacks, 0 MB globals, 2 P
time="2026-08-06T22:06:51Z" level=error msg="Failed to store events for file session_2026-08-06_14-35-51_963761_1/9431d235d70e6a97efd532473fb6b5e7fab758f46861051c96d90352/job_events/03000000/9431d235d70e6a97efd532473fb6b5e7fab758f46861051c96d90352-2026-08-06-21-1786052178370981047.jsonl: TASK_LIFECYCLE_EVENT must have at least one state transition"
time="2026-08-06T22:06:51Z" level=error msg="Failed to store events for file session_2026-08-06_14-35-51_963761_1/9431d235d70e6a97efd532473fb6b5e7fab758f46861051c96d90352/job_events/03000000/9431d235d70e6a97efd532473fb6b5e7fab758f46861051c96d90352-2026-08-06-21-1786052178370981047.jsonl: TASK_LIFECYCLE_EVENT must have at least one state transition"
time="2026-08-06T22:06:51Z" level=error msg="Failed to store events for file session_2026-08-06_14-35-51_963761_1/9431d235d70e6a97efd532473fb6b5e7fab758f46861051c96d90352/job_events/03000000/9431d235d70e6a97efd532473fb6b5e7fab758f46861051c96d90352-2026-08-06-21-1786052178370981047.jsonl: TASK_LIFECYCLE_EVENT must have at least one state transition"
time="2026-08-06T22:06:52Z" level=error msg="Failed to store events for file session_2026-08-06_14-35-51_963761_1/9431d235d70e6a97efd532473fb6b5e7fab758f46861051c96d90352/job_events/03000000/9431d235d70e6a97efd532473fb6b5e7fab758f46861051c96d90352-2026-08-06-21-1786052178370981047.jsonl: TASK_LIFECYCLE_EVENT must have at least one state transition"
time="2026-08-06T22:06:52Z" level=error msg="Failed to store events for file session_2026-08-06_14-35-51_963761_1/9431d235d70e6a97efd532473fb6b5e7fab758f46861051c96d90352/job_events/03000000/9431d235d70e6a97efd532473fb6b5e7fab758f46861051c96d90352-2026-08-06-21-1786052178370981047.jsonl: TASK_LIFECYCLE_EVENT must have at least one state transition"
time="2026-08-06T22:06:52Z" level=error msg="Failed to store events for file session_2026-08-06_14-35-51_963761_1/9431d235d70e6a97efd532473fb6b5e7fab758f46861051c96d90352/job_events/03000000/9431d235d70e6a97efd532473fb6b5e7fab758f46861051c96d90352-2026-08-06-21-1786052178370981047.jsonl: TASK_LIFECYCLE_EVENT must have at least one state transition"
time="2026-08-06T22:06:53Z" level=error msg="Failed to store events for file session_2026-08-06_14-35-51_963761_1/9431d235d70e6a97efd532473fb6b5e7fab758f46861051c96d90352/job_events/03000000/9431d235d70e6a97efd532473fb6b5e7fab758f46861051c96d90352-2026-08-06-21-1786052178370981047.jsonl: TASK_LIFECYCLE_EVENT must have at least one state transition"
time="2026-08-06T22:06:53Z" level=error msg="Failed to store events for file session_2026-08-06_14-35-51_963761_1/9431d235d70e6a97efd532473fb6b5e7fab758f46861051c96d90352/job_events/03000000/9431d235d70e6a97efd532473fb6b5e7fab758f46861051c96d90352-2026-08-06-21-1786052178370981047.jsonl: TASK_LIFECYCLE_EVENT must have at least one state transition"
time="2026-08-06T22:06:53Z" level=error msg="Failed to store events for file session_2026-08-06_14-35-51_963761_1/9431d235d70e6a97efd532473fb6b5e7fab758f46861051c96d90352/job_events/03000000/9431d235d70e6a97efd532473fb6b5e7fab758f46861051c96d90352-2026-08-06-21-1786052178370981047.jsonl: TASK_LIFECYCLE_EVENT must have at least one state transition"
time="2026-08-06T22:06:53Z" level=error msg="Failed to store events for file session_2026-08-06_14-35-51_963761_1/9431d235d70e6a97efd532473fb6b5e7fab758f46861051c96d90352/job_events/03000000/9431d235d70e6a97efd532473fb6b5e7fab758f46861051c96d90352-2026-08-06-21-1786052178370981047.jsonl: TASK_LIFECYCLE_EVENT must have at least one state transition"
time="2026-08-06T22:06:54Z" level=error msg="Failed to store events for file session_2026-08-06_14-35-51_963761_1/9431d235d70e6a97efd532473fb6b5e7fab758f46861051c96d90352/job_events/03000000/9431d235d70e6a97efd532473fb6b5e7fab758f46861051c96d90352-2026-08-06-21-1786052178370981047.jsonl: TASK_LIFECYCLE_EVENT must have at least one state transition"
time="2026-08-06T22:06:54Z" level=error msg="Failed to store events for file session_2026-08-06_14-35-51_963761_1/9431d235d70e6a97efd532473fb6b5e7fab758f46861051c96d90352/job_events/03000000/9431d235d70e6a97efd532473fb6b5e7fab758f46861051c96d90352-2026-08-06-21-1786052178370981047.jsonl: TASK_LIFECYCLE_EVENT must have at least one state transition"
time="2026-08-06T22:06:54Z" level=error msg="Failed to store events for file session_2026-08-06_14-35-51_963761_1/9431d235d70e6a97efd532473fb6b5e7fab758f46861051c96d90352/job_events/03000000/9431d235d70e6a97efd532473fb6b5e7fab758f46861051c96d90352-2026-08-06-21-1786052178370981047.jsonl: TASK_LIFECYCLE_EVENT must have at least one state transition"
time="2026-08-06T22:06:54Z" level=info msg="Prepare to get object log/cluster-history/raycluster/test-ns-md2s2/raycluster-historyserver/session_2026-08-06_14-35-51_963761_1/233e17c28342cf36fd1d41ccb4c405d03155629dd63bee783cf1378e/node_events/233e17c28342cf36fd1d41ccb4c405d03155629dd63bee783cf1378e-2026-08-06-21-1786052156520112551.jsonl info ..."
time="2026-08-06T22:06:55Z" level=info msg="Received request: GET /enter_cluster/test-ns-md2s2/raycluster/raycluster-historyserver/session_2026-08-06_14-35-51_963761_1"
time="2026-08-06T22:06:55Z" level=info msg="[List]Returned objects in log/cluster-metadata/. length of page.Contents: 2, length of page.CommonPrefixes: 0"
time="2026-08-06T22:06:55Z" level=error msg="Failed to parse meta file path: log/cluster-metadata/raycluster/test-ns-md2s2_raycluster-historyserver/, error: invalid path segment count for cluster metadata structure: log/cluster-metadata/raycluster/test-ns-md2s2_raycluster-historyserver/"
time="2026-08-06T22:06:55Z" level=info msg="Parsed cluster raycluster-historyserver for session session_2026-08-06_14-35-51_963761_1 to list"
time="2026-08-06T22:06:55Z" level=info msg="Received request: GET /api/v0/tasks?limit=50000"
time="2026-08-06T22:06:55Z" level=info msg="Request URL /api/v0/tasks?limit=50000"
time="2026-08-06T22:06:55Z" level=info msg="Received request: GET /api/v0/tasks?limit=50000"
time="2026-08-06T22:06:55Z" level=info msg="Request URL /api/v0/tasks?limit=50000"
time="2026-08-06T22:06:55Z" level=info msg="Received request: GET /api/v0/tasks?limit=50000"
time="2026-08-06T22:06:55Z" level=info msg="Request URL /api/v0/tasks?limit=50000"
time="2026-08-06T22:06:55Z" level=info msg="Received request: GET /api/v0/tasks/summarize"
time="2026-08-06T22:06:55Z" level=info msg="Request URL /api/v0/tasks/summarize"
gc 17 @39.763s 2%: 0.17+201+0.18 ms clock, 0.34+61/100/123+0.36 ms cpu, 647->660->140 MB, 687 MB goal, 0 MB stacks, 0 MB globals, 2 P
time="2026-08-06T22:06:56Z" level=info msg="Received request: GET /api/v0/tasks/summarize"
time="2026-08-06T22:06:56Z" level=info msg="Request URL /api/v0/tasks/summarize"
gc 18 @40.286s 2%: 0.74+287+0.097 ms clock, 1.4+0/141/186+0.19 ms cpu, 239->265->147 MB, 280 MB goal, 0 MB stacks, 0 MB globals, 2 P
time="2026-08-06T22:06:56Z" level=info msg="Received request: GET /api/v0/tasks/summarize"
time="2026-08-06T22:06:56Z" level=info msg="Request URL /api/v0/tasks/summarize"
gc 19 @40.866s 3%: 0.12+312+0.084 ms clock, 0.25+0/164/69+0.16 ms cpu, 254->280->147 MB, 295 MB goal, 0 MB stacks, 0 MB globals, 2 P
time="2026-08-06T22:06:57Z" level=info msg="Received request: GET /api/jobs/"
time="2026-08-06T22:06:57Z" level=info msg="Request URL /api/jobs/"
time="2026-08-06T22:06:57Z" level=info msg="Received request: GET /api/jobs/"
time="2026-08-06T22:06:57Z" level=info msg="Request URL /api/jobs/"
gc 20 @41.484s 3%: 0.94+202+0.10 ms clock, 1.8+0/77/93+0.20 ms cpu, 254->274->142 MB, 295 MB goal, 0 MB stacks, 0 MB globals, 2 P
time="2026-08-06T22:06:57Z" level=info msg="Received request: GET /api/jobs/"
time="2026-08-06T22:06:57Z" level=info msg="Request URL /api/jobs/"
time="2026-08-06T22:06:57Z" level=info msg="Request URL /nodes?view=summary"
time="2026-08-06T22:06:57Z" level=info msg="Request URL /nodes?view=summary"
time="2026-08-06T22:06:57Z" level=info msg="Request URL /nodes?view=summary"
time="2026-08-06T22:06:57Z" level=info msg="Request URL /events"
time="2026-08-06T22:06:57Z" level=info msg="Request URL /events"
gc 21 @41.744s 3%: 0.12+224+0.10 ms clock, 0.25+0/85/109+0.21 ms cpu, 243->264->142 MB, 284 MB goal, 0 MB stacks, 0 MB globals, 2 P
time="2026-08-06T22:06:58Z" level=info msg="Request URL /events"
