gc 1 @0.167s 3%: 1.9+13+1.1 ms clock, 3.9+1.7/7.6/4.4+2.2 ms cpu, 3->3->2 MB, 4 MB goal, 0 MB stacks, 0 MB globals, 2 P
gc 2 @0.258s 3%: 0.30+5.7+0.25 ms clock, 0.60+0.83/2.2/3.5+0.50 ms cpu, 5->5->3 MB, 5 MB goal, 0 MB stacks, 0 MB globals, 2 P
time="2026-08-06T21:44:15Z" level=info msg="create client manager successfully, clients: 1"
time="2026-08-06T21:44:15Z" level=info msg="Begin to create s3 client ..."
time="2026-08-06T21:44:15Z" level=info msg="Checking if bucket ray-historyserver exists..."
time="2026-08-06T21:44:15Z" level=info msg="Bucket ray-historyserver already exists"
time="2026-08-06T21:44:15Z" level=info msg="Clean logdir is logs"
gc 3 @0.441s 2%: 0.14+9.3+0.093 ms clock, 0.28+0.27/2.6/7.0+0.18 ms cpu, 8->8->5 MB, 8 MB goal, 0 MB stacks, 0 MB globals, 2 P
time="2026-08-06T21:44:15Z" level=info msg="Starting server on :8080"
time="2026-08-06T21:44:16Z" level=info msg="Received request: GET /readz"
time="2026-08-06T21:44:16Z" level=info msg="live clusters: []"
time="2026-08-06T21:44:16Z" level=info msg="[List]Returned objects in log/cluster-metadata/. length of page.Contents: 2, length of page.CommonPrefixes: 0"
time="2026-08-06T21:44:16Z" level=error msg="Failed to parse meta file path: log/cluster-metadata/raycluster/test-ns-md2s2_raycluster-historyserver/, error: invalid path segment count for cluster metadata structure: log/cluster-metadata/raycluster/test-ns-md2s2_raycluster-historyserver/"
time="2026-08-06T21:44:16Z" level=info msg="Parsed cluster raycluster-historyserver for session session_2026-08-06_14-35-51_963761_1 to list"
time="2026-08-06T21:44:16Z" level=info msg="live clusters: []"
time="2026-08-06T21:44:16Z" level=info msg="[List]Returned objects in log/cluster-metadata/. length of page.Contents: 2, length of page.CommonPrefixes: 0"
time="2026-08-06T21:44:16Z" level=error msg="Failed to parse meta file path: log/cluster-metadata/raycluster/test-ns-md2s2_raycluster-historyserver/, error: invalid path segment count for cluster metadata structure: log/cluster-metadata/raycluster/test-ns-md2s2_raycluster-historyserver/"
time="2026-08-06T21:44:16Z" level=info msg="Parsed cluster raycluster-historyserver for session session_2026-08-06_14-35-51_963761_1 to list"
time="2026-08-06T21:44:16Z" level=info msg="live clusters: []"
time="2026-08-06T21:44:16Z" level=info msg="[List]Returned objects in log/cluster-metadata/. length of page.Contents: 2, length of page.CommonPrefixes: 0"
time="2026-08-06T21:44:16Z" level=error msg="Failed to parse meta file path: log/cluster-metadata/raycluster/test-ns-md2s2_raycluster-historyserver/, error: invalid path segment count for cluster metadata structure: log/cluster-metadata/raycluster/test-ns-md2s2_raycluster-historyserver/"
time="2026-08-06T21:44:16Z" level=info msg="Parsed cluster raycluster-historyserver for session session_2026-08-06_14-35-51_963761_1 to list"
time="2026-08-06T21:44:16Z" level=info msg="live clusters: []"
time="2026-08-06T21:44:16Z" level=info msg="[List]Returned objects in log/cluster-metadata/. length of page.Contents: 2, length of page.CommonPrefixes: 0"
time="2026-08-06T21:44:16Z" level=error msg="Failed to parse meta file path: log/cluster-metadata/raycluster/test-ns-md2s2_raycluster-historyserver/, error: invalid path segment count for cluster metadata structure: log/cluster-metadata/raycluster/test-ns-md2s2_raycluster-historyserver/"
time="2026-08-06T21:44:16Z" level=info msg="Parsed cluster raycluster-historyserver for session session_2026-08-06_14-35-51_963761_1 to list"
time="2026-08-06T21:44:16Z" level=info msg="live clusters: []"
time="2026-08-06T21:44:16Z" level=info msg="[List]Returned objects in log/cluster-metadata/. length of page.Contents: 2, length of page.CommonPrefixes: 0"
time="2026-08-06T21:44:16Z" level=error msg="Failed to parse meta file path: log/cluster-metadata/raycluster/test-ns-md2s2_raycluster-historyserver/, error: invalid path segment count for cluster metadata structure: log/cluster-metadata/raycluster/test-ns-md2s2_raycluster-historyserver/"
time="2026-08-06T21:44:16Z" level=info msg="Parsed cluster raycluster-historyserver for session session_2026-08-06_14-35-51_963761_1 to list"
time="2026-08-06T21:44:16Z" level=info msg="Received request: GET /enter_cluster/test-ns-md2s2/raycluster/raycluster-historyserver/session_2026-08-06_14-35-51_963761_1"
time="2026-08-06T21:44:16Z" level=info msg="[List]Returned objects in log/cluster-metadata/. length of page.Contents: 2, length of page.CommonPrefixes: 0"
time="2026-08-06T21:44:16Z" level=error msg="Failed to parse meta file path: log/cluster-metadata/raycluster/test-ns-md2s2_raycluster-historyserver/, error: invalid path segment count for cluster metadata structure: log/cluster-metadata/raycluster/test-ns-md2s2_raycluster-historyserver/"
time="2026-08-06T21:44:16Z" level=info msg="Parsed cluster raycluster-historyserver for session session_2026-08-06_14-35-51_963761_1 to list"
time="2026-08-06T21:44:16Z" level=info msg="[ListFiles]Returned objects in log/cluster-history/raycluster/test-ns-md2s2/raycluster-historyserver/session_2026-08-06_14-35-51_963761_1/. length of page.Contents: 0, length of page.CommonPrefixes: 3"
time="2026-08-06T21:44:16Z" level=info msg="[ListFiles]Returned objects in log/cluster-history/raycluster/test-ns-md2s2/raycluster-historyserver/session_2026-08-06_14-35-51_963761_1/233e17c28342cf36fd1d41ccb4c405d03155629dd63bee783cf1378e/logs/events/. length of page.Contents: 11, length of page.CommonPrefixes: 0"
time="2026-08-06T21:44:16Z" level=info msg="Prepare to get object log/cluster-history/raycluster/test-ns-md2s2/raycluster-historyserver/session_2026-08-06_14-35-51_963761_1/233e17c28342cf36fd1d41ccb4c405d03155629dd63bee783cf1378e/logs/events/event_AUTOSCALER.log info ..."
time="2026-08-06T21:44:16Z" level=info msg="Prepare to get object log/cluster-history/raycluster/test-ns-md2s2/raycluster-historyserver/session_2026-08-06_14-35-51_963761_1/233e17c28342cf36fd1d41ccb4c405d03155629dd63bee783cf1378e/logs/events/event_CORE_WORKER_1022.log info ..."
time="2026-08-06T21:44:16Z" level=info msg="Prepare to get object log/cluster-history/raycluster/test-ns-md2s2/raycluster-historyserver/session_2026-08-06_14-35-51_963761_1/233e17c28342cf36fd1d41ccb4c405d03155629dd63bee783cf1378e/logs/events/event_CORE_WORKER_1186.log info ..."
time="2026-08-06T21:44:16Z" level=info msg="Prepare to get object log/cluster-history/raycluster/test-ns-md2s2/raycluster-historyserver/session_2026-08-06_14-35-51_963761_1/233e17c28342cf36fd1d41ccb4c405d03155629dd63bee783cf1378e/logs/events/event_CORE_WORKER_202.log info ..."
time="2026-08-06T21:44:16Z" level=info msg="Prepare to get object log/cluster-history/raycluster/test-ns-md2s2/raycluster-historyserver/session_2026-08-06_14-35-51_963761_1/233e17c28342cf36fd1d41ccb4c405d03155629dd63bee783cf1378e/logs/events/event_CORE_WORKER_207.log info ..."
time="2026-08-06T21:44:16Z" level=info msg="Prepare to get object log/cluster-history/raycluster/test-ns-md2s2/raycluster-historyserver/session_2026-08-06_14-35-51_963761_1/233e17c28342cf36fd1d41ccb4c405d03155629dd63bee783cf1378e/logs/events/event_CORE_WORKER_680.log info ..."
time="2026-08-06T21:44:16Z" level=info msg="Prepare to get object log/cluster-history/raycluster/test-ns-md2s2/raycluster-historyserver/session_2026-08-06_14-35-51_963761_1/233e17c28342cf36fd1d41ccb4c405d03155629dd63bee783cf1378e/logs/events/event_CORE_WORKER_966.log info ..."
time="2026-08-06T21:44:16Z" level=info msg="Prepare to get object log/cluster-history/raycluster/test-ns-md2s2/raycluster-historyserver/session_2026-08-06_14-35-51_963761_1/233e17c28342cf36fd1d41ccb4c405d03155629dd63bee783cf1378e/logs/events/event_GCS.log info ..."
time="2026-08-06T21:44:16Z" level=info msg="Prepare to get object log/cluster-history/raycluster/test-ns-md2s2/raycluster-historyserver/session_2026-08-06_14-35-51_963761_1/233e17c28342cf36fd1d41ccb4c405d03155629dd63bee783cf1378e/logs/events/event_JOBS.log info ..."
time="2026-08-06T21:44:16Z" level=info msg="Prepare to get object log/cluster-history/raycluster/test-ns-md2s2/raycluster-historyserver/session_2026-08-06_14-35-51_963761_1/233e17c28342cf36fd1d41ccb4c405d03155629dd63bee783cf1378e/logs/events/event_RAYLET.log info ..."
time="2026-08-06T21:44:16Z" level=info msg="[ListFiles]Returned objects in log/cluster-history/raycluster/test-ns-md2s2/raycluster-historyserver/session_2026-08-06_14-35-51_963761_1/9431d235d70e6a97efd532473fb6b5e7fab758f46861051c96d90352/logs/events/. length of page.Contents: 13, length of page.CommonPrefixes: 0"
time="2026-08-06T21:44:16Z" level=info msg="Prepare to get object log/cluster-history/raycluster/test-ns-md2s2/raycluster-historyserver/session_2026-08-06_14-35-51_963761_1/9431d235d70e6a97efd532473fb6b5e7fab758f46861051c96d90352/logs/events/event_CORE_WORKER_228.log info ..."
time="2026-08-06T21:44:16Z" level=info msg="Prepare to get object log/cluster-history/raycluster/test-ns-md2s2/raycluster-historyserver/session_2026-08-06_14-35-51_963761_1/9431d235d70e6a97efd532473fb6b5e7fab758f46861051c96d90352/logs/events/event_CORE_WORKER_229.log info ..."
time="2026-08-06T21:44:16Z" level=info msg="Prepare to get object log/cluster-history/raycluster/test-ns-md2s2/raycluster-historyserver/session_2026-08-06_14-35-51_963761_1/9431d235d70e6a97efd532473fb6b5e7fab758f46861051c96d90352/logs/events/event_CORE_WORKER_309.log info ..."
time="2026-08-06T21:44:16Z" level=info msg="Prepare to get object log/cluster-history/raycluster/test-ns-md2s2/raycluster-historyserver/session_2026-08-06_14-35-51_963761_1/9431d235d70e6a97efd532473fb6b5e7fab758f46861051c96d90352/logs/events/event_CORE_WORKER_317.log info ..."
time="2026-08-06T21:44:16Z" level=info msg="Prepare to get object log/cluster-history/raycluster/test-ns-md2s2/raycluster-historyserver/session_2026-08-06_14-35-51_963761_1/9431d235d70e6a97efd532473fb6b5e7fab758f46861051c96d90352/logs/events/event_CORE_WORKER_416.log info ..."
time="2026-08-06T21:44:16Z" level=info msg="Prepare to get object log/cluster-history/raycluster/test-ns-md2s2/raycluster-historyserver/session_2026-08-06_14-35-51_963761_1/9431d235d70e6a97efd532473fb6b5e7fab758f46861051c96d90352/logs/events/event_CORE_WORKER_421.log info ..."
time="2026-08-06T21:44:16Z" level=info msg="Prepare to get object log/cluster-history/raycluster/test-ns-md2s2/raycluster-historyserver/session_2026-08-06_14-35-51_963761_1/9431d235d70e6a97efd532473fb6b5e7fab758f46861051c96d90352/logs/events/event_CORE_WORKER_510.log info ..."
time="2026-08-06T21:44:16Z" level=info msg="Prepare to get object log/cluster-history/raycluster/test-ns-md2s2/raycluster-historyserver/session_2026-08-06_14-35-51_963761_1/9431d235d70e6a97efd532473fb6b5e7fab758f46861051c96d90352/logs/events/event_CORE_WORKER_515.log info ..."
time="2026-08-06T21:44:16Z" level=info msg="Prepare to get object log/cluster-history/raycluster/test-ns-md2s2/raycluster-historyserver/session_2026-08-06_14-35-51_963761_1/9431d235d70e6a97efd532473fb6b5e7fab758f46861051c96d90352/logs/events/event_CORE_WORKER_589.log info ..."
time="2026-08-06T21:44:16Z" level=info msg="Prepare to get object log/cluster-history/raycluster/test-ns-md2s2/raycluster-historyserver/session_2026-08-06_14-35-51_963761_1/9431d235d70e6a97efd532473fb6b5e7fab758f46861051c96d90352/logs/events/event_CORE_WORKER_610.log info ..."
time="2026-08-06T21:44:16Z" level=info msg="Prepare to get object log/cluster-history/raycluster/test-ns-md2s2/raycluster-historyserver/session_2026-08-06_14-35-51_963761_1/9431d235d70e6a97efd532473fb6b5e7fab758f46861051c96d90352/logs/events/event_CORE_WORKER_683.log info ..."
time="2026-08-06T21:44:16Z" level=info msg="Prepare to get object log/cluster-history/raycluster/test-ns-md2s2/raycluster-historyserver/session_2026-08-06_14-35-51_963761_1/9431d235d70e6a97efd532473fb6b5e7fab758f46861051c96d90352/logs/events/event_RAYLET.log info ..."
time="2026-08-06T21:44:16Z" level=info msg="[ListFiles]Returned objects in log/cluster-history/raycluster/test-ns-md2s2/raycluster-historyserver/session_2026-08-06_14-35-51_963761_1/fetched_endpoints/logs/events/. length of page.Contents: 0, length of page.CommonPrefixes: 0"
time="2026-08-06T21:44:16Z" level=info msg="[ListFiles]Returned objects in log/cluster-history/raycluster/test-ns-md2s2/raycluster-historyserver/session_2026-08-06_14-35-51_963761_1/. length of page.Contents: 0, length of page.CommonPrefixes: 3"
time="2026-08-06T21:44:16Z" level=info msg="[ListFiles]Returned objects in log/cluster-history/raycluster/test-ns-md2s2/raycluster-historyserver/session_2026-08-06_14-35-51_963761_1/233e17c28342cf36fd1d41ccb4c405d03155629dd63bee783cf1378e/job_events/. length of page.Contents: 0, length of page.CommonPrefixes: 4"
time="2026-08-06T21:44:16Z" level=info msg="[ListFiles]Returned objects in log/cluster-history/raycluster/test-ns-md2s2/raycluster-historyserver/session_2026-08-06_14-35-51_963761_1/233e17c28342cf36fd1d41ccb4c405d03155629dd63bee783cf1378e/job_events/01000000/. length of page.Contents: 2, length of page.CommonPrefixes: 0"
time="2026-08-06T21:44:16Z" level=info msg="[ListFiles]Returned objects in log/cluster-history/raycluster/test-ns-md2s2/raycluster-historyserver/session_2026-08-06_14-35-51_963761_1/233e17c28342cf36fd1d41ccb4c405d03155629dd63bee783cf1378e/job_events/02000000/. length of page.Contents: 2, length of page.CommonPrefixes: 0"
time="2026-08-06T21:44:16Z" level=info msg="[ListFiles]Returned objects in log/cluster-history/raycluster/test-ns-md2s2/raycluster-historyserver/session_2026-08-06_14-35-51_963761_1/233e17c28342cf36fd1d41ccb4c405d03155629dd63bee783cf1378e/job_events/03000000/. length of page.Contents: 2, length of page.CommonPrefixes: 0"
time="2026-08-06T21:44:16Z" level=info msg="[ListFiles]Returned objects in log/cluster-history/raycluster/test-ns-md2s2/raycluster-historyserver/session_2026-08-06_14-35-51_963761_1/233e17c28342cf36fd1d41ccb4c405d03155629dd63bee783cf1378e/job_events/04000000/. length of page.Contents: 2, length of page.CommonPrefixes: 0"
time="2026-08-06T21:44:16Z" level=info msg="[ListFiles]Returned objects in log/cluster-history/raycluster/test-ns-md2s2/raycluster-historyserver/session_2026-08-06_14-35-51_963761_1/9431d235d70e6a97efd532473fb6b5e7fab758f46861051c96d90352/job_events/. length of page.Contents: 0, length of page.CommonPrefixes: 1"
time="2026-08-06T21:44:16Z" level=info msg="[ListFiles]Returned objects in log/cluster-history/raycluster/test-ns-md2s2/raycluster-historyserver/session_2026-08-06_14-35-51_963761_1/9431d235d70e6a97efd532473fb6b5e7fab758f46861051c96d90352/job_events/03000000/. length of page.Contents: 2, length of page.CommonPrefixes: 0"
time="2026-08-06T21:44:16Z" level=info msg="[ListFiles]Returned objects in log/cluster-history/raycluster/test-ns-md2s2/raycluster-historyserver/session_2026-08-06_14-35-51_963761_1/fetched_endpoints/job_events/. length of page.Contents: 0, length of page.CommonPrefixes: 0"
time="2026-08-06T21:44:16Z" level=info msg="[ListFiles]Returned objects in log/cluster-history/raycluster/test-ns-md2s2/raycluster-historyserver/session_2026-08-06_14-35-51_963761_1/. length of page.Contents: 0, length of page.CommonPrefixes: 3"
time="2026-08-06T21:44:16Z" level=info msg="[ListFiles]Returned objects in log/cluster-history/raycluster/test-ns-md2s2/raycluster-historyserver/session_2026-08-06_14-35-51_963761_1/233e17c28342cf36fd1d41ccb4c405d03155629dd63bee783cf1378e/node_events/. length of page.Contents: 2, length of page.CommonPrefixes: 0"
time="2026-08-06T21:44:16Z" level=info msg="[ListFiles]Returned objects in log/cluster-history/raycluster/test-ns-md2s2/raycluster-historyserver/session_2026-08-06_14-35-51_963761_1/9431d235d70e6a97efd532473fb6b5e7fab758f46861051c96d90352/node_events/. length of page.Contents: 0, length of page.CommonPrefixes: 0"
gc 4 @1.736s 0%: 0.21+8.5+0.083 ms clock, 0.43+0.34/3.9/7.5+0.16 ms cpu, 11->11->6time="2026-08-06T21:44:16Z" level=info msg="[ListFiles]Returned objects in log/cluster-history/raycluster/test-ns-md2s2/raycluster-historyserver/session_2026-08-06_14-35-51_963761_1/fetched_endpoints/node_events/. length of page.Contents: 0, length of page.CommonPrefixes: 0"
 MB, 12 MB goal, 0 MB stacks, 0 MB globals, 2 P
time="2026-08-06T21:44:16Z" level=info msg="Prepare to get object log/cluster-history/raycluster/test-ns-md2s2/raycluster-historyserver/session_2026-08-06_14-35-51_963761_1/233e17c28342cf36fd1d41ccb4c405d03155629dd63bee783cf1378e/job_events/01000000/233e17c28342cf36fd1d41ccb4c405d03155629dd63bee783cf1378e-2026-08-06-21-1786052157192018385.jsonl info ..."
time="2026-08-06T21:44:16Z" level=info msg="Prepare to get object log/cluster-history/raycluster/test-ns-md2s2/raycluster-historyserver/session_2026-08-06_14-35-51_963761_1/233e17c28342cf36fd1d41ccb4c405d03155629dd63bee783cf1378e/job_events/02000000/233e17c28342cf36fd1d41ccb4c405d03155629dd63bee783cf1378e-2026-08-06-21-1786052176255445838.jsonl info ..."
time="2026-08-06T21:44:16Z" level=info msg="Prepare to get object log/cluster-history/raycluster/test-ns-md2s2/raycluster-historyserver/session_2026-08-06_14-35-51_963761_1/233e17c28342cf36fd1d41ccb4c405d03155629dd63bee783cf1378e/job_events/03000000/233e17c28342cf36fd1d41ccb4c405d03155629dd63bee783cf1378e-2026-08-06-21-1786052177259732380.jsonl info ..."
gc 5 @1.766s 0%: 0.15+8.1+0.046 ms clock, 0.31+0.80/2.5/9.4+0.093 ms cpu, 16->16->14 MB, 16 MB goal, 0 MB stacks, 0 MB globals, 2 P
gc 6 @1.787s 1%: 0.13+11+0.68 ms clock, 0.27+0/6.6/9.2+1.3 ms cpu, 34->34->34 MB, 34 MB goal, 0 MB stacks, 0 MB globals, 2 P
gc 7 @1.826s 1%: 0.14+18+0.044 ms clock, 0.28+0/10/12+0.088 ms cpu, 69->69->69 MB, 69 MB goal, 0 MB stacks, 0 MB globals, 2 P
gc 8 @1.895s 1%: 0.74+44+1.3 ms clock, 1.4+0/10/31+2.7 ms cpu, 187->206->112 MB, 187 MB goal, 0 MB stacks, 0 MB globals, 2 P
gc 9 @1.983s 1%: 0.12+34+0.076 ms clock, 0.25+1.6/8.9/26+0.15 ms cpu, 274->274->181 MB, 274 MB goal, 0 MB stacks, 0 MB globals, 2 P
gc 10 @4.251s 1%: 0.13+177+0.20 ms clock, 0.27+0.098/88/128+0.40 ms cpu, 318->323->205 MB, 362 MB goal, 0 MB stacks, 0 MB globals, 2 P
gc 11 @6.749s 2%: 0.12+416+0.073 ms clock, 0.25+0.093/215/254+0.14 ms cpu, 350->364->328 MB, 411 MB goal, 0 MB stacks, 0 MB globals, 2 P
gc 12 @10.990s 3%: 0.15+719+0.074 ms clock, 0.30+0.10/367/427+0.14 ms cpu, 560->579->400 MB, 657 MB goal, 0 MB stacks, 0 MB globals, 2 P
gc 13 @17.381s 3%: 0.15+718+0.080 ms clock, 0.30+0.22/364/531+0.16 ms cpu, 682->699->446 MB, 801 MB goal, 0 MB stacks, 0 MB globals, 2 P
time="2026-08-06T21:44:35Z" level=info msg="Prepare to get object log/cluster-history/raycluster/test-ns-md2s2/raycluster-historyserver/session_2026-08-06_14-35-51_963761_1/233e17c28342cf36fd1d41ccb4c405d03155629dd63bee783cf1378e/job_events/04000000/233e17c28342cf36fd1d41ccb4c405d03155629dd63bee783cf1378e-2026-08-06-21-1786052191213515220.jsonl info ..."
time="2026-08-06T21:44:35Z" level=info msg="Prepare to get object log/cluster-history/raycluster/test-ns-md2s2/raycluster-historyserver/session_2026-08-06_14-35-51_963761_1/9431d235d70e6a97efd532473fb6b5e7fab758f46861051c96d90352/job_events/03000000/9431d235d70e6a97efd532473fb6b5e7fab758f46861051c96d90352-2026-08-06-21-1786052178370981047.jsonl info ..."
gc 14 @20.326s 3%: 0.17+210+0.13 ms clock, 0.34+27/118/102+0.26 ms cpu, 863->870->215 MB, 893 MB goal, 0 MB stacks, 0 MB globals, 2 P
gc 15 @24.071s 3%: 0.15+421+0.080 ms clock, 0.30+0.28/214/308+0.16 ms cpu, 414->426->308 MB, 430 MB goal, 0 MB stacks, 0 MB globals, 2 P
time="2026-08-06T21:44:41Z" level=error msg="Failed to store events for file session_2026-08-06_14-35-51_963761_1/9431d235d70e6a97efd532473fb6b5e7fab758f46861051c96d90352/job_events/03000000/9431d235d70e6a97efd532473fb6b5e7fab758f46861051c96d90352-2026-08-06-21-1786052178370981047.jsonl: TASK_LIFECYCLE_EVENT must have at least one state transition"
time="2026-08-06T21:44:41Z" level=error msg="Failed to store events for file session_2026-08-06_14-35-51_963761_1/9431d235d70e6a97efd532473fb6b5e7fab758f46861051c96d90352/job_events/03000000/9431d235d70e6a97efd532473fb6b5e7fab758f46861051c96d90352-2026-08-06-21-1786052178370981047.jsonl: TASK_LIFECYCLE_EVENT must have at least one state transition"
time="2026-08-06T21:44:41Z" level=error msg="Failed to store events for file session_2026-08-06_14-35-51_963761_1/9431d235d70e6a97efd532473fb6b5e7fab758f46861051c96d90352/job_events/03000000/9431d235d70e6a97efd532473fb6b5e7fab758f46861051c96d90352-2026-08-06-21-1786052178370981047.jsonl: TASK_LIFECYCLE_EVENT must have at least one state transition"
time="2026-08-06T21:44:42Z" level=error msg="Failed to store events for file session_2026-08-06_14-35-51_963761_1/9431d235d70e6a97efd532473fb6b5e7fab758f46861051c96d90352/job_events/03000000/9431d235d70e6a97efd532473fb6b5e7fab758f46861051c96d90352-2026-08-06-21-1786052178370981047.jsonl: TASK_LIFECYCLE_EVENT must have at least one state transition"
time="2026-08-06T21:44:42Z" level=error msg="Failed to store events for file session_2026-08-06_14-35-51_963761_1/9431d235d70e6a97efd532473fb6b5e7fab758f46861051c96d90352/job_events/03000000/9431d235d70e6a97efd532473fb6b5e7fab758f46861051c96d90352-2026-08-06-21-1786052178370981047.jsonl: TASK_LIFECYCLE_EVENT must have at least one state transition"
time="2026-08-06T21:44:42Z" level=error msg="Failed to store events for file session_2026-08-06_14-35-51_963761_1/9431d235d70e6a97efd532473fb6b5e7fab758f46861051c96d90352/job_events/03000000/9431d235d70e6a97efd532473fb6b5e7fab758f46861051c96d90352-2026-08-06-21-1786052178370981047.jsonl: TASK_LIFECYCLE_EVENT must have at least one state transition"
time="2026-08-06T21:44:42Z" level=error msg="Failed to store events for file session_2026-08-06_14-35-51_963761_1/9431d235d70e6a97efd532473fb6b5e7fab758f46861051c96d90352/job_events/03000000/9431d235d70e6a97efd532473fb6b5e7fab758f46861051c96d90352-2026-08-06-21-1786052178370981047.jsonl: TASK_LIFECYCLE_EVENT must have at least one state transition"
time="2026-08-06T21:44:42Z" level=error msg="Failed to store events for file session_2026-08-06_14-35-51_963761_1/9431d235d70e6a97efd532473fb6b5e7fab758f46861051c96d90352/job_events/03000000/9431d235d70e6a97efd532473fb6b5e7fab758f46861051c96d90352-2026-08-06-21-1786052178370981047.jsonl: TASK_LIFECYCLE_EVENT must have at least one state transition"
time="2026-08-06T21:44:42Z" level=error msg="Failed to store events for file session_2026-08-06_14-35-51_963761_1/9431d235d70e6a97efd532473fb6b5e7fab758f46861051c96d90352/job_events/03000000/9431d235d70e6a97efd532473fb6b5e7fab758f46861051c96d90352-2026-08-06-21-1786052178370981047.jsonl: TASK_LIFECYCLE_EVENT must have at least one state transition"
time="2026-08-06T21:44:42Z" level=error msg="Failed to store events for file session_2026-08-06_14-35-51_963761_1/9431d235d70e6a97efd532473fb6b5e7fab758f46861051c96d90352/job_events/03000000/9431d235d70e6a97efd532473fb6b5e7fab758f46861051c96d90352-2026-08-06-21-1786052178370981047.jsonl: TASK_LIFECYCLE_EVENT must have at least one state transition"
time="2026-08-06T21:44:43Z" level=error msg="Failed to store events for file session_2026-08-06_14-35-51_963761_1/9431d235d70e6a97efd532473fb6b5e7fab758f46861051c96d90352/job_events/03000000/9431d235d70e6a97efd532473fb6b5e7fab758f46861051c96d90352-2026-08-06-21-1786052178370981047.jsonl: TASK_LIFECYCLE_EVENT must have at least one state transition"
time="2026-08-06T21:44:43Z" level=error msg="Failed to store events for file session_2026-08-06_14-35-51_963761_1/9431d235d70e6a97efd532473fb6b5e7fab758f46861051c96d90352/job_events/03000000/9431d235d70e6a97efd532473fb6b5e7fab758f46861051c96d90352-2026-08-06-21-1786052178370981047.jsonl: TASK_LIFECYCLE_EVENT must have at least one state transition"
time="2026-08-06T21:44:43Z" level=error msg="Failed to store events for file session_2026-08-06_14-35-51_963761_1/9431d235d70e6a97efd532473fb6b5e7fab758f46861051c96d90352/job_events/03000000/9431d235d70e6a97efd532473fb6b5e7fab758f46861051c96d90352-2026-08-06-21-1786052178370981047.jsonl: TASK_LIFECYCLE_EVENT must have at least one state transition"
time="2026-08-06T21:44:43Z" level=error msg="Failed to store events for file session_2026-08-06_14-35-51_963761_1/9431d235d70e6a97efd532473fb6b5e7fab758f46861051c96d90352/job_events/03000000/9431d235d70e6a97efd532473fb6b5e7fab758f46861051c96d90352-2026-08-06-21-1786052178370981047.jsonl: TASK_LIFECYCLE_EVENT must have at least one state transition"
time="2026-08-06T21:44:43Z" level=error msg="Failed to store events for file session_2026-08-06_14-35-51_963761_1/9431d235d70e6a97efd532473fb6b5e7fab758f46861051c96d90352/job_events/03000000/9431d235d70e6a97efd532473fb6b5e7fab758f46861051c96d90352-2026-08-06-21-1786052178370981047.jsonl: TASK_LIFECYCLE_EVENT must have at least one state transition"
time="2026-08-06T21:44:43Z" level=error msg="Failed to store events for file session_2026-08-06_14-35-51_963761_1/9431d235d70e6a97efd532473fb6b5e7fab758f46861051c96d90352/job_events/03000000/9431d235d70e6a97efd532473fb6b5e7fab758f46861051c96d90352-2026-08-06-21-1786052178370981047.jsonl: TASK_LIFECYCLE_EVENT must have at least one state transition"
time="2026-08-06T21:44:43Z" level=error msg="Failed to store events for file session_2026-08-06_14-35-51_963761_1/9431d235d70e6a97efd532473fb6b5e7fab758f46861051c96d90352/job_events/03000000/9431d235d70e6a97efd532473fb6b5e7fab758f46861051c96d90352-2026-08-06-21-1786052178370981047.jsonl: TASK_LIFECYCLE_EVENT must have at least one state transition"
time="2026-08-06T21:44:43Z" level=error msg="Failed to store events for file session_2026-08-06_14-35-51_963761_1/9431d235d70e6a97efd532473fb6b5e7fab758f46861051c96d90352/job_events/03000000/9431d235d70e6a97efd532473fb6b5e7fab758f46861051c96d90352-2026-08-06-21-1786052178370981047.jsonl: TASK_LIFECYCLE_EVENT must have at least one state transition"
time="2026-08-06T21:44:43Z" level=error msg="Failed to store events for file session_2026-08-06_14-35-51_963761_1/9431d235d70e6a97efd532473fb6b5e7fab758f46861051c96d90352/job_events/03000000/9431d235d70e6a97efd532473fb6b5e7fab758f46861051c96d90352-2026-08-06-21-1786052178370981047.jsonl: TASK_LIFECYCLE_EVENT must have at least one state transition"
time="2026-08-06T21:44:44Z" level=error msg="Failed to store events for file session_2026-08-06_14-35-51_963761_1/9431d235d70e6a97efd532473fb6b5e7fab758f46861051c96d90352/job_events/03000000/9431d235d70e6a97efd532473fb6b5e7fab758f46861051c96d90352-2026-08-06-21-1786052178370981047.jsonl: TASK_LIFECYCLE_EVENT must have at least one state transition"
time="2026-08-06T21:44:44Z" level=error msg="Failed to store events for file session_2026-08-06_14-35-51_963761_1/9431d235d70e6a97efd532473fb6b5e7fab758f46861051c96d90352/job_events/03000000/9431d235d70e6a97efd532473fb6b5e7fab758f46861051c96d90352-2026-08-06-21-1786052178370981047.jsonl: TASK_LIFECYCLE_EVENT must have at least one state transition"
time="2026-08-06T21:44:44Z" level=error msg="Failed to store events for file session_2026-08-06_14-35-51_963761_1/9431d235d70e6a97efd532473fb6b5e7fab758f46861051c96d90352/job_events/03000000/9431d235d70e6a97efd532473fb6b5e7fab758f46861051c96d90352-2026-08-06-21-1786052178370981047.jsonl: TASK_LIFECYCLE_EVENT must have at least one state transition"
time="2026-08-06T21:44:44Z" level=error msg="Failed to store events for file session_2026-08-06_14-35-51_963761_1/9431d235d70e6a97efd532473fb6b5e7fab758f46861051c96d90352/job_events/03000000/9431d235d70e6a97efd532473fb6b5e7fab758f46861051c96d90352-2026-08-06-21-1786052178370981047.jsonl: TASK_LIFECYCLE_EVENT must have at least one state transition"
time="2026-08-06T21:44:44Z" level=error msg="Failed to store events for file session_2026-08-06_14-35-51_963761_1/9431d235d70e6a97efd532473fb6b5e7fab758f46861051c96d90352/job_events/03000000/9431d235d70e6a97efd532473fb6b5e7fab758f46861051c96d90352-2026-08-06-21-1786052178370981047.jsonl: TASK_LIFECYCLE_EVENT must have at least one state transition"
time="2026-08-06T21:44:44Z" level=error msg="Failed to store events for file session_2026-08-06_14-35-51_963761_1/9431d235d70e6a97efd532473fb6b5e7fab758f46861051c96d90352/job_events/03000000/9431d235d70e6a97efd532473fb6b5e7fab758f46861051c96d90352-2026-08-06-21-1786052178370981047.jsonl: TASK_LIFECYCLE_EVENT must have at least one state transition"
time="2026-08-06T21:44:44Z" level=error msg="Failed to store events for file session_2026-08-06_14-35-51_963761_1/9431d235d70e6a97efd532473fb6b5e7fab758f46861051c96d90352/job_events/03000000/9431d235d70e6a97efd532473fb6b5e7fab758f46861051c96d90352-2026-08-06-21-1786052178370981047.jsonl: TASK_LIFECYCLE_EVENT must have at least one state transition"
time="2026-08-06T21:44:45Z" level=error msg="Failed to store events for file session_2026-08-06_14-35-51_963761_1/9431d235d70e6a97efd532473fb6b5e7fab758f46861051c96d90352/job_events/03000000/9431d235d70e6a97efd532473fb6b5e7fab758f46861051c96d90352-2026-08-06-21-1786052178370981047.jsonl: TASK_LIFECYCLE_EVENT must have at least one state transition"
gc 16 @29.739s 2%: 0.18+643+0.077 ms clock, 0.36+0.10/321/477+0.15 ms cpu, 572->585->342 MB, 617 MB goal, 0 MB stacks, 0 MB globals, 2 P
time="2026-08-06T21:44:45Z" level=error msg="Failed to store events for file session_2026-08-06_14-35-51_963761_1/9431d235d70e6a97efd532473fb6b5e7fab758f46861051c96d90352/job_events/03000000/9431d235d70e6a97efd532473fb6b5e7fab758f46861051c96d90352-2026-08-06-21-1786052178370981047.jsonl: TASK_LIFECYCLE_EVENT must have at least one state transition"
time="2026-08-06T21:44:45Z" level=error msg="Failed to store events for file session_2026-08-06_14-35-51_963761_1/9431d235d70e6a97efd532473fb6b5e7fab758f46861051c96d90352/job_events/03000000/9431d235d70e6a97efd532473fb6b5e7fab758f46861051c96d90352-2026-08-06-21-1786052178370981047.jsonl: TASK_LIFECYCLE_EVENT must have at least one state transition"
time="2026-08-06T21:44:45Z" level=error msg="Failed to store events for file session_2026-08-06_14-35-51_963761_1/9431d235d70e6a97efd532473fb6b5e7fab758f46861051c96d90352/job_events/03000000/9431d235d70e6a97efd532473fb6b5e7fab758f46861051c96d90352-2026-08-06-21-1786052178370981047.jsonl: TASK_LIFECYCLE_EVENT must have at least one state transition"
time="2026-08-06T21:44:45Z" level=error msg="Failed to store events for file session_2026-08-06_14-35-51_963761_1/9431d235d70e6a97efd532473fb6b5e7fab758f46861051c96d90352/job_events/03000000/9431d235d70e6a97efd532473fb6b5e7fab758f46861051c96d90352-2026-08-06-21-1786052178370981047.jsonl: TASK_LIFECYCLE_EVENT must have at least one state transition"
time="2026-08-06T21:44:46Z" level=error msg="Failed to store events for file session_2026-08-06_14-35-51_963761_1/9431d235d70e6a97efd532473fb6b5e7fab758f46861051c96d90352/job_events/03000000/9431d235d70e6a97efd532473fb6b5e7fab758f46861051c96d90352-2026-08-06-21-1786052178370981047.jsonl: TASK_LIFECYCLE_EVENT must have at least one state transition"
time="2026-08-06T21:44:46Z" level=error msg="Failed to store events for file session_2026-08-06_14-35-51_963761_1/9431d235d70e6a97efd532473fb6b5e7fab758f46861051c96d90352/job_events/03000000/9431d235d70e6a97efd532473fb6b5e7fab758f46861051c96d90352-2026-08-06-21-1786052178370981047.jsonl: TASK_LIFECYCLE_EVENT must have at least one state transition"
time="2026-08-06T21:44:46Z" level=error msg="Failed to store events for file session_2026-08-06_14-35-51_963761_1/9431d235d70e6a97efd532473fb6b5e7fab758f46861051c96d90352/job_events/03000000/9431d235d70e6a97efd532473fb6b5e7fab758f46861051c96d90352-2026-08-06-21-1786052178370981047.jsonl: TASK_LIFECYCLE_EVENT must have at least one state transition"
time="2026-08-06T21:44:46Z" level=error msg="Failed to store events for file session_2026-08-06_14-35-51_963761_1/9431d235d70e6a97efd532473fb6b5e7fab758f46861051c96d90352/job_events/03000000/9431d235d70e6a97efd532473fb6b5e7fab758f46861051c96d90352-2026-08-06-21-1786052178370981047.jsonl: TASK_LIFECYCLE_EVENT must have at least one state transition"
time="2026-08-06T21:44:46Z" level=error msg="Failed to store events for file session_2026-08-06_14-35-51_963761_1/9431d235d70e6a97efd532473fb6b5e7fab758f46861051c96d90352/job_events/03000000/9431d235d70e6a97efd532473fb6b5e7fab758f46861051c96d90352-2026-08-06-21-1786052178370981047.jsonl: TASK_LIFECYCLE_EVENT must have at least one state transition"
time="2026-08-06T21:44:46Z" level=error msg="Failed to store events for file session_2026-08-06_14-35-51_963761_1/9431d235d70e6a97efd532473fb6b5e7fab758f46861051c96d90352/job_events/03000000/9431d235d70e6a97efd532473fb6b5e7fab758f46861051c96d90352-2026-08-06-21-1786052178370981047.jsonl: TASK_LIFECYCLE_EVENT must have at least one state transition"
time="2026-08-06T21:44:47Z" level=error msg="Failed to store events for file session_2026-08-06_14-35-51_963761_1/9431d235d70e6a97efd532473fb6b5e7fab758f46861051c96d90352/job_events/03000000/9431d235d70e6a97efd532473fb6b5e7fab758f46861051c96d90352-2026-08-06-21-1786052178370981047.jsonl: TASK_LIFECYCLE_EVENT must have at least one state transition"
time="2026-08-06T21:44:47Z" level=error msg="Failed to store events for file session_2026-08-06_14-35-51_963761_1/9431d235d70e6a97efd532473fb6b5e7fab758f46861051c96d90352/job_events/03000000/9431d235d70e6a97efd532473fb6b5e7fab758f46861051c96d90352-2026-08-06-21-1786052178370981047.jsonl: TASK_LIFECYCLE_EVENT must have at least one state transition"
time="2026-08-06T21:44:47Z" level=error msg="Failed to store events for file session_2026-08-06_14-35-51_963761_1/9431d235d70e6a97efd532473fb6b5e7fab758f46861051c96d90352/job_events/03000000/9431d235d70e6a97efd532473fb6b5e7fab758f46861051c96d90352-2026-08-06-21-1786052178370981047.jsonl: TASK_LIFECYCLE_EVENT must have at least one state transition"
time="2026-08-06T21:44:47Z" level=error msg="Failed to store events for file session_2026-08-06_14-35-51_963761_1/9431d235d70e6a97efd532473fb6b5e7fab758f46861051c96d90352/job_events/03000000/9431d235d70e6a97efd532473fb6b5e7fab758f46861051c96d90352-2026-08-06-21-1786052178370981047.jsonl: TASK_LIFECYCLE_EVENT must have at least one state transition"
time="2026-08-06T21:44:48Z" level=error msg="Failed to store events for file session_2026-08-06_14-35-51_963761_1/9431d235d70e6a97efd532473fb6b5e7fab758f46861051c96d90352/job_events/03000000/9431d235d70e6a97efd532473fb6b5e7fab758f46861051c96d90352-2026-08-06-21-1786052178370981047.jsonl: TASK_LIFECYCLE_EVENT must have at least one state transition"
time="2026-08-06T21:44:48Z" level=error msg="Failed to store events for file session_2026-08-06_14-35-51_963761_1/9431d235d70e6a97efd532473fb6b5e7fab758f46861051c96d90352/job_events/03000000/9431d235d70e6a97efd532473fb6b5e7fab758f46861051c96d90352-2026-08-06-21-1786052178370981047.jsonl: TASK_LIFECYCLE_EVENT must have at least one state transition"
time="2026-08-06T21:44:48Z" level=error msg="Failed to store events for file session_2026-08-06_14-35-51_963761_1/9431d235d70e6a97efd532473fb6b5e7fab758f46861051c96d90352/job_events/03000000/9431d235d70e6a97efd532473fb6b5e7fab758f46861051c96d90352-2026-08-06-21-1786052178370981047.jsonl: TASK_LIFECYCLE_EVENT must have at least one state transition"
time="2026-08-06T21:44:48Z" level=info msg="Prepare to get object log/cluster-history/raycluster/test-ns-md2s2/raycluster-historyserver/session_2026-08-06_14-35-51_963761_1/233e17c28342cf36fd1d41ccb4c405d03155629dd63bee783cf1378e/node_events/233e17c28342cf36fd1d41ccb4c405d03155629dd63bee783cf1378e-2026-08-06-21-1786052156520112551.jsonl info ..."
time="2026-08-06T21:44:48Z" level=info msg="Received request: GET /api/v0/tasks?limit=50000"
time="2026-08-06T21:44:48Z" level=info msg="Request URL /api/v0/tasks?limit=50000"
time="2026-08-06T21:44:48Z" level=info msg="Received request: GET /api/v0/tasks?limit=50000"
time="2026-08-06T21:44:48Z" level=info msg="Request URL /api/v0/tasks?limit=50000"
time="2026-08-06T21:44:48Z" level=info msg="Received request: GET /api/v0/tasks?limit=50000"
time="2026-08-06T21:44:48Z" level=info msg="Request URL /api/v0/tasks?limit=50000"
time="2026-08-06T21:44:48Z" level=info msg="Received request: GET /api/v0/tasks/summarize"
time="2026-08-06T21:44:48Z" level=info msg="Request URL /api/v0/tasks/summarize"
gc 17 @33.517s 3%: 0.16+316+13 ms clock, 0.32+83/180/165+26 ms cpu, 623->660->199 MB, 686 MB goal, 0 MB stacks, 0 MB globals, 2 P
time="2026-08-06T21:44:49Z" level=info msg="Received request: GET /api/v0/tasks/summarize"
time="2026-08-06T21:44:49Z" level=info msg="Request URL /api/v0/tasks/summarize"
gc 18 @34.175s 3%: 0.16+228+0.038 ms clock, 0.33+19/119/135+0.076 ms cpu, 342->371->156 MB, 398 MB goal, 0 MB stacks, 0 MB globals, 2 P
time="2026-08-06T21:44:49Z" level=info msg="Received request: GET /api/v0/tasks/summarize"
time="2026-08-06T21:44:49Z" level=info msg="Request URL /api/v0/tasks/summarize"
gc 19 @34.697s 3%: 0.17+236+0.097 ms clock, 0.35+11/107/140+0.19 ms cpu, 268->304->165 MB, 314 MB goal, 0 MB stacks, 0 MB globals, 2 P
time="2026-08-06T21:44:50Z" level=info msg="Received request: GET /api/jobs/"
time="2026-08-06T21:44:50Z" level=info msg="Request URL /api/jobs/"
time="2026-08-06T21:44:50Z" level=info msg="Received request: GET /api/jobs/"
time="2026-08-06T21:44:50Z" level=info msg="Request URL /api/jobs/"
time="2026-08-06T21:44:50Z" level=info msg="Received request: GET /api/jobs/"
time="2026-08-06T21:44:50Z" level=info msg="Request URL /api/jobs/"
time="2026-08-06T21:44:50Z" level=info msg="Request URL /nodes?view=summary"
time="2026-08-06T21:44:50Z" level=info msg="Request URL /nodes?view=summary"
time="2026-08-06T21:44:50Z" level=info msg="Request URL /nodes?view=summary"
gc 20 @35.240s 3%: 0.20+332+0.096 ms clock, 0.41+0/119/110+0.19 ms cpu, 290->330->162 MB, 332 MB goal, 0 MB stacks, 0 MB globals, 2 P
time="2026-08-06T21:44:50Z" level=info msg="Request URL /events"
time="2026-08-06T21:44:50Z" level=info msg="Request URL /events"
time="2026-08-06T21:44:50Z" level=info msg="Request URL /events"
