time="2026-08-06T17:49:15Z" level=info msg="create client manager successfully, clients: 1"
time="2026-08-06T17:49:15Z" level=info msg="Begin to create s3 client ..."
time="2026-08-06T17:49:15Z" level=info msg="Checking if bucket ray-historyserver exists..."
time="2026-08-06T17:49:15Z" level=info msg="Bucket ray-historyserver already exists"
time="2026-08-06T17:49:15Z" level=info msg="Clean logdir is logs"
time="2026-08-06T17:49:15Z" level=info msg="Starting server on :8080"
time="2026-08-06T17:49:16Z" level=info msg="Received request: GET /readz"
time="2026-08-06T17:49:16Z" level=info msg="live clusters: []"
time="2026-08-06T17:49:16Z" level=info msg="[List]Returned objects in log/cluster-metadata/. length of page.Contents: 2, length of page.CommonPrefixes: 0"
time="2026-08-06T17:49:16Z" level=error msg="Failed to parse meta file path: log/cluster-metadata/raycluster/test-ns-hczpc_raycluster-historyserver/, error: invalid path segment count for cluster metadata structure: log/cluster-metadata/raycluster/test-ns-hczpc_raycluster-historyserver/"
time="2026-08-06T17:49:16Z" level=info msg="Parsed cluster raycluster-historyserver for session session_2026-08-06_10-47-31_092669_1 to list"
time="2026-08-06T17:49:16Z" level=info msg="live clusters: []"
time="2026-08-06T17:49:16Z" level=info msg="[List]Returned objects in log/cluster-metadata/. length of page.Contents: 2, length of page.CommonPrefixes: 0"
time="2026-08-06T17:49:16Z" level=error msg="Failed to parse meta file path: log/cluster-metadata/raycluster/test-ns-hczpc_raycluster-historyserver/, error: invalid path segment count for cluster metadata structure: log/cluster-metadata/raycluster/test-ns-hczpc_raycluster-historyserver/"
time="2026-08-06T17:49:16Z" level=info msg="Parsed cluster raycluster-historyserver for session session_2026-08-06_10-47-31_092669_1 to list"
time="2026-08-06T17:49:16Z" level=info msg="live clusters: []"
time="2026-08-06T17:49:16Z" level=info msg="[List]Returned objects in log/cluster-metadata/. length of page.Contents: 2, length of page.CommonPrefixes: 0"
time="2026-08-06T17:49:16Z" level=error msg="Failed to parse meta file path: log/cluster-metadata/raycluster/test-ns-hczpc_raycluster-historyserver/, error: invalid path segment count for cluster metadata structure: log/cluster-metadata/raycluster/test-ns-hczpc_raycluster-historyserver/"
time="2026-08-06T17:49:16Z" level=info msg="Parsed cluster raycluster-historyserver for session session_2026-08-06_10-47-31_092669_1 to list"
time="2026-08-06T17:49:16Z" level=info msg="live clusters: []"
time="2026-08-06T17:49:16Z" level=info msg="[List]Returned objects in log/cluster-metadata/. length of page.Contents: 2, length of page.CommonPrefixes: 0"
time="2026-08-06T17:49:16Z" level=error msg="Failed to parse meta file path: log/cluster-metadata/raycluster/test-ns-hczpc_raycluster-historyserver/, error: invalid path segment count for cluster metadata structure: log/cluster-metadata/raycluster/test-ns-hczpc_raycluster-historyserver/"
time="2026-08-06T17:49:16Z" level=info msg="Parsed cluster raycluster-historyserver for session session_2026-08-06_10-47-31_092669_1 to list"
time="2026-08-06T17:49:16Z" level=info msg="live clusters: []"
time="2026-08-06T17:49:16Z" level=info msg="[List]Returned objects in log/cluster-metadata/. length of page.Contents: 2, length of page.CommonPrefixes: 0"
time="2026-08-06T17:49:16Z" level=error msg="Failed to parse meta file path: log/cluster-metadata/raycluster/test-ns-hczpc_raycluster-historyserver/, error: invalid path segment count for cluster metadata structure: log/cluster-metadata/raycluster/test-ns-hczpc_raycluster-historyserver/"
time="2026-08-06T17:49:16Z" level=info msg="Parsed cluster raycluster-historyserver for session session_2026-08-06_10-47-31_092669_1 to list"
time="2026-08-06T17:49:17Z" level=info msg="Received request: GET /enter_cluster/test-ns-hczpc/raycluster/raycluster-historyserver/session_2026-08-06_10-47-31_092669_1"
time="2026-08-06T17:49:17Z" level=info msg="[List]Returned objects in log/cluster-metadata/. length of page.Contents: 2, length of page.CommonPrefixes: 0"
time="2026-08-06T17:49:17Z" level=error msg="Failed to parse meta file path: log/cluster-metadata/raycluster/test-ns-hczpc_raycluster-historyserver/, error: invalid path segment count for cluster metadata structure: log/cluster-metadata/raycluster/test-ns-hczpc_raycluster-historyserver/"
time="2026-08-06T17:49:17Z" level=info msg="Parsed cluster raycluster-historyserver for session session_2026-08-06_10-47-31_092669_1 to list"
time="2026-08-06T17:49:17Z" level=info msg="[ListFiles]Returned objects in log/cluster-history/raycluster/test-ns-hczpc/raycluster-historyserver/session_2026-08-06_10-47-31_092669_1/. length of page.Contents: 0, length of page.CommonPrefixes: 3"
time="2026-08-06T17:49:17Z" level=info msg="[ListFiles]Returned objects in log/cluster-history/raycluster/test-ns-hczpc/raycluster-historyserver/session_2026-08-06_10-47-31_092669_1/195488bf01a6ad1542889aaea39dd2465ed9dc85b291e1d7cb8fb104/logs/events/. length of page.Contents: 12, length of page.CommonPrefixes: 0"
time="2026-08-06T17:49:17Z" level=info msg="Prepare to get object log/cluster-history/raycluster/test-ns-hczpc/raycluster-historyserver/session_2026-08-06_10-47-31_092669_1/195488bf01a6ad1542889aaea39dd2465ed9dc85b291e1d7cb8fb104/logs/events/event_CORE_WORKER_228.log info ..."
time="2026-08-06T17:49:17Z" level=info msg="Prepare to get object log/cluster-history/raycluster/test-ns-hczpc/raycluster-historyserver/session_2026-08-06_10-47-31_092669_1/195488bf01a6ad1542889aaea39dd2465ed9dc85b291e1d7cb8fb104/logs/events/event_CORE_WORKER_229.log info ..."
time="2026-08-06T17:49:17Z" level=info msg="Prepare to get object log/cluster-history/raycluster/test-ns-hczpc/raycluster-historyserver/session_2026-08-06_10-47-31_092669_1/195488bf01a6ad1542889aaea39dd2465ed9dc85b291e1d7cb8fb104/logs/events/event_CORE_WORKER_309.log info ..."
time="2026-08-06T17:49:17Z" level=info msg="Prepare to get object log/cluster-history/raycluster/test-ns-hczpc/raycluster-historyserver/session_2026-08-06_10-47-31_092669_1/195488bf01a6ad1542889aaea39dd2465ed9dc85b291e1d7cb8fb104/logs/events/event_CORE_WORKER_317.log info ..."
time="2026-08-06T17:49:17Z" level=info msg="Prepare to get object log/cluster-history/raycluster/test-ns-hczpc/raycluster-historyserver/session_2026-08-06_10-47-31_092669_1/195488bf01a6ad1542889aaea39dd2465ed9dc85b291e1d7cb8fb104/logs/events/event_CORE_WORKER_403.log info ..."
time="2026-08-06T17:49:17Z" level=info msg="Prepare to get object log/cluster-history/raycluster/test-ns-hczpc/raycluster-historyserver/session_2026-08-06_10-47-31_092669_1/195488bf01a6ad1542889aaea39dd2465ed9dc85b291e1d7cb8fb104/logs/events/event_CORE_WORKER_411.log info ..."
time="2026-08-06T17:49:17Z" level=info msg="Prepare to get object log/cluster-history/raycluster/test-ns-hczpc/raycluster-historyserver/session_2026-08-06_10-47-31_092669_1/195488bf01a6ad1542889aaea39dd2465ed9dc85b291e1d7cb8fb104/logs/events/event_CORE_WORKER_508.log info ..."
time="2026-08-06T17:49:17Z" level=info msg="Prepare to get object log/cluster-history/raycluster/test-ns-hczpc/raycluster-historyserver/session_2026-08-06_10-47-31_092669_1/195488bf01a6ad1542889aaea39dd2465ed9dc85b291e1d7cb8fb104/logs/events/event_CORE_WORKER_514.log info ..."
time="2026-08-06T17:49:17Z" level=info msg="Prepare to get object log/cluster-history/raycluster/test-ns-hczpc/raycluster-historyserver/session_2026-08-06_10-47-31_092669_1/195488bf01a6ad1542889aaea39dd2465ed9dc85b291e1d7cb8fb104/logs/events/event_CORE_WORKER_590.log info ..."
time="2026-08-06T17:49:17Z" level=info msg="Prepare to get object log/cluster-history/raycluster/test-ns-hczpc/raycluster-historyserver/session_2026-08-06_10-47-31_092669_1/195488bf01a6ad1542889aaea39dd2465ed9dc85b291e1d7cb8fb104/logs/events/event_CORE_WORKER_610.log info ..."
time="2026-08-06T17:49:17Z" level=info msg="Prepare to get object log/cluster-history/raycluster/test-ns-hczpc/raycluster-historyserver/session_2026-08-06_10-47-31_092669_1/195488bf01a6ad1542889aaea39dd2465ed9dc85b291e1d7cb8fb104/logs/events/event_RAYLET.log info ..."
time="2026-08-06T17:49:17Z" level=info msg="[ListFiles]Returned objects in log/cluster-history/raycluster/test-ns-hczpc/raycluster-historyserver/session_2026-08-06_10-47-31_092669_1/f5ae2770e39f8a33cd5c3eb048b2032e4fe4b2cc19573330bb1cc76d/logs/events/. length of page.Contents: 11, length of page.CommonPrefixes: 0"
time="2026-08-06T17:49:17Z" level=info msg="Prepare to get object log/cluster-history/raycluster/test-ns-hczpc/raycluster-historyserver/session_2026-08-06_10-47-31_092669_1/f5ae2770e39f8a33cd5c3eb048b2032e4fe4b2cc19573330bb1cc76d/logs/events/event_AUTOSCALER.log info ..."
time="2026-08-06T17:49:17Z" level=info msg="Prepare to get object log/cluster-history/raycluster/test-ns-hczpc/raycluster-historyserver/session_2026-08-06_10-47-31_092669_1/f5ae2770e39f8a33cd5c3eb048b2032e4fe4b2cc19573330bb1cc76d/logs/events/event_CORE_WORKER_1016.log info ..."
time="2026-08-06T17:49:17Z" level=info msg="Prepare to get object log/cluster-history/raycluster/test-ns-hczpc/raycluster-historyserver/session_2026-08-06_10-47-31_092669_1/f5ae2770e39f8a33cd5c3eb048b2032e4fe4b2cc19573330bb1cc76d/logs/events/event_CORE_WORKER_1179.log info ..."
time="2026-08-06T17:49:17Z" level=info msg="Prepare to get object log/cluster-history/raycluster/test-ns-hczpc/raycluster-historyserver/session_2026-08-06_10-47-31_092669_1/f5ae2770e39f8a33cd5c3eb048b2032e4fe4b2cc19573330bb1cc76d/logs/events/event_CORE_WORKER_199.log info ..."
time="2026-08-06T17:49:17Z" level=info msg="Prepare to get object log/cluster-history/raycluster/test-ns-hczpc/raycluster-historyserver/session_2026-08-06_10-47-31_092669_1/f5ae2770e39f8a33cd5c3eb048b2032e4fe4b2cc19573330bb1cc76d/logs/events/event_CORE_WORKER_204.log info ..."
time="2026-08-06T17:49:17Z" level=info msg="Prepare to get object log/cluster-history/raycluster/test-ns-hczpc/raycluster-historyserver/session_2026-08-06_10-47-31_092669_1/f5ae2770e39f8a33cd5c3eb048b2032e4fe4b2cc19573330bb1cc76d/logs/events/event_CORE_WORKER_674.log info ..."
time="2026-08-06T17:49:17Z" level=info msg="Prepare to get object log/cluster-history/raycluster/test-ns-hczpc/raycluster-historyserver/session_2026-08-06_10-47-31_092669_1/f5ae2770e39f8a33cd5c3eb048b2032e4fe4b2cc19573330bb1cc76d/logs/events/event_CORE_WORKER_958.log info ..."
time="2026-08-06T17:49:17Z" level=info msg="Prepare to get object log/cluster-history/raycluster/test-ns-hczpc/raycluster-historyserver/session_2026-08-06_10-47-31_092669_1/f5ae2770e39f8a33cd5c3eb048b2032e4fe4b2cc19573330bb1cc76d/logs/events/event_GCS.log info ..."
time="2026-08-06T17:49:17Z" level=info msg="Prepare to get object log/cluster-history/raycluster/test-ns-hczpc/raycluster-historyserver/session_2026-08-06_10-47-31_092669_1/f5ae2770e39f8a33cd5c3eb048b2032e4fe4b2cc19573330bb1cc76d/logs/events/event_JOBS.log info ..."
time="2026-08-06T17:49:17Z" level=info msg="Prepare to get object log/cluster-history/raycluster/test-ns-hczpc/raycluster-historyserver/session_2026-08-06_10-47-31_092669_1/f5ae2770e39f8a33cd5c3eb048b2032e4fe4b2cc19573330bb1cc76d/logs/events/event_RAYLET.log info ..."
time="2026-08-06T17:49:17Z" level=info msg="[ListFiles]Returned objects in log/cluster-history/raycluster/test-ns-hczpc/raycluster-historyserver/session_2026-08-06_10-47-31_092669_1/fetched_endpoints/logs/events/. length of page.Contents: 0, length of page.CommonPrefixes: 0"
time="2026-08-06T17:49:17Z" level=info msg="[ListFiles]Returned objects in log/cluster-history/raycluster/test-ns-hczpc/raycluster-historyserver/session_2026-08-06_10-47-31_092669_1/. length of page.Contents: 0, length of page.CommonPrefixes: 3"
time="2026-08-06T17:49:17Z" level=info msg="[ListFiles]Returned objects in log/cluster-history/raycluster/test-ns-hczpc/raycluster-historyserver/session_2026-08-06_10-47-31_092669_1/195488bf01a6ad1542889aaea39dd2465ed9dc85b291e1d7cb8fb104/job_events/. length of page.Contents: 0, length of page.CommonPrefixes: 1"
time="2026-08-06T17:49:17Z" level=info msg="[ListFiles]Returned objects in log/cluster-history/raycluster/test-ns-hczpc/raycluster-historyserver/session_2026-08-06_10-47-31_092669_1/195488bf01a6ad1542889aaea39dd2465ed9dc85b291e1d7cb8fb104/job_events/03000000/. length of page.Contents: 2, length of page.CommonPrefixes: 0"
time="2026-08-06T17:49:17Z" level=info msg="[ListFiles]Returned objects in log/cluster-history/raycluster/test-ns-hczpc/raycluster-historyserver/session_2026-08-06_10-47-31_092669_1/f5ae2770e39f8a33cd5c3eb048b2032e4fe4b2cc19573330bb1cc76d/job_events/. length of page.Contents: 0, length of page.CommonPrefixes: 4"
time="2026-08-06T17:49:17Z" level=info msg="[ListFiles]Returned objects in log/cluster-history/raycluster/test-ns-hczpc/raycluster-historyserver/session_2026-08-06_10-47-31_092669_1/f5ae2770e39f8a33cd5c3eb048b2032e4fe4b2cc19573330bb1cc76d/job_events/01000000/. length of page.Contents: 2, length of page.CommonPrefixes: 0"
time="2026-08-06T17:49:17Z" level=info msg="[ListFiles]Returned objects in log/cluster-history/raycluster/test-ns-hczpc/raycluster-historyserver/session_2026-08-06_10-47-31_092669_1/f5ae2770e39f8a33cd5c3eb048b2032e4fe4b2cc19573330bb1cc76d/job_events/02000000/. length of page.Contents: 2, length of page.CommonPrefixes: 0"
time="2026-08-06T17:49:17Z" level=info msg="[ListFiles]Returned objects in log/cluster-history/raycluster/test-ns-hczpc/raycluster-historyserver/session_2026-08-06_10-47-31_092669_1/f5ae2770e39f8a33cd5c3eb048b2032e4fe4b2cc19573330bb1cc76d/job_events/03000000/. length of page.Contents: 3, length of page.CommonPrefixes: 0"
time="2026-08-06T17:49:17Z" level=info msg="[ListFiles]Returned objects in log/cluster-history/raycluster/test-ns-hczpc/raycluster-historyserver/session_2026-08-06_10-47-31_092669_1/f5ae2770e39f8a33cd5c3eb048b2032e4fe4b2cc19573330bb1cc76d/job_events/04000000/. length of page.Contents: 2, length of page.CommonPrefixes: 0"
time="2026-08-06T17:49:17Z" level=info msg="[ListFiles]Returned objects in log/cluster-history/raycluster/test-ns-hczpc/raycluster-historyserver/session_2026-08-06_10-47-31_092669_1/fetched_endpoints/job_events/. length of page.Contents: 0, length of page.CommonPrefixes: 0"
time="2026-08-06T17:49:17Z" level=info msg="[ListFiles]Returned objects in log/cluster-history/raycluster/test-ns-hczpc/raycluster-historyserver/session_2026-08-06_10-47-31_092669_1/. length of page.Contents: 0, length of page.CommonPrefixes: 3"
time="2026-08-06T17:49:17Z" level=info msg="[ListFiles]Returned objects in log/cluster-history/raycluster/test-ns-hczpc/raycluster-historyserver/session_2026-08-06_10-47-31_092669_1/195488bf01a6ad1542889aaea39dd2465ed9dc85b291e1d7cb8fb104/node_events/. length of page.Contents: 0, length of page.CommonPrefixes: 0"
time="2026-08-06T17:49:17Z" level=info msg="[ListFiles]Returned objects in log/cluster-history/raycluster/test-ns-hczpc/raycluster-historyserver/session_2026-08-06_10-47-31_092669_1/f5ae2770e39f8a33cd5c3eb048b2032e4fe4b2cc19573330bb1cc76d/node_events/. length of page.Contents: 2, length of page.CommonPrefixes: 0"
time="2026-08-06T17:49:17Z" level=info msg="[ListFiles]Returned objects in log/cluster-history/raycluster/test-ns-hczpc/raycluster-historyserver/session_2026-08-06_10-47-31_092669_1/fetched_endpoints/node_events/. length of page.Contents: 0, length of page.CommonPrefixes: 0"
time="2026-08-06T17:49:17Z" level=info msg="Prepare to get object log/cluster-history/raycluster/test-ns-hczpc/raycluster-historyserver/session_2026-08-06_10-47-31_092669_1/195488bf01a6ad1542889aaea39dd2465ed9dc85b291e1d7cb8fb104/job_events/03000000/195488bf01a6ad1542889aaea39dd2465ed9dc85b291e1d7cb8fb104-2026-08-06-17-1786038476295662802.jsonl info ..."
time="2026-08-06T17:49:31Z" level=error msg="Failed to store events for file session_2026-08-06_10-47-31_092669_1/195488bf01a6ad1542889aaea39dd2465ed9dc85b291e1d7cb8fb104/job_events/03000000/195488bf01a6ad1542889aaea39dd2465ed9dc85b291e1d7cb8fb104-2026-08-06-17-1786038476295662802.jsonl: TASK_LIFECYCLE_EVENT must have at least one state transition"
time="2026-08-06T17:49:31Z" level=error msg="Failed to store events for file session_2026-08-06_10-47-31_092669_1/195488bf01a6ad1542889aaea39dd2465ed9dc85b291e1d7cb8fb104/job_events/03000000/195488bf01a6ad1542889aaea39dd2465ed9dc85b291e1d7cb8fb104-2026-08-06-17-1786038476295662802.jsonl: TASK_LIFECYCLE_EVENT must have at least one state transition"
time="2026-08-06T17:49:31Z" level=error msg="Failed to store events for file session_2026-08-06_10-47-31_092669_1/195488bf01a6ad1542889aaea39dd2465ed9dc85b291e1d7cb8fb104/job_events/03000000/195488bf01a6ad1542889aaea39dd2465ed9dc85b291e1d7cb8fb104-2026-08-06-17-1786038476295662802.jsonl: TASK_LIFECYCLE_EVENT must have at least one state transition"
time="2026-08-06T17:49:31Z" level=error msg="Failed to store events for file session_2026-08-06_10-47-31_092669_1/195488bf01a6ad1542889aaea39dd2465ed9dc85b291e1d7cb8fb104/job_events/03000000/195488bf01a6ad1542889aaea39dd2465ed9dc85b291e1d7cb8fb104-2026-08-06-17-1786038476295662802.jsonl: TASK_LIFECYCLE_EVENT must have at least one state transition"
time="2026-08-06T17:49:31Z" level=error msg="Failed to store events for file session_2026-08-06_10-47-31_092669_1/195488bf01a6ad1542889aaea39dd2465ed9dc85b291e1d7cb8fb104/job_events/03000000/195488bf01a6ad1542889aaea39dd2465ed9dc85b291e1d7cb8fb104-2026-08-06-17-1786038476295662802.jsonl: TASK_LIFECYCLE_EVENT must have at least one state transition"
time="2026-08-06T17:49:31Z" level=error msg="Failed to store events for file session_2026-08-06_10-47-31_092669_1/195488bf01a6ad1542889aaea39dd2465ed9dc85b291e1d7cb8fb104/job_events/03000000/195488bf01a6ad1542889aaea39dd2465ed9dc85b291e1d7cb8fb104-2026-08-06-17-1786038476295662802.jsonl: TASK_LIFECYCLE_EVENT must have at least one state transition"
time="2026-08-06T17:49:32Z" level=error msg="Failed to store events for file session_2026-08-06_10-47-31_092669_1/195488bf01a6ad1542889aaea39dd2465ed9dc85b291e1d7cb8fb104/job_events/03000000/195488bf01a6ad1542889aaea39dd2465ed9dc85b291e1d7cb8fb104-2026-08-06-17-1786038476295662802.jsonl: TASK_LIFECYCLE_EVENT must have at least one state transition"
time="2026-08-06T17:49:32Z" level=error msg="Failed to store events for file session_2026-08-06_10-47-31_092669_1/195488bf01a6ad1542889aaea39dd2465ed9dc85b291e1d7cb8fb104/job_events/03000000/195488bf01a6ad1542889aaea39dd2465ed9dc85b291e1d7cb8fb104-2026-08-06-17-1786038476295662802.jsonl: TASK_LIFECYCLE_EVENT must have at least one state transition"
time="2026-08-06T17:49:32Z" level=error msg="Failed to store events for file session_2026-08-06_10-47-31_092669_1/195488bf01a6ad1542889aaea39dd2465ed9dc85b291e1d7cb8fb104/job_events/03000000/195488bf01a6ad1542889aaea39dd2465ed9dc85b291e1d7cb8fb104-2026-08-06-17-1786038476295662802.jsonl: TASK_LIFECYCLE_EVENT must have at least one state transition"
time="2026-08-06T17:49:32Z" level=error msg="Failed to store events for file session_2026-08-06_10-47-31_092669_1/195488bf01a6ad1542889aaea39dd2465ed9dc85b291e1d7cb8fb104/job_events/03000000/195488bf01a6ad1542889aaea39dd2465ed9dc85b291e1d7cb8fb104-2026-08-06-17-1786038476295662802.jsonl: TASK_LIFECYCLE_EVENT must have at least one state transition"
time="2026-08-06T17:49:32Z" level=error msg="Failed to store events for file session_2026-08-06_10-47-31_092669_1/195488bf01a6ad1542889aaea39dd2465ed9dc85b291e1d7cb8fb104/job_events/03000000/195488bf01a6ad1542889aaea39dd2465ed9dc85b291e1d7cb8fb104-2026-08-06-17-1786038476295662802.jsonl: TASK_LIFECYCLE_EVENT must have at least one state transition"
time="2026-08-06T17:49:32Z" level=error msg="Failed to store events for file session_2026-08-06_10-47-31_092669_1/195488bf01a6ad1542889aaea39dd2465ed9dc85b291e1d7cb8fb104/job_events/03000000/195488bf01a6ad1542889aaea39dd2465ed9dc85b291e1d7cb8fb104-2026-08-06-17-1786038476295662802.jsonl: TASK_LIFECYCLE_EVENT must have at least one state transition"
time="2026-08-06T17:49:33Z" level=error msg="Failed to store events for file session_2026-08-06_10-47-31_092669_1/195488bf01a6ad1542889aaea39dd2465ed9dc85b291e1d7cb8fb104/job_events/03000000/195488bf01a6ad1542889aaea39dd2465ed9dc85b291e1d7cb8fb104-2026-08-06-17-1786038476295662802.jsonl: TASK_LIFECYCLE_EVENT must have at least one state transition"
time="2026-08-06T17:49:33Z" level=error msg="Failed to store events for file session_2026-08-06_10-47-31_092669_1/195488bf01a6ad1542889aaea39dd2465ed9dc85b291e1d7cb8fb104/job_events/03000000/195488bf01a6ad1542889aaea39dd2465ed9dc85b291e1d7cb8fb104-2026-08-06-17-1786038476295662802.jsonl: TASK_LIFECYCLE_EVENT must have at least one state transition"
time="2026-08-06T17:49:33Z" level=error msg="Failed to store events for file session_2026-08-06_10-47-31_092669_1/195488bf01a6ad1542889aaea39dd2465ed9dc85b291e1d7cb8fb104/job_events/03000000/195488bf01a6ad1542889aaea39dd2465ed9dc85b291e1d7cb8fb104-2026-08-06-17-1786038476295662802.jsonl: TASK_LIFECYCLE_EVENT must have at least one state transition"
time="2026-08-06T17:49:33Z" level=error msg="Failed to store events for file session_2026-08-06_10-47-31_092669_1/195488bf01a6ad1542889aaea39dd2465ed9dc85b291e1d7cb8fb104/job_events/03000000/195488bf01a6ad1542889aaea39dd2465ed9dc85b291e1d7cb8fb104-2026-08-06-17-1786038476295662802.jsonl: TASK_LIFECYCLE_EVENT must have at least one state transition"
time="2026-08-06T17:49:33Z" level=error msg="Failed to store events for file session_2026-08-06_10-47-31_092669_1/195488bf01a6ad1542889aaea39dd2465ed9dc85b291e1d7cb8fb104/job_events/03000000/195488bf01a6ad1542889aaea39dd2465ed9dc85b291e1d7cb8fb104-2026-08-06-17-1786038476295662802.jsonl: TASK_LIFECYCLE_EVENT must have at least one state transition"
time="2026-08-06T17:49:33Z" level=error msg="Failed to store events for file session_2026-08-06_10-47-31_092669_1/195488bf01a6ad1542889aaea39dd2465ed9dc85b291e1d7cb8fb104/job_events/03000000/195488bf01a6ad1542889aaea39dd2465ed9dc85b291e1d7cb8fb104-2026-08-06-17-1786038476295662802.jsonl: TASK_LIFECYCLE_EVENT must have at least one state transition"
time="2026-08-06T17:49:33Z" level=error msg="Failed to store events for file session_2026-08-06_10-47-31_092669_1/195488bf01a6ad1542889aaea39dd2465ed9dc85b291e1d7cb8fb104/job_events/03000000/195488bf01a6ad1542889aaea39dd2465ed9dc85b291e1d7cb8fb104-2026-08-06-17-1786038476295662802.jsonl: TASK_LIFECYCLE_EVENT must have at least one state transition"
time="2026-08-06T17:49:34Z" level=error msg="Failed to store events for file session_2026-08-06_10-47-31_092669_1/195488bf01a6ad1542889aaea39dd2465ed9dc85b291e1d7cb8fb104/job_events/03000000/195488bf01a6ad1542889aaea39dd2465ed9dc85b291e1d7cb8fb104-2026-08-06-17-1786038476295662802.jsonl: TASK_LIFECYCLE_EVENT must have at least one state transition"
time="2026-08-06T17:49:34Z" level=error msg="Failed to store events for file session_2026-08-06_10-47-31_092669_1/195488bf01a6ad1542889aaea39dd2465ed9dc85b291e1d7cb8fb104/job_events/03000000/195488bf01a6ad1542889aaea39dd2465ed9dc85b291e1d7cb8fb104-2026-08-06-17-1786038476295662802.jsonl: TASK_LIFECYCLE_EVENT must have at least one state transition"
time="2026-08-06T17:49:34Z" level=error msg="Failed to store events for file session_2026-08-06_10-47-31_092669_1/195488bf01a6ad1542889aaea39dd2465ed9dc85b291e1d7cb8fb104/job_events/03000000/195488bf01a6ad1542889aaea39dd2465ed9dc85b291e1d7cb8fb104-2026-08-06-17-1786038476295662802.jsonl: TASK_LIFECYCLE_EVENT must have at least one state transition"
time="2026-08-06T17:49:34Z" level=error msg="Failed to store events for file session_2026-08-06_10-47-31_092669_1/195488bf01a6ad1542889aaea39dd2465ed9dc85b291e1d7cb8fb104/job_events/03000000/195488bf01a6ad1542889aaea39dd2465ed9dc85b291e1d7cb8fb104-2026-08-06-17-1786038476295662802.jsonl: TASK_LIFECYCLE_EVENT must have at least one state transition"
time="2026-08-06T17:49:34Z" level=error msg="Failed to store events for file session_2026-08-06_10-47-31_092669_1/195488bf01a6ad1542889aaea39dd2465ed9dc85b291e1d7cb8fb104/job_events/03000000/195488bf01a6ad1542889aaea39dd2465ed9dc85b291e1d7cb8fb104-2026-08-06-17-1786038476295662802.jsonl: TASK_LIFECYCLE_EVENT must have at least one state transition"
time="2026-08-06T17:49:34Z" level=error msg="Failed to store events for file session_2026-08-06_10-47-31_092669_1/195488bf01a6ad1542889aaea39dd2465ed9dc85b291e1d7cb8fb104/job_events/03000000/195488bf01a6ad1542889aaea39dd2465ed9dc85b291e1d7cb8fb104-2026-08-06-17-1786038476295662802.jsonl: TASK_LIFECYCLE_EVENT must have at least one state transition"
time="2026-08-06T17:49:35Z" level=error msg="Failed to store events for file session_2026-08-06_10-47-31_092669_1/195488bf01a6ad1542889aaea39dd2465ed9dc85b291e1d7cb8fb104/job_events/03000000/195488bf01a6ad1542889aaea39dd2465ed9dc85b291e1d7cb8fb104-2026-08-06-17-1786038476295662802.jsonl: TASK_LIFECYCLE_EVENT must have at least one state transition"
time="2026-08-06T17:49:35Z" level=error msg="Failed to store events for file session_2026-08-06_10-47-31_092669_1/195488bf01a6ad1542889aaea39dd2465ed9dc85b291e1d7cb8fb104/job_events/03000000/195488bf01a6ad1542889aaea39dd2465ed9dc85b291e1d7cb8fb104-2026-08-06-17-1786038476295662802.jsonl: TASK_LIFECYCLE_EVENT must have at least one state transition"
time="2026-08-06T17:49:35Z" level=error msg="Failed to store events for file session_2026-08-06_10-47-31_092669_1/195488bf01a6ad1542889aaea39dd2465ed9dc85b291e1d7cb8fb104/job_events/03000000/195488bf01a6ad1542889aaea39dd2465ed9dc85b291e1d7cb8fb104-2026-08-06-17-1786038476295662802.jsonl: TASK_LIFECYCLE_EVENT must have at least one state transition"
time="2026-08-06T17:49:35Z" level=error msg="Failed to store events for file session_2026-08-06_10-47-31_092669_1/195488bf01a6ad1542889aaea39dd2465ed9dc85b291e1d7cb8fb104/job_events/03000000/195488bf01a6ad1542889aaea39dd2465ed9dc85b291e1d7cb8fb104-2026-08-06-17-1786038476295662802.jsonl: TASK_LIFECYCLE_EVENT must have at least one state transition"
time="2026-08-06T17:49:35Z" level=error msg="Failed to store events for file session_2026-08-06_10-47-31_092669_1/195488bf01a6ad1542889aaea39dd2465ed9dc85b291e1d7cb8fb104/job_events/03000000/195488bf01a6ad1542889aaea39dd2465ed9dc85b291e1d7cb8fb104-2026-08-06-17-1786038476295662802.jsonl: TASK_LIFECYCLE_EVENT must have at least one state transition"
time="2026-08-06T17:49:35Z" level=error msg="Failed to store events for file session_2026-08-06_10-47-31_092669_1/195488bf01a6ad1542889aaea39dd2465ed9dc85b291e1d7cb8fb104/job_events/03000000/195488bf01a6ad1542889aaea39dd2465ed9dc85b291e1d7cb8fb104-2026-08-06-17-1786038476295662802.jsonl: TASK_LIFECYCLE_EVENT must have at least one state transition"
time="2026-08-06T17:49:36Z" level=error msg="Failed to store events for file session_2026-08-06_10-47-31_092669_1/195488bf01a6ad1542889aaea39dd2465ed9dc85b291e1d7cb8fb104/job_events/03000000/195488bf01a6ad1542889aaea39dd2465ed9dc85b291e1d7cb8fb104-2026-08-06-17-1786038476295662802.jsonl: TASK_LIFECYCLE_EVENT must have at least one state transition"
time="2026-08-06T17:49:36Z" level=error msg="Failed to store events for file session_2026-08-06_10-47-31_092669_1/195488bf01a6ad1542889aaea39dd2465ed9dc85b291e1d7cb8fb104/job_events/03000000/195488bf01a6ad1542889aaea39dd2465ed9dc85b291e1d7cb8fb104-2026-08-06-17-1786038476295662802.jsonl: TASK_LIFECYCLE_EVENT must have at least one state transition"
time="2026-08-06T17:49:36Z" level=error msg="Failed to store events for file session_2026-08-06_10-47-31_092669_1/195488bf01a6ad1542889aaea39dd2465ed9dc85b291e1d7cb8fb104/job_events/03000000/195488bf01a6ad1542889aaea39dd2465ed9dc85b291e1d7cb8fb104-2026-08-06-17-1786038476295662802.jsonl: TASK_LIFECYCLE_EVENT must have at least one state transition"
time="2026-08-06T17:49:36Z" level=error msg="Failed to store events for file session_2026-08-06_10-47-31_092669_1/195488bf01a6ad1542889aaea39dd2465ed9dc85b291e1d7cb8fb104/job_events/03000000/195488bf01a6ad1542889aaea39dd2465ed9dc85b291e1d7cb8fb104-2026-08-06-17-1786038476295662802.jsonl: TASK_LIFECYCLE_EVENT must have at least one state transition"
time="2026-08-06T17:49:36Z" level=error msg="Failed to store events for file session_2026-08-06_10-47-31_092669_1/195488bf01a6ad1542889aaea39dd2465ed9dc85b291e1d7cb8fb104/job_events/03000000/195488bf01a6ad1542889aaea39dd2465ed9dc85b291e1d7cb8fb104-2026-08-06-17-1786038476295662802.jsonl: TASK_LIFECYCLE_EVENT must have at least one state transition"
time="2026-08-06T17:49:36Z" level=error msg="Failed to store events for file session_2026-08-06_10-47-31_092669_1/195488bf01a6ad1542889aaea39dd2465ed9dc85b291e1d7cb8fb104/job_events/03000000/195488bf01a6ad1542889aaea39dd2465ed9dc85b291e1d7cb8fb104-2026-08-06-17-1786038476295662802.jsonl: TASK_LIFECYCLE_EVENT must have at least one state transition"
time="2026-08-06T17:49:37Z" level=error msg="Failed to store events for file session_2026-08-06_10-47-31_092669_1/195488bf01a6ad1542889aaea39dd2465ed9dc85b291e1d7cb8fb104/job_events/03000000/195488bf01a6ad1542889aaea39dd2465ed9dc85b291e1d7cb8fb104-2026-08-06-17-1786038476295662802.jsonl: TASK_LIFECYCLE_EVENT must have at least one state transition"
time="2026-08-06T17:49:37Z" level=error msg="Failed to store events for file session_2026-08-06_10-47-31_092669_1/195488bf01a6ad1542889aaea39dd2465ed9dc85b291e1d7cb8fb104/job_events/03000000/195488bf01a6ad1542889aaea39dd2465ed9dc85b291e1d7cb8fb104-2026-08-06-17-1786038476295662802.jsonl: TASK_LIFECYCLE_EVENT must have at least one state transition"
time="2026-08-06T17:49:37Z" level=error msg="Failed to store events for file session_2026-08-06_10-47-31_092669_1/195488bf01a6ad1542889aaea39dd2465ed9dc85b291e1d7cb8fb104/job_events/03000000/195488bf01a6ad1542889aaea39dd2465ed9dc85b291e1d7cb8fb104-2026-08-06-17-1786038476295662802.jsonl: TASK_LIFECYCLE_EVENT must have at least one state transition"
time="2026-08-06T17:49:37Z" level=error msg="Failed to store events for file session_2026-08-06_10-47-31_092669_1/195488bf01a6ad1542889aaea39dd2465ed9dc85b291e1d7cb8fb104/job_events/03000000/195488bf01a6ad1542889aaea39dd2465ed9dc85b291e1d7cb8fb104-2026-08-06-17-1786038476295662802.jsonl: TASK_LIFECYCLE_EVENT must have at least one state transition"
time="2026-08-06T17:49:37Z" level=error msg="Failed to store events for file session_2026-08-06_10-47-31_092669_1/195488bf01a6ad1542889aaea39dd2465ed9dc85b291e1d7cb8fb104/job_events/03000000/195488bf01a6ad1542889aaea39dd2465ed9dc85b291e1d7cb8fb104-2026-08-06-17-1786038476295662802.jsonl: TASK_LIFECYCLE_EVENT must have at least one state transition"
time="2026-08-06T17:49:38Z" level=error msg="Failed to store events for file session_2026-08-06_10-47-31_092669_1/195488bf01a6ad1542889aaea39dd2465ed9dc85b291e1d7cb8fb104/job_events/03000000/195488bf01a6ad1542889aaea39dd2465ed9dc85b291e1d7cb8fb104-2026-08-06-17-1786038476295662802.jsonl: TASK_LIFECYCLE_EVENT must have at least one state transition"
time="2026-08-06T17:49:38Z" level=error msg="Failed to store events for file session_2026-08-06_10-47-31_092669_1/195488bf01a6ad1542889aaea39dd2465ed9dc85b291e1d7cb8fb104/job_events/03000000/195488bf01a6ad1542889aaea39dd2465ed9dc85b291e1d7cb8fb104-2026-08-06-17-1786038476295662802.jsonl: TASK_LIFECYCLE_EVENT must have at least one state transition"
time="2026-08-06T17:49:38Z" level=error msg="Failed to store events for file session_2026-08-06_10-47-31_092669_1/195488bf01a6ad1542889aaea39dd2465ed9dc85b291e1d7cb8fb104/job_events/03000000/195488bf01a6ad1542889aaea39dd2465ed9dc85b291e1d7cb8fb104-2026-08-06-17-1786038476295662802.jsonl: TASK_LIFECYCLE_EVENT must have at least one state transition"
time="2026-08-06T17:49:38Z" level=error msg="Failed to store events for file session_2026-08-06_10-47-31_092669_1/195488bf01a6ad1542889aaea39dd2465ed9dc85b291e1d7cb8fb104/job_events/03000000/195488bf01a6ad1542889aaea39dd2465ed9dc85b291e1d7cb8fb104-2026-08-06-17-1786038476295662802.jsonl: TASK_LIFECYCLE_EVENT must have at least one state transition"
time="2026-08-06T17:49:38Z" level=error msg="Failed to store events for file session_2026-08-06_10-47-31_092669_1/195488bf01a6ad1542889aaea39dd2465ed9dc85b291e1d7cb8fb104/job_events/03000000/195488bf01a6ad1542889aaea39dd2465ed9dc85b291e1d7cb8fb104-2026-08-06-17-1786038476295662802.jsonl: TASK_LIFECYCLE_EVENT must have at least one state transition"
time="2026-08-06T17:49:38Z" level=error msg="Failed to store events for file session_2026-08-06_10-47-31_092669_1/195488bf01a6ad1542889aaea39dd2465ed9dc85b291e1d7cb8fb104/job_events/03000000/195488bf01a6ad1542889aaea39dd2465ed9dc85b291e1d7cb8fb104-2026-08-06-17-1786038476295662802.jsonl: TASK_LIFECYCLE_EVENT must have at least one state transition"
time="2026-08-06T17:49:38Z" level=error msg="Failed to store events for file session_2026-08-06_10-47-31_092669_1/195488bf01a6ad1542889aaea39dd2465ed9dc85b291e1d7cb8fb104/job_events/03000000/195488bf01a6ad1542889aaea39dd2465ed9dc85b291e1d7cb8fb104-2026-08-06-17-1786038476295662802.jsonl: TASK_LIFECYCLE_EVENT must have at least one state transition"
time="2026-08-06T17:49:39Z" level=error msg="Failed to store events for file session_2026-08-06_10-47-31_092669_1/195488bf01a6ad1542889aaea39dd2465ed9dc85b291e1d7cb8fb104/job_events/03000000/195488bf01a6ad1542889aaea39dd2465ed9dc85b291e1d7cb8fb104-2026-08-06-17-1786038476295662802.jsonl: TASK_LIFECYCLE_EVENT must have at least one state transition"
time="2026-08-06T17:49:39Z" level=error msg="Failed to store events for file session_2026-08-06_10-47-31_092669_1/195488bf01a6ad1542889aaea39dd2465ed9dc85b291e1d7cb8fb104/job_events/03000000/195488bf01a6ad1542889aaea39dd2465ed9dc85b291e1d7cb8fb104-2026-08-06-17-1786038476295662802.jsonl: TASK_LIFECYCLE_EVENT must have at least one state transition"
time="2026-08-06T17:49:39Z" level=error msg="Failed to store events for file session_2026-08-06_10-47-31_092669_1/195488bf01a6ad1542889aaea39dd2465ed9dc85b291e1d7cb8fb104/job_events/03000000/195488bf01a6ad1542889aaea39dd2465ed9dc85b291e1d7cb8fb104-2026-08-06-17-1786038476295662802.jsonl: TASK_LIFECYCLE_EVENT must have at least one state transition"
time="2026-08-06T17:49:39Z" level=error msg="Failed to store events for file session_2026-08-06_10-47-31_092669_1/195488bf01a6ad1542889aaea39dd2465ed9dc85b291e1d7cb8fb104/job_events/03000000/195488bf01a6ad1542889aaea39dd2465ed9dc85b291e1d7cb8fb104-2026-08-06-17-1786038476295662802.jsonl: TASK_LIFECYCLE_EVENT must have at least one state transition"
time="2026-08-06T17:49:39Z" level=error msg="Failed to store events for file session_2026-08-06_10-47-31_092669_1/195488bf01a6ad1542889aaea39dd2465ed9dc85b291e1d7cb8fb104/job_events/03000000/195488bf01a6ad1542889aaea39dd2465ed9dc85b291e1d7cb8fb104-2026-08-06-17-1786038476295662802.jsonl: TASK_LIFECYCLE_EVENT must have at least one state transition"
time="2026-08-06T17:49:39Z" level=error msg="Failed to store events for file session_2026-08-06_10-47-31_092669_1/195488bf01a6ad1542889aaea39dd2465ed9dc85b291e1d7cb8fb104/job_events/03000000/195488bf01a6ad1542889aaea39dd2465ed9dc85b291e1d7cb8fb104-2026-08-06-17-1786038476295662802.jsonl: TASK_LIFECYCLE_EVENT must have at least one state transition"
time="2026-08-06T17:49:40Z" level=error msg="Failed to store events for file session_2026-08-06_10-47-31_092669_1/195488bf01a6ad1542889aaea39dd2465ed9dc85b291e1d7cb8fb104/job_events/03000000/195488bf01a6ad1542889aaea39dd2465ed9dc85b291e1d7cb8fb104-2026-08-06-17-1786038476295662802.jsonl: TASK_LIFECYCLE_EVENT must have at least one state transition"
time="2026-08-06T17:49:40Z" level=error msg="Failed to store events for file session_2026-08-06_10-47-31_092669_1/195488bf01a6ad1542889aaea39dd2465ed9dc85b291e1d7cb8fb104/job_events/03000000/195488bf01a6ad1542889aaea39dd2465ed9dc85b291e1d7cb8fb104-2026-08-06-17-1786038476295662802.jsonl: TASK_LIFECYCLE_EVENT must have at least one state transition"
time="2026-08-06T17:49:40Z" level=error msg="Failed to store events for file session_2026-08-06_10-47-31_092669_1/195488bf01a6ad1542889aaea39dd2465ed9dc85b291e1d7cb8fb104/job_events/03000000/195488bf01a6ad1542889aaea39dd2465ed9dc85b291e1d7cb8fb104-2026-08-06-17-1786038476295662802.jsonl: TASK_LIFECYCLE_EVENT must have at least one state transition"
time="2026-08-06T17:49:40Z" level=error msg="Failed to store events for file session_2026-08-06_10-47-31_092669_1/195488bf01a6ad1542889aaea39dd2465ed9dc85b291e1d7cb8fb104/job_events/03000000/195488bf01a6ad1542889aaea39dd2465ed9dc85b291e1d7cb8fb104-2026-08-06-17-1786038476295662802.jsonl: TASK_LIFECYCLE_EVENT must have at least one state transition"
time="2026-08-06T17:49:40Z" level=error msg="Failed to store events for file session_2026-08-06_10-47-31_092669_1/195488bf01a6ad1542889aaea39dd2465ed9dc85b291e1d7cb8fb104/job_events/03000000/195488bf01a6ad1542889aaea39dd2465ed9dc85b291e1d7cb8fb104-2026-08-06-17-1786038476295662802.jsonl: TASK_LIFECYCLE_EVENT must have at least one state transition"
time="2026-08-06T17:49:41Z" level=error msg="Failed to store events for file session_2026-08-06_10-47-31_092669_1/195488bf01a6ad1542889aaea39dd2465ed9dc85b291e1d7cb8fb104/job_events/03000000/195488bf01a6ad1542889aaea39dd2465ed9dc85b291e1d7cb8fb104-2026-08-06-17-1786038476295662802.jsonl: TASK_LIFECYCLE_EVENT must have at least one state transition"
time="2026-08-06T17:49:42Z" level=error msg="Failed to store events for file session_2026-08-06_10-47-31_092669_1/195488bf01a6ad1542889aaea39dd2465ed9dc85b291e1d7cb8fb104/job_events/03000000/195488bf01a6ad1542889aaea39dd2465ed9dc85b291e1d7cb8fb104-2026-08-06-17-1786038476295662802.jsonl: TASK_LIFECYCLE_EVENT must have at least one state transition"
time="2026-08-06T17:49:42Z" level=error msg="Failed to store events for file session_2026-08-06_10-47-31_092669_1/195488bf01a6ad1542889aaea39dd2465ed9dc85b291e1d7cb8fb104/job_events/03000000/195488bf01a6ad1542889aaea39dd2465ed9dc85b291e1d7cb8fb104-2026-08-06-17-1786038476295662802.jsonl: TASK_LIFECYCLE_EVENT must have at least one state transition"
time="2026-08-06T17:49:42Z" level=error msg="Failed to store events for file session_2026-08-06_10-47-31_092669_1/195488bf01a6ad1542889aaea39dd2465ed9dc85b291e1d7cb8fb104/job_events/03000000/195488bf01a6ad1542889aaea39dd2465ed9dc85b291e1d7cb8fb104-2026-08-06-17-1786038476295662802.jsonl: TASK_LIFECYCLE_EVENT must have at least one state transition"
time="2026-08-06T17:49:42Z" level=error msg="Failed to store events for file session_2026-08-06_10-47-31_092669_1/195488bf01a6ad1542889aaea39dd2465ed9dc85b291e1d7cb8fb104/job_events/03000000/195488bf01a6ad1542889aaea39dd2465ed9dc85b291e1d7cb8fb104-2026-08-06-17-1786038476295662802.jsonl: TASK_LIFECYCLE_EVENT must have at least one state transition"
time="2026-08-06T17:49:43Z" level=error msg="Failed to store events for file session_2026-08-06_10-47-31_092669_1/195488bf01a6ad1542889aaea39dd2465ed9dc85b291e1d7cb8fb104/job_events/03000000/195488bf01a6ad1542889aaea39dd2465ed9dc85b291e1d7cb8fb104-2026-08-06-17-1786038476295662802.jsonl: TASK_LIFECYCLE_EVENT must have at least one state transition"
time="2026-08-06T17:49:43Z" level=error msg="Failed to store events for file session_2026-08-06_10-47-31_092669_1/195488bf01a6ad1542889aaea39dd2465ed9dc85b291e1d7cb8fb104/job_events/03000000/195488bf01a6ad1542889aaea39dd2465ed9dc85b291e1d7cb8fb104-2026-08-06-17-1786038476295662802.jsonl: TASK_LIFECYCLE_EVENT must have at least one state transition"
time="2026-08-06T17:49:43Z" level=error msg="Failed to store events for file session_2026-08-06_10-47-31_092669_1/195488bf01a6ad1542889aaea39dd2465ed9dc85b291e1d7cb8fb104/job_events/03000000/195488bf01a6ad1542889aaea39dd2465ed9dc85b291e1d7cb8fb104-2026-08-06-17-1786038476295662802.jsonl: TASK_LIFECYCLE_EVENT must have at least one state transition"
time="2026-08-06T17:49:43Z" level=info msg="Prepare to get object log/cluster-history/raycluster/test-ns-hczpc/raycluster-historyserver/session_2026-08-06_10-47-31_092669_1/f5ae2770e39f8a33cd5c3eb048b2032e4fe4b2cc19573330bb1cc76d/job_events/01000000/f5ae2770e39f8a33cd5c3eb048b2032e4fe4b2cc19573330bb1cc76d-2026-08-06-17-1786038456426217959.jsonl info ..."
time="2026-08-06T17:49:43Z" level=info msg="Prepare to get object log/cluster-history/raycluster/test-ns-hczpc/raycluster-historyserver/session_2026-08-06_10-47-31_092669_1/f5ae2770e39f8a33cd5c3eb048b2032e4fe4b2cc19573330bb1cc76d/job_events/02000000/f5ae2770e39f8a33cd5c3eb048b2032e4fe4b2cc19573330bb1cc76d-2026-08-06-17-1786038473583079175.jsonl info ..."
time="2026-08-06T17:49:43Z" level=info msg="Prepare to get object log/cluster-history/raycluster/test-ns-hczpc/raycluster-historyserver/session_2026-08-06_10-47-31_092669_1/f5ae2770e39f8a33cd5c3eb048b2032e4fe4b2cc19573330bb1cc76d/job_events/03000000/f5ae2770e39f8a33cd5c3eb048b2032e4fe4b2cc19573330bb1cc76d-2026-08-06-17-1786038474582096343.jsonl info ..."
time="2026-08-06T17:50:14Z" level=info msg="Prepare to get object log/cluster-history/raycluster/test-ns-hczpc/raycluster-historyserver/session_2026-08-06_10-47-31_092669_1/f5ae2770e39f8a33cd5c3eb048b2032e4fe4b2cc19573330bb1cc76d/job_events/03000000/f5ae2770e39f8a33cd5c3eb048b2032e4fe4b2cc19573330bb1cc76d-2026-08-06-17-1786038516316661584.jsonl info ..."
time="2026-08-06T17:50:22Z" level=info msg="Prepare to get object log/cluster-history/raycluster/test-ns-hczpc/raycluster-historyserver/session_2026-08-06_10-47-31_092669_1/f5ae2770e39f8a33cd5c3eb048b2032e4fe4b2cc19573330bb1cc76d/job_events/04000000/f5ae2770e39f8a33cd5c3eb048b2032e4fe4b2cc19573330bb1cc76d-2026-08-06-17-1786038489501822044.jsonl info ..."
time="2026-08-06T17:50:22Z" level=info msg="Prepare to get object log/cluster-history/raycluster/test-ns-hczpc/raycluster-historyserver/session_2026-08-06_10-47-31_092669_1/f5ae2770e39f8a33cd5c3eb048b2032e4fe4b2cc19573330bb1cc76d/node_events/f5ae2770e39f8a33cd5c3eb048b2032e4fe4b2cc19573330bb1cc76d-2026-08-06-17-1786038456176572667.jsonl info ..."
time="2026-08-06T17:50:23Z" level=info msg="Received request: GET /enter_cluster/test-ns-hczpc/raycluster/raycluster-historyserver/session_2026-08-06_10-47-31_092669_1"
time="2026-08-06T17:50:23Z" level=info msg="[List]Returned objects in log/cluster-metadata/. length of page.Contents: 2, length of page.CommonPrefixes: 0"
time="2026-08-06T17:50:23Z" level=error msg="Failed to parse meta file path: log/cluster-metadata/raycluster/test-ns-hczpc_raycluster-historyserver/, error: invalid path segment count for cluster metadata structure: log/cluster-metadata/raycluster/test-ns-hczpc_raycluster-historyserver/"
time="2026-08-06T17:50:23Z" level=info msg="Parsed cluster raycluster-historyserver for session session_2026-08-06_10-47-31_092669_1 to list"
time="2026-08-06T17:50:23Z" level=info msg="Received request: GET /api/v0/tasks?limit=100000"
time="2026-08-06T17:50:23Z" level=info msg="Request URL /api/v0/tasks?limit=100000"
time="2026-08-06T17:50:23Z" level=info msg="Received request: GET /api/v0/tasks?limit=100000"
time="2026-08-06T17:50:23Z" level=info msg="Request URL /api/v0/tasks?limit=100000"
time="2026-08-06T17:50:23Z" level=info msg="Received request: GET /api/v0/tasks?limit=100000"
time="2026-08-06T17:50:23Z" level=info msg="Request URL /api/v0/tasks?limit=100000"
time="2026-08-06T17:50:23Z" level=info msg="Received request: GET /api/v0/tasks?limit=100000"
time="2026-08-06T17:50:23Z" level=info msg="Request URL /api/v0/tasks?limit=100000"
time="2026-08-06T17:50:23Z" level=info msg="Received request: GET /api/v0/tasks?limit=100000"
time="2026-08-06T17:50:23Z" level=info msg="Request URL /api/v0/tasks?limit=100000"
time="2026-08-06T17:50:23Z" level=info msg="Received request: GET /api/v0/tasks?limit=100000"
time="2026-08-06T17:50:23Z" level=info msg="Request URL /api/v0/tasks?limit=100000"
time="2026-08-06T17:50:23Z" level=info msg="Received request: GET /api/v0/tasks?limit=100000"
time="2026-08-06T17:50:23Z" level=info msg="Request URL /api/v0/tasks?limit=100000"
time="2026-08-06T17:50:23Z" level=info msg="Received request: GET /api/v0/tasks?limit=100000"
time="2026-08-06T17:50:23Z" level=info msg="Request URL /api/v0/tasks?limit=100000"
time="2026-08-06T17:50:23Z" level=info msg="Received request: GET /api/v0/tasks?limit=100000"
time="2026-08-06T17:50:23Z" level=info msg="Request URL /api/v0/tasks?limit=100000"
time="2026-08-06T17:50:23Z" level=info msg="Received request: GET /api/v0/tasks?limit=100000"
time="2026-08-06T17:50:23Z" level=info msg="Request URL /api/v0/tasks?limit=100000"
time="2026-08-06T17:50:23Z" level=info msg="Received request: GET /api/v0/tasks/summarize"
time="2026-08-06T17:50:23Z" level=info msg="Request URL /api/v0/tasks/summarize"
time="2026-08-06T17:50:24Z" level=info msg="Received request: GET /api/v0/tasks/summarize"
time="2026-08-06T17:50:24Z" level=info msg="Request URL /api/v0/tasks/summarize"
time="2026-08-06T17:50:25Z" level=info msg="Received request: GET /api/v0/tasks/summarize"
time="2026-08-06T17:50:25Z" level=info msg="Request URL /api/v0/tasks/summarize"
time="2026-08-06T17:50:26Z" level=info msg="Received request: GET /api/v0/tasks/summarize"
time="2026-08-06T17:50:26Z" level=info msg="Request URL /api/v0/tasks/summarize"
time="2026-08-06T17:50:27Z" level=info msg="Received request: GET /api/v0/tasks/summarize"
time="2026-08-06T17:50:27Z" level=info msg="Request URL /api/v0/tasks/summarize"
time="2026-08-06T17:50:27Z" level=info msg="Received request: GET /api/v0/tasks/summarize"
time="2026-08-06T17:50:27Z" level=info msg="Request URL /api/v0/tasks/summarize"
time="2026-08-06T17:50:28Z" level=info msg="Received request: GET /api/v0/tasks/summarize"
time="2026-08-06T17:50:28Z" level=info msg="Request URL /api/v0/tasks/summarize"
time="2026-08-06T17:50:29Z" level=info msg="Received request: GET /api/v0/tasks/summarize"
time="2026-08-06T17:50:29Z" level=info msg="Request URL /api/v0/tasks/summarize"
time="2026-08-06T17:50:30Z" level=info msg="Received request: GET /api/v0/tasks/summarize"
time="2026-08-06T17:50:30Z" level=info msg="Request URL /api/v0/tasks/summarize"
time="2026-08-06T17:50:31Z" level=info msg="Received request: GET /api/v0/tasks/summarize"
time="2026-08-06T17:50:31Z" level=info msg="Request URL /api/v0/tasks/summarize"
time="2026-08-06T17:50:32Z" level=info msg="Received request: GET /api/jobs/"
time="2026-08-06T17:50:32Z" level=info msg="Request URL /api/jobs/"
time="2026-08-06T17:50:32Z" level=info msg="Received request: GET /api/jobs/"
time="2026-08-06T17:50:32Z" level=info msg="Request URL /api/jobs/"
time="2026-08-06T17:50:32Z" level=info msg="Received request: GET /api/jobs/"
time="2026-08-06T17:50:32Z" level=info msg="Request URL /api/jobs/"
time="2026-08-06T17:50:32Z" level=info msg="Received request: GET /api/jobs/"
time="2026-08-06T17:50:32Z" level=info msg="Request URL /api/jobs/"
time="2026-08-06T17:50:32Z" level=info msg="Received request: GET /api/jobs/"
time="2026-08-06T17:50:32Z" level=info msg="Request URL /api/jobs/"
time="2026-08-06T17:50:32Z" level=info msg="Received request: GET /api/jobs/"
time="2026-08-06T17:50:32Z" level=info msg="Request URL /api/jobs/"
time="2026-08-06T17:50:32Z" level=info msg="Received request: GET /api/jobs/"
time="2026-08-06T17:50:32Z" level=info msg="Request URL /api/jobs/"
time="2026-08-06T17:50:32Z" level=info msg="Received request: GET /api/jobs/"
time="2026-08-06T17:50:32Z" level=info msg="Request URL /api/jobs/"
time="2026-08-06T17:50:32Z" level=info msg="Received request: GET /api/jobs/"
time="2026-08-06T17:50:32Z" level=info msg="Request URL /api/jobs/"
time="2026-08-06T17:50:32Z" level=info msg="Received request: GET /api/jobs/"
time="2026-08-06T17:50:32Z" level=info msg="Request URL /api/jobs/"
time="2026-08-06T17:50:32Z" level=info msg="Request URL /nodes?view=summary"
time="2026-08-06T17:50:32Z" level=info msg="Request URL /nodes?view=summary"
time="2026-08-06T17:50:32Z" level=info msg="Request URL /nodes?view=summary"
time="2026-08-06T17:50:32Z" level=info msg="Request URL /nodes?view=summary"
time="2026-08-06T17:50:33Z" level=info msg="Request URL /nodes?view=summary"
time="2026-08-06T17:50:33Z" level=info msg="Request URL /nodes?view=summary"
time="2026-08-06T17:50:33Z" level=info msg="Request URL /nodes?view=summary"
time="2026-08-06T17:50:33Z" level=info msg="Request URL /nodes?view=summary"
time="2026-08-06T17:50:33Z" level=info msg="Request URL /nodes?view=summary"
time="2026-08-06T17:50:33Z" level=info msg="Request URL /nodes?view=summary"
time="2026-08-06T17:50:33Z" level=info msg="Request URL /events"
time="2026-08-06T17:50:33Z" level=info msg="Request URL /events"
time="2026-08-06T17:50:33Z" level=info msg="Request URL /events"
time="2026-08-06T17:50:33Z" level=info msg="Request URL /events"
time="2026-08-06T17:50:33Z" level=info msg="Request URL /events"
time="2026-08-06T17:50:33Z" level=info msg="Request URL /events"
time="2026-08-06T17:50:33Z" level=info msg="Request URL /events"
time="2026-08-06T17:50:33Z" level=info msg="Request URL /events"
time="2026-08-06T17:50:33Z" level=info msg="Request URL /events"
time="2026-08-06T17:50:33Z" level=info msg="Request URL /events"
