gc 1 @0.170s 4%: 1.7+19+1.3 ms clock, 3.5+2.8/8.6/7.2+2.7 ms cpu, 3->3->2 MB, 4 MB goal, 0 MB stacks, 0 MB globals, 2 P
gc 2 @0.271s 3%: 0.17+7.7+0.54 ms clock, 0.34+0.23/2.6/4.9+1.0 ms cpu, 5->5->3 MB, 5 MB goal, 0 MB stacks, 0 MB globals, 2 P
time="2026-08-06T19:49:57Z" level=info msg="create client manager successfully, clients: 1"
time="2026-08-06T19:49:57Z" level=info msg="Begin to create s3 client ..."
time="2026-08-06T19:49:57Z" level=info msg="Checking if bucket ray-historyserver exists..."
gc 3 @0.442s 3%: 0.12+16+0.099 ms clock, 0.25+0.22/9.2/1.6+0.19 ms cpu, 8->8->5 MB, 8 MB goal, 0 MB stacks, 0 MB globals, 2 P
time="2026-08-06T19:49:57Z" level=info msg="Bucket ray-historyserver already exists"
time="2026-08-06T19:49:57Z" level=info msg="Clean logdir is logs"
time="2026-08-06T19:49:57Z" level=info msg="Starting server on :8080"
time="2026-08-06T19:49:58Z" level=info msg="Received request: GET /readz"
time="2026-08-06T19:49:58Z" level=info msg="live clusters: []"
time="2026-08-06T19:49:58Z" level=info msg="[List]Returned objects in log/cluster-metadata/. length of page.Contents: 2, length of page.CommonPrefixes: 0"
time="2026-08-06T19:49:58Z" level=error msg="Failed to parse meta file path: log/cluster-metadata/raycluster/test-ns-kss9c_raycluster-historyserver/, error: invalid path segment count for cluster metadata structure: log/cluster-metadata/raycluster/test-ns-kss9c_raycluster-historyserver/"
time="2026-08-06T19:49:58Z" level=info msg="Parsed cluster raycluster-historyserver for session session_2026-08-06_12-48-43_459381_1 to list"
time="2026-08-06T19:49:58Z" level=info msg="live clusters: []"
time="2026-08-06T19:49:58Z" level=info msg="[List]Returned objects in log/cluster-metadata/. length of page.Contents: 2, length of page.CommonPrefixes: 0"
time="2026-08-06T19:49:58Z" level=error msg="Failed to parse meta file path: log/cluster-metadata/raycluster/test-ns-kss9c_raycluster-historyserver/, error: invalid path segment count for cluster metadata structure: log/cluster-metadata/raycluster/test-ns-kss9c_raycluster-historyserver/"
time="2026-08-06T19:49:58Z" level=info msg="Parsed cluster raycluster-historyserver for session session_2026-08-06_12-48-43_459381_1 to list"
time="2026-08-06T19:49:58Z" level=info msg="live clusters: []"
time="2026-08-06T19:49:58Z" level=info msg="[List]Returned objects in log/cluster-metadata/. length of page.Contents: 2, length of page.CommonPrefixes: 0"
time="2026-08-06T19:49:58Z" level=error msg="Failed to parse meta file path: log/cluster-metadata/raycluster/test-ns-kss9c_raycluster-historyserver/, error: invalid path segment count for cluster metadata structure: log/cluster-metadata/raycluster/test-ns-kss9c_raycluster-historyserver/"
time="2026-08-06T19:49:58Z" level=info msg="Parsed cluster raycluster-historyserver for session session_2026-08-06_12-48-43_459381_1 to list"
time="2026-08-06T19:49:58Z" level=info msg="live clusters: []"
time="2026-08-06T19:49:58Z" level=info msg="[List]Returned objects in log/cluster-metadata/. length of page.Contents: 2, length of page.CommonPrefixes: 0"
time="2026-08-06T19:49:58Z" level=error msg="Failed to parse meta file path: log/cluster-metadata/raycluster/test-ns-kss9c_raycluster-historyserver/, error: invalid path segment count for cluster metadata structure: log/cluster-metadata/raycluster/test-ns-kss9c_raycluster-historyserver/"
time="2026-08-06T19:49:58Z" level=info msg="Parsed cluster raycluster-historyserver for session session_2026-08-06_12-48-43_459381_1 to list"
time="2026-08-06T19:49:58Z" level=info msg="live clusters: []"
time="2026-08-06T19:49:58Z" level=info msg="[List]Returned objects in log/cluster-metadata/. length of page.Contents: 2, length of page.CommonPrefixes: 0"
time="2026-08-06T19:49:58Z" level=error msg="Failed to parse meta file path: log/cluster-metadata/raycluster/test-ns-kss9c_raycluster-historyserver/, error: invalid path segment count for cluster metadata structure: log/cluster-metadata/raycluster/test-ns-kss9c_raycluster-historyserver/"
time="2026-08-06T19:49:58Z" level=info msg="Parsed cluster raycluster-historyserver for session session_2026-08-06_12-48-43_459381_1 to list"
time="2026-08-06T19:49:58Z" level=info msg="Received request: GET /enter_cluster/test-ns-kss9c/raycluster/raycluster-historyserver/session_2026-08-06_12-48-43_459381_1"
time="2026-08-06T19:49:58Z" level=info msg="[List]Returned objects in log/cluster-metadata/. length of page.Contents: 2, length of page.CommonPrefixes: 0"
time="2026-08-06T19:49:58Z" level=error msg="Failed to parse meta file path: log/cluster-metadata/raycluster/test-ns-kss9c_raycluster-historyserver/, error: invalid path segment count for cluster metadata structure: log/cluster-metadata/raycluster/test-ns-kss9c_raycluster-historyserver/"
time="2026-08-06T19:49:58Z" level=info msg="Parsed cluster raycluster-historyserver for session session_2026-08-06_12-48-43_459381_1 to list"
time="2026-08-06T19:49:58Z" level=info msg="[ListFiles]Returned objects in log/cluster-history/raycluster/test-ns-kss9c/raycluster-historyserver/session_2026-08-06_12-48-43_459381_1/. length of page.Contents: 0, length of page.CommonPrefixes: 3"
time="2026-08-06T19:49:58Z" level=info msg="[ListFiles]Returned objects in log/cluster-history/raycluster/test-ns-kss9c/raycluster-historyserver/session_2026-08-06_12-48-43_459381_1/8f55beddd70788da163e9c4d666a9f5eae3fa90dd9303ccf1286602d/logs/events/. length of page.Contents: 11, length of page.CommonPrefixes: 0"
time="2026-08-06T19:49:58Z" level=info msg="Prepare to get object log/cluster-history/raycluster/test-ns-kss9c/raycluster-historyserver/session_2026-08-06_12-48-43_459381_1/8f55beddd70788da163e9c4d666a9f5eae3fa90dd9303ccf1286602d/logs/events/event_AUTOSCALER.log info ..."
time="2026-08-06T19:49:58Z" level=info msg="Prepare to get object log/cluster-history/raycluster/test-ns-kss9c/raycluster-historyserver/session_2026-08-06_12-48-43_459381_1/8f55beddd70788da163e9c4d666a9f5eae3fa90dd9303ccf1286602d/logs/events/event_CORE_WORKER_1012.log info ..."
time="2026-08-06T19:49:58Z" level=info msg="Prepare to get object log/cluster-history/raycluster/test-ns-kss9c/raycluster-historyserver/session_2026-08-06_12-48-43_459381_1/8f55beddd70788da163e9c4d666a9f5eae3fa90dd9303ccf1286602d/logs/events/event_CORE_WORKER_1179.log info ..."
time="2026-08-06T19:49:58Z" level=info msg="Prepare to get object log/cluster-history/raycluster/test-ns-kss9c/raycluster-historyserver/session_2026-08-06_12-48-43_459381_1/8f55beddd70788da163e9c4d666a9f5eae3fa90dd9303ccf1286602d/logs/events/event_CORE_WORKER_199.log info ..."
time="2026-08-06T19:49:58Z" level=info msg="Prepare to get object log/cluster-history/raycluster/test-ns-kss9c/raycluster-historyserver/session_2026-08-06_12-48-43_459381_1/8f55beddd70788da163e9c4d666a9f5eae3fa90dd9303ccf1286602d/logs/events/event_CORE_WORKER_204.log info ..."
time="2026-08-06T19:49:58Z" level=info msg="Prepare to get object log/cluster-history/raycluster/test-ns-kss9c/raycluster-historyserver/session_2026-08-06_12-48-43_459381_1/8f55beddd70788da163e9c4d666a9f5eae3fa90dd9303ccf1286602d/logs/events/event_CORE_WORKER_671.log info ..."
time="2026-08-06T19:49:58Z" level=info msg="Prepare to get object log/cluster-history/raycluster/test-ns-kss9c/raycluster-historyserver/session_2026-08-06_12-48-43_459381_1/8f55beddd70788da163e9c4d666a9f5eae3fa90dd9303ccf1286602d/logs/events/event_CORE_WORKER_955.log info ..."
time="2026-08-06T19:49:58Z" level=info msg="Prepare to get object log/cluster-history/raycluster/test-ns-kss9c/raycluster-historyserver/session_2026-08-06_12-48-43_459381_1/8f55beddd70788da163e9c4d666a9f5eae3fa90dd9303ccf1286602d/logs/events/event_GCS.log info ..."
time="2026-08-06T19:49:58Z" level=info msg="Prepare to get object log/cluster-history/raycluster/test-ns-kss9c/raycluster-historyserver/session_2026-08-06_12-48-43_459381_1/8f55beddd70788da163e9c4d666a9f5eae3fa90dd9303ccf1286602d/logs/events/event_JOBS.log info ..."
time="2026-08-06T19:49:58Z" level=info msg="Prepare to get object log/cluster-history/raycluster/test-ns-kss9c/raycluster-historyserver/session_2026-08-06_12-48-43_459381_1/8f55beddd70788da163e9c4d666a9f5eae3fa90dd9303ccf1286602d/logs/events/event_RAYLET.log info ..."
time="2026-08-06T19:49:58Z" level=info msg="[ListFiles]Returned objects in log/cluster-history/raycluster/test-ns-kss9c/raycluster-historyserver/session_2026-08-06_12-48-43_459381_1/d758c55f4ec6740c58865899de5ede51744c507b2c55be7e7bbb08f1/logs/events/. length of page.Contents: 13, length of page.CommonPrefixes: 0"
time="2026-08-06T19:49:58Z" level=info msg="Prepare to get object log/cluster-history/raycluster/test-ns-kss9c/raycluster-historyserver/session_2026-08-06_12-48-43_459381_1/d758c55f4ec6740c58865899de5ede51744c507b2c55be7e7bbb08f1/logs/events/event_CORE_WORKER_228.log info ..."
time="2026-08-06T19:49:58Z" level=info msg="Prepare to get object log/cluster-history/raycluster/test-ns-kss9c/raycluster-historyserver/session_2026-08-06_12-48-43_459381_1/d758c55f4ec6740c58865899de5ede51744c507b2c55be7e7bbb08f1/logs/events/event_CORE_WORKER_229.log info ..."
time="2026-08-06T19:49:58Z" level=info msg="Prepare to get object log/cluster-history/raycluster/test-ns-kss9c/raycluster-historyserver/session_2026-08-06_12-48-43_459381_1/d758c55f4ec6740c58865899de5ede51744c507b2c55be7e7bbb08f1/logs/events/event_CORE_WORKER_311.log info ..."
time="2026-08-06T19:49:58Z" level=info msg="Prepare to get object log/cluster-history/raycluster/test-ns-kss9c/raycluster-historyserver/session_2026-08-06_12-48-43_459381_1/d758c55f4ec6740c58865899de5ede51744c507b2c55be7e7bbb08f1/logs/events/event_CORE_WORKER_317.log info ..."
time="2026-08-06T19:49:58Z" level=info msg="Prepare to get object log/cluster-history/raycluster/test-ns-kss9c/raycluster-historyserver/session_2026-08-06_12-48-43_459381_1/d758c55f4ec6740c58865899de5ede51744c507b2c55be7e7bbb08f1/logs/events/event_CORE_WORKER_407.log info ..."
time="2026-08-06T19:49:58Z" level=info msg="Prepare to get object log/cluster-history/raycluster/test-ns-kss9c/raycluster-historyserver/session_2026-08-06_12-48-43_459381_1/d758c55f4ec6740c58865899de5ede51744c507b2c55be7e7bbb08f1/logs/events/event_CORE_WORKER_409.log info ..."
time="2026-08-06T19:49:58Z" level=info msg="Prepare to get object log/cluster-history/raycluster/test-ns-kss9c/raycluster-historyserver/session_2026-08-06_12-48-43_459381_1/d758c55f4ec6740c58865899de5ede51744c507b2c55be7e7bbb08f1/logs/events/event_CORE_WORKER_510.log info ..."
time="2026-08-06T19:49:58Z" level=info msg="Prepare to get object log/cluster-history/raycluster/test-ns-kss9c/raycluster-historyserver/session_2026-08-06_12-48-43_459381_1/d758c55f4ec6740c58865899de5ede51744c507b2c55be7e7bbb08f1/logs/events/event_CORE_WORKER_514.log info ..."
time="2026-08-06T19:49:58Z" level=info msg="Prepare to get object log/cluster-history/raycluster/test-ns-kss9c/raycluster-historyserver/session_2026-08-06_12-48-43_459381_1/d758c55f4ec6740c58865899de5ede51744c507b2c55be7e7bbb08f1/logs/events/event_CORE_WORKER_593.log info ..."
time="2026-08-06T19:49:58Z" level=info msg="Prepare to get object log/cluster-history/raycluster/test-ns-kss9c/raycluster-historyserver/session_2026-08-06_12-48-43_459381_1/d758c55f4ec6740c58865899de5ede51744c507b2c55be7e7bbb08f1/logs/events/event_CORE_WORKER_610.log info ..."
time="2026-08-06T19:49:58Z" level=info msg="Prepare to get object log/cluster-history/raycluster/test-ns-kss9c/raycluster-historyserver/session_2026-08-06_12-48-43_459381_1/d758c55f4ec6740c58865899de5ede51744c507b2c55be7e7bbb08f1/logs/events/event_CORE_WORKER_701.log info ..."
time="2026-08-06T19:49:58Z" level=info msg="Prepare to get object log/cluster-history/raycluster/test-ns-kss9c/raycluster-historyserver/session_2026-08-06_12-48-43_459381_1/d758c55f4ec6740c58865899de5ede51744c507b2c55be7e7bbb08f1/logs/events/event_RAYLET.log info ..."
time="2026-08-06T19:49:58Z" level=info msg="[ListFiles]Returned objects in log/cluster-history/raycluster/test-ns-kss9c/raycluster-historyserver/session_2026-08-06_12-48-43_459381_1/fetched_endpoints/logs/events/. length of page.Contents: 0, length of page.CommonPrefixes: 0"
time="2026-08-06T19:49:58Z" level=info msg="[ListFiles]Returned objects in log/cluster-history/raycluster/test-ns-kss9c/raycluster-historyserver/session_2026-08-06_12-48-43_459381_1/. length of page.Contents: 0, length of page.CommonPrefixes: 3"
time="2026-08-06T19:49:58Z" level=info msg="[ListFiles]Returned objects in log/cluster-history/raycluster/test-ns-kss9c/raycluster-historyserver/session_2026-08-06_12-48-43_459381_1/8f55beddd70788da163e9c4d666a9f5eae3fa90dd9303ccf1286602d/job_events/. length of page.Contents: 0, length of page.CommonPrefixes: 4"
time="2026-08-06T19:49:58Z" level=info msg="[ListFiles]Returned objects in log/cluster-history/raycluster/test-ns-kss9c/raycluster-historyserver/session_2026-08-06_12-48-43_459381_1/8f55beddd70788da163e9c4d666a9f5eae3fa90dd9303ccf1286602d/job_events/01000000/. length of page.Contents: 2, length of page.CommonPrefixes: 0"
time="2026-08-06T19:49:58Z" level=info msg="[ListFiles]Returned objects in log/cluster-history/raycluster/test-ns-kss9c/raycluster-historyserver/session_2026-08-06_12-48-43_459381_1/8f55beddd70788da163e9c4d666a9f5eae3fa90dd9303ccf1286602d/job_events/02000000/. length of page.Contents: 2, length of page.CommonPrefixes: 0"
time="2026-08-06T19:49:58Z" level=info msg="[ListFiles]Returned objects in log/cluster-history/raycluster/test-ns-kss9c/raycluster-historyserver/session_2026-08-06_12-48-43_459381_1/8f55beddd70788da163e9c4d666a9f5eae3fa90dd9303ccf1286602d/job_events/03000000/. length of page.Contents: 2, length of page.CommonPrefixes: 0"
time="2026-08-06T19:49:58Z" level=info msg="[ListFiles]Returned objects in log/cluster-history/raycluster/test-ns-kss9c/raycluster-historyserver/session_2026-08-06_12-48-43_459381_1/8f55beddd70788da163e9c4d666a9f5eae3fa90dd9303ccf1286602d/job_events/04000000/. length of page.Contents: 2, length of page.CommonPrefixes: 0"
time="2026-08-06T19:49:58Z" level=info msg="[ListFiles]Returned objects in log/cluster-history/raycluster/test-ns-kss9c/raycluster-historyserver/session_2026-08-06_12-48-43_459381_1/d758c55f4ec6740c58865899de5ede51744c507b2c55be7e7bbb08f1/job_events/. length of page.Contents: 0, length of page.CommonPrefixes: 1"
time="2026-08-06T19:49:58Z" level=info msg="[ListFiles]Returned objects in log/cluster-history/raycluster/test-ns-kss9c/raycluster-historyserver/session_2026-08-06_12-48-43_459381_1/d758c55f4ec6740c58865899de5ede51744c507b2c55be7e7bbb08f1/job_events/03000000/. length of page.Contents: 2, length of page.CommonPrefixes: 0"
time="2026-08-06T19:49:58Z" level=info msg="[ListFiles]Returned objects in log/cluster-history/raycluster/test-ns-kss9c/raycluster-historyserver/session_2026-08-06_12-48-43_459381_1/fetched_endpoints/job_events/. length of page.Contents: 0, length of page.CommonPrefixes: 0"
time="2026-08-06T19:49:58Z" level=info msg="[ListFiles]Returned objects in log/cluster-history/raycluster/test-ns-kss9c/raycluster-historyserver/session_2026-08-06_12-48-43_459381_1/. length of page.Contents: 0, length of page.CommonPrefixes: 3"
gc 4 @1.740s 0%: 0.18+10+0.082 ms clock, 0.36+0.28/4.7/8.2+0.16 ms cpu, 11->11->6 MB, 12 MB goal, 0 MB stacks, 0 MB globals, 2 P
time="2026-08-06T19:49:58Z" level=info msg="[ListFiles]Returned objects in log/cluster-history/raycluster/test-ns-kss9c/raycluster-historyserver/session_2026-08-06_12-48-43_459381_1/8f55beddd70788da163e9c4d666a9f5eae3fa90dd9303ccf1286602d/node_events/. length of page.Contents: 2, length of page.CommonPrefixes: 0"
time="2026-08-06T19:49:58Z" level=info msg="[ListFiles]Returned objects in log/cluster-history/raycluster/test-ns-kss9c/raycluster-historyserver/session_2026-08-06_12-48-43_459381_1/d758c55f4ec6740c58865899de5ede51744c507b2c55be7e7bbb08f1/node_events/. length of page.Contents: 0, length of page.CommonPrefixes: 0"
time="2026-08-06T19:49:58Z" level=info msg="[ListFiles]Returned objects in log/cluster-history/raycluster/test-ns-kss9c/raycluster-historyserver/session_2026-08-06_12-48-43_459381_1/fetched_endpoints/node_events/. length of page.Contents: 0, length of page.CommonPrefixes: 0"
time="2026-08-06T19:49:58Z" level=info msg="Prepare to get object log/cluster-history/raycluster/test-ns-kss9c/raycluster-historyserver/session_2026-08-06_12-48-43_459381_1/8f55beddd70788da163e9c4d666a9f5eae3fa90dd9303ccf1286602d/job_events/01000000/8f55beddd70788da163e9c4d666a9f5eae3fa90dd9303ccf1286602d-2026-08-06-19-1786045728880056381.jsonl info ..."
time="2026-08-06T19:49:58Z" level=info msg="Prepare to get object log/cluster-history/raycluster/test-ns-kss9c/raycluster-historyserver/session_2026-08-06_12-48-43_459381_1/8f55beddd70788da163e9c4d666a9f5eae3fa90dd9303ccf1286602d/job_events/02000000/8f55beddd70788da163e9c4d666a9f5eae3fa90dd9303ccf1286602d-2026-08-06-19-1786045745676150917.jsonl info ..."
time="2026-08-06T19:49:58Z" level=info msg="Prepare to get object log/cluster-history/raycluster/test-ns-kss9c/raycluster-historyserver/session_2026-08-06_12-48-43_459381_1/8f55beddd70788da163e9c4d666a9f5eae3fa90dd9303ccf1286602d/job_events/03000000/8f55beddd70788da163e9c4d666a9f5eae3fa90dd9303ccf1286602d-2026-08-06-19-1786045747343616126.jsonl info ..."
gc 5 @1.777s 1%: 0.15+7.7+0.053 ms clock, 0.30+1.1/3.2/8.7+0.10 ms cpu, 16->16->15 MB, 16 MB goal, 0 MB stacks, 0 MB globals, 2 P
gc 6 @1.797s 1%: 0.13+10+0.13 ms clock, 0.26+0/5.8/9.2+0.27 ms cpu, 34->34->34 MB, 34 MB goal, 0 MB stacks, 0 MB globals, 2 P
gc 7 @1.823s 1%: 0.14+17+0.041 ms clock, 0.29+0/9.5/11+0.083 ms cpu, 69->69->69 MB, 69 MB goal, 0 MB stacks, 0 MB globals, 2 P
gc 8 @1.879s 1%: 0.47+37+0.47 ms clock, 0.94+0/10/29+0.94 ms cpu, 187->193->99 MB, 187 MB goal, 0 MB stacks, 0 MB globals, 2 P
gc 9 @1.950s 1%: 0.15+20+0.032 ms clock, 0.30+0.81/6.8/15+0.065 ms cpu, 187->187->187 MB, 199 MB goal, 0 MB stacks, 0 MB globals, 2 P
gc 10 @3.590s 1%: 0.14+116+0.10 ms clock, 0.29+0.11/50/89+0.20 ms cpu, 361->365->164 MB, 375 MB goal, 0 MB stacks, 0 MB globals, 2 P
gc 11 @5.854s 2%: 0.13+278+0.15 ms clock, 0.27+0.10/145/184+0.30 ms cpu, 279->287->259 MB, 328 MB goal, 0 MB stacks, 0 MB globals, 2 P
gc 12 @9.457s 2%: 0.14+461+0.074 ms clock, 0.28+0.10/258/329+0.14 ms cpu, 441->454->408 MB, 518 MB goal, 0 MB stacks, 0 MB globals, 2 P
gc 13 @15.497s 2%: 0.13+665+0.079 ms clock, 0.27+0.11/336/493+0.15 ms cpu, 696->711->422 MB, 817 MB goal, 0 MB stacks, 0 MB globals, 2 P
time="2026-08-06T19:50:17Z" level=info msg="Prepare to get object log/cluster-history/raycluster/test-ns-kss9c/raycluster-historyserver/session_2026-08-06_12-48-43_459381_1/8f55beddd70788da163e9c4d666a9f5eae3fa90dd9303ccf1286602d/job_events/04000000/8f55beddd70788da163e9c4d666a9f5eae3fa90dd9303ccf1286602d-2026-08-06-19-1786045762517850133.jsonl info ..."
time="2026-08-06T19:50:17Z" level=info msg="Prepare to get object log/cluster-history/raycluster/test-ns-kss9c/raycluster-historyserver/session_2026-08-06_12-48-43_459381_1/d758c55f4ec6740c58865899de5ede51744c507b2c55be7e7bbb08f1/job_events/03000000/d758c55f4ec6740c58865899de5ede51744c507b2c55be7e7bbb08f1-2026-08-06-19-1786045747567134209.jsonl info ..."
gc 14 @21.161s 2%: 0.13+132+0.12 ms clock, 0.26+70/72/106+0.25 ms cpu, 729->729->145 MB, 845 MB goal, 0 MB stacks, 0 MB globals, 2 P
gc 15 @21.410s 2%: 0.19+121+0.039 ms clock, 0.39+75/63/77+0.078 ms cpu, 248->281->188 MB, 291 MB goal, 0 MB stacks, 0 MB globals, 2 P
gc 16 @21.962s 2%: 0.17+192+0.080 ms clock, 0.35+0.20/112/133+0.16 ms cpu, 320->325->163 MB, 376 MB goal, 0 MB stacks, 0 MB globals, 2 P
gc 17 @24.475s 2%: 0.14+354+0.078 ms clock, 0.29+0.25/186/258+0.15 ms cpu, 279->287->255 MB, 327 MB goal, 0 MB stacks, 0 MB globals, 2 P
time="2026-08-06T19:50:25Z" level=error msg="Failed to store events for file session_2026-08-06_12-48-43_459381_1/d758c55f4ec6740c58865899de5ede51744c507b2c55be7e7bbb08f1/job_events/03000000/d758c55f4ec6740c58865899de5ede51744c507b2c55be7e7bbb08f1-2026-08-06-19-1786045747567134209.jsonl: TASK_LIFECYCLE_EVENT must have at least one state transition"
time="2026-08-06T19:50:25Z" level=error msg="Failed to store events for file session_2026-08-06_12-48-43_459381_1/d758c55f4ec6740c58865899de5ede51744c507b2c55be7e7bbb08f1/job_events/03000000/d758c55f4ec6740c58865899de5ede51744c507b2c55be7e7bbb08f1-2026-08-06-19-1786045747567134209.jsonl: TASK_LIFECYCLE_EVENT must have at least one state transition"
gc 18 @28.405s 3%: 0.14+708+0.075 ms clock, 0.28+0.21/359/372+0.15 ms cpu, 435->456->337 MB, 511 MB goal, 0 MB stacks, 0 MB globals, 2 P
time="2026-08-06T19:50:26Z" level=error msg="Failed to store events for file session_2026-08-06_12-48-43_459381_1/d758c55f4ec6740c58865899de5ede51744c507b2c55be7e7bbb08f1/job_events/03000000/d758c55f4ec6740c58865899de5ede51744c507b2c55be7e7bbb08f1-2026-08-06-19-1786045747567134209.jsonl: TASK_LIFECYCLE_EVENT must have at least one state transition"
time="2026-08-06T19:50:26Z" level=error msg="Failed to store events for file session_2026-08-06_12-48-43_459381_1/d758c55f4ec6740c58865899de5ede51744c507b2c55be7e7bbb08f1/job_events/03000000/d758c55f4ec6740c58865899de5ede51744c507b2c55be7e7bbb08f1-2026-08-06-19-1786045747567134209.jsonl: TASK_LIFECYCLE_EVENT must have at least one state transition"
time="2026-08-06T19:50:26Z" level=error msg="Failed to store events for file session_2026-08-06_12-48-43_459381_1/d758c55f4ec6740c58865899de5ede51744c507b2c55be7e7bbb08f1/job_events/03000000/d758c55f4ec6740c58865899de5ede51744c507b2c55be7e7bbb08f1-2026-08-06-19-1786045747567134209.jsonl: TASK_LIFECYCLE_EVENT must have at least one state transition"
time="2026-08-06T19:50:26Z" level=error msg="Failed to store events for file session_2026-08-06_12-48-43_459381_1/d758c55f4ec6740c58865899de5ede51744c507b2c55be7e7bbb08f1/job_events/03000000/d758c55f4ec6740c58865899de5ede51744c507b2c55be7e7bbb08f1-2026-08-06-19-1786045747567134209.jsonl: TASK_LIFECYCLE_EVENT must have at least one state transition"
time="2026-08-06T19:50:26Z" level=error msg="Failed to store events for file session_2026-08-06_12-48-43_459381_1/d758c55f4ec6740c58865899de5ede51744c507b2c55be7e7bbb08f1/job_events/03000000/d758c55f4ec6740c58865899de5ede51744c507b2c55be7e7bbb08f1-2026-08-06-19-1786045747567134209.jsonl: TASK_LIFECYCLE_EVENT must have at least one state transition"
time="2026-08-06T19:50:27Z" level=error msg="Failed to store events for file session_2026-08-06_12-48-43_459381_1/d758c55f4ec6740c58865899de5ede51744c507b2c55be7e7bbb08f1/job_events/03000000/d758c55f4ec6740c58865899de5ede51744c507b2c55be7e7bbb08f1-2026-08-06-19-1786045747567134209.jsonl: TASK_LIFECYCLE_EVENT must have at least one state transition"
time="2026-08-06T19:50:27Z" level=error msg="Failed to store events for file session_2026-08-06_12-48-43_459381_1/d758c55f4ec6740c58865899de5ede51744c507b2c55be7e7bbb08f1/job_events/03000000/d758c55f4ec6740c58865899de5ede51744c507b2c55be7e7bbb08f1-2026-08-06-19-1786045747567134209.jsonl: TASK_LIFECYCLE_EVENT must have at least one state transition"
time="2026-08-06T19:50:27Z" level=error msg="Failed to store events for file session_2026-08-06_12-48-43_459381_1/d758c55f4ec6740c58865899de5ede51744c507b2c55be7e7bbb08f1/job_events/03000000/d758c55f4ec6740c58865899de5ede51744c507b2c55be7e7bbb08f1-2026-08-06-19-1786045747567134209.jsonl: TASK_LIFECYCLE_EVENT must have at least one state transition"
time="2026-08-06T19:50:27Z" level=error msg="Failed to store events for file session_2026-08-06_12-48-43_459381_1/d758c55f4ec6740c58865899de5ede51744c507b2c55be7e7bbb08f1/job_events/03000000/d758c55f4ec6740c58865899de5ede51744c507b2c55be7e7bbb08f1-2026-08-06-19-1786045747567134209.jsonl: TASK_LIFECYCLE_EVENT must have at least one state transition"
time="2026-08-06T19:50:27Z" level=error msg="Failed to store events for file session_2026-08-06_12-48-43_459381_1/d758c55f4ec6740c58865899de5ede51744c507b2c55be7e7bbb08f1/job_events/03000000/d758c55f4ec6740c58865899de5ede51744c507b2c55be7e7bbb08f1-2026-08-06-19-1786045747567134209.jsonl: TASK_LIFECYCLE_EVENT must have at least one state transition"
time="2026-08-06T19:50:27Z" level=error msg="Failed to store events for file session_2026-08-06_12-48-43_459381_1/d758c55f4ec6740c58865899de5ede51744c507b2c55be7e7bbb08f1/job_events/03000000/d758c55f4ec6740c58865899de5ede51744c507b2c55be7e7bbb08f1-2026-08-06-19-1786045747567134209.jsonl: TASK_LIFECYCLE_EVENT must have at least one state transition"
time="2026-08-06T19:50:27Z" level=error msg="Failed to store events for file session_2026-08-06_12-48-43_459381_1/d758c55f4ec6740c58865899de5ede51744c507b2c55be7e7bbb08f1/job_events/03000000/d758c55f4ec6740c58865899de5ede51744c507b2c55be7e7bbb08f1-2026-08-06-19-1786045747567134209.jsonl: TASK_LIFECYCLE_EVENT must have at least one state transition"
time="2026-08-06T19:50:28Z" level=error msg="Failed to store events for file session_2026-08-06_12-48-43_459381_1/d758c55f4ec6740c58865899de5ede51744c507b2c55be7e7bbb08f1/job_events/03000000/d758c55f4ec6740c58865899de5ede51744c507b2c55be7e7bbb08f1-2026-08-06-19-1786045747567134209.jsonl: TASK_LIFECYCLE_EVENT must have at least one state transition"
time="2026-08-06T19:50:28Z" level=error msg="Failed to store events for file session_2026-08-06_12-48-43_459381_1/d758c55f4ec6740c58865899de5ede51744c507b2c55be7e7bbb08f1/job_events/03000000/d758c55f4ec6740c58865899de5ede51744c507b2c55be7e7bbb08f1-2026-08-06-19-1786045747567134209.jsonl: TASK_LIFECYCLE_EVENT must have at least one state transition"
time="2026-08-06T19:50:29Z" level=error msg="Failed to store events for file session_2026-08-06_12-48-43_459381_1/d758c55f4ec6740c58865899de5ede51744c507b2c55be7e7bbb08f1/job_events/03000000/d758c55f4ec6740c58865899de5ede51744c507b2c55be7e7bbb08f1-2026-08-06-19-1786045747567134209.jsonl: TASK_LIFECYCLE_EVENT must have at least one state transition"
time="2026-08-06T19:50:29Z" level=error msg="Failed to store events for file session_2026-08-06_12-48-43_459381_1/d758c55f4ec6740c58865899de5ede51744c507b2c55be7e7bbb08f1/job_events/03000000/d758c55f4ec6740c58865899de5ede51744c507b2c55be7e7bbb08f1-2026-08-06-19-1786045747567134209.jsonl: TASK_LIFECYCLE_EVENT must have at least one state transition"
time="2026-08-06T19:50:29Z" level=error msg="Failed to store events for file session_2026-08-06_12-48-43_459381_1/d758c55f4ec6740c58865899de5ede51744c507b2c55be7e7bbb08f1/job_events/03000000/d758c55f4ec6740c58865899de5ede51744c507b2c55be7e7bbb08f1-2026-08-06-19-1786045747567134209.jsonl: TASK_LIFECYCLE_EVENT must have at least one state transition"
time="2026-08-06T19:50:30Z" level=error msg="Failed to store events for file session_2026-08-06_12-48-43_459381_1/d758c55f4ec6740c58865899de5ede51744c507b2c55be7e7bbb08f1/job_events/03000000/d758c55f4ec6740c58865899de5ede51744c507b2c55be7e7bbb08f1-2026-08-06-19-1786045747567134209.jsonl: TASK_LIFECYCLE_EVENT must have at least one state transition"
time="2026-08-06T19:50:30Z" level=error msg="Failed to store events for file session_2026-08-06_12-48-43_459381_1/d758c55f4ec6740c58865899de5ede51744c507b2c55be7e7bbb08f1/job_events/03000000/d758c55f4ec6740c58865899de5ede51744c507b2c55be7e7bbb08f1-2026-08-06-19-1786045747567134209.jsonl: TASK_LIFECYCLE_EVENT must have at least one state transition"
gc 19 @34.201s 3%: 0.16+596+0.095 ms clock, 0.33+0.12/298/443+0.19 ms cpu, 574->588->350 MB, 674 MB goal, 0 MB stacks, 0 MB globals, 2 P
time="2026-08-06T19:50:31Z" level=error msg="Failed to store events for file session_2026-08-06_12-48-43_459381_1/d758c55f4ec6740c58865899de5ede51744c507b2c55be7e7bbb08f1/job_events/03000000/d758c55f4ec6740c58865899de5ede51744c507b2c55be7e7bbb08f1-2026-08-06-19-1786045747567134209.jsonl: TASK_LIFECYCLE_EVENT must have at least one state transition"
time="2026-08-06T19:50:31Z" level=error msg="Failed to store events for file session_2026-08-06_12-48-43_459381_1/d758c55f4ec6740c58865899de5ede51744c507b2c55be7e7bbb08f1/job_events/03000000/d758c55f4ec6740c58865899de5ede51744c507b2c55be7e7bbb08f1-2026-08-06-19-1786045747567134209.jsonl: TASK_LIFECYCLE_EVENT must have at least one state transition"
time="2026-08-06T19:50:31Z" level=error msg="Failed to store events for file session_2026-08-06_12-48-43_459381_1/d758c55f4ec6740c58865899de5ede51744c507b2c55be7e7bbb08f1/job_events/03000000/d758c55f4ec6740c58865899de5ede51744c507b2c55be7e7bbb08f1-2026-08-06-19-1786045747567134209.jsonl: TASK_LIFECYCLE_EVENT must have at least one state transition"
time="2026-08-06T19:50:31Z" level=error msg="Failed to store events for file session_2026-08-06_12-48-43_459381_1/d758c55f4ec6740c58865899de5ede51744c507b2c55be7e7bbb08f1/job_events/03000000/d758c55f4ec6740c58865899de5ede51744c507b2c55be7e7bbb08f1-2026-08-06-19-1786045747567134209.jsonl: TASK_LIFECYCLE_EVENT must have at least one state transition"
time="2026-08-06T19:50:32Z" level=error msg="Failed to store events for file session_2026-08-06_12-48-43_459381_1/d758c55f4ec6740c58865899de5ede51744c507b2c55be7e7bbb08f1/job_events/03000000/d758c55f4ec6740c58865899de5ede51744c507b2c55be7e7bbb08f1-2026-08-06-19-1786045747567134209.jsonl: TASK_LIFECYCLE_EVENT must have at least one state transition"
time="2026-08-06T19:50:32Z" level=info msg="Prepare to get object log/cluster-history/raycluster/test-ns-kss9c/raycluster-historyserver/session_2026-08-06_12-48-43_459381_1/8f55beddd70788da163e9c4d666a9f5eae3fa90dd9303ccf1286602d/node_events/8f55beddd70788da163e9c4d666a9f5eae3fa90dd9303ccf1286602d-2026-08-06-19-1786045728400910214.jsonl info ..."
time="2026-08-06T19:50:32Z" level=info msg="Received request: GET /api/v0/tasks?limit=50000"
time="2026-08-06T19:50:32Z" level=info msg="Request URL /api/v0/tasks?limit=50000"
time="2026-08-06T19:50:32Z" level=info msg="Received request: GET /api/v0/tasks?limit=50000"
time="2026-08-06T19:50:32Z" level=info msg="Request URL /api/v0/tasks?limit=50000"
time="2026-08-06T19:50:32Z" level=info msg="Received request: GET /api/v0/tasks?limit=50000"
time="2026-08-06T19:50:32Z" level=info msg="Request URL /api/v0/tasks?limit=50000"
time="2026-08-06T19:50:32Z" level=info msg="Received request: GET /api/v0/tasks?limit=50000"
time="2026-08-06T19:50:32Z" level=info msg="Request URL /api/v0/tasks?limit=50000"
time="2026-08-06T19:50:32Z" level=info msg="Received request: GET /api/v0/tasks?limit=50000"
time="2026-08-06T19:50:32Z" level=info msg="Request URL /api/v0/tasks?limit=50000"
time="2026-08-06T19:50:32Z" level=info msg="Received request: GET /api/v0/tasks?limit=50000"
time="2026-08-06T19:50:32Z" level=info msg="Request URL /api/v0/tasks?limit=50000"
time="2026-08-06T19:50:32Z" level=info msg="Received request: GET /api/v0/tasks?limit=50000"
time="2026-08-06T19:50:32Z" level=info msg="Request URL /api/v0/tasks?limit=50000"
time="2026-08-06T19:50:32Z" level=info msg="Received request: GET /api/v0/tasks?limit=50000"
time="2026-08-06T19:50:32Z" level=info msg="Request URL /api/v0/tasks?limit=50000"
time="2026-08-06T19:50:32Z" level=info msg="Received request: GET /api/v0/tasks?limit=50000"
time="2026-08-06T19:50:32Z" level=info msg="Request URL /api/v0/tasks?limit=50000"
time="2026-08-06T19:50:32Z" level=info msg="Received request: GET /api/v0/tasks?limit=50000"
time="2026-08-06T19:50:32Z" level=info msg="Request URL /api/v0/tasks?limit=50000"
time="2026-08-06T19:50:32Z" level=info msg="Received request: GET /api/v0/tasks/summarize"
time="2026-08-06T19:50:32Z" level=info msg="Request URL /api/v0/tasks/summarize"
gc 20 @35.827s 3%: 0.15+289+0.15 ms clock, 0.31+14/147/162+0.30 ms cpu, 605->639->167 MB, 702 MB goal, 0 MB stacks, 0 MB globals, 2 P
time="2026-08-06T19:50:33Z" level=info msg="Received request: GET /api/v0/tasks/summarize"
time="2026-08-06T19:50:33Z" level=info msg="Request URL /api/v0/tasks/summarize"
gc 21 @36.413s 3%: 0.18+278+0.086 ms clock, 0.36+43/132/184+0.17 ms cpu, 300->324->164 MB, 336 MB goal, 0 MB stacks, 0 MB globals, 2 P
time="2026-08-06T19:50:33Z" level=info msg="Received request: GET /api/v0/tasks/summarize"
time="2026-08-06T19:50:33Z" level=info msg="Request URL /api/v0/tasks/summarize"
gc 22 @36.972s 3%: 0.16+378+0.087 ms clock, 0.32+0/202/164+0.17 ms cpu, 297->297->164 MB, 329 MB goal, 0 MB stacks, 0 MB globals, 2 P
time="2026-08-06T19:50:34Z" level=info msg="Received request: GET /api/v0/tasks/summarize"
time="2026-08-06T19:50:34Z" level=info msg="Request URL /api/v0/tasks/summarize"
gc 23 @37.603s 3%: 0.15+330+0.097 ms clock, 0.31+0/174/198+0.19 ms cpu, 297->297->145 MB, 329 MB goal, 0 MB stacks, 0 MB globals, 2 P
time="2026-08-06T19:50:34Z" level=info msg="Received request: GET /api/v0/tasks/summarize"
time="2026-08-06T19:50:34Z" level=info msg="Request URL /api/v0/tasks/summarize"
gc 24 @38.175s 3%: 0.15+286+0.074 ms clock, 0.31+56/146/156+0.14 ms cpu, 254->278->179 MB, 291 MB goal, 0 MB stacks, 0 MB globals, 2 P
time="2026-08-06T19:50:35Z" level=info msg="Received request: GET /api/v0/tasks/summarize"
time="2026-08-06T19:50:35Z" level=info msg="Request URL /api/v0/tasks/summarize"
gc 25 @38.725s 4%: 0.14+339+0.076 ms clock, 0.29+0/181/164+0.15 ms cpu, 312->312->164 MB, 359 MB goal, 0 MB stacks, 0 MB globals, 2 P
time="2026-08-06T19:50:35Z" level=info msg="Received request: GET /api/v0/tasks/summarize"
time="2026-08-06T19:50:35Z" level=info msg="Request URL /api/v0/tasks/summarize"
gc 26 @39.315s 4%: 0.18+385+0.077 ms clock, 0.36+0/205/181+0.15 ms cpu, 297->297->164 MB, 329 MB goal, 0 MB stacks, 0 MB globals, 2 P
time="2026-08-06T19:50:36Z" level=info msg="Received request: GET /api/v0/tasks/summarize"
time="2026-08-06T19:50:36Z" level=info msg="Request URL /api/v0/tasks/summarize"
gc 27 @39.931s 4%: 0.14+358+0.083 ms clock, 0.28+0/189/179+0.16 ms cpu, 297->297->164 MB, 329 MB goal, 0 MB stacks, 0 MB globals, 2 P
time="2026-08-06T19:50:37Z" level=info msg="Received request: GET /api/v0/tasks/summarize"
time="2026-08-06T19:50:37Z" level=info msg="Request URL /api/v0/tasks/summarize"
gc 28 @40.546s 4%: 0.16+332+0.068 ms clock, 0.33+0/184/173+0.13 ms cpu, 297->297->164 MB, 329 MB goal, 0 MB stacks, 0 MB globals, 2 P
time="2026-08-06T19:50:37Z" level=info msg="Received request: GET /api/v0/tasks/summarize"
time="2026-08-06T19:50:37Z" level=info msg="Request URL /api/v0/tasks/summarize"
gc 29 @41.118s 4%: 0.14+291+0.078 ms clock, 0.29+0/150/194+0.15 ms cpu, 297->297->164 MB, 329 MB goal, 0 MB stacks, 0 MB globals, 2 P
time="2026-08-06T19:50:38Z" level=info msg="Received request: GET /api/jobs/"
time="2026-08-06T19:50:38Z" level=info msg="Request URL /api/jobs/"
time="2026-08-06T19:50:38Z" level=info msg="Received request: GET /api/jobs/"
time="2026-08-06T19:50:38Z" level=info msg="Request URL /api/jobs/"
time="2026-08-06T19:50:38Z" level=info msg="Received request: GET /api/jobs/"
time="2026-08-06T19:50:38Z" level=info msg="Request URL /api/jobs/"
time="2026-08-06T19:50:38Z" level=info msg="Received request: GET /api/jobs/"
time="2026-08-06T19:50:38Z" level=info msg="Request URL /api/jobs/"
time="2026-08-06T19:50:38Z" level=info msg="Received request: GET /api/jobs/"
time="2026-08-06T19:50:38Z" level=info msg="Request URL /api/jobs/"
time="2026-08-06T19:50:38Z" level=info msg="Received request: GET /api/jobs/"
time="2026-08-06T19:50:38Z" level=info msg="Request URL /api/jobs/"
time="2026-08-06T19:50:38Z" level=info msg="Received request: GET /api/jobs/"
time="2026-08-06T19:50:38Z" level=info msg="Request URL /api/jobs/"
gc 30 @41.668s 4%: 0.60+207+0.043 ms clock, 1.2+0/82/100+0.086 ms cpu, 286->306->142 MB, 329 MB goal, 0 MB stacks, 0 MB globals, 2 P
time="2026-08-06T19:50:38Z" level=info msg="Received request: GET /api/jobs/"
time="2026-08-06T19:50:38Z" level=info msg="Request URL /api/jobs/"
time="2026-08-06T19:50:38Z" level=info msg="Received request: GET /api/jobs/"
time="2026-08-06T19:50:38Z" level=info msg="Request URL /api/jobs/"
time="2026-08-06T19:50:38Z" level=info msg="Received request: GET /api/jobs/"
time="2026-08-06T19:50:38Z" level=info msg="Request URL /api/jobs/"
time="2026-08-06T19:50:38Z" level=info msg="Request URL /nodes?view=summary"
time="2026-08-06T19:50:38Z" level=info msg="Request URL /nodes?view=summary"
time="2026-08-06T19:50:38Z" level=info msg="Request URL /nodes?view=summary"
gc 31 @41.925s 4%: 0.64+230+0.10 ms clock, 1.2+0/103/126+0.21 ms cpu, 243->264->142 MB, 284 MB goal, 0 MB stacks, 0 MB globals, 2 P
time="2026-08-06T19:50:38Z" level=info msg="Request URL /nodes?view=summary"
time="2026-08-06T19:50:38Z" level=info msg="Request URL /nodes?view=summary"
time="2026-08-06T19:50:38Z" level=info msg="Request URL /nodes?view=summary"
time="2026-08-06T19:50:38Z" level=info msg="Request URL /nodes?view=summary"
time="2026-08-06T19:50:38Z" level=info msg="Request URL /nodes?view=summary"
time="2026-08-06T19:50:38Z" level=info msg="Request URL /nodes?view=summary"
time="2026-08-06T19:50:39Z" level=info msg="Request URL /nodes?view=summary"
gc 32 @42.199s 5%: 1.1+387+0.11 ms clock, 2.3+0/152/91+0.23 ms cpu, 243->284->162 MB, 284 MB goal, 0 MB stacks, 0 MB globals, 2 P
time="2026-08-06T19:50:39Z" level=info msg="Request URL /events"
time="2026-08-06T19:50:39Z" level=info msg="Request URL /events"
time="2026-08-06T19:50:39Z" level=info msg="Request URL /events"
time="2026-08-06T19:50:39Z" level=info msg="Request URL /events"
time="2026-08-06T19:50:39Z" level=info msg="Request URL /events"
time="2026-08-06T19:50:39Z" level=info msg="Request URL /events"
time="2026-08-06T19:50:39Z" level=info msg="Request URL /events"
gc 33 @42.651s 5%: 0.18+210+0.038 ms clock, 0.36+0/80/106+0.077 ms cpu, 284->304->142 MB, 325 MB goal, 0 MB stacks, 0 MB globals, 2 P
time="2026-08-06T19:50:39Z" level=info msg="Request URL /events"
time="2026-08-06T19:50:39Z" level=info msg="Request URL /events"
time="2026-08-06T19:50:39Z" level=info msg="Request URL /events"
