time="2026-08-06T17:45:49Z" level=info msg="create client manager successfully, clients: 1"
time="2026-08-06T17:45:49Z" level=info msg="Begin to create s3 client ..."
time="2026-08-06T17:45:49Z" level=info msg="Checking if bucket ray-historyserver exists..."
time="2026-08-06T17:45:49Z" level=info msg="Bucket ray-historyserver already exists"
time="2026-08-06T17:45:49Z" level=info msg="Clean logdir is logs"
time="2026-08-06T17:45:49Z" level=info msg="Starting server on :8080"
time="2026-08-06T17:45:51Z" level=info msg="Received request: GET /readz"
time="2026-08-06T17:45:52Z" level=info msg="live clusters: []"
time="2026-08-06T17:45:52Z" level=info msg="[List]Returned objects in log/cluster-metadata/. length of page.Contents: 2, length of page.CommonPrefixes: 0"
time="2026-08-06T17:45:52Z" level=error msg="Failed to parse meta file path: log/cluster-metadata/raycluster/test-ns-xdr6k_raycluster-historyserver/, error: invalid path segment count for cluster metadata structure: log/cluster-metadata/raycluster/test-ns-xdr6k_raycluster-historyserver/"
time="2026-08-06T17:45:52Z" level=info msg="Parsed cluster raycluster-historyserver for session session_2026-08-06_10-44-03_354664_1 to list"
time="2026-08-06T17:45:52Z" level=info msg="live clusters: []"
time="2026-08-06T17:45:52Z" level=info msg="[List]Returned objects in log/cluster-metadata/. length of page.Contents: 2, length of page.CommonPrefixes: 0"
time="2026-08-06T17:45:52Z" level=error msg="Failed to parse meta file path: log/cluster-metadata/raycluster/test-ns-xdr6k_raycluster-historyserver/, error: invalid path segment count for cluster metadata structure: log/cluster-metadata/raycluster/test-ns-xdr6k_raycluster-historyserver/"
time="2026-08-06T17:45:52Z" level=info msg="Parsed cluster raycluster-historyserver for session session_2026-08-06_10-44-03_354664_1 to list"
time="2026-08-06T17:45:52Z" level=info msg="live clusters: []"
time="2026-08-06T17:45:52Z" level=info msg="[List]Returned objects in log/cluster-metadata/. length of page.Contents: 2, length of page.CommonPrefixes: 0"
time="2026-08-06T17:45:52Z" level=error msg="Failed to parse meta file path: log/cluster-metadata/raycluster/test-ns-xdr6k_raycluster-historyserver/, error: invalid path segment count for cluster metadata structure: log/cluster-metadata/raycluster/test-ns-xdr6k_raycluster-historyserver/"
time="2026-08-06T17:45:52Z" level=info msg="Parsed cluster raycluster-historyserver for session session_2026-08-06_10-44-03_354664_1 to list"
time="2026-08-06T17:45:52Z" level=info msg="live clusters: []"
time="2026-08-06T17:45:52Z" level=info msg="[List]Returned objects in log/cluster-metadata/. length of page.Contents: 2, length of page.CommonPrefixes: 0"
time="2026-08-06T17:45:52Z" level=error msg="Failed to parse meta file path: log/cluster-metadata/raycluster/test-ns-xdr6k_raycluster-historyserver/, error: invalid path segment count for cluster metadata structure: log/cluster-metadata/raycluster/test-ns-xdr6k_raycluster-historyserver/"
time="2026-08-06T17:45:52Z" level=info msg="Parsed cluster raycluster-historyserver for session session_2026-08-06_10-44-03_354664_1 to list"
time="2026-08-06T17:45:52Z" level=info msg="live clusters: []"
time="2026-08-06T17:45:52Z" level=info msg="[List]Returned objects in log/cluster-metadata/. length of page.Contents: 2, length of page.CommonPrefixes: 0"
time="2026-08-06T17:45:52Z" level=error msg="Failed to parse meta file path: log/cluster-metadata/raycluster/test-ns-xdr6k_raycluster-historyserver/, error: invalid path segment count for cluster metadata structure: log/cluster-metadata/raycluster/test-ns-xdr6k_raycluster-historyserver/"
time="2026-08-06T17:45:52Z" level=info msg="Parsed cluster raycluster-historyserver for session session_2026-08-06_10-44-03_354664_1 to list"
time="2026-08-06T17:45:52Z" level=info msg="Received request: GET /enter_cluster/test-ns-xdr6k/raycluster/raycluster-historyserver/session_2026-08-06_10-44-03_354664_1"
time="2026-08-06T17:45:52Z" level=info msg="[List]Returned objects in log/cluster-metadata/. length of page.Contents: 2, length of page.CommonPrefixes: 0"
time="2026-08-06T17:45:52Z" level=error msg="Failed to parse meta file path: log/cluster-metadata/raycluster/test-ns-xdr6k_raycluster-historyserver/, error: invalid path segment count for cluster metadata structure: log/cluster-metadata/raycluster/test-ns-xdr6k_raycluster-historyserver/"
time="2026-08-06T17:45:52Z" level=info msg="Parsed cluster raycluster-historyserver for session session_2026-08-06_10-44-03_354664_1 to list"
time="2026-08-06T17:45:52Z" level=info msg="[ListFiles]Returned objects in log/cluster-history/raycluster/test-ns-xdr6k/raycluster-historyserver/session_2026-08-06_10-44-03_354664_1/. length of page.Contents: 0, length of page.CommonPrefixes: 3"
time="2026-08-06T17:45:52Z" level=info msg="[ListFiles]Returned objects in log/cluster-history/raycluster/test-ns-xdr6k/raycluster-historyserver/session_2026-08-06_10-44-03_354664_1/88c35b475bf84eb8ec68a18d43366ec5a54288adbce1a8830f3046ba/logs/events/. length of page.Contents: 11, length of page.CommonPrefixes: 0"
time="2026-08-06T17:45:52Z" level=info msg="Prepare to get object log/cluster-history/raycluster/test-ns-xdr6k/raycluster-historyserver/session_2026-08-06_10-44-03_354664_1/88c35b475bf84eb8ec68a18d43366ec5a54288adbce1a8830f3046ba/logs/events/event_AUTOSCALER.log info ..."
time="2026-08-06T17:45:52Z" level=info msg="Prepare to get object log/cluster-history/raycluster/test-ns-xdr6k/raycluster-historyserver/session_2026-08-06_10-44-03_354664_1/88c35b475bf84eb8ec68a18d43366ec5a54288adbce1a8830f3046ba/logs/events/event_CORE_WORKER_1015.log info ..."
time="2026-08-06T17:45:52Z" level=info msg="Prepare to get object log/cluster-history/raycluster/test-ns-xdr6k/raycluster-historyserver/session_2026-08-06_10-44-03_354664_1/88c35b475bf84eb8ec68a18d43366ec5a54288adbce1a8830f3046ba/logs/events/event_CORE_WORKER_1159.log info ..."
time="2026-08-06T17:45:52Z" level=info msg="Prepare to get object log/cluster-history/raycluster/test-ns-xdr6k/raycluster-historyserver/session_2026-08-06_10-44-03_354664_1/88c35b475bf84eb8ec68a18d43366ec5a54288adbce1a8830f3046ba/logs/events/event_CORE_WORKER_199.log info ..."
time="2026-08-06T17:45:52Z" level=info msg="Prepare to get object log/cluster-history/raycluster/test-ns-xdr6k/raycluster-historyserver/session_2026-08-06_10-44-03_354664_1/88c35b475bf84eb8ec68a18d43366ec5a54288adbce1a8830f3046ba/logs/events/event_CORE_WORKER_204.log info ..."
time="2026-08-06T17:45:52Z" level=info msg="Prepare to get object log/cluster-history/raycluster/test-ns-xdr6k/raycluster-historyserver/session_2026-08-06_10-44-03_354664_1/88c35b475bf84eb8ec68a18d43366ec5a54288adbce1a8830f3046ba/logs/events/event_CORE_WORKER_673.log info ..."
time="2026-08-06T17:45:52Z" level=info msg="Prepare to get object log/cluster-history/raycluster/test-ns-xdr6k/raycluster-historyserver/session_2026-08-06_10-44-03_354664_1/88c35b475bf84eb8ec68a18d43366ec5a54288adbce1a8830f3046ba/logs/events/event_CORE_WORKER_959.log info ..."
time="2026-08-06T17:45:52Z" level=info msg="Prepare to get object log/cluster-history/raycluster/test-ns-xdr6k/raycluster-historyserver/session_2026-08-06_10-44-03_354664_1/88c35b475bf84eb8ec68a18d43366ec5a54288adbce1a8830f3046ba/logs/events/event_GCS.log info ..."
time="2026-08-06T17:45:52Z" level=info msg="Prepare to get object log/cluster-history/raycluster/test-ns-xdr6k/raycluster-historyserver/session_2026-08-06_10-44-03_354664_1/88c35b475bf84eb8ec68a18d43366ec5a54288adbce1a8830f3046ba/logs/events/event_JOBS.log info ..."
time="2026-08-06T17:45:52Z" level=info msg="Prepare to get object log/cluster-history/raycluster/test-ns-xdr6k/raycluster-historyserver/session_2026-08-06_10-44-03_354664_1/88c35b475bf84eb8ec68a18d43366ec5a54288adbce1a8830f3046ba/logs/events/event_RAYLET.log info ..."
time="2026-08-06T17:45:52Z" level=info msg="[ListFiles]Returned objects in log/cluster-history/raycluster/test-ns-xdr6k/raycluster-historyserver/session_2026-08-06_10-44-03_354664_1/90f3a9899a611ff9be8000b345994dd1f647839359f4c94039e3eb82/logs/events/. length of page.Contents: 13, length of page.CommonPrefixes: 0"
time="2026-08-06T17:45:52Z" level=info msg="Prepare to get object log/cluster-history/raycluster/test-ns-xdr6k/raycluster-historyserver/session_2026-08-06_10-44-03_354664_1/90f3a9899a611ff9be8000b345994dd1f647839359f4c94039e3eb82/logs/events/event_CORE_WORKER_228.log info ..."
time="2026-08-06T17:45:52Z" level=info msg="Prepare to get object log/cluster-history/raycluster/test-ns-xdr6k/raycluster-historyserver/session_2026-08-06_10-44-03_354664_1/90f3a9899a611ff9be8000b345994dd1f647839359f4c94039e3eb82/logs/events/event_CORE_WORKER_229.log info ..."
time="2026-08-06T17:45:52Z" level=info msg="Prepare to get object log/cluster-history/raycluster/test-ns-xdr6k/raycluster-historyserver/session_2026-08-06_10-44-03_354664_1/90f3a9899a611ff9be8000b345994dd1f647839359f4c94039e3eb82/logs/events/event_CORE_WORKER_314.log info ..."
time="2026-08-06T17:45:52Z" level=info msg="Prepare to get object log/cluster-history/raycluster/test-ns-xdr6k/raycluster-historyserver/session_2026-08-06_10-44-03_354664_1/90f3a9899a611ff9be8000b345994dd1f647839359f4c94039e3eb82/logs/events/event_CORE_WORKER_319.log info ..."
time="2026-08-06T17:45:52Z" level=info msg="Prepare to get object log/cluster-history/raycluster/test-ns-xdr6k/raycluster-historyserver/session_2026-08-06_10-44-03_354664_1/90f3a9899a611ff9be8000b345994dd1f647839359f4c94039e3eb82/logs/events/event_CORE_WORKER_411.log info ..."
time="2026-08-06T17:45:52Z" level=info msg="Prepare to get object log/cluster-history/raycluster/test-ns-xdr6k/raycluster-historyserver/session_2026-08-06_10-44-03_354664_1/90f3a9899a611ff9be8000b345994dd1f647839359f4c94039e3eb82/logs/events/event_CORE_WORKER_419.log info ..."
time="2026-08-06T17:45:52Z" level=info msg="Prepare to get object log/cluster-history/raycluster/test-ns-xdr6k/raycluster-historyserver/session_2026-08-06_10-44-03_354664_1/90f3a9899a611ff9be8000b345994dd1f647839359f4c94039e3eb82/logs/events/event_CORE_WORKER_510.log info ..."
time="2026-08-06T17:45:52Z" level=info msg="Prepare to get object log/cluster-history/raycluster/test-ns-xdr6k/raycluster-historyserver/session_2026-08-06_10-44-03_354664_1/90f3a9899a611ff9be8000b345994dd1f647839359f4c94039e3eb82/logs/events/event_CORE_WORKER_514.log info ..."
time="2026-08-06T17:45:52Z" level=info msg="Prepare to get object log/cluster-history/raycluster/test-ns-xdr6k/raycluster-historyserver/session_2026-08-06_10-44-03_354664_1/90f3a9899a611ff9be8000b345994dd1f647839359f4c94039e3eb82/logs/events/event_CORE_WORKER_587.log info ..."
time="2026-08-06T17:45:52Z" level=info msg="Prepare to get object log/cluster-history/raycluster/test-ns-xdr6k/raycluster-historyserver/session_2026-08-06_10-44-03_354664_1/90f3a9899a611ff9be8000b345994dd1f647839359f4c94039e3eb82/logs/events/event_CORE_WORKER_610.log info ..."
time="2026-08-06T17:45:52Z" level=info msg="Prepare to get object log/cluster-history/raycluster/test-ns-xdr6k/raycluster-historyserver/session_2026-08-06_10-44-03_354664_1/90f3a9899a611ff9be8000b345994dd1f647839359f4c94039e3eb82/logs/events/event_CORE_WORKER_684.log info ..."
time="2026-08-06T17:45:52Z" level=info msg="Prepare to get object log/cluster-history/raycluster/test-ns-xdr6k/raycluster-historyserver/session_2026-08-06_10-44-03_354664_1/90f3a9899a611ff9be8000b345994dd1f647839359f4c94039e3eb82/logs/events/event_RAYLET.log info ..."
time="2026-08-06T17:45:52Z" level=info msg="[ListFiles]Returned objects in log/cluster-history/raycluster/test-ns-xdr6k/raycluster-historyserver/session_2026-08-06_10-44-03_354664_1/fetched_endpoints/logs/events/. length of page.Contents: 0, length of page.CommonPrefixes: 0"
time="2026-08-06T17:45:52Z" level=info msg="[ListFiles]Returned objects in log/cluster-history/raycluster/test-ns-xdr6k/raycluster-historyserver/session_2026-08-06_10-44-03_354664_1/. length of page.Contents: 0, length of page.CommonPrefixes: 3"
time="2026-08-06T17:45:52Z" level=info msg="[ListFiles]Returned objects in log/cluster-history/raycluster/test-ns-xdr6k/raycluster-historyserver/session_2026-08-06_10-44-03_354664_1/88c35b475bf84eb8ec68a18d43366ec5a54288adbce1a8830f3046ba/job_events/. length of page.Contents: 0, length of page.CommonPrefixes: 4"
time="2026-08-06T17:45:52Z" level=info msg="[ListFiles]Returned objects in log/cluster-history/raycluster/test-ns-xdr6k/raycluster-historyserver/session_2026-08-06_10-44-03_354664_1/88c35b475bf84eb8ec68a18d43366ec5a54288adbce1a8830f3046ba/job_events/01000000/. length of page.Contents: 2, length of page.CommonPrefixes: 0"
time="2026-08-06T17:45:52Z" level=info msg="[ListFiles]Returned objects in log/cluster-history/raycluster/test-ns-xdr6k/raycluster-historyserver/session_2026-08-06_10-44-03_354664_1/88c35b475bf84eb8ec68a18d43366ec5a54288adbce1a8830f3046ba/job_events/02000000/. length of page.Contents: 2, length of page.CommonPrefixes: 0"
time="2026-08-06T17:45:52Z" level=info msg="[ListFiles]Returned objects in log/cluster-history/raycluster/test-ns-xdr6k/raycluster-historyserver/session_2026-08-06_10-44-03_354664_1/88c35b475bf84eb8ec68a18d43366ec5a54288adbce1a8830f3046ba/job_events/03000000/. length of page.Contents: 3, length of page.CommonPrefixes: 0"
time="2026-08-06T17:45:52Z" level=info msg="[ListFiles]Returned objects in log/cluster-history/raycluster/test-ns-xdr6k/raycluster-historyserver/session_2026-08-06_10-44-03_354664_1/88c35b475bf84eb8ec68a18d43366ec5a54288adbce1a8830f3046ba/job_events/04000000/. length of page.Contents: 2, length of page.CommonPrefixes: 0"
time="2026-08-06T17:45:52Z" level=info msg="[ListFiles]Returned objects in log/cluster-history/raycluster/test-ns-xdr6k/raycluster-historyserver/session_2026-08-06_10-44-03_354664_1/90f3a9899a611ff9be8000b345994dd1f647839359f4c94039e3eb82/job_events/. length of page.Contents: 0, length of page.CommonPrefixes: 1"
time="2026-08-06T17:45:52Z" level=info msg="[ListFiles]Returned objects in log/cluster-history/raycluster/test-ns-xdr6k/raycluster-historyserver/session_2026-08-06_10-44-03_354664_1/90f3a9899a611ff9be8000b345994dd1f647839359f4c94039e3eb82/job_events/03000000/. length of page.Contents: 3, length of page.CommonPrefixes: 0"
time="2026-08-06T17:45:52Z" level=info msg="[ListFiles]Returned objects in log/cluster-history/raycluster/test-ns-xdr6k/raycluster-historyserver/session_2026-08-06_10-44-03_354664_1/fetched_endpoints/job_events/. length of page.Contents: 0, length of page.CommonPrefixes: 0"
time="2026-08-06T17:45:52Z" level=info msg="[ListFiles]Returned objects in log/cluster-history/raycluster/test-ns-xdr6k/raycluster-historyserver/session_2026-08-06_10-44-03_354664_1/. length of page.Contents: 0, length of page.CommonPrefixes: 3"
time="2026-08-06T17:45:52Z" level=info msg="[ListFiles]Returned objects in log/cluster-history/raycluster/test-ns-xdr6k/raycluster-historyserver/session_2026-08-06_10-44-03_354664_1/88c35b475bf84eb8ec68a18d43366ec5a54288adbce1a8830f3046ba/node_events/. length of page.Contents: 2, length of page.CommonPrefixes: 0"
time="2026-08-06T17:45:52Z" level=info msg="[ListFiles]Returned objects in log/cluster-history/raycluster/test-ns-xdr6k/raycluster-historyserver/session_2026-08-06_10-44-03_354664_1/90f3a9899a611ff9be8000b345994dd1f647839359f4c94039e3eb82/node_events/. length of page.Contents: 0, length of page.CommonPrefixes: 0"
time="2026-08-06T17:45:52Z" level=info msg="[ListFiles]Returned objects in log/cluster-history/raycluster/test-ns-xdr6k/raycluster-historyserver/session_2026-08-06_10-44-03_354664_1/fetched_endpoints/node_events/. length of page.Contents: 0, length of page.CommonPrefixes: 0"
time="2026-08-06T17:45:52Z" level=info msg="Prepare to get object log/cluster-history/raycluster/test-ns-xdr6k/raycluster-historyserver/session_2026-08-06_10-44-03_354664_1/88c35b475bf84eb8ec68a18d43366ec5a54288adbce1a8830f3046ba/job_events/01000000/88c35b475bf84eb8ec68a18d43366ec5a54288adbce1a8830f3046ba-2026-08-06-17-1786038248706174502.jsonl info ..."
time="2026-08-06T17:45:52Z" level=info msg="Prepare to get object log/cluster-history/raycluster/test-ns-xdr6k/raycluster-historyserver/session_2026-08-06_10-44-03_354664_1/88c35b475bf84eb8ec68a18d43366ec5a54288adbce1a8830f3046ba/job_events/02000000/88c35b475bf84eb8ec68a18d43366ec5a54288adbce1a8830f3046ba-2026-08-06-17-1786038266730456885.jsonl info ..."
time="2026-08-06T17:45:52Z" level=info msg="Prepare to get object log/cluster-history/raycluster/test-ns-xdr6k/raycluster-historyserver/session_2026-08-06_10-44-03_354664_1/88c35b475bf84eb8ec68a18d43366ec5a54288adbce1a8830f3046ba/job_events/03000000/88c35b475bf84eb8ec68a18d43366ec5a54288adbce1a8830f3046ba-2026-08-06-17-1786038267732562136.jsonl info ..."
time="2026-08-06T17:46:21Z" level=info msg="Prepare to get object log/cluster-history/raycluster/test-ns-xdr6k/raycluster-historyserver/session_2026-08-06_10-44-03_354664_1/88c35b475bf84eb8ec68a18d43366ec5a54288adbce1a8830f3046ba/job_events/03000000/88c35b475bf84eb8ec68a18d43366ec5a54288adbce1a8830f3046ba-2026-08-06-17-1786038307714279335.jsonl info ..."
time="2026-08-06T17:46:34Z" level=info msg="Prepare to get object log/cluster-history/raycluster/test-ns-xdr6k/raycluster-historyserver/session_2026-08-06_10-44-03_354664_1/88c35b475bf84eb8ec68a18d43366ec5a54288adbce1a8830f3046ba/job_events/04000000/88c35b475bf84eb8ec68a18d43366ec5a54288adbce1a8830f3046ba-2026-08-06-17-1786038281202711628.jsonl info ..."
time="2026-08-06T17:46:34Z" level=info msg="Prepare to get object log/cluster-history/raycluster/test-ns-xdr6k/raycluster-historyserver/session_2026-08-06_10-44-03_354664_1/90f3a9899a611ff9be8000b345994dd1f647839359f4c94039e3eb82/job_events/03000000/90f3a9899a611ff9be8000b345994dd1f647839359f4c94039e3eb82-2026-08-06-17-1786038269589582137.jsonl info ..."
time="2026-08-06T17:46:47Z" level=error msg="Failed to store events for file session_2026-08-06_10-44-03_354664_1/90f3a9899a611ff9be8000b345994dd1f647839359f4c94039e3eb82/job_events/03000000/90f3a9899a611ff9be8000b345994dd1f647839359f4c94039e3eb82-2026-08-06-17-1786038269589582137.jsonl: TASK_LIFECYCLE_EVENT must have at least one state transition"
time="2026-08-06T17:46:47Z" level=error msg="Failed to store events for file session_2026-08-06_10-44-03_354664_1/90f3a9899a611ff9be8000b345994dd1f647839359f4c94039e3eb82/job_events/03000000/90f3a9899a611ff9be8000b345994dd1f647839359f4c94039e3eb82-2026-08-06-17-1786038269589582137.jsonl: TASK_LIFECYCLE_EVENT must have at least one state transition"
time="2026-08-06T17:46:47Z" level=error msg="Failed to store events for file session_2026-08-06_10-44-03_354664_1/90f3a9899a611ff9be8000b345994dd1f647839359f4c94039e3eb82/job_events/03000000/90f3a9899a611ff9be8000b345994dd1f647839359f4c94039e3eb82-2026-08-06-17-1786038269589582137.jsonl: TASK_LIFECYCLE_EVENT must have at least one state transition"
time="2026-08-06T17:46:48Z" level=error msg="Failed to store events for file session_2026-08-06_10-44-03_354664_1/90f3a9899a611ff9be8000b345994dd1f647839359f4c94039e3eb82/job_events/03000000/90f3a9899a611ff9be8000b345994dd1f647839359f4c94039e3eb82-2026-08-06-17-1786038269589582137.jsonl: TASK_LIFECYCLE_EVENT must have at least one state transition"
time="2026-08-06T17:46:48Z" level=error msg="Failed to store events for file session_2026-08-06_10-44-03_354664_1/90f3a9899a611ff9be8000b345994dd1f647839359f4c94039e3eb82/job_events/03000000/90f3a9899a611ff9be8000b345994dd1f647839359f4c94039e3eb82-2026-08-06-17-1786038269589582137.jsonl: TASK_LIFECYCLE_EVENT must have at least one state transition"
time="2026-08-06T17:46:48Z" level=error msg="Failed to store events for file session_2026-08-06_10-44-03_354664_1/90f3a9899a611ff9be8000b345994dd1f647839359f4c94039e3eb82/job_events/03000000/90f3a9899a611ff9be8000b345994dd1f647839359f4c94039e3eb82-2026-08-06-17-1786038269589582137.jsonl: TASK_LIFECYCLE_EVENT must have at least one state transition"
time="2026-08-06T17:46:48Z" level=error msg="Failed to store events for file session_2026-08-06_10-44-03_354664_1/90f3a9899a611ff9be8000b345994dd1f647839359f4c94039e3eb82/job_events/03000000/90f3a9899a611ff9be8000b345994dd1f647839359f4c94039e3eb82-2026-08-06-17-1786038269589582137.jsonl: TASK_LIFECYCLE_EVENT must have at least one state transition"
time="2026-08-06T17:46:49Z" level=error msg="Failed to store events for file session_2026-08-06_10-44-03_354664_1/90f3a9899a611ff9be8000b345994dd1f647839359f4c94039e3eb82/job_events/03000000/90f3a9899a611ff9be8000b345994dd1f647839359f4c94039e3eb82-2026-08-06-17-1786038269589582137.jsonl: TASK_LIFECYCLE_EVENT must have at least one state transition"
time="2026-08-06T17:46:49Z" level=error msg="Failed to store events for file session_2026-08-06_10-44-03_354664_1/90f3a9899a611ff9be8000b345994dd1f647839359f4c94039e3eb82/job_events/03000000/90f3a9899a611ff9be8000b345994dd1f647839359f4c94039e3eb82-2026-08-06-17-1786038269589582137.jsonl: TASK_LIFECYCLE_EVENT must have at least one state transition"
time="2026-08-06T17:46:49Z" level=error msg="Failed to store events for file session_2026-08-06_10-44-03_354664_1/90f3a9899a611ff9be8000b345994dd1f647839359f4c94039e3eb82/job_events/03000000/90f3a9899a611ff9be8000b345994dd1f647839359f4c94039e3eb82-2026-08-06-17-1786038269589582137.jsonl: TASK_LIFECYCLE_EVENT must have at least one state transition"
time="2026-08-06T17:46:49Z" level=error msg="Failed to store events for file session_2026-08-06_10-44-03_354664_1/90f3a9899a611ff9be8000b345994dd1f647839359f4c94039e3eb82/job_events/03000000/90f3a9899a611ff9be8000b345994dd1f647839359f4c94039e3eb82-2026-08-06-17-1786038269589582137.jsonl: TASK_LIFECYCLE_EVENT must have at least one state transition"
time="2026-08-06T17:46:49Z" level=error msg="Failed to store events for file session_2026-08-06_10-44-03_354664_1/90f3a9899a611ff9be8000b345994dd1f647839359f4c94039e3eb82/job_events/03000000/90f3a9899a611ff9be8000b345994dd1f647839359f4c94039e3eb82-2026-08-06-17-1786038269589582137.jsonl: TASK_LIFECYCLE_EVENT must have at least one state transition"
time="2026-08-06T17:46:50Z" level=error msg="Failed to store events for file session_2026-08-06_10-44-03_354664_1/90f3a9899a611ff9be8000b345994dd1f647839359f4c94039e3eb82/job_events/03000000/90f3a9899a611ff9be8000b345994dd1f647839359f4c94039e3eb82-2026-08-06-17-1786038269589582137.jsonl: TASK_LIFECYCLE_EVENT must have at least one state transition"
time="2026-08-06T17:46:50Z" level=error msg="Failed to store events for file session_2026-08-06_10-44-03_354664_1/90f3a9899a611ff9be8000b345994dd1f647839359f4c94039e3eb82/job_events/03000000/90f3a9899a611ff9be8000b345994dd1f647839359f4c94039e3eb82-2026-08-06-17-1786038269589582137.jsonl: TASK_LIFECYCLE_EVENT must have at least one state transition"
time="2026-08-06T17:46:50Z" level=error msg="Failed to store events for file session_2026-08-06_10-44-03_354664_1/90f3a9899a611ff9be8000b345994dd1f647839359f4c94039e3eb82/job_events/03000000/90f3a9899a611ff9be8000b345994dd1f647839359f4c94039e3eb82-2026-08-06-17-1786038269589582137.jsonl: TASK_LIFECYCLE_EVENT must have at least one state transition"
time="2026-08-06T17:46:50Z" level=error msg="Failed to store events for file session_2026-08-06_10-44-03_354664_1/90f3a9899a611ff9be8000b345994dd1f647839359f4c94039e3eb82/job_events/03000000/90f3a9899a611ff9be8000b345994dd1f647839359f4c94039e3eb82-2026-08-06-17-1786038269589582137.jsonl: TASK_LIFECYCLE_EVENT must have at least one state transition"
time="2026-08-06T17:46:50Z" level=error msg="Failed to store events for file session_2026-08-06_10-44-03_354664_1/90f3a9899a611ff9be8000b345994dd1f647839359f4c94039e3eb82/job_events/03000000/90f3a9899a611ff9be8000b345994dd1f647839359f4c94039e3eb82-2026-08-06-17-1786038269589582137.jsonl: TASK_LIFECYCLE_EVENT must have at least one state transition"
time="2026-08-06T17:46:51Z" level=error msg="Failed to store events for file session_2026-08-06_10-44-03_354664_1/90f3a9899a611ff9be8000b345994dd1f647839359f4c94039e3eb82/job_events/03000000/90f3a9899a611ff9be8000b345994dd1f647839359f4c94039e3eb82-2026-08-06-17-1786038269589582137.jsonl: TASK_LIFECYCLE_EVENT must have at least one state transition"
time="2026-08-06T17:46:52Z" level=error msg="Failed to store events for file session_2026-08-06_10-44-03_354664_1/90f3a9899a611ff9be8000b345994dd1f647839359f4c94039e3eb82/job_events/03000000/90f3a9899a611ff9be8000b345994dd1f647839359f4c94039e3eb82-2026-08-06-17-1786038269589582137.jsonl: TASK_LIFECYCLE_EVENT must have at least one state transition"
time="2026-08-06T17:46:52Z" level=error msg="Failed to store events for file session_2026-08-06_10-44-03_354664_1/90f3a9899a611ff9be8000b345994dd1f647839359f4c94039e3eb82/job_events/03000000/90f3a9899a611ff9be8000b345994dd1f647839359f4c94039e3eb82-2026-08-06-17-1786038269589582137.jsonl: TASK_LIFECYCLE_EVENT must have at least one state transition"
time="2026-08-06T17:46:52Z" level=error msg="Failed to store events for file session_2026-08-06_10-44-03_354664_1/90f3a9899a611ff9be8000b345994dd1f647839359f4c94039e3eb82/job_events/03000000/90f3a9899a611ff9be8000b345994dd1f647839359f4c94039e3eb82-2026-08-06-17-1786038269589582137.jsonl: TASK_LIFECYCLE_EVENT must have at least one state transition"
time="2026-08-06T17:46:53Z" level=error msg="Failed to store events for file session_2026-08-06_10-44-03_354664_1/90f3a9899a611ff9be8000b345994dd1f647839359f4c94039e3eb82/job_events/03000000/90f3a9899a611ff9be8000b345994dd1f647839359f4c94039e3eb82-2026-08-06-17-1786038269589582137.jsonl: TASK_LIFECYCLE_EVENT must have at least one state transition"
time="2026-08-06T17:46:53Z" level=error msg="Failed to store events for file session_2026-08-06_10-44-03_354664_1/90f3a9899a611ff9be8000b345994dd1f647839359f4c94039e3eb82/job_events/03000000/90f3a9899a611ff9be8000b345994dd1f647839359f4c94039e3eb82-2026-08-06-17-1786038269589582137.jsonl: TASK_LIFECYCLE_EVENT must have at least one state transition"
time="2026-08-06T17:46:53Z" level=error msg="Failed to store events for file session_2026-08-06_10-44-03_354664_1/90f3a9899a611ff9be8000b345994dd1f647839359f4c94039e3eb82/job_events/03000000/90f3a9899a611ff9be8000b345994dd1f647839359f4c94039e3eb82-2026-08-06-17-1786038269589582137.jsonl: TASK_LIFECYCLE_EVENT must have at least one state transition"
time="2026-08-06T17:46:53Z" level=error msg="Failed to store events for file session_2026-08-06_10-44-03_354664_1/90f3a9899a611ff9be8000b345994dd1f647839359f4c94039e3eb82/job_events/03000000/90f3a9899a611ff9be8000b345994dd1f647839359f4c94039e3eb82-2026-08-06-17-1786038269589582137.jsonl: TASK_LIFECYCLE_EVENT must have at least one state transition"
time="2026-08-06T17:46:53Z" level=error msg="Failed to store events for file session_2026-08-06_10-44-03_354664_1/90f3a9899a611ff9be8000b345994dd1f647839359f4c94039e3eb82/job_events/03000000/90f3a9899a611ff9be8000b345994dd1f647839359f4c94039e3eb82-2026-08-06-17-1786038269589582137.jsonl: TASK_LIFECYCLE_EVENT must have at least one state transition"
time="2026-08-06T17:46:53Z" level=error msg="Failed to store events for file session_2026-08-06_10-44-03_354664_1/90f3a9899a611ff9be8000b345994dd1f647839359f4c94039e3eb82/job_events/03000000/90f3a9899a611ff9be8000b345994dd1f647839359f4c94039e3eb82-2026-08-06-17-1786038269589582137.jsonl: TASK_LIFECYCLE_EVENT must have at least one state transition"
time="2026-08-06T17:46:53Z" level=error msg="Failed to store events for file session_2026-08-06_10-44-03_354664_1/90f3a9899a611ff9be8000b345994dd1f647839359f4c94039e3eb82/job_events/03000000/90f3a9899a611ff9be8000b345994dd1f647839359f4c94039e3eb82-2026-08-06-17-1786038269589582137.jsonl: TASK_LIFECYCLE_EVENT must have at least one state transition"
time="2026-08-06T17:46:54Z" level=error msg="Failed to store events for file session_2026-08-06_10-44-03_354664_1/90f3a9899a611ff9be8000b345994dd1f647839359f4c94039e3eb82/job_events/03000000/90f3a9899a611ff9be8000b345994dd1f647839359f4c94039e3eb82-2026-08-06-17-1786038269589582137.jsonl: TASK_LIFECYCLE_EVENT must have at least one state transition"
time="2026-08-06T17:46:54Z" level=error msg="Failed to store events for file session_2026-08-06_10-44-03_354664_1/90f3a9899a611ff9be8000b345994dd1f647839359f4c94039e3eb82/job_events/03000000/90f3a9899a611ff9be8000b345994dd1f647839359f4c94039e3eb82-2026-08-06-17-1786038269589582137.jsonl: TASK_LIFECYCLE_EVENT must have at least one state transition"
time="2026-08-06T17:46:54Z" level=error msg="Failed to store events for file session_2026-08-06_10-44-03_354664_1/90f3a9899a611ff9be8000b345994dd1f647839359f4c94039e3eb82/job_events/03000000/90f3a9899a611ff9be8000b345994dd1f647839359f4c94039e3eb82-2026-08-06-17-1786038269589582137.jsonl: TASK_LIFECYCLE_EVENT must have at least one state transition"
time="2026-08-06T17:46:54Z" level=error msg="Failed to store events for file session_2026-08-06_10-44-03_354664_1/90f3a9899a611ff9be8000b345994dd1f647839359f4c94039e3eb82/job_events/03000000/90f3a9899a611ff9be8000b345994dd1f647839359f4c94039e3eb82-2026-08-06-17-1786038269589582137.jsonl: TASK_LIFECYCLE_EVENT must have at least one state transition"
time="2026-08-06T17:46:55Z" level=error msg="Failed to store events for file session_2026-08-06_10-44-03_354664_1/90f3a9899a611ff9be8000b345994dd1f647839359f4c94039e3eb82/job_events/03000000/90f3a9899a611ff9be8000b345994dd1f647839359f4c94039e3eb82-2026-08-06-17-1786038269589582137.jsonl: TASK_LIFECYCLE_EVENT must have at least one state transition"
time="2026-08-06T17:46:56Z" level=error msg="Failed to store events for file session_2026-08-06_10-44-03_354664_1/90f3a9899a611ff9be8000b345994dd1f647839359f4c94039e3eb82/job_events/03000000/90f3a9899a611ff9be8000b345994dd1f647839359f4c94039e3eb82-2026-08-06-17-1786038269589582137.jsonl: TASK_LIFECYCLE_EVENT must have at least one state transition"
time="2026-08-06T17:46:58Z" level=error msg="Failed to store events for file session_2026-08-06_10-44-03_354664_1/90f3a9899a611ff9be8000b345994dd1f647839359f4c94039e3eb82/job_events/03000000/90f3a9899a611ff9be8000b345994dd1f647839359f4c94039e3eb82-2026-08-06-17-1786038269589582137.jsonl: TASK_LIFECYCLE_EVENT must have at least one state transition"
time="2026-08-06T17:46:58Z" level=error msg="Failed to store events for file session_2026-08-06_10-44-03_354664_1/90f3a9899a611ff9be8000b345994dd1f647839359f4c94039e3eb82/job_events/03000000/90f3a9899a611ff9be8000b345994dd1f647839359f4c94039e3eb82-2026-08-06-17-1786038269589582137.jsonl: TASK_LIFECYCLE_EVENT must have at least one state transition"
time="2026-08-06T17:46:58Z" level=error msg="Failed to store events for file session_2026-08-06_10-44-03_354664_1/90f3a9899a611ff9be8000b345994dd1f647839359f4c94039e3eb82/job_events/03000000/90f3a9899a611ff9be8000b345994dd1f647839359f4c94039e3eb82-2026-08-06-17-1786038269589582137.jsonl: TASK_LIFECYCLE_EVENT must have at least one state transition"
time="2026-08-06T17:46:59Z" level=error msg="Failed to store events for file session_2026-08-06_10-44-03_354664_1/90f3a9899a611ff9be8000b345994dd1f647839359f4c94039e3eb82/job_events/03000000/90f3a9899a611ff9be8000b345994dd1f647839359f4c94039e3eb82-2026-08-06-17-1786038269589582137.jsonl: TASK_LIFECYCLE_EVENT must have at least one state transition"
time="2026-08-06T17:47:00Z" level=error msg="Failed to store events for file session_2026-08-06_10-44-03_354664_1/90f3a9899a611ff9be8000b345994dd1f647839359f4c94039e3eb82/job_events/03000000/90f3a9899a611ff9be8000b345994dd1f647839359f4c94039e3eb82-2026-08-06-17-1786038269589582137.jsonl: TASK_LIFECYCLE_EVENT must have at least one state transition"
time="2026-08-06T17:47:00Z" level=error msg="Failed to store events for file session_2026-08-06_10-44-03_354664_1/90f3a9899a611ff9be8000b345994dd1f647839359f4c94039e3eb82/job_events/03000000/90f3a9899a611ff9be8000b345994dd1f647839359f4c94039e3eb82-2026-08-06-17-1786038269589582137.jsonl: TASK_LIFECYCLE_EVENT must have at least one state transition"
time="2026-08-06T17:47:00Z" level=error msg="Failed to store events for file session_2026-08-06_10-44-03_354664_1/90f3a9899a611ff9be8000b345994dd1f647839359f4c94039e3eb82/job_events/03000000/90f3a9899a611ff9be8000b345994dd1f647839359f4c94039e3eb82-2026-08-06-17-1786038269589582137.jsonl: TASK_LIFECYCLE_EVENT must have at least one state transition"
time="2026-08-06T17:47:00Z" level=error msg="Failed to store events for file session_2026-08-06_10-44-03_354664_1/90f3a9899a611ff9be8000b345994dd1f647839359f4c94039e3eb82/job_events/03000000/90f3a9899a611ff9be8000b345994dd1f647839359f4c94039e3eb82-2026-08-06-17-1786038269589582137.jsonl: TASK_LIFECYCLE_EVENT must have at least one state transition"
time="2026-08-06T17:47:01Z" level=error msg="Failed to store events for file session_2026-08-06_10-44-03_354664_1/90f3a9899a611ff9be8000b345994dd1f647839359f4c94039e3eb82/job_events/03000000/90f3a9899a611ff9be8000b345994dd1f647839359f4c94039e3eb82-2026-08-06-17-1786038269589582137.jsonl: TASK_LIFECYCLE_EVENT must have at least one state transition"
time="2026-08-06T17:47:01Z" level=error msg="Failed to store events for file session_2026-08-06_10-44-03_354664_1/90f3a9899a611ff9be8000b345994dd1f647839359f4c94039e3eb82/job_events/03000000/90f3a9899a611ff9be8000b345994dd1f647839359f4c94039e3eb82-2026-08-06-17-1786038269589582137.jsonl: TASK_LIFECYCLE_EVENT must have at least one state transition"
time="2026-08-06T17:47:01Z" level=error msg="Failed to store events for file session_2026-08-06_10-44-03_354664_1/90f3a9899a611ff9be8000b345994dd1f647839359f4c94039e3eb82/job_events/03000000/90f3a9899a611ff9be8000b345994dd1f647839359f4c94039e3eb82-2026-08-06-17-1786038269589582137.jsonl: TASK_LIFECYCLE_EVENT must have at least one state transition"
time="2026-08-06T17:47:01Z" level=info msg="Prepare to get object log/cluster-history/raycluster/test-ns-xdr6k/raycluster-historyserver/session_2026-08-06_10-44-03_354664_1/90f3a9899a611ff9be8000b345994dd1f647839359f4c94039e3eb82/job_events/03000000/90f3a9899a611ff9be8000b345994dd1f647839359f4c94039e3eb82-2026-08-06-17-1786038316610710880.jsonl info ..."
time="2026-08-06T17:47:03Z" level=error msg="Failed to store events for file session_2026-08-06_10-44-03_354664_1/90f3a9899a611ff9be8000b345994dd1f647839359f4c94039e3eb82/job_events/03000000/90f3a9899a611ff9be8000b345994dd1f647839359f4c94039e3eb82-2026-08-06-17-1786038316610710880.jsonl: TASK_LIFECYCLE_EVENT must have at least one state transition"
time="2026-08-06T17:47:03Z" level=error msg="Failed to store events for file session_2026-08-06_10-44-03_354664_1/90f3a9899a611ff9be8000b345994dd1f647839359f4c94039e3eb82/job_events/03000000/90f3a9899a611ff9be8000b345994dd1f647839359f4c94039e3eb82-2026-08-06-17-1786038316610710880.jsonl: TASK_LIFECYCLE_EVENT must have at least one state transition"
time="2026-08-06T17:47:04Z" level=error msg="Failed to store events for file session_2026-08-06_10-44-03_354664_1/90f3a9899a611ff9be8000b345994dd1f647839359f4c94039e3eb82/job_events/03000000/90f3a9899a611ff9be8000b345994dd1f647839359f4c94039e3eb82-2026-08-06-17-1786038316610710880.jsonl: TASK_LIFECYCLE_EVENT must have at least one state transition"
time="2026-08-06T17:47:04Z" level=info msg="Prepare to get object log/cluster-history/raycluster/test-ns-xdr6k/raycluster-historyserver/session_2026-08-06_10-44-03_354664_1/88c35b475bf84eb8ec68a18d43366ec5a54288adbce1a8830f3046ba/node_events/88c35b475bf84eb8ec68a18d43366ec5a54288adbce1a8830f3046ba-2026-08-06-17-1786038248416331085.jsonl info ..."
time="2026-08-06T17:47:07Z" level=info msg="Received request: GET /enter_cluster/test-ns-xdr6k/raycluster/raycluster-historyserver/session_2026-08-06_10-44-03_354664_1"
time="2026-08-06T17:47:07Z" level=info msg="[List]Returned objects in log/cluster-metadata/. length of page.Contents: 2, length of page.CommonPrefixes: 0"
time="2026-08-06T17:47:07Z" level=error msg="Failed to parse meta file path: log/cluster-metadata/raycluster/test-ns-xdr6k_raycluster-historyserver/, error: invalid path segment count for cluster metadata structure: log/cluster-metadata/raycluster/test-ns-xdr6k_raycluster-historyserver/"
time="2026-08-06T17:47:07Z" level=info msg="Parsed cluster raycluster-historyserver for session session_2026-08-06_10-44-03_354664_1 to list"
time="2026-08-06T17:47:07Z" level=info msg="Received request: GET /api/v0/tasks?limit=100000"
time="2026-08-06T17:47:07Z" level=info msg="Request URL /api/v0/tasks?limit=100000"
time="2026-08-06T17:47:07Z" level=info msg="Received request: GET /api/v0/tasks?limit=100000"
time="2026-08-06T17:47:07Z" level=info msg="Request URL /api/v0/tasks?limit=100000"
time="2026-08-06T17:47:07Z" level=info msg="Received request: GET /api/v0/tasks?limit=100000"
time="2026-08-06T17:47:07Z" level=info msg="Request URL /api/v0/tasks?limit=100000"
time="2026-08-06T17:47:07Z" level=info msg="Received request: GET /api/v0/tasks?limit=100000"
time="2026-08-06T17:47:07Z" level=info msg="Request URL /api/v0/tasks?limit=100000"
time="2026-08-06T17:47:07Z" level=info msg="Received request: GET /api/v0/tasks?limit=100000"
time="2026-08-06T17:47:07Z" level=info msg="Request URL /api/v0/tasks?limit=100000"
time="2026-08-06T17:47:07Z" level=info msg="Received request: GET /api/v0/tasks?limit=100000"
time="2026-08-06T17:47:07Z" level=info msg="Request URL /api/v0/tasks?limit=100000"
time="2026-08-06T17:47:07Z" level=info msg="Received request: GET /api/v0/tasks?limit=100000"
time="2026-08-06T17:47:07Z" level=info msg="Request URL /api/v0/tasks?limit=100000"
time="2026-08-06T17:47:07Z" level=info msg="Received request: GET /api/v0/tasks?limit=100000"
time="2026-08-06T17:47:07Z" level=info msg="Request URL /api/v0/tasks?limit=100000"
time="2026-08-06T17:47:07Z" level=info msg="Received request: GET /api/v0/tasks?limit=100000"
time="2026-08-06T17:47:07Z" level=info msg="Request URL /api/v0/tasks?limit=100000"
time="2026-08-06T17:47:07Z" level=info msg="Received request: GET /api/v0/tasks?limit=100000"
time="2026-08-06T17:47:07Z" level=info msg="Request URL /api/v0/tasks?limit=100000"
time="2026-08-06T17:47:07Z" level=info msg="Received request: GET /api/v0/tasks/summarize"
time="2026-08-06T17:47:07Z" level=info msg="Request URL /api/v0/tasks/summarize"
time="2026-08-06T17:47:08Z" level=info msg="Received request: GET /api/v0/tasks/summarize"
time="2026-08-06T17:47:08Z" level=info msg="Request URL /api/v0/tasks/summarize"
time="2026-08-06T17:47:09Z" level=info msg="Received request: GET /api/v0/tasks/summarize"
time="2026-08-06T17:47:09Z" level=info msg="Request URL /api/v0/tasks/summarize"
time="2026-08-06T17:47:11Z" level=info msg="Received request: GET /api/v0/tasks/summarize"
time="2026-08-06T17:47:11Z" level=info msg="Request URL /api/v0/tasks/summarize"
time="2026-08-06T17:47:12Z" level=info msg="Received request: GET /api/v0/tasks/summarize"
time="2026-08-06T17:47:12Z" level=info msg="Request URL /api/v0/tasks/summarize"
time="2026-08-06T17:47:13Z" level=info msg="Received request: GET /api/v0/tasks/summarize"
time="2026-08-06T17:47:13Z" level=info msg="Request URL /api/v0/tasks/summarize"
time="2026-08-06T17:47:15Z" level=info msg="Received request: GET /api/v0/tasks/summarize"
time="2026-08-06T17:47:15Z" level=info msg="Request URL /api/v0/tasks/summarize"
time="2026-08-06T17:47:16Z" level=info msg="Received request: GET /api/v0/tasks/summarize"
time="2026-08-06T17:47:16Z" level=info msg="Request URL /api/v0/tasks/summarize"
time="2026-08-06T17:47:17Z" level=info msg="Received request: GET /api/v0/tasks/summarize"
time="2026-08-06T17:47:17Z" level=info msg="Request URL /api/v0/tasks/summarize"
time="2026-08-06T17:47:19Z" level=info msg="Received request: GET /api/v0/tasks/summarize"
time="2026-08-06T17:47:19Z" level=info msg="Request URL /api/v0/tasks/summarize"
time="2026-08-06T17:47:20Z" level=info msg="Received request: GET /api/jobs/"
time="2026-08-06T17:47:20Z" level=info msg="Request URL /api/jobs/"
time="2026-08-06T17:47:20Z" level=info msg="Received request: GET /api/jobs/"
time="2026-08-06T17:47:20Z" level=info msg="Request URL /api/jobs/"
time="2026-08-06T17:47:20Z" level=info msg="Received request: GET /api/jobs/"
time="2026-08-06T17:47:20Z" level=info msg="Request URL /api/jobs/"
time="2026-08-06T17:47:20Z" level=info msg="Received request: GET /api/jobs/"
time="2026-08-06T17:47:20Z" level=info msg="Request URL /api/jobs/"
time="2026-08-06T17:47:20Z" level=info msg="Received request: GET /api/jobs/"
time="2026-08-06T17:47:20Z" level=info msg="Request URL /api/jobs/"
time="2026-08-06T17:47:20Z" level=info msg="Received request: GET /api/jobs/"
time="2026-08-06T17:47:20Z" level=info msg="Request URL /api/jobs/"
time="2026-08-06T17:47:20Z" level=info msg="Received request: GET /api/jobs/"
time="2026-08-06T17:47:20Z" level=info msg="Request URL /api/jobs/"
time="2026-08-06T17:47:21Z" level=info msg="Received request: GET /api/jobs/"
time="2026-08-06T17:47:21Z" level=info msg="Request URL /api/jobs/"
time="2026-08-06T17:47:21Z" level=info msg="Received request: GET /api/jobs/"
time="2026-08-06T17:47:21Z" level=info msg="Request URL /api/jobs/"
time="2026-08-06T17:47:21Z" level=info msg="Received request: GET /api/jobs/"
time="2026-08-06T17:47:21Z" level=info msg="Request URL /api/jobs/"
time="2026-08-06T17:47:21Z" level=info msg="Request URL /nodes?view=summary"
time="2026-08-06T17:47:21Z" level=info msg="Request URL /nodes?view=summary"
time="2026-08-06T17:47:21Z" level=info msg="Request URL /nodes?view=summary"
time="2026-08-06T17:47:21Z" level=info msg="Request URL /nodes?view=summary"
time="2026-08-06T17:47:21Z" level=info msg="Request URL /nodes?view=summary"
time="2026-08-06T17:47:21Z" level=info msg="Request URL /nodes?view=summary"
time="2026-08-06T17:47:21Z" level=info msg="Request URL /nodes?view=summary"
time="2026-08-06T17:47:21Z" level=info msg="Request URL /nodes?view=summary"
time="2026-08-06T17:47:22Z" level=info msg="Request URL /nodes?view=summary"
time="2026-08-06T17:47:22Z" level=info msg="Request URL /nodes?view=summary"
time="2026-08-06T17:47:22Z" level=info msg="Request URL /events"
time="2026-08-06T17:47:22Z" level=info msg="Request URL /events"
time="2026-08-06T17:47:22Z" level=info msg="Request URL /events"
time="2026-08-06T17:47:22Z" level=info msg="Request URL /events"
time="2026-08-06T17:47:22Z" level=info msg="Request URL /events"
time="2026-08-06T17:47:22Z" level=info msg="Request URL /events"
time="2026-08-06T17:47:23Z" level=info msg="Request URL /events"
time="2026-08-06T17:47:23Z" level=info msg="Request URL /events"
time="2026-08-06T17:47:23Z" level=info msg="Request URL /events"
time="2026-08-06T17:47:23Z" level=info msg="Request URL /events"
